
> taller-mecanico-frontend@1.0.0 test
> jest --no-coverage --verbose

  console.error
    Warning: An update to AuthProvider inside a test was not wrapped in act(...).
    
    When testing, code that causes React state updates should be wrapped into act(...):
    
    act(() => {
      /* fire events that update state */
    });
    /* assert on the output */
    
    This ensures that you're testing the behavior the user would see in the browser. Learn more at https://reactjs.org/link/wrap-tests-with-act
        at children (C:\Users\kyrian\Documents\Taller-Ocampos\frontend\src\contexts\AuthContext.tsx:34:32)
        at children (C:\Users\kyrian\Documents\Taller-Ocampos\frontend\src\contexts\AuthContext.test.tsx:57:22)

    [0m [90m 73 |[39m       [36mreturn[39m
     [90m 74 |[39m     }
    [31m[1m>[22m[39m[90m 75 |[39m     originalError[33m.[39mcall(console[33m,[39m [33m...[39margs)
     [90m    |[39m                   [31m[1m^[22m[39m
     [90m 76 |[39m   }
     [90m 77 |[39m })
     [90m 78 |[39m[0m

      at console.call [as error] (jest.setup.js:75:19)
      at printWarning (node_modules/react-dom/cjs/react-dom.development.js:86:30)
      at error (node_modules/react-dom/cjs/react-dom.development.js:60:7)
      at warnIfUpdatesNotWrappedWithActDEV (node_modules/react-dom/cjs/react-dom.development.js:27628:9)
      at scheduleUpdateOnFiber (node_modules/react-dom/cjs/react-dom.development.js:25547:5)
      at dispatchSetState (node_modules/react-dom/cjs/react-dom.development.js:16708:7)
      at Object.setUser [as login] (src/contexts/AuthContext.tsx:66:7)
      at Object.<anonymous> (src/contexts/AuthContext.test.tsx:150:7)

  console.error
    Warning: An update to AuthProvider inside a test was not wrapped in act(...).
    
    When testing, code that causes React state updates should be wrapped into act(...):
    
    act(() => {
      /* fire events that update state */
    });
    /* assert on the output */
    
    This ensures that you're testing the behavior the user would see in the browser. Learn more at https://reactjs.org/link/wrap-tests-with-act
        at children (C:\Users\kyrian\Documents\Taller-Ocampos\frontend\src\contexts\AuthContext.tsx:34:32)
        at children (C:\Users\kyrian\Documents\Taller-Ocampos\frontend\src\contexts\AuthContext.test.tsx:57:22)

    [0m [90m 73 |[39m       [36mreturn[39m
     [90m 74 |[39m     }
    [31m[1m>[22m[39m[90m 75 |[39m     originalError[33m.[39mcall(console[33m,[39m [33m...[39margs)
     [90m    |[39m                   [31m[1m^[22m[39m
     [90m 76 |[39m   }
     [90m 77 |[39m })
     [90m 78 |[39m[0m

      at console.call [as error] (jest.setup.js:75:19)
      at printWarning (node_modules/react-dom/cjs/react-dom.development.js:86:30)
      at error (node_modules/react-dom/cjs/react-dom.development.js:60:7)
      at warnIfUpdatesNotWrappedWithActDEV (node_modules/react-dom/cjs/react-dom.development.js:27628:9)
      at scheduleUpdateOnFiber (node_modules/react-dom/cjs/react-dom.development.js:25547:5)
      at dispatchSetState (node_modules/react-dom/cjs/react-dom.development.js:16708:7)
      at Object.setUser [as login] (src/contexts/AuthContext.tsx:66:7)
      at Object.<anonymous> (src/contexts/AuthContext.test.tsx:258:7)

  console.error
    Warning: React.jsx: type is invalid -- expected a string (for built-in components) or a class/function (for composite components) but got: undefined. You likely forgot to export your component from the file it's defined in, or you might have mixed up default and named imports.

    [0m [90m 73 |[39m       [36mreturn[39m
     [90m 74 |[39m     }
    [31m[1m>[22m[39m[90m 75 |[39m     originalError[33m.[39mcall(console[33m,[39m [33m...[39margs)
     [90m    |[39m                   [31m[1m^[22m[39m
     [90m 76 |[39m   }
     [90m 77 |[39m })
     [90m 78 |[39m[0m

      at console.call [as error] (jest.setup.js:75:19)
      at printWarning (node_modules/react/cjs/react-jsx-runtime.development.js:87:30)
      at error (node_modules/react/cjs/react-jsx-runtime.development.js:61:7)
      at jsxWithValidation (node_modules/react/cjs/react-jsx-runtime.development.js:1245:7)
      at jsxWithValidationDynamic (node_modules/react/cjs/react-jsx-runtime.development.js:1320:12)
      at Object.<anonymous> (src/components/layout/DashboardLayout.test.tsx:40:12)

  console.error
    Error fetching dashboard stats: Error: Network error
        at Object.<anonymous> (C:\Users\kyrian\Documents\Taller-Ocampos\frontend\src\app\dashboard\page.test.tsx:49:41)
        at Promise.finally.completed (C:\Users\kyrian\Documents\Taller-Ocampos\frontend\node_modules\jest-circus\build\jestAdapterInit.js:1556:28)
        at new Promise (<anonymous>)
        at callAsyncCircusFn (C:\Users\kyrian\Documents\Taller-Ocampos\frontend\node_modules\jest-circus\build\jestAdapterInit.js:1496:10)
        at _callCircusTest (C:\Users\kyrian\Documents\Taller-Ocampos\frontend\node_modules\jest-circus\build\jestAdapterInit.js:1006:40)
        at _runTest (C:\Users\kyrian\Documents\Taller-Ocampos\frontend\node_modules\jest-circus\build\jestAdapterInit.js:946:3)
        at _runTestsForDescribeBlock (C:\Users\kyrian\Documents\Taller-Ocampos\frontend\node_modules\jest-circus\build\jestAdapterInit.js:839:13)
        at _runTestsForDescribeBlock (C:\Users\kyrian\Documents\Taller-Ocampos\frontend\node_modules\jest-circus\build\jestAdapterInit.js:829:11)
        at _runTestsForDescribeBlock (C:\Users\kyrian\Documents\Taller-Ocampos\frontend\node_modules\jest-circus\build\jestAdapterInit.js:829:11)
        at run (C:\Users\kyrian\Documents\Taller-Ocampos\frontend\node_modules\jest-circus\build\jestAdapterInit.js:757:3)
        at runAndTransformResultsToJestFormat (C:\Users\kyrian\Documents\Taller-Ocampos\frontend\node_modules\jest-circus\build\jestAdapterInit.js:1917:21)
        at jestAdapter (C:\Users\kyrian\Documents\Taller-Ocampos\frontend\node_modules\jest-circus\build\runner.js:101:19)
        at runTestInternal (C:\Users\kyrian\Documents\Taller-Ocampos\frontend\node_modules\jest-runner\build\testWorker.js:275:16)
        at runTest (C:\Users\kyrian\Documents\Taller-Ocampos\frontend\node_modules\jest-runner\build\testWorker.js:343:7)
        at Object.worker (C:\Users\kyrian\Documents\Taller-Ocampos\frontend\node_modules\jest-runner\build\testWorker.js:497:12)

    [0m [90m 73 |[39m       [36mreturn[39m
     [90m 74 |[39m     }
    [31m[1m>[22m[39m[90m 75 |[39m     originalError[33m.[39mcall(console[33m,[39m [33m...[39margs)
     [90m    |[39m                   [31m[1m^[22m[39m
     [90m 76 |[39m   }
     [90m 77 |[39m })
     [90m 78 |[39m[0m

      at console.call [as error] (jest.setup.js:75:19)
      at error (src/app/dashboard/page.tsx:44:15)

  console.error
    Error: Uncaught [Error: Element type is invalid: expected a string (for built-in components) or a class/function (for composite components) but got: undefined. You likely forgot to export your component from the file it's defined in, or you might have mixed up default and named imports.]
        at reportException (C:\Users\kyrian\Documents\Taller-Ocampos\frontend\node_modules\jsdom\lib\jsdom\living\helpers\runtime-script-errors.js:66:24)
        at innerInvokeEventListeners (C:\Users\kyrian\Documents\Taller-Ocampos\frontend\node_modules\jsdom\lib\jsdom\living\events\EventTarget-impl.js:353:9)
        at invokeEventListeners (C:\Users\kyrian\Documents\Taller-Ocampos\frontend\node_modules\jsdom\lib\jsdom\living\events\EventTarget-impl.js:286:3)
        at HTMLUnknownElementImpl._dispatch (C:\Users\kyrian\Documents\Taller-Ocampos\frontend\node_modules\jsdom\lib\jsdom\living\events\EventTarget-impl.js:233:9)
        at HTMLUnknownElementImpl.dispatchEvent (C:\Users\kyrian\Documents\Taller-Ocampos\frontend\node_modules\jsdom\lib\jsdom\living\events\EventTarget-impl.js:104:17)
        at HTMLUnknownElement.dispatchEvent (C:\Users\kyrian\Documents\Taller-Ocampos\frontend\node_modules\jsdom\lib\jsdom\living\generated\EventTarget.js:241:34)
        at Object.invokeGuardedCallbackDev (C:\Users\kyrian\Documents\Taller-Ocampos\frontend\node_modules\react-dom\cjs\react-dom.development.js:4213:16)
        at invokeGuardedCallback (C:\Users\kyrian\Documents\Taller-Ocampos\frontend\node_modules\react-dom\cjs\react-dom.development.js:4277:31)
        at beginWork$1 (C:\Users\kyrian\Documents\Taller-Ocampos\frontend\node_modules\react-dom\cjs\react-dom.development.js:27490:7)
        at performUnitOfWork (C:\Users\kyrian\Documents\Taller-Ocampos\frontend\node_modules\react-dom\cjs\react-dom.development.js:26599:12)
        at workLoopSync (C:\Users\kyrian\Documents\Taller-Ocampos\frontend\node_modules\react-dom\cjs\react-dom.development.js:26505:5)
        at renderRootSync (C:\Users\kyrian\Documents\Taller-Ocampos\frontend\node_modules\react-dom\cjs\react-dom.development.js:26473:7)
        at performConcurrentWorkOnRoot (C:\Users\kyrian\Documents\Taller-Ocampos\frontend\node_modules\react-dom\cjs\react-dom.development.js:25777:74)
        at flushActQueue (C:\Users\kyrian\Documents\Taller-Ocampos\frontend\node_modules\react\cjs\react.development.js:2667:24)
        at act (C:\Users\kyrian\Documents\Taller-Ocampos\frontend\node_modules\react\cjs\react.development.js:2582:11)
        at C:\Users\kyrian\Documents\Taller-Ocampos\frontend\node_modules\@testing-library\react\dist\act-compat.js:47:25
        at renderRoot (C:\Users\kyrian\Documents\Taller-Ocampos\frontend\node_modules\@testing-library\react\dist\pure.js:190:26)
        at render (C:\Users\kyrian\Documents\Taller-Ocampos\frontend\node_modules\@testing-library\react\dist\pure.js:292:10)
        at customRender (C:\Users\kyrian\Documents\Taller-Ocampos\frontend\tests\utils\test-utils.tsx:38:16)
        at Object.<anonymous> (C:\Users\kyrian\Documents\Taller-Ocampos\frontend\src\components\layout\DashboardLayout.test.tsx:40:11)
        at Promise.finally.completed (C:\Users\kyrian\Documents\Taller-Ocampos\frontend\node_modules\jest-circus\build\jestAdapterInit.js:1556:28)
        at new Promise (<anonymous>)
        at callAsyncCircusFn (C:\Users\kyrian\Documents\Taller-Ocampos\frontend\node_modules\jest-circus\build\jestAdapterInit.js:1496:10)
        at _callCircusTest (C:\Users\kyrian\Documents\Taller-Ocampos\frontend\node_modules\jest-circus\build\jestAdapterInit.js:1006:40)
        at processTicksAndRejections (node:internal/process/task_queues:105:5)
        at _runTest (C:\Users\kyrian\Documents\Taller-Ocampos\frontend\node_modules\jest-circus\build\jestAdapterInit.js:946:3)
        at _runTestsForDescribeBlock (C:\Users\kyrian\Documents\Taller-Ocampos\frontend\node_modules\jest-circus\build\jestAdapterInit.js:839:13)
        at _runTestsForDescribeBlock (C:\Users\kyrian\Documents\Taller-Ocampos\frontend\node_modules\jest-circus\build\jestAdapterInit.js:829:11)
        at run (C:\Users\kyrian\Documents\Taller-Ocampos\frontend\node_modules\jest-circus\build\jestAdapterInit.js:757:3)
        at runAndTransformResultsToJestFormat (C:\Users\kyrian\Documents\Taller-Ocampos\frontend\node_modules\jest-circus\build\jestAdapterInit.js:1917:21)
        at jestAdapter (C:\Users\kyrian\Documents\Taller-Ocampos\frontend\node_modules\jest-circus\build\runner.js:101:19)
        at runTestInternal (C:\Users\kyrian\Documents\Taller-Ocampos\frontend\node_modules\jest-runner\build\testWorker.js:275:16)
        at runTest (C:\Users\kyrian\Documents\Taller-Ocampos\frontend\node_modules\jest-runner\build\testWorker.js:343:7)
        at Object.worker (C:\Users\kyrian\Documents\Taller-Ocampos\frontend\node_modules\jest-runner\build\testWorker.js:497:12) {
      detail: Error: Element type is invalid: expected a string (for built-in components) or a class/function (for composite components) but got: undefined. You likely forgot to export your component from the file it's defined in, or you might have mixed up default and named imports.
          at createFiberFromTypeAndProps (C:\Users\kyrian\Documents\Taller-Ocampos\frontend\node_modules\react-dom\cjs\react-dom.development.js:28478:17)
          at createFiberFromElement (C:\Users\kyrian\Documents\Taller-Ocampos\frontend\node_modules\react-dom\cjs\react-dom.development.js:28504:15)
          at reconcileSingleElement (C:\Users\kyrian\Documents\Taller-Ocampos\frontend\node_modules\react-dom\cjs\react-dom.development.js:13986:23)
          at reconcileChildFibers (C:\Users\kyrian\Documents\Taller-Ocampos\frontend\node_modules\react-dom\cjs\react-dom.development.js:14044:35)
          at reconcileChildren (C:\Users\kyrian\Documents\Taller-Ocampos\frontend\node_modules\react-dom\cjs\react-dom.development.js:19186:28)
          at updateContextProvider (C:\Users\kyrian\Documents\Taller-Ocampos\frontend\node_modules\react-dom\cjs\react-dom.development.js:21193:3)
          at beginWork (C:\Users\kyrian\Documents\Taller-Ocampos\frontend\node_modules\react-dom\cjs\react-dom.development.js:21688:14)
          at HTMLUnknownElement.callCallback (C:\Users\kyrian\Documents\Taller-Ocampos\frontend\node_modules\react-dom\cjs\react-dom.development.js:4164:14)
          at HTMLUnknownElement.callTheUserObjectsOperation (C:\Users\kyrian\Documents\Taller-Ocampos\frontend\node_modules\jsdom\lib\jsdom\living\generated\EventListener.js:26:30)
          at innerInvokeEventListeners (C:\Users\kyrian\Documents\Taller-Ocampos\frontend\node_modules\jsdom\lib\jsdom\living\events\EventTarget-impl.js:350:25)
          at invokeEventListeners (C:\Users\kyrian\Documents\Taller-Ocampos\frontend\node_modules\jsdom\lib\jsdom\living\events\EventTarget-impl.js:286:3)
          at HTMLUnknownElementImpl._dispatch (C:\Users\kyrian\Documents\Taller-Ocampos\frontend\node_modules\jsdom\lib\jsdom\living\events\EventTarget-impl.js:233:9)
          at HTMLUnknownElementImpl.dispatchEvent (C:\Users\kyrian\Documents\Taller-Ocampos\frontend\node_modules\jsdom\lib\jsdom\living\events\EventTarget-impl.js:104:17)
          at HTMLUnknownElement.dispatchEvent (C:\Users\kyrian\Documents\Taller-Ocampos\frontend\node_modules\jsdom\lib\jsdom\living\generated\EventTarget.js:241:34)
          at Object.invokeGuardedCallbackDev (C:\Users\kyrian\Documents\Taller-Ocampos\frontend\node_modules\react-dom\cjs\react-dom.development.js:4213:16)
          at invokeGuardedCallback (C:\Users\kyrian\Documents\Taller-Ocampos\frontend\node_modules\react-dom\cjs\react-dom.development.js:4277:31)
          at beginWork$1 (C:\Users\kyrian\Documents\Taller-Ocampos\frontend\node_modules\react-dom\cjs\react-dom.development.js:27490:7)
          at performUnitOfWork (C:\Users\kyrian\Documents\Taller-Ocampos\frontend\node_modules\react-dom\cjs\react-dom.development.js:26599:12)
          at workLoopSync (C:\Users\kyrian\Documents\Taller-Ocampos\frontend\node_modules\react-dom\cjs\react-dom.development.js:26505:5)
          at renderRootSync (C:\Users\kyrian\Documents\Taller-Ocampos\frontend\node_modules\react-dom\cjs\react-dom.development.js:26473:7)
          at performConcurrentWorkOnRoot (C:\Users\kyrian\Documents\Taller-Ocampos\frontend\node_modules\react-dom\cjs\react-dom.development.js:25777:74)
          at flushActQueue (C:\Users\kyrian\Documents\Taller-Ocampos\frontend\node_modules\react\cjs\react.development.js:2667:24)
          at act (C:\Users\kyrian\Documents\Taller-Ocampos\frontend\node_modules\react\cjs\react.development.js:2582:11)
          at C:\Users\kyrian\Documents\Taller-Ocampos\frontend\node_modules\@testing-library\react\dist\act-compat.js:47:25
          at renderRoot (C:\Users\kyrian\Documents\Taller-Ocampos\frontend\node_modules\@testing-library\react\dist\pure.js:190:26)
          at render (C:\Users\kyrian\Documents\Taller-Ocampos\frontend\node_modules\@testing-library\react\dist\pure.js:292:10)
          at customRender (C:\Users\kyrian\Documents\Taller-Ocampos\frontend\tests\utils\test-utils.tsx:38:16)
          at Object.<anonymous> (C:\Users\kyrian\Documents\Taller-Ocampos\frontend\src\components\layout\DashboardLayout.test.tsx:40:11)
          at Promise.finally.completed (C:\Users\kyrian\Documents\Taller-Ocampos\frontend\node_modules\jest-circus\build\jestAdapterInit.js:1556:28)
          at new Promise (<anonymous>)
          at callAsyncCircusFn (C:\Users\kyrian\Documents\Taller-Ocampos\frontend\node_modules\jest-circus\build\jestAdapterInit.js:1496:10)
          at _callCircusTest (C:\Users\kyrian\Documents\Taller-Ocampos\frontend\node_modules\jest-circus\build\jestAdapterInit.js:1006:40)
          at processTicksAndRejections (node:internal/process/task_queues:105:5)
          at _runTest (C:\Users\kyrian\Documents\Taller-Ocampos\frontend\node_modules\jest-circus\build\jestAdapterInit.js:946:3)
          at _runTestsForDescribeBlock (C:\Users\kyrian\Documents\Taller-Ocampos\frontend\node_modules\jest-circus\build\jestAdapterInit.js:839:13)
          at _runTestsForDescribeBlock (C:\Users\kyrian\Documents\Taller-Ocampos\frontend\node_modules\jest-circus\build\jestAdapterInit.js:829:11)
          at run (C:\Users\kyrian\Documents\Taller-Ocampos\frontend\node_modules\jest-circus\build\jestAdapterInit.js:757:3)
          at runAndTransformResultsToJestFormat (C:\Users\kyrian\Documents\Taller-Ocampos\frontend\node_modules\jest-circus\build\jestAdapterInit.js:1917:21)
          at jestAdapter (C:\Users\kyrian\Documents\Taller-Ocampos\frontend\node_modules\jest-circus\build\runner.js:101:19)
          at runTestInternal (C:\Users\kyrian\Documents\Taller-Ocampos\frontend\node_modules\jest-runner\build\testWorker.js:275:16)
          at runTest (C:\Users\kyrian\Documents\Taller-Ocampos\frontend\node_modules\jest-runner\build\testWorker.js:343:7)
          at Object.worker (C:\Users\kyrian\Documents\Taller-Ocampos\frontend\node_modules\jest-runner\build\testWorker.js:497:12),
      type: 'unhandled exception'
    }

    [0m [90m 73 |[39m       [36mreturn[39m
     [90m 74 |[39m     }
    [31m[1m>[22m[39m[90m 75 |[39m     originalError[33m.[39mcall(console[33m,[39m [33m...[39margs)
     [90m    |[39m                   [31m[1m^[22m[39m
     [90m 76 |[39m   }
     [90m 77 |[39m })
     [90m 78 |[39m[0m

      at console.call [as error] (jest.setup.js:75:19)
      at VirtualConsole.<anonymous> (node_modules/@jest/environment-jsdom-abstract/build/index.js:78:23)
      at reportException (node_modules/jsdom/lib/jsdom/living/helpers/runtime-script-errors.js:70:28)
      at innerInvokeEventListeners (node_modules/jsdom/lib/jsdom/living/events/EventTarget-impl.js:353:9)
      at invokeEventListeners (node_modules/jsdom/lib/jsdom/living/events/EventTarget-impl.js:286:3)
      at HTMLUnknownElementImpl._dispatch (node_modules/jsdom/lib/jsdom/living/events/EventTarget-impl.js:233:9)
      at HTMLUnknownElementImpl.dispatchEvent (node_modules/jsdom/lib/jsdom/living/events/EventTarget-impl.js:104:17)
      at HTMLUnknownElement.dispatchEvent (node_modules/jsdom/lib/jsdom/living/generated/EventTarget.js:241:34)
      at Object.invokeGuardedCallbackDev (node_modules/react-dom/cjs/react-dom.development.js:4213:16)
      at invokeGuardedCallback (node_modules/react-dom/cjs/react-dom.development.js:4277:31)
      at beginWork$1 (node_modules/react-dom/cjs/react-dom.development.js:27490:7)
      at performUnitOfWork (node_modules/react-dom/cjs/react-dom.development.js:26599:12)
      at workLoopSync (node_modules/react-dom/cjs/react-dom.development.js:26505:5)
      at renderRootSync (node_modules/react-dom/cjs/react-dom.development.js:26473:7)
      at performConcurrentWorkOnRoot (node_modules/react-dom/cjs/react-dom.development.js:25777:74)
      at flushActQueue (node_modules/react/cjs/react.development.js:2667:24)
      at act (node_modules/react/cjs/react.development.js:2582:11)
      at node_modules/@testing-library/react/dist/act-compat.js:47:25
      at renderRoot (node_modules/@testing-library/react/dist/pure.js:190:26)
      at render (node_modules/@testing-library/react/dist/pure.js:292:10)
      at customRender (tests/utils/test-utils.tsx:38:16)
      at Object.<anonymous> (src/components/layout/DashboardLayout.test.tsx:40:11)

  console.error
    Error: Uncaught [Error: Element type is invalid: expected a string (for built-in components) or a class/function (for composite components) but got: undefined. You likely forgot to export your component from the file it's defined in, or you might have mixed up default and named imports.]
        at reportException (C:\Users\kyrian\Documents\Taller-Ocampos\frontend\node_modules\jsdom\lib\jsdom\living\helpers\runtime-script-errors.js:66:24)
        at innerInvokeEventListeners (C:\Users\kyrian\Documents\Taller-Ocampos\frontend\node_modules\jsdom\lib\jsdom\living\events\EventTarget-impl.js:353:9)
        at invokeEventListeners (C:\Users\kyrian\Documents\Taller-Ocampos\frontend\node_modules\jsdom\lib\jsdom\living\events\EventTarget-impl.js:286:3)
        at HTMLUnknownElementImpl._dispatch (C:\Users\kyrian\Documents\Taller-Ocampos\frontend\node_modules\jsdom\lib\jsdom\living\events\EventTarget-impl.js:233:9)
        at HTMLUnknownElementImpl.dispatchEvent (C:\Users\kyrian\Documents\Taller-Ocampos\frontend\node_modules\jsdom\lib\jsdom\living\events\EventTarget-impl.js:104:17)
        at HTMLUnknownElement.dispatchEvent (C:\Users\kyrian\Documents\Taller-Ocampos\frontend\node_modules\jsdom\lib\jsdom\living\generated\EventTarget.js:241:34)
        at Object.invokeGuardedCallbackDev (C:\Users\kyrian\Documents\Taller-Ocampos\frontend\node_modules\react-dom\cjs\react-dom.development.js:4213:16)
        at invokeGuardedCallback (C:\Users\kyrian\Documents\Taller-Ocampos\frontend\node_modules\react-dom\cjs\react-dom.development.js:4277:31)
        at beginWork$1 (C:\Users\kyrian\Documents\Taller-Ocampos\frontend\node_modules\react-dom\cjs\react-dom.development.js:27490:7)
        at performUnitOfWork (C:\Users\kyrian\Documents\Taller-Ocampos\frontend\node_modules\react-dom\cjs\react-dom.development.js:26599:12)
        at workLoopSync (C:\Users\kyrian\Documents\Taller-Ocampos\frontend\node_modules\react-dom\cjs\react-dom.development.js:26505:5)
        at renderRootSync (C:\Users\kyrian\Documents\Taller-Ocampos\frontend\node_modules\react-dom\cjs\react-dom.development.js:26473:7)
        at recoverFromConcurrentError (C:\Users\kyrian\Documents\Taller-Ocampos\frontend\node_modules\react-dom\cjs\react-dom.development.js:25889:20)
        at performConcurrentWorkOnRoot (C:\Users\kyrian\Documents\Taller-Ocampos\frontend\node_modules\react-dom\cjs\react-dom.development.js:25789:22)
        at flushActQueue (C:\Users\kyrian\Documents\Taller-Ocampos\frontend\node_modules\react\cjs\react.development.js:2667:24)
        at act (C:\Users\kyrian\Documents\Taller-Ocampos\frontend\node_modules\react\cjs\react.development.js:2582:11)
        at C:\Users\kyrian\Documents\Taller-Ocampos\frontend\node_modules\@testing-library\react\dist\act-compat.js:47:25
        at renderRoot (C:\Users\kyrian\Documents\Taller-Ocampos\frontend\node_modules\@testing-library\react\dist\pure.js:190:26)
        at render (C:\Users\kyrian\Documents\Taller-Ocampos\frontend\node_modules\@testing-library\react\dist\pure.js:292:10)
        at customRender (C:\Users\kyrian\Documents\Taller-Ocampos\frontend\tests\utils\test-utils.tsx:38:16)
        at Object.<anonymous> (C:\Users\kyrian\Documents\Taller-Ocampos\frontend\src\components\layout\DashboardLayout.test.tsx:40:11)
        at Promise.finally.completed (C:\Users\kyrian\Documents\Taller-Ocampos\frontend\node_modules\jest-circus\build\jestAdapterInit.js:1556:28)
        at new Promise (<anonymous>)
        at callAsyncCircusFn (C:\Users\kyrian\Documents\Taller-Ocampos\frontend\node_modules\jest-circus\build\jestAdapterInit.js:1496:10)
        at _callCircusTest (C:\Users\kyrian\Documents\Taller-Ocampos\frontend\node_modules\jest-circus\build\jestAdapterInit.js:1006:40)
        at processTicksAndRejections (node:internal/process/task_queues:105:5)
        at _runTest (C:\Users\kyrian\Documents\Taller-Ocampos\frontend\node_modules\jest-circus\build\jestAdapterInit.js:946:3)
        at _runTestsForDescribeBlock (C:\Users\kyrian\Documents\Taller-Ocampos\frontend\node_modules\jest-circus\build\jestAdapterInit.js:839:13)
        at _runTestsForDescribeBlock (C:\Users\kyrian\Documents\Taller-Ocampos\frontend\node_modules\jest-circus\build\jestAdapterInit.js:829:11)
        at run (C:\Users\kyrian\Documents\Taller-Ocampos\frontend\node_modules\jest-circus\build\jestAdapterInit.js:757:3)
        at runAndTransformResultsToJestFormat (C:\Users\kyrian\Documents\Taller-Ocampos\frontend\node_modules\jest-circus\build\jestAdapterInit.js:1917:21)
        at jestAdapter (C:\Users\kyrian\Documents\Taller-Ocampos\frontend\node_modules\jest-circus\build\runner.js:101:19)
        at runTestInternal (C:\Users\kyrian\Documents\Taller-Ocampos\frontend\node_modules\jest-runner\build\testWorker.js:275:16)
        at runTest (C:\Users\kyrian\Documents\Taller-Ocampos\frontend\node_modules\jest-runner\build\testWorker.js:343:7)
        at Object.worker (C:\Users\kyrian\Documents\Taller-Ocampos\frontend\node_modules\jest-runner\build\testWorker.js:497:12) {
      detail: Error: Element type is invalid: expected a string (for built-in components) or a class/function (for composite components) but got: undefined. You likely forgot to export your component from the file it's defined in, or you might have mixed up default and named imports.
          at createFiberFromTypeAndProps (C:\Users\kyrian\Documents\Taller-Ocampos\frontend\node_modules\react-dom\cjs\react-dom.development.js:28478:17)
          at createFiberFromElement (C:\Users\kyrian\Documents\Taller-Ocampos\frontend\node_modules\react-dom\cjs\react-dom.development.js:28504:15)
          at reconcileSingleElement (C:\Users\kyrian\Documents\Taller-Ocampos\frontend\node_modules\react-dom\cjs\react-dom.development.js:13986:23)
          at reconcileChildFibers (C:\Users\kyrian\Documents\Taller-Ocampos\frontend\node_modules\react-dom\cjs\react-dom.development.js:14044:35)
          at reconcileChildren (C:\Users\kyrian\Documents\Taller-Ocampos\frontend\node_modules\react-dom\cjs\react-dom.development.js:19186:28)
          at updateContextProvider (C:\Users\kyrian\Documents\Taller-Ocampos\frontend\node_modules\react-dom\cjs\react-dom.development.js:21193:3)
          at beginWork (C:\Users\kyrian\Documents\Taller-Ocampos\frontend\node_modules\react-dom\cjs\react-dom.development.js:21688:14)
          at HTMLUnknownElement.callCallback (C:\Users\kyrian\Documents\Taller-Ocampos\frontend\node_modules\react-dom\cjs\react-dom.development.js:4164:14)
          at HTMLUnknownElement.callTheUserObjectsOperation (C:\Users\kyrian\Documents\Taller-Ocampos\frontend\node_modules\jsdom\lib\jsdom\living\generated\EventListener.js:26:30)
          at innerInvokeEventListeners (C:\Users\kyrian\Documents\Taller-Ocampos\frontend\node_modules\jsdom\lib\jsdom\living\events\EventTarget-impl.js:350:25)
          at invokeEventListeners (C:\Users\kyrian\Documents\Taller-Ocampos\frontend\node_modules\jsdom\lib\jsdom\living\events\EventTarget-impl.js:286:3)
          at HTMLUnknownElementImpl._dispatch (C:\Users\kyrian\Documents\Taller-Ocampos\frontend\node_modules\jsdom\lib\jsdom\living\events\EventTarget-impl.js:233:9)
          at HTMLUnknownElementImpl.dispatchEvent (C:\Users\kyrian\Documents\Taller-Ocampos\frontend\node_modules\jsdom\lib\jsdom\living\events\EventTarget-impl.js:104:17)
          at HTMLUnknownElement.dispatchEvent (C:\Users\kyrian\Documents\Taller-Ocampos\frontend\node_modules\jsdom\lib\jsdom\living\generated\EventTarget.js:241:34)
          at Object.invokeGuardedCallbackDev (C:\Users\kyrian\Documents\Taller-Ocampos\frontend\node_modules\react-dom\cjs\react-dom.development.js:4213:16)
          at invokeGuardedCallback (C:\Users\kyrian\Documents\Taller-Ocampos\frontend\node_modules\react-dom\cjs\react-dom.development.js:4277:31)
          at beginWork$1 (C:\Users\kyrian\Documents\Taller-Ocampos\frontend\node_modules\react-dom\cjs\react-dom.development.js:27490:7)
          at performUnitOfWork (C:\Users\kyrian\Documents\Taller-Ocampos\frontend\node_modules\react-dom\cjs\react-dom.development.js:26599:12)
          at workLoopSync (C:\Users\kyrian\Documents\Taller-Ocampos\frontend\node_modules\react-dom\cjs\react-dom.development.js:26505:5)
          at renderRootSync (C:\Users\kyrian\Documents\Taller-Ocampos\frontend\node_modules\react-dom\cjs\react-dom.development.js:26473:7)
          at recoverFromConcurrentError (C:\Users\kyrian\Documents\Taller-Ocampos\frontend\node_modules\react-dom\cjs\react-dom.development.js:25889:20)
          at performConcurrentWorkOnRoot (C:\Users\kyrian\Documents\Taller-Ocampos\frontend\node_modules\react-dom\cjs\react-dom.development.js:25789:22)
          at flushActQueue (C:\Users\kyrian\Documents\Taller-Ocampos\frontend\node_modules\react\cjs\react.development.js:2667:24)
          at act (C:\Users\kyrian\Documents\Taller-Ocampos\frontend\node_modules\react\cjs\react.development.js:2582:11)
          at C:\Users\kyrian\Documents\Taller-Ocampos\frontend\node_modules\@testing-library\react\dist\act-compat.js:47:25
          at renderRoot (C:\Users\kyrian\Documents\Taller-Ocampos\frontend\node_modules\@testing-library\react\dist\pure.js:190:26)
          at render (C:\Users\kyrian\Documents\Taller-Ocampos\frontend\node_modules\@testing-library\react\dist\pure.js:292:10)
          at customRender (C:\Users\kyrian\Documents\Taller-Ocampos\frontend\tests\utils\test-utils.tsx:38:16)
          at Object.<anonymous> (C:\Users\kyrian\Documents\Taller-Ocampos\frontend\src\components\layout\DashboardLayout.test.tsx:40:11)
          at Promise.finally.completed (C:\Users\kyrian\Documents\Taller-Ocampos\frontend\node_modules\jest-circus\build\jestAdapterInit.js:1556:28)
          at new Promise (<anonymous>)
          at callAsyncCircusFn (C:\Users\kyrian\Documents\Taller-Ocampos\frontend\node_modules\jest-circus\build\jestAdapterInit.js:1496:10)
          at _callCircusTest (C:\Users\kyrian\Documents\Taller-Ocampos\frontend\node_modules\jest-circus\build\jestAdapterInit.js:1006:40)
          at processTicksAndRejections (node:internal/process/task_queues:105:5)
          at _runTest (C:\Users\kyrian\Documents\Taller-Ocampos\frontend\node_modules\jest-circus\build\jestAdapterInit.js:946:3)
          at _runTestsForDescribeBlock (C:\Users\kyrian\Documents\Taller-Ocampos\frontend\node_modules\jest-circus\build\jestAdapterInit.js:839:13)
          at _runTestsForDescribeBlock (C:\Users\kyrian\Documents\Taller-Ocampos\frontend\node_modules\jest-circus\build\jestAdapterInit.js:829:11)
          at run (C:\Users\kyrian\Documents\Taller-Ocampos\frontend\node_modules\jest-circus\build\jestAdapterInit.js:757:3)
          at runAndTransformResultsToJestFormat (C:\Users\kyrian\Documents\Taller-Ocampos\frontend\node_modules\jest-circus\build\jestAdapterInit.js:1917:21)
          at jestAdapter (C:\Users\kyrian\Documents\Taller-Ocampos\frontend\node_modules\jest-circus\build\runner.js:101:19)
          at runTestInternal (C:\Users\kyrian\Documents\Taller-Ocampos\frontend\node_modules\jest-runner\build\testWorker.js:275:16)
          at runTest (C:\Users\kyrian\Documents\Taller-Ocampos\frontend\node_modules\jest-runner\build\testWorker.js:343:7)
          at Object.worker (C:\Users\kyrian\Documents\Taller-Ocampos\frontend\node_modules\jest-runner\build\testWorker.js:497:12),
      type: 'unhandled exception'
    }

    [0m [90m 73 |[39m       [36mreturn[39m
     [90m 74 |[39m     }
    [31m[1m>[22m[39m[90m 75 |[39m     originalError[33m.[39mcall(console[33m,[39m [33m...[39margs)
     [90m    |[39m                   [31m[1m^[22m[39m
     [90m 76 |[39m   }
     [90m 77 |[39m })
     [90m 78 |[39m[0m

      at console.call [as error] (jest.setup.js:75:19)
      at VirtualConsole.<anonymous> (node_modules/@jest/environment-jsdom-abstract/build/index.js:78:23)
      at reportException (node_modules/jsdom/lib/jsdom/living/helpers/runtime-script-errors.js:70:28)
      at innerInvokeEventListeners (node_modules/jsdom/lib/jsdom/living/events/EventTarget-impl.js:353:9)
      at invokeEventListeners (node_modules/jsdom/lib/jsdom/living/events/EventTarget-impl.js:286:3)
      at HTMLUnknownElementImpl._dispatch (node_modules/jsdom/lib/jsdom/living/events/EventTarget-impl.js:233:9)
      at HTMLUnknownElementImpl.dispatchEvent (node_modules/jsdom/lib/jsdom/living/events/EventTarget-impl.js:104:17)
      at HTMLUnknownElement.dispatchEvent (node_modules/jsdom/lib/jsdom/living/generated/EventTarget.js:241:34)
      at Object.invokeGuardedCallbackDev (node_modules/react-dom/cjs/react-dom.development.js:4213:16)
      at invokeGuardedCallback (node_modules/react-dom/cjs/react-dom.development.js:4277:31)
      at beginWork$1 (node_modules/react-dom/cjs/react-dom.development.js:27490:7)
      at performUnitOfWork (node_modules/react-dom/cjs/react-dom.development.js:26599:12)
      at workLoopSync (node_modules/react-dom/cjs/react-dom.development.js:26505:5)
      at renderRootSync (node_modules/react-dom/cjs/react-dom.development.js:26473:7)
      at recoverFromConcurrentError (node_modules/react-dom/cjs/react-dom.development.js:25889:20)
      at performConcurrentWorkOnRoot (node_modules/react-dom/cjs/react-dom.development.js:25789:22)
      at flushActQueue (node_modules/react/cjs/react.development.js:2667:24)
      at act (node_modules/react/cjs/react.development.js:2582:11)
      at node_modules/@testing-library/react/dist/act-compat.js:47:25
      at renderRoot (node_modules/@testing-library/react/dist/pure.js:190:26)
      at render (node_modules/@testing-library/react/dist/pure.js:292:10)
      at customRender (tests/utils/test-utils.tsx:38:16)
      at Object.<anonymous> (src/components/layout/DashboardLayout.test.tsx:40:11)

  console.error
    The above error occurred in the <Context.Provider> component:
    
        at QueryClientProvider (C:\Users\kyrian\Documents\Taller-Ocampos\frontend\node_modules\@tanstack\react-query\src\QueryClientProvider.tsx:30:3)
        at children (C:\Users\kyrian\Documents\Taller-Ocampos\frontend\tests\utils\test-utils.tsx:23:28)
    
    Consider adding an error boundary to your tree to customize error handling behavior.
    Visit https://reactjs.org/link/error-boundaries to learn more about error boundaries.

    [0m [90m 73 |[39m       [36mreturn[39m
     [90m 74 |[39m     }
    [31m[1m>[22m[39m[90m 75 |[39m     originalError[33m.[39mcall(console[33m,[39m [33m...[39margs)
     [90m    |[39m                   [31m[1m^[22m[39m
     [90m 76 |[39m   }
     [90m 77 |[39m })
     [90m 78 |[39m[0m

      at console.call [as error] (jest.setup.js:75:19)
      at logCapturedError (node_modules/react-dom/cjs/react-dom.development.js:18704:23)
      at update.callback (node_modules/react-dom/cjs/react-dom.development.js:18737:5)
      at callCallback (node_modules/react-dom/cjs/react-dom.development.js:15036:12)
      at commitUpdateQueue (node_modules/react-dom/cjs/react-dom.development.js:15057:9)
      at commitLayoutEffectOnFiber (node_modules/react-dom/cjs/react-dom.development.js:23430:13)
      at commitLayoutMountEffects_complete (node_modules/react-dom/cjs/react-dom.development.js:24727:9)
      at commitLayoutEffects_begin (node_modules/react-dom/cjs/react-dom.development.js:24713:7)
      at commitLayoutEffects (node_modules/react-dom/cjs/react-dom.development.js:24651:3)
      at commitRootImpl (node_modules/react-dom/cjs/react-dom.development.js:26862:5)
      at commitRoot (node_modules/react-dom/cjs/react-dom.development.js:26721:5)
      at finishConcurrentRender (node_modules/react-dom/cjs/react-dom.development.js:25931:9)
      at performConcurrentWorkOnRoot (node_modules/react-dom/cjs/react-dom.development.js:25848:7)
      at flushActQueue (node_modules/react/cjs/react.development.js:2667:24)
      at act (node_modules/react/cjs/react.development.js:2582:11)
      at node_modules/@testing-library/react/dist/act-compat.js:47:25
      at renderRoot (node_modules/@testing-library/react/dist/pure.js:190:26)
      at render (node_modules/@testing-library/react/dist/pure.js:292:10)
      at customRender (tests/utils/test-utils.tsx:38:16)
      at Object.<anonymous> (src/components/layout/DashboardLayout.test.tsx:40:11)

  console.error
    Warning: React.jsx: type is invalid -- expected a string (for built-in components) or a class/function (for composite components) but got: undefined. You likely forgot to export your component from the file it's defined in, or you might have mixed up default and named imports.

    [0m [90m 73 |[39m       [36mreturn[39m
     [90m 74 |[39m     }
    [31m[1m>[22m[39m[90m 75 |[39m     originalError[33m.[39mcall(console[33m,[39m [33m...[39margs)
     [90m    |[39m                   [31m[1m^[22m[39m
     [90m 76 |[39m   }
     [90m 77 |[39m })
     [90m 78 |[39m[0m

      at console.call [as error] (jest.setup.js:75:19)
      at printWarning (node_modules/react/cjs/react-jsx-runtime.development.js:87:30)
      at error (node_modules/react/cjs/react-jsx-runtime.development.js:61:7)
      at jsxWithValidation (node_modules/react/cjs/react-jsx-runtime.development.js:1245:7)
      at jsxWithValidationDynamic (node_modules/react/cjs/react-jsx-runtime.development.js:1320:12)
      at Object.<anonymous> (src/components/layout/DashboardLayout.test.tsx:48:12)

  console.error
    Error: Uncaught [Error: Element type is invalid: expected a string (for built-in components) or a class/function (for composite components) but got: undefined. You likely forgot to export your component from the file it's defined in, or you might have mixed up default and named imports.]
        at reportException (C:\Users\kyrian\Documents\Taller-Ocampos\frontend\node_modules\jsdom\lib\jsdom\living\helpers\runtime-script-errors.js:66:24)
        at innerInvokeEventListeners (C:\Users\kyrian\Documents\Taller-Ocampos\frontend\node_modules\jsdom\lib\jsdom\living\events\EventTarget-impl.js:353:9)
        at invokeEventListeners (C:\Users\kyrian\Documents\Taller-Ocampos\frontend\node_modules\jsdom\lib\jsdom\living\events\EventTarget-impl.js:286:3)
        at HTMLUnknownElementImpl._dispatch (C:\Users\kyrian\Documents\Taller-Ocampos\frontend\node_modules\jsdom\lib\jsdom\living\events\EventTarget-impl.js:233:9)
        at HTMLUnknownElementImpl.dispatchEvent (C:\Users\kyrian\Documents\Taller-Ocampos\frontend\node_modules\jsdom\lib\jsdom\living\events\EventTarget-impl.js:104:17)
        at HTMLUnknownElement.dispatchEvent (C:\Users\kyrian\Documents\Taller-Ocampos\frontend\node_modules\jsdom\lib\jsdom\living\generated\EventTarget.js:241:34)
        at Object.invokeGuardedCallbackDev (C:\Users\kyrian\Documents\Taller-Ocampos\frontend\node_modules\react-dom\cjs\react-dom.development.js:4213:16)
        at invokeGuardedCallback (C:\Users\kyrian\Documents\Taller-Ocampos\frontend\node_modules\react-dom\cjs\react-dom.development.js:4277:31)
        at beginWork$1 (C:\Users\kyrian\Documents\Taller-Ocampos\frontend\node_modules\react-dom\cjs\react-dom.development.js:27490:7)
        at performUnitOfWork (C:\Users\kyrian\Documents\Taller-Ocampos\frontend\node_modules\react-dom\cjs\react-dom.development.js:26599:12)
        at workLoopSync (C:\Users\kyrian\Documents\Taller-Ocampos\frontend\node_modules\react-dom\cjs\react-dom.development.js:26505:5)
        at renderRootSync (C:\Users\kyrian\Documents\Taller-Ocampos\frontend\node_modules\react-dom\cjs\react-dom.development.js:26473:7)
        at performConcurrentWorkOnRoot (C:\Users\kyrian\Documents\Taller-Ocampos\frontend\node_modules\react-dom\cjs\react-dom.development.js:25777:74)
        at flushActQueue (C:\Users\kyrian\Documents\Taller-Ocampos\frontend\node_modules\react\cjs\react.development.js:2667:24)
        at act (C:\Users\kyrian\Documents\Taller-Ocampos\frontend\node_modules\react\cjs\react.development.js:2582:11)
        at C:\Users\kyrian\Documents\Taller-Ocampos\frontend\node_modules\@testing-library\react\dist\act-compat.js:47:25
        at renderRoot (C:\Users\kyrian\Documents\Taller-Ocampos\frontend\node_modules\@testing-library\react\dist\pure.js:190:26)
        at render (C:\Users\kyrian\Documents\Taller-Ocampos\frontend\node_modules\@testing-library\react\dist\pure.js:292:10)
        at customRender (C:\Users\kyrian\Documents\Taller-Ocampos\frontend\tests\utils\test-utils.tsx:38:16)
        at Object.<anonymous> (C:\Users\kyrian\Documents\Taller-Ocampos\frontend\src\components\layout\DashboardLayout.test.tsx:48:11)
        at Promise.finally.completed (C:\Users\kyrian\Documents\Taller-Ocampos\frontend\node_modules\jest-circus\build\jestAdapterInit.js:1556:28)
        at new Promise (<anonymous>)
        at callAsyncCircusFn (C:\Users\kyrian\Documents\Taller-Ocampos\frontend\node_modules\jest-circus\build\jestAdapterInit.js:1496:10)
        at _callCircusTest (C:\Users\kyrian\Documents\Taller-Ocampos\frontend\node_modules\jest-circus\build\jestAdapterInit.js:1006:40)
        at processTicksAndRejections (node:internal/process/task_queues:105:5)
        at _runTest (C:\Users\kyrian\Documents\Taller-Ocampos\frontend\node_modules\jest-circus\build\jestAdapterInit.js:946:3)
        at _runTestsForDescribeBlock (C:\Users\kyrian\Documents\Taller-Ocampos\frontend\node_modules\jest-circus\build\jestAdapterInit.js:839:13)
        at _runTestsForDescribeBlock (C:\Users\kyrian\Documents\Taller-Ocampos\frontend\node_modules\jest-circus\build\jestAdapterInit.js:829:11)
        at run (C:\Users\kyrian\Documents\Taller-Ocampos\frontend\node_modules\jest-circus\build\jestAdapterInit.js:757:3)
        at runAndTransformResultsToJestFormat (C:\Users\kyrian\Documents\Taller-Ocampos\frontend\node_modules\jest-circus\build\jestAdapterInit.js:1917:21)
        at jestAdapter (C:\Users\kyrian\Documents\Taller-Ocampos\frontend\node_modules\jest-circus\build\runner.js:101:19)
        at runTestInternal (C:\Users\kyrian\Documents\Taller-Ocampos\frontend\node_modules\jest-runner\build\testWorker.js:275:16)
        at runTest (C:\Users\kyrian\Documents\Taller-Ocampos\frontend\node_modules\jest-runner\build\testWorker.js:343:7)
        at Object.worker (C:\Users\kyrian\Documents\Taller-Ocampos\frontend\node_modules\jest-runner\build\testWorker.js:497:12) {
      detail: Error: Element type is invalid: expected a string (for built-in components) or a class/function (for composite components) but got: undefined. You likely forgot to export your component from the file it's defined in, or you might have mixed up default and named imports.
          at createFiberFromTypeAndProps (C:\Users\kyrian\Documents\Taller-Ocampos\frontend\node_modules\react-dom\cjs\react-dom.development.js:28478:17)
          at createFiberFromElement (C:\Users\kyrian\Documents\Taller-Ocampos\frontend\node_modules\react-dom\cjs\react-dom.development.js:28504:15)
          at reconcileSingleElement (C:\Users\kyrian\Documents\Taller-Ocampos\frontend\node_modules\react-dom\cjs\react-dom.development.js:13986:23)
          at reconcileChildFibers (C:\Users\kyrian\Documents\Taller-Ocampos\frontend\node_modules\react-dom\cjs\react-dom.development.js:14044:35)
          at reconcileChildren (C:\Users\kyrian\Documents\Taller-Ocampos\frontend\node_modules\react-dom\cjs\react-dom.development.js:19186:28)
          at updateContextProvider (C:\Users\kyrian\Documents\Taller-Ocampos\frontend\node_modules\react-dom\cjs\react-dom.development.js:21193:3)
          at beginWork (C:\Users\kyrian\Documents\Taller-Ocampos\frontend\node_modules\react-dom\cjs\react-dom.development.js:21688:14)
          at HTMLUnknownElement.callCallback (C:\Users\kyrian\Documents\Taller-Ocampos\frontend\node_modules\react-dom\cjs\react-dom.development.js:4164:14)
          at HTMLUnknownElement.callTheUserObjectsOperation (C:\Users\kyrian\Documents\Taller-Ocampos\frontend\node_modules\jsdom\lib\jsdom\living\generated\EventListener.js:26:30)
          at innerInvokeEventListeners (C:\Users\kyrian\Documents\Taller-Ocampos\frontend\node_modules\jsdom\lib\jsdom\living\events\EventTarget-impl.js:350:25)
          at invokeEventListeners (C:\Users\kyrian\Documents\Taller-Ocampos\frontend\node_modules\jsdom\lib\jsdom\living\events\EventTarget-impl.js:286:3)
          at HTMLUnknownElementImpl._dispatch (C:\Users\kyrian\Documents\Taller-Ocampos\frontend\node_modules\jsdom\lib\jsdom\living\events\EventTarget-impl.js:233:9)
          at HTMLUnknownElementImpl.dispatchEvent (C:\Users\kyrian\Documents\Taller-Ocampos\frontend\node_modules\jsdom\lib\jsdom\living\events\EventTarget-impl.js:104:17)
          at HTMLUnknownElement.dispatchEvent (C:\Users\kyrian\Documents\Taller-Ocampos\frontend\node_modules\jsdom\lib\jsdom\living\generated\EventTarget.js:241:34)
          at Object.invokeGuardedCallbackDev (C:\Users\kyrian\Documents\Taller-Ocampos\frontend\node_modules\react-dom\cjs\react-dom.development.js:4213:16)
          at invokeGuardedCallback (C:\Users\kyrian\Documents\Taller-Ocampos\frontend\node_modules\react-dom\cjs\react-dom.development.js:4277:31)
          at beginWork$1 (C:\Users\kyrian\Documents\Taller-Ocampos\frontend\node_modules\react-dom\cjs\react-dom.development.js:27490:7)
          at performUnitOfWork (C:\Users\kyrian\Documents\Taller-Ocampos\frontend\node_modules\react-dom\cjs\react-dom.development.js:26599:12)
          at workLoopSync (C:\Users\kyrian\Documents\Taller-Ocampos\frontend\node_modules\react-dom\cjs\react-dom.development.js:26505:5)
          at renderRootSync (C:\Users\kyrian\Documents\Taller-Ocampos\frontend\node_modules\react-dom\cjs\react-dom.development.js:26473:7)
          at performConcurrentWorkOnRoot (C:\Users\kyrian\Documents\Taller-Ocampos\frontend\node_modules\react-dom\cjs\react-dom.development.js:25777:74)
          at flushActQueue (C:\Users\kyrian\Documents\Taller-Ocampos\frontend\node_modules\react\cjs\react.development.js:2667:24)
          at act (C:\Users\kyrian\Documents\Taller-Ocampos\frontend\node_modules\react\cjs\react.development.js:2582:11)
          at C:\Users\kyrian\Documents\Taller-Ocampos\frontend\node_modules\@testing-library\react\dist\act-compat.js:47:25
          at renderRoot (C:\Users\kyrian\Documents\Taller-Ocampos\frontend\node_modules\@testing-library\react\dist\pure.js:190:26)
          at render (C:\Users\kyrian\Documents\Taller-Ocampos\frontend\node_modules\@testing-library\react\dist\pure.js:292:10)
          at customRender (C:\Users\kyrian\Documents\Taller-Ocampos\frontend\tests\utils\test-utils.tsx:38:16)
          at Object.<anonymous> (C:\Users\kyrian\Documents\Taller-Ocampos\frontend\src\components\layout\DashboardLayout.test.tsx:48:11)
          at Promise.finally.completed (C:\Users\kyrian\Documents\Taller-Ocampos\frontend\node_modules\jest-circus\build\jestAdapterInit.js:1556:28)
          at new Promise (<anonymous>)
          at callAsyncCircusFn (C:\Users\kyrian\Documents\Taller-Ocampos\frontend\node_modules\jest-circus\build\jestAdapterInit.js:1496:10)
          at _callCircusTest (C:\Users\kyrian\Documents\Taller-Ocampos\frontend\node_modules\jest-circus\build\jestAdapterInit.js:1006:40)
          at processTicksAndRejections (node:internal/process/task_queues:105:5)
          at _runTest (C:\Users\kyrian\Documents\Taller-Ocampos\frontend\node_modules\jest-circus\build\jestAdapterInit.js:946:3)
          at _runTestsForDescribeBlock (C:\Users\kyrian\Documents\Taller-Ocampos\frontend\node_modules\jest-circus\build\jestAdapterInit.js:839:13)
          at _runTestsForDescribeBlock (C:\Users\kyrian\Documents\Taller-Ocampos\frontend\node_modules\jest-circus\build\jestAdapterInit.js:829:11)
          at run (C:\Users\kyrian\Documents\Taller-Ocampos\frontend\node_modules\jest-circus\build\jestAdapterInit.js:757:3)
          at runAndTransformResultsToJestFormat (C:\Users\kyrian\Documents\Taller-Ocampos\frontend\node_modules\jest-circus\build\jestAdapterInit.js:1917:21)
          at jestAdapter (C:\Users\kyrian\Documents\Taller-Ocampos\frontend\node_modules\jest-circus\build\runner.js:101:19)
          at runTestInternal (C:\Users\kyrian\Documents\Taller-Ocampos\frontend\node_modules\jest-runner\build\testWorker.js:275:16)
          at runTest (C:\Users\kyrian\Documents\Taller-Ocampos\frontend\node_modules\jest-runner\build\testWorker.js:343:7)
          at Object.worker (C:\Users\kyrian\Documents\Taller-Ocampos\frontend\node_modules\jest-runner\build\testWorker.js:497:12),
      type: 'unhandled exception'
    }

    [0m [90m 73 |[39m       [36mreturn[39m
     [90m 74 |[39m     }
    [31m[1m>[22m[39m[90m 75 |[39m     originalError[33m.[39mcall(console[33m,[39m [33m...[39margs)
     [90m    |[39m                   [31m[1m^[22m[39m
     [90m 76 |[39m   }
     [90m 77 |[39m })
     [90m 78 |[39m[0m

      at console.call [as error] (jest.setup.js:75:19)
      at VirtualConsole.<anonymous> (node_modules/@jest/environment-jsdom-abstract/build/index.js:78:23)
      at reportException (node_modules/jsdom/lib/jsdom/living/helpers/runtime-script-errors.js:70:28)
      at innerInvokeEventListeners (node_modules/jsdom/lib/jsdom/living/events/EventTarget-impl.js:353:9)
      at invokeEventListeners (node_modules/jsdom/lib/jsdom/living/events/EventTarget-impl.js:286:3)
      at HTMLUnknownElementImpl._dispatch (node_modules/jsdom/lib/jsdom/living/events/EventTarget-impl.js:233:9)
      at HTMLUnknownElementImpl.dispatchEvent (node_modules/jsdom/lib/jsdom/living/events/EventTarget-impl.js:104:17)
      at HTMLUnknownElement.dispatchEvent (node_modules/jsdom/lib/jsdom/living/generated/EventTarget.js:241:34)
      at Object.invokeGuardedCallbackDev (node_modules/react-dom/cjs/react-dom.development.js:4213:16)
      at invokeGuardedCallback (node_modules/react-dom/cjs/react-dom.development.js:4277:31)
      at beginWork$1 (node_modules/react-dom/cjs/react-dom.development.js:27490:7)
      at performUnitOfWork (node_modules/react-dom/cjs/react-dom.development.js:26599:12)
      at workLoopSync (node_modules/react-dom/cjs/react-dom.development.js:26505:5)
      at renderRootSync (node_modules/react-dom/cjs/react-dom.development.js:26473:7)
      at performConcurrentWorkOnRoot (node_modules/react-dom/cjs/react-dom.development.js:25777:74)
      at flushActQueue (node_modules/react/cjs/react.development.js:2667:24)
      at act (node_modules/react/cjs/react.development.js:2582:11)
      at node_modules/@testing-library/react/dist/act-compat.js:47:25
      at renderRoot (node_modules/@testing-library/react/dist/pure.js:190:26)
      at render (node_modules/@testing-library/react/dist/pure.js:292:10)
      at customRender (tests/utils/test-utils.tsx:38:16)
      at Object.<anonymous> (src/components/layout/DashboardLayout.test.tsx:48:11)

  console.error
    Error: Uncaught [Error: Element type is invalid: expected a string (for built-in components) or a class/function (for composite components) but got: undefined. You likely forgot to export your component from the file it's defined in, or you might have mixed up default and named imports.]
        at reportException (C:\Users\kyrian\Documents\Taller-Ocampos\frontend\node_modules\jsdom\lib\jsdom\living\helpers\runtime-script-errors.js:66:24)
        at innerInvokeEventListeners (C:\Users\kyrian\Documents\Taller-Ocampos\frontend\node_modules\jsdom\lib\jsdom\living\events\EventTarget-impl.js:353:9)
        at invokeEventListeners (C:\Users\kyrian\Documents\Taller-Ocampos\frontend\node_modules\jsdom\lib\jsdom\living\events\EventTarget-impl.js:286:3)
        at HTMLUnknownElementImpl._dispatch (C:\Users\kyrian\Documents\Taller-Ocampos\frontend\node_modules\jsdom\lib\jsdom\living\events\EventTarget-impl.js:233:9)
        at HTMLUnknownElementImpl.dispatchEvent (C:\Users\kyrian\Documents\Taller-Ocampos\frontend\node_modules\jsdom\lib\jsdom\living\events\EventTarget-impl.js:104:17)
        at HTMLUnknownElement.dispatchEvent (C:\Users\kyrian\Documents\Taller-Ocampos\frontend\node_modules\jsdom\lib\jsdom\living\generated\EventTarget.js:241:34)
        at Object.invokeGuardedCallbackDev (C:\Users\kyrian\Documents\Taller-Ocampos\frontend\node_modules\react-dom\cjs\react-dom.development.js:4213:16)
        at invokeGuardedCallback (C:\Users\kyrian\Documents\Taller-Ocampos\frontend\node_modules\react-dom\cjs\react-dom.development.js:4277:31)
        at beginWork$1 (C:\Users\kyrian\Documents\Taller-Ocampos\frontend\node_modules\react-dom\cjs\react-dom.development.js:27490:7)
        at performUnitOfWork (C:\Users\kyrian\Documents\Taller-Ocampos\frontend\node_modules\react-dom\cjs\react-dom.development.js:26599:12)
        at workLoopSync (C:\Users\kyrian\Documents\Taller-Ocampos\frontend\node_modules\react-dom\cjs\react-dom.development.js:26505:5)
        at renderRootSync (C:\Users\kyrian\Documents\Taller-Ocampos\frontend\node_modules\react-dom\cjs\react-dom.development.js:26473:7)
        at recoverFromConcurrentError (C:\Users\kyrian\Documents\Taller-Ocampos\frontend\node_modules\react-dom\cjs\react-dom.development.js:25889:20)
        at performConcurrentWorkOnRoot (C:\Users\kyrian\Documents\Taller-Ocampos\frontend\node_modules\react-dom\cjs\react-dom.development.js:25789:22)
        at flushActQueue (C:\Users\kyrian\Documents\Taller-Ocampos\frontend\node_modules\react\cjs\react.development.js:2667:24)
        at act (C:\Users\kyrian\Documents\Taller-Ocampos\frontend\node_modules\react\cjs\react.development.js:2582:11)
        at C:\Users\kyrian\Documents\Taller-Ocampos\frontend\node_modules\@testing-library\react\dist\act-compat.js:47:25
        at renderRoot (C:\Users\kyrian\Documents\Taller-Ocampos\frontend\node_modules\@testing-library\react\dist\pure.js:190:26)
        at render (C:\Users\kyrian\Documents\Taller-Ocampos\frontend\node_modules\@testing-library\react\dist\pure.js:292:10)
        at customRender (C:\Users\kyrian\Documents\Taller-Ocampos\frontend\tests\utils\test-utils.tsx:38:16)
        at Object.<anonymous> (C:\Users\kyrian\Documents\Taller-Ocampos\frontend\src\components\layout\DashboardLayout.test.tsx:48:11)
        at Promise.finally.completed (C:\Users\kyrian\Documents\Taller-Ocampos\frontend\node_modules\jest-circus\build\jestAdapterInit.js:1556:28)
        at new Promise (<anonymous>)
        at callAsyncCircusFn (C:\Users\kyrian\Documents\Taller-Ocampos\frontend\node_modules\jest-circus\build\jestAdapterInit.js:1496:10)
        at _callCircusTest (C:\Users\kyrian\Documents\Taller-Ocampos\frontend\node_modules\jest-circus\build\jestAdapterInit.js:1006:40)
        at processTicksAndRejections (node:internal/process/task_queues:105:5)
        at _runTest (C:\Users\kyrian\Documents\Taller-Ocampos\frontend\node_modules\jest-circus\build\jestAdapterInit.js:946:3)
        at _runTestsForDescribeBlock (C:\Users\kyrian\Documents\Taller-Ocampos\frontend\node_modules\jest-circus\build\jestAdapterInit.js:839:13)
        at _runTestsForDescribeBlock (C:\Users\kyrian\Documents\Taller-Ocampos\frontend\node_modules\jest-circus\build\jestAdapterInit.js:829:11)
        at run (C:\Users\kyrian\Documents\Taller-Ocampos\frontend\node_modules\jest-circus\build\jestAdapterInit.js:757:3)
        at runAndTransformResultsToJestFormat (C:\Users\kyrian\Documents\Taller-Ocampos\frontend\node_modules\jest-circus\build\jestAdapterInit.js:1917:21)
        at jestAdapter (C:\Users\kyrian\Documents\Taller-Ocampos\frontend\node_modules\jest-circus\build\runner.js:101:19)
        at runTestInternal (C:\Users\kyrian\Documents\Taller-Ocampos\frontend\node_modules\jest-runner\build\testWorker.js:275:16)
        at runTest (C:\Users\kyrian\Documents\Taller-Ocampos\frontend\node_modules\jest-runner\build\testWorker.js:343:7)
        at Object.worker (C:\Users\kyrian\Documents\Taller-Ocampos\frontend\node_modules\jest-runner\build\testWorker.js:497:12) {
      detail: Error: Element type is invalid: expected a string (for built-in components) or a class/function (for composite components) but got: undefined. You likely forgot to export your component from the file it's defined in, or you might have mixed up default and named imports.
          at createFiberFromTypeAndProps (C:\Users\kyrian\Documents\Taller-Ocampos\frontend\node_modules\react-dom\cjs\react-dom.development.js:28478:17)
          at createFiberFromElement (C:\Users\kyrian\Documents\Taller-Ocampos\frontend\node_modules\react-dom\cjs\react-dom.development.js:28504:15)
          at reconcileSingleElement (C:\Users\kyrian\Documents\Taller-Ocampos\frontend\node_modules\react-dom\cjs\react-dom.development.js:13986:23)
          at reconcileChildFibers (C:\Users\kyrian\Documents\Taller-Ocampos\frontend\node_modules\react-dom\cjs\react-dom.development.js:14044:35)
          at reconcileChildren (C:\Users\kyrian\Documents\Taller-Ocampos\frontend\node_modules\react-dom\cjs\react-dom.development.js:19186:28)
          at updateContextProvider (C:\Users\kyrian\Documents\Taller-Ocampos\frontend\node_modules\react-dom\cjs\react-dom.development.js:21193:3)
          at beginWork (C:\Users\kyrian\Documents\Taller-Ocampos\frontend\node_modules\react-dom\cjs\react-dom.development.js:21688:14)
          at HTMLUnknownElement.callCallback (C:\Users\kyrian\Documents\Taller-Ocampos\frontend\node_modules\react-dom\cjs\react-dom.development.js:4164:14)
          at HTMLUnknownElement.callTheUserObjectsOperation (C:\Users\kyrian\Documents\Taller-Ocampos\frontend\node_modules\jsdom\lib\jsdom\living\generated\EventListener.js:26:30)
          at innerInvokeEventListeners (C:\Users\kyrian\Documents\Taller-Ocampos\frontend\node_modules\jsdom\lib\jsdom\living\events\EventTarget-impl.js:350:25)
          at invokeEventListeners (C:\Users\kyrian\Documents\Taller-Ocampos\frontend\node_modules\jsdom\lib\jsdom\living\events\EventTarget-impl.js:286:3)
          at HTMLUnknownElementImpl._dispatch (C:\Users\kyrian\Documents\Taller-Ocampos\frontend\node_modules\jsdom\lib\jsdom\living\events\EventTarget-impl.js:233:9)
          at HTMLUnknownElementImpl.dispatchEvent (C:\Users\kyrian\Documents\Taller-Ocampos\frontend\node_modules\jsdom\lib\jsdom\living\events\EventTarget-impl.js:104:17)
          at HTMLUnknownElement.dispatchEvent (C:\Users\kyrian\Documents\Taller-Ocampos\frontend\node_modules\jsdom\lib\jsdom\living\generated\EventTarget.js:241:34)
          at Object.invokeGuardedCallbackDev (C:\Users\kyrian\Documents\Taller-Ocampos\frontend\node_modules\react-dom\cjs\react-dom.development.js:4213:16)
          at invokeGuardedCallback (C:\Users\kyrian\Documents\Taller-Ocampos\frontend\node_modules\react-dom\cjs\react-dom.development.js:4277:31)
          at beginWork$1 (C:\Users\kyrian\Documents\Taller-Ocampos\frontend\node_modules\react-dom\cjs\react-dom.development.js:27490:7)
          at performUnitOfWork (C:\Users\kyrian\Documents\Taller-Ocampos\frontend\node_modules\react-dom\cjs\react-dom.development.js:26599:12)
          at workLoopSync (C:\Users\kyrian\Documents\Taller-Ocampos\frontend\node_modules\react-dom\cjs\react-dom.development.js:26505:5)
          at renderRootSync (C:\Users\kyrian\Documents\Taller-Ocampos\frontend\node_modules\react-dom\cjs\react-dom.development.js:26473:7)
          at recoverFromConcurrentError (C:\Users\kyrian\Documents\Taller-Ocampos\frontend\node_modules\react-dom\cjs\react-dom.development.js:25889:20)
          at performConcurrentWorkOnRoot (C:\Users\kyrian\Documents\Taller-Ocampos\frontend\node_modules\react-dom\cjs\react-dom.development.js:25789:22)
          at flushActQueue (C:\Users\kyrian\Documents\Taller-Ocampos\frontend\node_modules\react\cjs\react.development.js:2667:24)
          at act (C:\Users\kyrian\Documents\Taller-Ocampos\frontend\node_modules\react\cjs\react.development.js:2582:11)
          at C:\Users\kyrian\Documents\Taller-Ocampos\frontend\node_modules\@testing-library\react\dist\act-compat.js:47:25
          at renderRoot (C:\Users\kyrian\Documents\Taller-Ocampos\frontend\node_modules\@testing-library\react\dist\pure.js:190:26)
          at render (C:\Users\kyrian\Documents\Taller-Ocampos\frontend\node_modules\@testing-library\react\dist\pure.js:292:10)
          at customRender (C:\Users\kyrian\Documents\Taller-Ocampos\frontend\tests\utils\test-utils.tsx:38:16)
          at Object.<anonymous> (C:\Users\kyrian\Documents\Taller-Ocampos\frontend\src\components\layout\DashboardLayout.test.tsx:48:11)
          at Promise.finally.completed (C:\Users\kyrian\Documents\Taller-Ocampos\frontend\node_modules\jest-circus\build\jestAdapterInit.js:1556:28)
          at new Promise (<anonymous>)
          at callAsyncCircusFn (C:\Users\kyrian\Documents\Taller-Ocampos\frontend\node_modules\jest-circus\build\jestAdapterInit.js:1496:10)
          at _callCircusTest (C:\Users\kyrian\Documents\Taller-Ocampos\frontend\node_modules\jest-circus\build\jestAdapterInit.js:1006:40)
          at processTicksAndRejections (node:internal/process/task_queues:105:5)
          at _runTest (C:\Users\kyrian\Documents\Taller-Ocampos\frontend\node_modules\jest-circus\build\jestAdapterInit.js:946:3)
          at _runTestsForDescribeBlock (C:\Users\kyrian\Documents\Taller-Ocampos\frontend\node_modules\jest-circus\build\jestAdapterInit.js:839:13)
          at _runTestsForDescribeBlock (C:\Users\kyrian\Documents\Taller-Ocampos\frontend\node_modules\jest-circus\build\jestAdapterInit.js:829:11)
          at run (C:\Users\kyrian\Documents\Taller-Ocampos\frontend\node_modules\jest-circus\build\jestAdapterInit.js:757:3)
          at runAndTransformResultsToJestFormat (C:\Users\kyrian\Documents\Taller-Ocampos\frontend\node_modules\jest-circus\build\jestAdapterInit.js:1917:21)
          at jestAdapter (C:\Users\kyrian\Documents\Taller-Ocampos\frontend\node_modules\jest-circus\build\runner.js:101:19)
          at runTestInternal (C:\Users\kyrian\Documents\Taller-Ocampos\frontend\node_modules\jest-runner\build\testWorker.js:275:16)
          at runTest (C:\Users\kyrian\Documents\Taller-Ocampos\frontend\node_modules\jest-runner\build\testWorker.js:343:7)
          at Object.worker (C:\Users\kyrian\Documents\Taller-Ocampos\frontend\node_modules\jest-runner\build\testWorker.js:497:12),
      type: 'unhandled exception'
    }

    [0m [90m 73 |[39m       [36mreturn[39m
     [90m 74 |[39m     }
    [31m[1m>[22m[39m[90m 75 |[39m     originalError[33m.[39mcall(console[33m,[39m [33m...[39margs)
     [90m    |[39m                   [31m[1m^[22m[39m
     [90m 76 |[39m   }
     [90m 77 |[39m })
     [90m 78 |[39m[0m

      at console.call [as error] (jest.setup.js:75:19)
      at VirtualConsole.<anonymous> (node_modules/@jest/environment-jsdom-abstract/build/index.js:78:23)
      at reportException (node_modules/jsdom/lib/jsdom/living/helpers/runtime-script-errors.js:70:28)
      at innerInvokeEventListeners (node_modules/jsdom/lib/jsdom/living/events/EventTarget-impl.js:353:9)
      at invokeEventListeners (node_modules/jsdom/lib/jsdom/living/events/EventTarget-impl.js:286:3)
      at HTMLUnknownElementImpl._dispatch (node_modules/jsdom/lib/jsdom/living/events/EventTarget-impl.js:233:9)
      at HTMLUnknownElementImpl.dispatchEvent (node_modules/jsdom/lib/jsdom/living/events/EventTarget-impl.js:104:17)
      at HTMLUnknownElement.dispatchEvent (node_modules/jsdom/lib/jsdom/living/generated/EventTarget.js:241:34)
      at Object.invokeGuardedCallbackDev (node_modules/react-dom/cjs/react-dom.development.js:4213:16)
      at invokeGuardedCallback (node_modules/react-dom/cjs/react-dom.development.js:4277:31)
      at beginWork$1 (node_modules/react-dom/cjs/react-dom.development.js:27490:7)
      at performUnitOfWork (node_modules/react-dom/cjs/react-dom.development.js:26599:12)
      at workLoopSync (node_modules/react-dom/cjs/react-dom.development.js:26505:5)
      at renderRootSync (node_modules/react-dom/cjs/react-dom.development.js:26473:7)
      at recoverFromConcurrentError (node_modules/react-dom/cjs/react-dom.development.js:25889:20)
      at performConcurrentWorkOnRoot (node_modules/react-dom/cjs/react-dom.development.js:25789:22)
      at flushActQueue (node_modules/react/cjs/react.development.js:2667:24)
      at act (node_modules/react/cjs/react.development.js:2582:11)
      at node_modules/@testing-library/react/dist/act-compat.js:47:25
      at renderRoot (node_modules/@testing-library/react/dist/pure.js:190:26)
      at render (node_modules/@testing-library/react/dist/pure.js:292:10)
      at customRender (tests/utils/test-utils.tsx:38:16)
      at Object.<anonymous> (src/components/layout/DashboardLayout.test.tsx:48:11)

  console.error
    The above error occurred in the <Context.Provider> component:
    
        at QueryClientProvider (C:\Users\kyrian\Documents\Taller-Ocampos\frontend\node_modules\@tanstack\react-query\src\QueryClientProvider.tsx:30:3)
        at children (C:\Users\kyrian\Documents\Taller-Ocampos\frontend\tests\utils\test-utils.tsx:23:28)
    
    Consider adding an error boundary to your tree to customize error handling behavior.
    Visit https://reactjs.org/link/error-boundaries to learn more about error boundaries.

    [0m [90m 73 |[39m       [36mreturn[39m
     [90m 74 |[39m     }
    [31m[1m>[22m[39m[90m 75 |[39m     originalError[33m.[39mcall(console[33m,[39m [33m...[39margs)
     [90m    |[39m                   [31m[1m^[22m[39m
     [90m 76 |[39m   }
     [90m 77 |[39m })
     [90m 78 |[39m[0m

      at console.call [as error] (jest.setup.js:75:19)
      at logCapturedError (node_modules/react-dom/cjs/react-dom.development.js:18704:23)
      at update.callback (node_modules/react-dom/cjs/react-dom.development.js:18737:5)
      at callCallback (node_modules/react-dom/cjs/react-dom.development.js:15036:12)
      at commitUpdateQueue (node_modules/react-dom/cjs/react-dom.development.js:15057:9)
      at commitLayoutEffectOnFiber (node_modules/react-dom/cjs/react-dom.development.js:23430:13)
      at commitLayoutMountEffects_complete (node_modules/react-dom/cjs/react-dom.development.js:24727:9)
      at commitLayoutEffects_begin (node_modules/react-dom/cjs/react-dom.development.js:24713:7)
      at commitLayoutEffects (node_modules/react-dom/cjs/react-dom.development.js:24651:3)
      at commitRootImpl (node_modules/react-dom/cjs/react-dom.development.js:26862:5)
      at commitRoot (node_modules/react-dom/cjs/react-dom.development.js:26721:5)
      at finishConcurrentRender (node_modules/react-dom/cjs/react-dom.development.js:25931:9)
      at performConcurrentWorkOnRoot (node_modules/react-dom/cjs/react-dom.development.js:25848:7)
      at flushActQueue (node_modules/react/cjs/react.development.js:2667:24)
      at act (node_modules/react/cjs/react.development.js:2582:11)
      at node_modules/@testing-library/react/dist/act-compat.js:47:25
      at renderRoot (node_modules/@testing-library/react/dist/pure.js:190:26)
      at render (node_modules/@testing-library/react/dist/pure.js:292:10)
      at customRender (tests/utils/test-utils.tsx:38:16)
      at Object.<anonymous> (src/components/layout/DashboardLayout.test.tsx:48:11)

  console.error
    Warning: React.jsx: type is invalid -- expected a string (for built-in components) or a class/function (for composite components) but got: undefined. You likely forgot to export your component from the file it's defined in, or you might have mixed up default and named imports.

    [0m [90m 73 |[39m       [36mreturn[39m
     [90m 74 |[39m     }
    [31m[1m>[22m[39m[90m 75 |[39m     originalError[33m.[39mcall(console[33m,[39m [33m...[39margs)
     [90m    |[39m                   [31m[1m^[22m[39m
     [90m 76 |[39m   }
     [90m 77 |[39m })
     [90m 78 |[39m[0m

      at console.call [as error] (jest.setup.js:75:19)
      at printWarning (node_modules/react/cjs/react-jsx-runtime.development.js:87:30)
      at error (node_modules/react/cjs/react-jsx-runtime.development.js:61:7)
      at jsxWithValidation (node_modules/react/cjs/react-jsx-runtime.development.js:1245:7)
      at jsxWithValidationDynamic (node_modules/react/cjs/react-jsx-runtime.development.js:1320:12)
      at Object.<anonymous> (src/components/layout/DashboardLayout.test.tsx:55:12)

  console.error
    Error: Uncaught [Error: Element type is invalid: expected a string (for built-in components) or a class/function (for composite components) but got: undefined. You likely forgot to export your component from the file it's defined in, or you might have mixed up default and named imports.]
        at reportException (C:\Users\kyrian\Documents\Taller-Ocampos\frontend\node_modules\jsdom\lib\jsdom\living\helpers\runtime-script-errors.js:66:24)
        at innerInvokeEventListeners (C:\Users\kyrian\Documents\Taller-Ocampos\frontend\node_modules\jsdom\lib\jsdom\living\events\EventTarget-impl.js:353:9)
        at invokeEventListeners (C:\Users\kyrian\Documents\Taller-Ocampos\frontend\node_modules\jsdom\lib\jsdom\living\events\EventTarget-impl.js:286:3)
        at HTMLUnknownElementImpl._dispatch (C:\Users\kyrian\Documents\Taller-Ocampos\frontend\node_modules\jsdom\lib\jsdom\living\events\EventTarget-impl.js:233:9)
        at HTMLUnknownElementImpl.dispatchEvent (C:\Users\kyrian\Documents\Taller-Ocampos\frontend\node_modules\jsdom\lib\jsdom\living\events\EventTarget-impl.js:104:17)
        at HTMLUnknownElement.dispatchEvent (C:\Users\kyrian\Documents\Taller-Ocampos\frontend\node_modules\jsdom\lib\jsdom\living\generated\EventTarget.js:241:34)
        at Object.invokeGuardedCallbackDev (C:\Users\kyrian\Documents\Taller-Ocampos\frontend\node_modules\react-dom\cjs\react-dom.development.js:4213:16)
        at invokeGuardedCallback (C:\Users\kyrian\Documents\Taller-Ocampos\frontend\node_modules\react-dom\cjs\react-dom.development.js:4277:31)
        at beginWork$1 (C:\Users\kyrian\Documents\Taller-Ocampos\frontend\node_modules\react-dom\cjs\react-dom.development.js:27490:7)
        at performUnitOfWork (C:\Users\kyrian\Documents\Taller-Ocampos\frontend\node_modules\react-dom\cjs\react-dom.development.js:26599:12)
        at workLoopSync (C:\Users\kyrian\Documents\Taller-Ocampos\frontend\node_modules\react-dom\cjs\react-dom.development.js:26505:5)
        at renderRootSync (C:\Users\kyrian\Documents\Taller-Ocampos\frontend\node_modules\react-dom\cjs\react-dom.development.js:26473:7)
        at performConcurrentWorkOnRoot (C:\Users\kyrian\Documents\Taller-Ocampos\frontend\node_modules\react-dom\cjs\react-dom.development.js:25777:74)
        at flushActQueue (C:\Users\kyrian\Documents\Taller-Ocampos\frontend\node_modules\react\cjs\react.development.js:2667:24)
        at act (C:\Users\kyrian\Documents\Taller-Ocampos\frontend\node_modules\react\cjs\react.development.js:2582:11)
        at C:\Users\kyrian\Documents\Taller-Ocampos\frontend\node_modules\@testing-library\react\dist\act-compat.js:47:25
        at renderRoot (C:\Users\kyrian\Documents\Taller-Ocampos\frontend\node_modules\@testing-library\react\dist\pure.js:190:26)
        at render (C:\Users\kyrian\Documents\Taller-Ocampos\frontend\node_modules\@testing-library\react\dist\pure.js:292:10)
        at customRender (C:\Users\kyrian\Documents\Taller-Ocampos\frontend\tests\utils\test-utils.tsx:38:16)
        at Object.<anonymous> (C:\Users\kyrian\Documents\Taller-Ocampos\frontend\src\components\layout\DashboardLayout.test.tsx:55:11)
        at Promise.finally.completed (C:\Users\kyrian\Documents\Taller-Ocampos\frontend\node_modules\jest-circus\build\jestAdapterInit.js:1556:28)
        at new Promise (<anonymous>)
        at callAsyncCircusFn (C:\Users\kyrian\Documents\Taller-Ocampos\frontend\node_modules\jest-circus\build\jestAdapterInit.js:1496:10)
        at _callCircusTest (C:\Users\kyrian\Documents\Taller-Ocampos\frontend\node_modules\jest-circus\build\jestAdapterInit.js:1006:40)
        at processTicksAndRejections (node:internal/process/task_queues:105:5)
        at _runTest (C:\Users\kyrian\Documents\Taller-Ocampos\frontend\node_modules\jest-circus\build\jestAdapterInit.js:946:3)
        at _runTestsForDescribeBlock (C:\Users\kyrian\Documents\Taller-Ocampos\frontend\node_modules\jest-circus\build\jestAdapterInit.js:839:13)
        at _runTestsForDescribeBlock (C:\Users\kyrian\Documents\Taller-Ocampos\frontend\node_modules\jest-circus\build\jestAdapterInit.js:829:11)
        at run (C:\Users\kyrian\Documents\Taller-Ocampos\frontend\node_modules\jest-circus\build\jestAdapterInit.js:757:3)
        at runAndTransformResultsToJestFormat (C:\Users\kyrian\Documents\Taller-Ocampos\frontend\node_modules\jest-circus\build\jestAdapterInit.js:1917:21)
        at jestAdapter (C:\Users\kyrian\Documents\Taller-Ocampos\frontend\node_modules\jest-circus\build\runner.js:101:19)
        at runTestInternal (C:\Users\kyrian\Documents\Taller-Ocampos\frontend\node_modules\jest-runner\build\testWorker.js:275:16)
        at runTest (C:\Users\kyrian\Documents\Taller-Ocampos\frontend\node_modules\jest-runner\build\testWorker.js:343:7)
        at Object.worker (C:\Users\kyrian\Documents\Taller-Ocampos\frontend\node_modules\jest-runner\build\testWorker.js:497:12) {
      detail: Error: Element type is invalid: expected a string (for built-in components) or a class/function (for composite components) but got: undefined. You likely forgot to export your component from the file it's defined in, or you might have mixed up default and named imports.
          at createFiberFromTypeAndProps (C:\Users\kyrian\Documents\Taller-Ocampos\frontend\node_modules\react-dom\cjs\react-dom.development.js:28478:17)
          at createFiberFromElement (C:\Users\kyrian\Documents\Taller-Ocampos\frontend\node_modules\react-dom\cjs\react-dom.development.js:28504:15)
          at reconcileSingleElement (C:\Users\kyrian\Documents\Taller-Ocampos\frontend\node_modules\react-dom\cjs\react-dom.development.js:13986:23)
          at reconcileChildFibers (C:\Users\kyrian\Documents\Taller-Ocampos\frontend\node_modules\react-dom\cjs\react-dom.development.js:14044:35)
          at reconcileChildren (C:\Users\kyrian\Documents\Taller-Ocampos\frontend\node_modules\react-dom\cjs\react-dom.development.js:19186:28)
          at updateContextProvider (C:\Users\kyrian\Documents\Taller-Ocampos\frontend\node_modules\react-dom\cjs\react-dom.development.js:21193:3)
          at beginWork (C:\Users\kyrian\Documents\Taller-Ocampos\frontend\node_modules\react-dom\cjs\react-dom.development.js:21688:14)
          at HTMLUnknownElement.callCallback (C:\Users\kyrian\Documents\Taller-Ocampos\frontend\node_modules\react-dom\cjs\react-dom.development.js:4164:14)
          at HTMLUnknownElement.callTheUserObjectsOperation (C:\Users\kyrian\Documents\Taller-Ocampos\frontend\node_modules\jsdom\lib\jsdom\living\generated\EventListener.js:26:30)
          at innerInvokeEventListeners (C:\Users\kyrian\Documents\Taller-Ocampos\frontend\node_modules\jsdom\lib\jsdom\living\events\EventTarget-impl.js:350:25)
          at invokeEventListeners (C:\Users\kyrian\Documents\Taller-Ocampos\frontend\node_modules\jsdom\lib\jsdom\living\events\EventTarget-impl.js:286:3)
          at HTMLUnknownElementImpl._dispatch (C:\Users\kyrian\Documents\Taller-Ocampos\frontend\node_modules\jsdom\lib\jsdom\living\events\EventTarget-impl.js:233:9)
          at HTMLUnknownElementImpl.dispatchEvent (C:\Users\kyrian\Documents\Taller-Ocampos\frontend\node_modules\jsdom\lib\jsdom\living\events\EventTarget-impl.js:104:17)
          at HTMLUnknownElement.dispatchEvent (C:\Users\kyrian\Documents\Taller-Ocampos\frontend\node_modules\jsdom\lib\jsdom\living\generated\EventTarget.js:241:34)
          at Object.invokeGuardedCallbackDev (C:\Users\kyrian\Documents\Taller-Ocampos\frontend\node_modules\react-dom\cjs\react-dom.development.js:4213:16)
          at invokeGuardedCallback (C:\Users\kyrian\Documents\Taller-Ocampos\frontend\node_modules\react-dom\cjs\react-dom.development.js:4277:31)
          at beginWork$1 (C:\Users\kyrian\Documents\Taller-Ocampos\frontend\node_modules\react-dom\cjs\react-dom.development.js:27490:7)
          at performUnitOfWork (C:\Users\kyrian\Documents\Taller-Ocampos\frontend\node_modules\react-dom\cjs\react-dom.development.js:26599:12)
          at workLoopSync (C:\Users\kyrian\Documents\Taller-Ocampos\frontend\node_modules\react-dom\cjs\react-dom.development.js:26505:5)
          at renderRootSync (C:\Users\kyrian\Documents\Taller-Ocampos\frontend\node_modules\react-dom\cjs\react-dom.development.js:26473:7)
          at performConcurrentWorkOnRoot (C:\Users\kyrian\Documents\Taller-Ocampos\frontend\node_modules\react-dom\cjs\react-dom.development.js:25777:74)
          at flushActQueue (C:\Users\kyrian\Documents\Taller-Ocampos\frontend\node_modules\react\cjs\react.development.js:2667:24)
          at act (C:\Users\kyrian\Documents\Taller-Ocampos\frontend\node_modules\react\cjs\react.development.js:2582:11)
          at C:\Users\kyrian\Documents\Taller-Ocampos\frontend\node_modules\@testing-library\react\dist\act-compat.js:47:25
          at renderRoot (C:\Users\kyrian\Documents\Taller-Ocampos\frontend\node_modules\@testing-library\react\dist\pure.js:190:26)
          at render (C:\Users\kyrian\Documents\Taller-Ocampos\frontend\node_modules\@testing-library\react\dist\pure.js:292:10)
          at customRender (C:\Users\kyrian\Documents\Taller-Ocampos\frontend\tests\utils\test-utils.tsx:38:16)
          at Object.<anonymous> (C:\Users\kyrian\Documents\Taller-Ocampos\frontend\src\components\layout\DashboardLayout.test.tsx:55:11)
          at Promise.finally.completed (C:\Users\kyrian\Documents\Taller-Ocampos\frontend\node_modules\jest-circus\build\jestAdapterInit.js:1556:28)
          at new Promise (<anonymous>)
          at callAsyncCircusFn (C:\Users\kyrian\Documents\Taller-Ocampos\frontend\node_modules\jest-circus\build\jestAdapterInit.js:1496:10)
          at _callCircusTest (C:\Users\kyrian\Documents\Taller-Ocampos\frontend\node_modules\jest-circus\build\jestAdapterInit.js:1006:40)
          at processTicksAndRejections (node:internal/process/task_queues:105:5)
          at _runTest (C:\Users\kyrian\Documents\Taller-Ocampos\frontend\node_modules\jest-circus\build\jestAdapterInit.js:946:3)
          at _runTestsForDescribeBlock (C:\Users\kyrian\Documents\Taller-Ocampos\frontend\node_modules\jest-circus\build\jestAdapterInit.js:839:13)
          at _runTestsForDescribeBlock (C:\Users\kyrian\Documents\Taller-Ocampos\frontend\node_modules\jest-circus\build\jestAdapterInit.js:829:11)
          at run (C:\Users\kyrian\Documents\Taller-Ocampos\frontend\node_modules\jest-circus\build\jestAdapterInit.js:757:3)
          at runAndTransformResultsToJestFormat (C:\Users\kyrian\Documents\Taller-Ocampos\frontend\node_modules\jest-circus\build\jestAdapterInit.js:1917:21)
          at jestAdapter (C:\Users\kyrian\Documents\Taller-Ocampos\frontend\node_modules\jest-circus\build\runner.js:101:19)
          at runTestInternal (C:\Users\kyrian\Documents\Taller-Ocampos\frontend\node_modules\jest-runner\build\testWorker.js:275:16)
          at runTest (C:\Users\kyrian\Documents\Taller-Ocampos\frontend\node_modules\jest-runner\build\testWorker.js:343:7)
          at Object.worker (C:\Users\kyrian\Documents\Taller-Ocampos\frontend\node_modules\jest-runner\build\testWorker.js:497:12),
      type: 'unhandled exception'
    }

    [0m [90m 73 |[39m       [36mreturn[39m
     [90m 74 |[39m     }
    [31m[1m>[22m[39m[90m 75 |[39m     originalError[33m.[39mcall(console[33m,[39m [33m...[39margs)
     [90m    |[39m                   [31m[1m^[22m[39m
     [90m 76 |[39m   }
     [90m 77 |[39m })
     [90m 78 |[39m[0m

      at console.call [as error] (jest.setup.js:75:19)
      at VirtualConsole.<anonymous> (node_modules/@jest/environment-jsdom-abstract/build/index.js:78:23)
      at reportException (node_modules/jsdom/lib/jsdom/living/helpers/runtime-script-errors.js:70:28)
      at innerInvokeEventListeners (node_modules/jsdom/lib/jsdom/living/events/EventTarget-impl.js:353:9)
      at invokeEventListeners (node_modules/jsdom/lib/jsdom/living/events/EventTarget-impl.js:286:3)
      at HTMLUnknownElementImpl._dispatch (node_modules/jsdom/lib/jsdom/living/events/EventTarget-impl.js:233:9)
      at HTMLUnknownElementImpl.dispatchEvent (node_modules/jsdom/lib/jsdom/living/events/EventTarget-impl.js:104:17)
      at HTMLUnknownElement.dispatchEvent (node_modules/jsdom/lib/jsdom/living/generated/EventTarget.js:241:34)
      at Object.invokeGuardedCallbackDev (node_modules/react-dom/cjs/react-dom.development.js:4213:16)
      at invokeGuardedCallback (node_modules/react-dom/cjs/react-dom.development.js:4277:31)
      at beginWork$1 (node_modules/react-dom/cjs/react-dom.development.js:27490:7)
      at performUnitOfWork (node_modules/react-dom/cjs/react-dom.development.js:26599:12)
      at workLoopSync (node_modules/react-dom/cjs/react-dom.development.js:26505:5)
      at renderRootSync (node_modules/react-dom/cjs/react-dom.development.js:26473:7)
      at performConcurrentWorkOnRoot (node_modules/react-dom/cjs/react-dom.development.js:25777:74)
      at flushActQueue (node_modules/react/cjs/react.development.js:2667:24)
      at act (node_modules/react/cjs/react.development.js:2582:11)
      at node_modules/@testing-library/react/dist/act-compat.js:47:25
      at renderRoot (node_modules/@testing-library/react/dist/pure.js:190:26)
      at render (node_modules/@testing-library/react/dist/pure.js:292:10)
      at customRender (tests/utils/test-utils.tsx:38:16)
      at Object.<anonymous> (src/components/layout/DashboardLayout.test.tsx:55:11)

  console.error
    Error: Uncaught [Error: Element type is invalid: expected a string (for built-in components) or a class/function (for composite components) but got: undefined. You likely forgot to export your component from the file it's defined in, or you might have mixed up default and named imports.]
        at reportException (C:\Users\kyrian\Documents\Taller-Ocampos\frontend\node_modules\jsdom\lib\jsdom\living\helpers\runtime-script-errors.js:66:24)
        at innerInvokeEventListeners (C:\Users\kyrian\Documents\Taller-Ocampos\frontend\node_modules\jsdom\lib\jsdom\living\events\EventTarget-impl.js:353:9)
        at invokeEventListeners (C:\Users\kyrian\Documents\Taller-Ocampos\frontend\node_modules\jsdom\lib\jsdom\living\events\EventTarget-impl.js:286:3)
        at HTMLUnknownElementImpl._dispatch (C:\Users\kyrian\Documents\Taller-Ocampos\frontend\node_modules\jsdom\lib\jsdom\living\events\EventTarget-impl.js:233:9)
        at HTMLUnknownElementImpl.dispatchEvent (C:\Users\kyrian\Documents\Taller-Ocampos\frontend\node_modules\jsdom\lib\jsdom\living\events\EventTarget-impl.js:104:17)
        at HTMLUnknownElement.dispatchEvent (C:\Users\kyrian\Documents\Taller-Ocampos\frontend\node_modules\jsdom\lib\jsdom\living\generated\EventTarget.js:241:34)
        at Object.invokeGuardedCallbackDev (C:\Users\kyrian\Documents\Taller-Ocampos\frontend\node_modules\react-dom\cjs\react-dom.development.js:4213:16)
        at invokeGuardedCallback (C:\Users\kyrian\Documents\Taller-Ocampos\frontend\node_modules\react-dom\cjs\react-dom.development.js:4277:31)
        at beginWork$1 (C:\Users\kyrian\Documents\Taller-Ocampos\frontend\node_modules\react-dom\cjs\react-dom.development.js:27490:7)
        at performUnitOfWork (C:\Users\kyrian\Documents\Taller-Ocampos\frontend\node_modules\react-dom\cjs\react-dom.development.js:26599:12)
        at workLoopSync (C:\Users\kyrian\Documents\Taller-Ocampos\frontend\node_modules\react-dom\cjs\react-dom.development.js:26505:5)
        at renderRootSync (C:\Users\kyrian\Documents\Taller-Ocampos\frontend\node_modules\react-dom\cjs\react-dom.development.js:26473:7)
        at recoverFromConcurrentError (C:\Users\kyrian\Documents\Taller-Ocampos\frontend\node_modules\react-dom\cjs\react-dom.development.js:25889:20)
        at performConcurrentWorkOnRoot (C:\Users\kyrian\Documents\Taller-Ocampos\frontend\node_modules\react-dom\cjs\react-dom.development.js:25789:22)
        at flushActQueue (C:\Users\kyrian\Documents\Taller-Ocampos\frontend\node_modules\react\cjs\react.development.js:2667:24)
        at act (C:\Users\kyrian\Documents\Taller-Ocampos\frontend\node_modules\react\cjs\react.development.js:2582:11)
        at C:\Users\kyrian\Documents\Taller-Ocampos\frontend\node_modules\@testing-library\react\dist\act-compat.js:47:25
        at renderRoot (C:\Users\kyrian\Documents\Taller-Ocampos\frontend\node_modules\@testing-library\react\dist\pure.js:190:26)
        at render (C:\Users\kyrian\Documents\Taller-Ocampos\frontend\node_modules\@testing-library\react\dist\pure.js:292:10)
        at customRender (C:\Users\kyrian\Documents\Taller-Ocampos\frontend\tests\utils\test-utils.tsx:38:16)
        at Object.<anonymous> (C:\Users\kyrian\Documents\Taller-Ocampos\frontend\src\components\layout\DashboardLayout.test.tsx:55:11)
        at Promise.finally.completed (C:\Users\kyrian\Documents\Taller-Ocampos\frontend\node_modules\jest-circus\build\jestAdapterInit.js:1556:28)
        at new Promise (<anonymous>)
        at callAsyncCircusFn (C:\Users\kyrian\Documents\Taller-Ocampos\frontend\node_modules\jest-circus\build\jestAdapterInit.js:1496:10)
        at _callCircusTest (C:\Users\kyrian\Documents\Taller-Ocampos\frontend\node_modules\jest-circus\build\jestAdapterInit.js:1006:40)
        at processTicksAndRejections (node:internal/process/task_queues:105:5)
        at _runTest (C:\Users\kyrian\Documents\Taller-Ocampos\frontend\node_modules\jest-circus\build\jestAdapterInit.js:946:3)
        at _runTestsForDescribeBlock (C:\Users\kyrian\Documents\Taller-Ocampos\frontend\node_modules\jest-circus\build\jestAdapterInit.js:839:13)
        at _runTestsForDescribeBlock (C:\Users\kyrian\Documents\Taller-Ocampos\frontend\node_modules\jest-circus\build\jestAdapterInit.js:829:11)
        at run (C:\Users\kyrian\Documents\Taller-Ocampos\frontend\node_modules\jest-circus\build\jestAdapterInit.js:757:3)
        at runAndTransformResultsToJestFormat (C:\Users\kyrian\Documents\Taller-Ocampos\frontend\node_modules\jest-circus\build\jestAdapterInit.js:1917:21)
        at jestAdapter (C:\Users\kyrian\Documents\Taller-Ocampos\frontend\node_modules\jest-circus\build\runner.js:101:19)
        at runTestInternal (C:\Users\kyrian\Documents\Taller-Ocampos\frontend\node_modules\jest-runner\build\testWorker.js:275:16)
        at runTest (C:\Users\kyrian\Documents\Taller-Ocampos\frontend\node_modules\jest-runner\build\testWorker.js:343:7)
        at Object.worker (C:\Users\kyrian\Documents\Taller-Ocampos\frontend\node_modules\jest-runner\build\testWorker.js:497:12) {
      detail: Error: Element type is invalid: expected a string (for built-in components) or a class/function (for composite components) but got: undefined. You likely forgot to export your component from the file it's defined in, or you might have mixed up default and named imports.
          at createFiberFromTypeAndProps (C:\Users\kyrian\Documents\Taller-Ocampos\frontend\node_modules\react-dom\cjs\react-dom.development.js:28478:17)
          at createFiberFromElement (C:\Users\kyrian\Documents\Taller-Ocampos\frontend\node_modules\react-dom\cjs\react-dom.development.js:28504:15)
          at reconcileSingleElement (C:\Users\kyrian\Documents\Taller-Ocampos\frontend\node_modules\react-dom\cjs\react-dom.development.js:13986:23)
          at reconcileChildFibers (C:\Users\kyrian\Documents\Taller-Ocampos\frontend\node_modules\react-dom\cjs\react-dom.development.js:14044:35)
          at reconcileChildren (C:\Users\kyrian\Documents\Taller-Ocampos\frontend\node_modules\react-dom\cjs\react-dom.development.js:19186:28)
          at updateContextProvider (C:\Users\kyrian\Documents\Taller-Ocampos\frontend\node_modules\react-dom\cjs\react-dom.development.js:21193:3)
          at beginWork (C:\Users\kyrian\Documents\Taller-Ocampos\frontend\node_modules\react-dom\cjs\react-dom.development.js:21688:14)
          at HTMLUnknownElement.callCallback (C:\Users\kyrian\Documents\Taller-Ocampos\frontend\node_modules\react-dom\cjs\react-dom.development.js:4164:14)
          at HTMLUnknownElement.callTheUserObjectsOperation (C:\Users\kyrian\Documents\Taller-Ocampos\frontend\node_modules\jsdom\lib\jsdom\living\generated\EventListener.js:26:30)
          at innerInvokeEventListeners (C:\Users\kyrian\Documents\Taller-Ocampos\frontend\node_modules\jsdom\lib\jsdom\living\events\EventTarget-impl.js:350:25)
          at invokeEventListeners (C:\Users\kyrian\Documents\Taller-Ocampos\frontend\node_modules\jsdom\lib\jsdom\living\events\EventTarget-impl.js:286:3)
          at HTMLUnknownElementImpl._dispatch (C:\Users\kyrian\Documents\Taller-Ocampos\frontend\node_modules\jsdom\lib\jsdom\living\events\EventTarget-impl.js:233:9)
          at HTMLUnknownElementImpl.dispatchEvent (C:\Users\kyrian\Documents\Taller-Ocampos\frontend\node_modules\jsdom\lib\jsdom\living\events\EventTarget-impl.js:104:17)
          at HTMLUnknownElement.dispatchEvent (C:\Users\kyrian\Documents\Taller-Ocampos\frontend\node_modules\jsdom\lib\jsdom\living\generated\EventTarget.js:241:34)
          at Object.invokeGuardedCallbackDev (C:\Users\kyrian\Documents\Taller-Ocampos\frontend\node_modules\react-dom\cjs\react-dom.development.js:4213:16)
          at invokeGuardedCallback (C:\Users\kyrian\Documents\Taller-Ocampos\frontend\node_modules\react-dom\cjs\react-dom.development.js:4277:31)
          at beginWork$1 (C:\Users\kyrian\Documents\Taller-Ocampos\frontend\node_modules\react-dom\cjs\react-dom.development.js:27490:7)
          at performUnitOfWork (C:\Users\kyrian\Documents\Taller-Ocampos\frontend\node_modules\react-dom\cjs\react-dom.development.js:26599:12)
          at workLoopSync (C:\Users\kyrian\Documents\Taller-Ocampos\frontend\node_modules\react-dom\cjs\react-dom.development.js:26505:5)
          at renderRootSync (C:\Users\kyrian\Documents\Taller-Ocampos\frontend\node_modules\react-dom\cjs\react-dom.development.js:26473:7)
          at recoverFromConcurrentError (C:\Users\kyrian\Documents\Taller-Ocampos\frontend\node_modules\react-dom\cjs\react-dom.development.js:25889:20)
          at performConcurrentWorkOnRoot (C:\Users\kyrian\Documents\Taller-Ocampos\frontend\node_modules\react-dom\cjs\react-dom.development.js:25789:22)
          at flushActQueue (C:\Users\kyrian\Documents\Taller-Ocampos\frontend\node_modules\react\cjs\react.development.js:2667:24)
          at act (C:\Users\kyrian\Documents\Taller-Ocampos\frontend\node_modules\react\cjs\react.development.js:2582:11)
          at C:\Users\kyrian\Documents\Taller-Ocampos\frontend\node_modules\@testing-library\react\dist\act-compat.js:47:25
          at renderRoot (C:\Users\kyrian\Documents\Taller-Ocampos\frontend\node_modules\@testing-library\react\dist\pure.js:190:26)
          at render (C:\Users\kyrian\Documents\Taller-Ocampos\frontend\node_modules\@testing-library\react\dist\pure.js:292:10)
          at customRender (C:\Users\kyrian\Documents\Taller-Ocampos\frontend\tests\utils\test-utils.tsx:38:16)
          at Object.<anonymous> (C:\Users\kyrian\Documents\Taller-Ocampos\frontend\src\components\layout\DashboardLayout.test.tsx:55:11)
          at Promise.finally.completed (C:\Users\kyrian\Documents\Taller-Ocampos\frontend\node_modules\jest-circus\build\jestAdapterInit.js:1556:28)
          at new Promise (<anonymous>)
          at callAsyncCircusFn (C:\Users\kyrian\Documents\Taller-Ocampos\frontend\node_modules\jest-circus\build\jestAdapterInit.js:1496:10)
          at _callCircusTest (C:\Users\kyrian\Documents\Taller-Ocampos\frontend\node_modules\jest-circus\build\jestAdapterInit.js:1006:40)
          at processTicksAndRejections (node:internal/process/task_queues:105:5)
          at _runTest (C:\Users\kyrian\Documents\Taller-Ocampos\frontend\node_modules\jest-circus\build\jestAdapterInit.js:946:3)
          at _runTestsForDescribeBlock (C:\Users\kyrian\Documents\Taller-Ocampos\frontend\node_modules\jest-circus\build\jestAdapterInit.js:839:13)
          at _runTestsForDescribeBlock (C:\Users\kyrian\Documents\Taller-Ocampos\frontend\node_modules\jest-circus\build\jestAdapterInit.js:829:11)
          at run (C:\Users\kyrian\Documents\Taller-Ocampos\frontend\node_modules\jest-circus\build\jestAdapterInit.js:757:3)
          at runAndTransformResultsToJestFormat (C:\Users\kyrian\Documents\Taller-Ocampos\frontend\node_modules\jest-circus\build\jestAdapterInit.js:1917:21)
          at jestAdapter (C:\Users\kyrian\Documents\Taller-Ocampos\frontend\node_modules\jest-circus\build\runner.js:101:19)
          at runTestInternal (C:\Users\kyrian\Documents\Taller-Ocampos\frontend\node_modules\jest-runner\build\testWorker.js:275:16)
          at runTest (C:\Users\kyrian\Documents\Taller-Ocampos\frontend\node_modules\jest-runner\build\testWorker.js:343:7)
          at Object.worker (C:\Users\kyrian\Documents\Taller-Ocampos\frontend\node_modules\jest-runner\build\testWorker.js:497:12),
      type: 'unhandled exception'
    }

    [0m [90m 73 |[39m       [36mreturn[39m
     [90m 74 |[39m     }
    [31m[1m>[22m[39m[90m 75 |[39m     originalError[33m.[39mcall(console[33m,[39m [33m...[39margs)
     [90m    |[39m                   [31m[1m^[22m[39m
     [90m 76 |[39m   }
     [90m 77 |[39m })
     [90m 78 |[39m[0m

      at console.call [as error] (jest.setup.js:75:19)
      at VirtualConsole.<anonymous> (node_modules/@jest/environment-jsdom-abstract/build/index.js:78:23)
      at reportException (node_modules/jsdom/lib/jsdom/living/helpers/runtime-script-errors.js:70:28)
      at innerInvokeEventListeners (node_modules/jsdom/lib/jsdom/living/events/EventTarget-impl.js:353:9)
      at invokeEventListeners (node_modules/jsdom/lib/jsdom/living/events/EventTarget-impl.js:286:3)
      at HTMLUnknownElementImpl._dispatch (node_modules/jsdom/lib/jsdom/living/events/EventTarget-impl.js:233:9)
      at HTMLUnknownElementImpl.dispatchEvent (node_modules/jsdom/lib/jsdom/living/events/EventTarget-impl.js:104:17)
      at HTMLUnknownElement.dispatchEvent (node_modules/jsdom/lib/jsdom/living/generated/EventTarget.js:241:34)
      at Object.invokeGuardedCallbackDev (node_modules/react-dom/cjs/react-dom.development.js:4213:16)
      at invokeGuardedCallback (node_modules/react-dom/cjs/react-dom.development.js:4277:31)
      at beginWork$1 (node_modules/react-dom/cjs/react-dom.development.js:27490:7)
      at performUnitOfWork (node_modules/react-dom/cjs/react-dom.development.js:26599:12)
      at workLoopSync (node_modules/react-dom/cjs/react-dom.development.js:26505:5)
      at renderRootSync (node_modules/react-dom/cjs/react-dom.development.js:26473:7)
      at recoverFromConcurrentError (node_modules/react-dom/cjs/react-dom.development.js:25889:20)
      at performConcurrentWorkOnRoot (node_modules/react-dom/cjs/react-dom.development.js:25789:22)
      at flushActQueue (node_modules/react/cjs/react.development.js:2667:24)
      at act (node_modules/react/cjs/react.development.js:2582:11)
      at node_modules/@testing-library/react/dist/act-compat.js:47:25
      at renderRoot (node_modules/@testing-library/react/dist/pure.js:190:26)
      at render (node_modules/@testing-library/react/dist/pure.js:292:10)
      at customRender (tests/utils/test-utils.tsx:38:16)
      at Object.<anonymous> (src/components/layout/DashboardLayout.test.tsx:55:11)

  console.error
    The above error occurred in the <Context.Provider> component:
    
        at QueryClientProvider (C:\Users\kyrian\Documents\Taller-Ocampos\frontend\node_modules\@tanstack\react-query\src\QueryClientProvider.tsx:30:3)
        at children (C:\Users\kyrian\Documents\Taller-Ocampos\frontend\tests\utils\test-utils.tsx:23:28)
    
    Consider adding an error boundary to your tree to customize error handling behavior.
    Visit https://reactjs.org/link/error-boundaries to learn more about error boundaries.

    [0m [90m 73 |[39m       [36mreturn[39m
     [90m 74 |[39m     }
    [31m[1m>[22m[39m[90m 75 |[39m     originalError[33m.[39mcall(console[33m,[39m [33m...[39margs)
     [90m    |[39m                   [31m[1m^[22m[39m
     [90m 76 |[39m   }
     [90m 77 |[39m })
     [90m 78 |[39m[0m

      at console.call [as error] (jest.setup.js:75:19)
      at logCapturedError (node_modules/react-dom/cjs/react-dom.development.js:18704:23)
      at update.callback (node_modules/react-dom/cjs/react-dom.development.js:18737:5)
      at callCallback (node_modules/react-dom/cjs/react-dom.development.js:15036:12)
      at commitUpdateQueue (node_modules/react-dom/cjs/react-dom.development.js:15057:9)
      at commitLayoutEffectOnFiber (node_modules/react-dom/cjs/react-dom.development.js:23430:13)
      at commitLayoutMountEffects_complete (node_modules/react-dom/cjs/react-dom.development.js:24727:9)
      at commitLayoutEffects_begin (node_modules/react-dom/cjs/react-dom.development.js:24713:7)
      at commitLayoutEffects (node_modules/react-dom/cjs/react-dom.development.js:24651:3)
      at commitRootImpl (node_modules/react-dom/cjs/react-dom.development.js:26862:5)
      at commitRoot (node_modules/react-dom/cjs/react-dom.development.js:26721:5)
      at finishConcurrentRender (node_modules/react-dom/cjs/react-dom.development.js:25931:9)
      at performConcurrentWorkOnRoot (node_modules/react-dom/cjs/react-dom.development.js:25848:7)
      at flushActQueue (node_modules/react/cjs/react.development.js:2667:24)
      at act (node_modules/react/cjs/react.development.js:2582:11)
      at node_modules/@testing-library/react/dist/act-compat.js:47:25
      at renderRoot (node_modules/@testing-library/react/dist/pure.js:190:26)
      at render (node_modules/@testing-library/react/dist/pure.js:292:10)
      at customRender (tests/utils/test-utils.tsx:38:16)
      at Object.<anonymous> (src/components/layout/DashboardLayout.test.tsx:55:11)

  console.error
    Warning: React.jsx: type is invalid -- expected a string (for built-in components) or a class/function (for composite components) but got: undefined. You likely forgot to export your component from the file it's defined in, or you might have mixed up default and named imports.

    [0m [90m 73 |[39m       [36mreturn[39m
     [90m 74 |[39m     }
    [31m[1m>[22m[39m[90m 75 |[39m     originalError[33m.[39mcall(console[33m,[39m [33m...[39margs)
     [90m    |[39m                   [31m[1m^[22m[39m
     [90m 76 |[39m   }
     [90m 77 |[39m })
     [90m 78 |[39m[0m

      at console.call [as error] (jest.setup.js:75:19)
      at printWarning (node_modules/react/cjs/react-jsx-runtime.development.js:87:30)
      at error (node_modules/react/cjs/react-jsx-runtime.development.js:61:7)
      at jsxWithValidation (node_modules/react/cjs/react-jsx-runtime.development.js:1245:7)
      at jsxWithValidationDynamic (node_modules/react/cjs/react-jsx-runtime.development.js:1320:12)
      at Object.<anonymous> (src/components/layout/DashboardLayout.test.tsx:68:12)

  console.error
    Error: Uncaught [Error: Element type is invalid: expected a string (for built-in components) or a class/function (for composite components) but got: undefined. You likely forgot to export your component from the file it's defined in, or you might have mixed up default and named imports.]
        at reportException (C:\Users\kyrian\Documents\Taller-Ocampos\frontend\node_modules\jsdom\lib\jsdom\living\helpers\runtime-script-errors.js:66:24)
        at innerInvokeEventListeners (C:\Users\kyrian\Documents\Taller-Ocampos\frontend\node_modules\jsdom\lib\jsdom\living\events\EventTarget-impl.js:353:9)
        at invokeEventListeners (C:\Users\kyrian\Documents\Taller-Ocampos\frontend\node_modules\jsdom\lib\jsdom\living\events\EventTarget-impl.js:286:3)
        at HTMLUnknownElementImpl._dispatch (C:\Users\kyrian\Documents\Taller-Ocampos\frontend\node_modules\jsdom\lib\jsdom\living\events\EventTarget-impl.js:233:9)
        at HTMLUnknownElementImpl.dispatchEvent (C:\Users\kyrian\Documents\Taller-Ocampos\frontend\node_modules\jsdom\lib\jsdom\living\events\EventTarget-impl.js:104:17)
        at HTMLUnknownElement.dispatchEvent (C:\Users\kyrian\Documents\Taller-Ocampos\frontend\node_modules\jsdom\lib\jsdom\living\generated\EventTarget.js:241:34)
        at Object.invokeGuardedCallbackDev (C:\Users\kyrian\Documents\Taller-Ocampos\frontend\node_modules\react-dom\cjs\react-dom.development.js:4213:16)
        at invokeGuardedCallback (C:\Users\kyrian\Documents\Taller-Ocampos\frontend\node_modules\react-dom\cjs\react-dom.development.js:4277:31)
        at beginWork$1 (C:\Users\kyrian\Documents\Taller-Ocampos\frontend\node_modules\react-dom\cjs\react-dom.development.js:27490:7)
        at performUnitOfWork (C:\Users\kyrian\Documents\Taller-Ocampos\frontend\node_modules\react-dom\cjs\react-dom.development.js:26599:12)
        at workLoopSync (C:\Users\kyrian\Documents\Taller-Ocampos\frontend\node_modules\react-dom\cjs\react-dom.development.js:26505:5)
        at renderRootSync (C:\Users\kyrian\Documents\Taller-Ocampos\frontend\node_modules\react-dom\cjs\react-dom.development.js:26473:7)
        at performConcurrentWorkOnRoot (C:\Users\kyrian\Documents\Taller-Ocampos\frontend\node_modules\react-dom\cjs\react-dom.development.js:25777:74)
        at flushActQueue (C:\Users\kyrian\Documents\Taller-Ocampos\frontend\node_modules\react\cjs\react.development.js:2667:24)
        at act (C:\Users\kyrian\Documents\Taller-Ocampos\frontend\node_modules\react\cjs\react.development.js:2582:11)
        at C:\Users\kyrian\Documents\Taller-Ocampos\frontend\node_modules\@testing-library\react\dist\act-compat.js:47:25
        at renderRoot (C:\Users\kyrian\Documents\Taller-Ocampos\frontend\node_modules\@testing-library\react\dist\pure.js:190:26)
        at render (C:\Users\kyrian\Documents\Taller-Ocampos\frontend\node_modules\@testing-library\react\dist\pure.js:292:10)
        at customRender (C:\Users\kyrian\Documents\Taller-Ocampos\frontend\tests\utils\test-utils.tsx:38:16)
        at Object.<anonymous> (C:\Users\kyrian\Documents\Taller-Ocampos\frontend\src\components\layout\DashboardLayout.test.tsx:68:11)
        at Promise.finally.completed (C:\Users\kyrian\Documents\Taller-Ocampos\frontend\node_modules\jest-circus\build\jestAdapterInit.js:1556:28)
        at new Promise (<anonymous>)
        at callAsyncCircusFn (C:\Users\kyrian\Documents\Taller-Ocampos\frontend\node_modules\jest-circus\build\jestAdapterInit.js:1496:10)
        at _callCircusTest (C:\Users\kyrian\Documents\Taller-Ocampos\frontend\node_modules\jest-circus\build\jestAdapterInit.js:1006:40)
        at processTicksAndRejections (node:internal/process/task_queues:105:5)
        at _runTest (C:\Users\kyrian\Documents\Taller-Ocampos\frontend\node_modules\jest-circus\build\jestAdapterInit.js:946:3)
        at _runTestsForDescribeBlock (C:\Users\kyrian\Documents\Taller-Ocampos\frontend\node_modules\jest-circus\build\jestAdapterInit.js:839:13)
        at _runTestsForDescribeBlock (C:\Users\kyrian\Documents\Taller-Ocampos\frontend\node_modules\jest-circus\build\jestAdapterInit.js:829:11)
        at run (C:\Users\kyrian\Documents\Taller-Ocampos\frontend\node_modules\jest-circus\build\jestAdapterInit.js:757:3)
        at runAndTransformResultsToJestFormat (C:\Users\kyrian\Documents\Taller-Ocampos\frontend\node_modules\jest-circus\build\jestAdapterInit.js:1917:21)
        at jestAdapter (C:\Users\kyrian\Documents\Taller-Ocampos\frontend\node_modules\jest-circus\build\runner.js:101:19)
        at runTestInternal (C:\Users\kyrian\Documents\Taller-Ocampos\frontend\node_modules\jest-runner\build\testWorker.js:275:16)
        at runTest (C:\Users\kyrian\Documents\Taller-Ocampos\frontend\node_modules\jest-runner\build\testWorker.js:343:7)
        at Object.worker (C:\Users\kyrian\Documents\Taller-Ocampos\frontend\node_modules\jest-runner\build\testWorker.js:497:12) {
      detail: Error: Element type is invalid: expected a string (for built-in components) or a class/function (for composite components) but got: undefined. You likely forgot to export your component from the file it's defined in, or you might have mixed up default and named imports.
          at createFiberFromTypeAndProps (C:\Users\kyrian\Documents\Taller-Ocampos\frontend\node_modules\react-dom\cjs\react-dom.development.js:28478:17)
          at createFiberFromElement (C:\Users\kyrian\Documents\Taller-Ocampos\frontend\node_modules\react-dom\cjs\react-dom.development.js:28504:15)
          at reconcileSingleElement (C:\Users\kyrian\Documents\Taller-Ocampos\frontend\node_modules\react-dom\cjs\react-dom.development.js:13986:23)
          at reconcileChildFibers (C:\Users\kyrian\Documents\Taller-Ocampos\frontend\node_modules\react-dom\cjs\react-dom.development.js:14044:35)
          at reconcileChildren (C:\Users\kyrian\Documents\Taller-Ocampos\frontend\node_modules\react-dom\cjs\react-dom.development.js:19186:28)
          at updateContextProvider (C:\Users\kyrian\Documents\Taller-Ocampos\frontend\node_modules\react-dom\cjs\react-dom.development.js:21193:3)
          at beginWork (C:\Users\kyrian\Documents\Taller-Ocampos\frontend\node_modules\react-dom\cjs\react-dom.development.js:21688:14)
          at HTMLUnknownElement.callCallback (C:\Users\kyrian\Documents\Taller-Ocampos\frontend\node_modules\react-dom\cjs\react-dom.development.js:4164:14)
          at HTMLUnknownElement.callTheUserObjectsOperation (C:\Users\kyrian\Documents\Taller-Ocampos\frontend\node_modules\jsdom\lib\jsdom\living\generated\EventListener.js:26:30)
          at innerInvokeEventListeners (C:\Users\kyrian\Documents\Taller-Ocampos\frontend\node_modules\jsdom\lib\jsdom\living\events\EventTarget-impl.js:350:25)
          at invokeEventListeners (C:\Users\kyrian\Documents\Taller-Ocampos\frontend\node_modules\jsdom\lib\jsdom\living\events\EventTarget-impl.js:286:3)
          at HTMLUnknownElementImpl._dispatch (C:\Users\kyrian\Documents\Taller-Ocampos\frontend\node_modules\jsdom\lib\jsdom\living\events\EventTarget-impl.js:233:9)
          at HTMLUnknownElementImpl.dispatchEvent (C:\Users\kyrian\Documents\Taller-Ocampos\frontend\node_modules\jsdom\lib\jsdom\living\events\EventTarget-impl.js:104:17)
          at HTMLUnknownElement.dispatchEvent (C:\Users\kyrian\Documents\Taller-Ocampos\frontend\node_modules\jsdom\lib\jsdom\living\generated\EventTarget.js:241:34)
          at Object.invokeGuardedCallbackDev (C:\Users\kyrian\Documents\Taller-Ocampos\frontend\node_modules\react-dom\cjs\react-dom.development.js:4213:16)
          at invokeGuardedCallback (C:\Users\kyrian\Documents\Taller-Ocampos\frontend\node_modules\react-dom\cjs\react-dom.development.js:4277:31)
          at beginWork$1 (C:\Users\kyrian\Documents\Taller-Ocampos\frontend\node_modules\react-dom\cjs\react-dom.development.js:27490:7)
          at performUnitOfWork (C:\Users\kyrian\Documents\Taller-Ocampos\frontend\node_modules\react-dom\cjs\react-dom.development.js:26599:12)
          at workLoopSync (C:\Users\kyrian\Documents\Taller-Ocampos\frontend\node_modules\react-dom\cjs\react-dom.development.js:26505:5)
          at renderRootSync (C:\Users\kyrian\Documents\Taller-Ocampos\frontend\node_modules\react-dom\cjs\react-dom.development.js:26473:7)
          at performConcurrentWorkOnRoot (C:\Users\kyrian\Documents\Taller-Ocampos\frontend\node_modules\react-dom\cjs\react-dom.development.js:25777:74)
          at flushActQueue (C:\Users\kyrian\Documents\Taller-Ocampos\frontend\node_modules\react\cjs\react.development.js:2667:24)
          at act (C:\Users\kyrian\Documents\Taller-Ocampos\frontend\node_modules\react\cjs\react.development.js:2582:11)
          at C:\Users\kyrian\Documents\Taller-Ocampos\frontend\node_modules\@testing-library\react\dist\act-compat.js:47:25
          at renderRoot (C:\Users\kyrian\Documents\Taller-Ocampos\frontend\node_modules\@testing-library\react\dist\pure.js:190:26)
          at render (C:\Users\kyrian\Documents\Taller-Ocampos\frontend\node_modules\@testing-library\react\dist\pure.js:292:10)
          at customRender (C:\Users\kyrian\Documents\Taller-Ocampos\frontend\tests\utils\test-utils.tsx:38:16)
          at Object.<anonymous> (C:\Users\kyrian\Documents\Taller-Ocampos\frontend\src\components\layout\DashboardLayout.test.tsx:68:11)
          at Promise.finally.completed (C:\Users\kyrian\Documents\Taller-Ocampos\frontend\node_modules\jest-circus\build\jestAdapterInit.js:1556:28)
          at new Promise (<anonymous>)
          at callAsyncCircusFn (C:\Users\kyrian\Documents\Taller-Ocampos\frontend\node_modules\jest-circus\build\jestAdapterInit.js:1496:10)
          at _callCircusTest (C:\Users\kyrian\Documents\Taller-Ocampos\frontend\node_modules\jest-circus\build\jestAdapterInit.js:1006:40)
          at processTicksAndRejections (node:internal/process/task_queues:105:5)
          at _runTest (C:\Users\kyrian\Documents\Taller-Ocampos\frontend\node_modules\jest-circus\build\jestAdapterInit.js:946:3)
          at _runTestsForDescribeBlock (C:\Users\kyrian\Documents\Taller-Ocampos\frontend\node_modules\jest-circus\build\jestAdapterInit.js:839:13)
          at _runTestsForDescribeBlock (C:\Users\kyrian\Documents\Taller-Ocampos\frontend\node_modules\jest-circus\build\jestAdapterInit.js:829:11)
          at run (C:\Users\kyrian\Documents\Taller-Ocampos\frontend\node_modules\jest-circus\build\jestAdapterInit.js:757:3)
          at runAndTransformResultsToJestFormat (C:\Users\kyrian\Documents\Taller-Ocampos\frontend\node_modules\jest-circus\build\jestAdapterInit.js:1917:21)
          at jestAdapter (C:\Users\kyrian\Documents\Taller-Ocampos\frontend\node_modules\jest-circus\build\runner.js:101:19)
          at runTestInternal (C:\Users\kyrian\Documents\Taller-Ocampos\frontend\node_modules\jest-runner\build\testWorker.js:275:16)
          at runTest (C:\Users\kyrian\Documents\Taller-Ocampos\frontend\node_modules\jest-runner\build\testWorker.js:343:7)
          at Object.worker (C:\Users\kyrian\Documents\Taller-Ocampos\frontend\node_modules\jest-runner\build\testWorker.js:497:12),
      type: 'unhandled exception'
    }

    [0m [90m 73 |[39m       [36mreturn[39m
     [90m 74 |[39m     }
    [31m[1m>[22m[39m[90m 75 |[39m     originalError[33m.[39mcall(console[33m,[39m [33m...[39margs)
     [90m    |[39m                   [31m[1m^[22m[39m
     [90m 76 |[39m   }
     [90m 77 |[39m })
     [90m 78 |[39m[0m

      at console.call [as error] (jest.setup.js:75:19)
      at VirtualConsole.<anonymous> (node_modules/@jest/environment-jsdom-abstract/build/index.js:78:23)
      at reportException (node_modules/jsdom/lib/jsdom/living/helpers/runtime-script-errors.js:70:28)
      at innerInvokeEventListeners (node_modules/jsdom/lib/jsdom/living/events/EventTarget-impl.js:353:9)
      at invokeEventListeners (node_modules/jsdom/lib/jsdom/living/events/EventTarget-impl.js:286:3)
      at HTMLUnknownElementImpl._dispatch (node_modules/jsdom/lib/jsdom/living/events/EventTarget-impl.js:233:9)
      at HTMLUnknownElementImpl.dispatchEvent (node_modules/jsdom/lib/jsdom/living/events/EventTarget-impl.js:104:17)
      at HTMLUnknownElement.dispatchEvent (node_modules/jsdom/lib/jsdom/living/generated/EventTarget.js:241:34)
      at Object.invokeGuardedCallbackDev (node_modules/react-dom/cjs/react-dom.development.js:4213:16)
      at invokeGuardedCallback (node_modules/react-dom/cjs/react-dom.development.js:4277:31)
      at beginWork$1 (node_modules/react-dom/cjs/react-dom.development.js:27490:7)
      at performUnitOfWork (node_modules/react-dom/cjs/react-dom.development.js:26599:12)
      at workLoopSync (node_modules/react-dom/cjs/react-dom.development.js:26505:5)
      at renderRootSync (node_modules/react-dom/cjs/react-dom.development.js:26473:7)
      at performConcurrentWorkOnRoot (node_modules/react-dom/cjs/react-dom.development.js:25777:74)
      at flushActQueue (node_modules/react/cjs/react.development.js:2667:24)
      at act (node_modules/react/cjs/react.development.js:2582:11)
      at node_modules/@testing-library/react/dist/act-compat.js:47:25
      at renderRoot (node_modules/@testing-library/react/dist/pure.js:190:26)
      at render (node_modules/@testing-library/react/dist/pure.js:292:10)
      at customRender (tests/utils/test-utils.tsx:38:16)
      at Object.<anonymous> (src/components/layout/DashboardLayout.test.tsx:68:11)

  console.error
    Error: Uncaught [Error: Element type is invalid: expected a string (for built-in components) or a class/function (for composite components) but got: undefined. You likely forgot to export your component from the file it's defined in, or you might have mixed up default and named imports.]
        at reportException (C:\Users\kyrian\Documents\Taller-Ocampos\frontend\node_modules\jsdom\lib\jsdom\living\helpers\runtime-script-errors.js:66:24)
        at innerInvokeEventListeners (C:\Users\kyrian\Documents\Taller-Ocampos\frontend\node_modules\jsdom\lib\jsdom\living\events\EventTarget-impl.js:353:9)
        at invokeEventListeners (C:\Users\kyrian\Documents\Taller-Ocampos\frontend\node_modules\jsdom\lib\jsdom\living\events\EventTarget-impl.js:286:3)
        at HTMLUnknownElementImpl._dispatch (C:\Users\kyrian\Documents\Taller-Ocampos\frontend\node_modules\jsdom\lib\jsdom\living\events\EventTarget-impl.js:233:9)
        at HTMLUnknownElementImpl.dispatchEvent (C:\Users\kyrian\Documents\Taller-Ocampos\frontend\node_modules\jsdom\lib\jsdom\living\events\EventTarget-impl.js:104:17)
        at HTMLUnknownElement.dispatchEvent (C:\Users\kyrian\Documents\Taller-Ocampos\frontend\node_modules\jsdom\lib\jsdom\living\generated\EventTarget.js:241:34)
        at Object.invokeGuardedCallbackDev (C:\Users\kyrian\Documents\Taller-Ocampos\frontend\node_modules\react-dom\cjs\react-dom.development.js:4213:16)
        at invokeGuardedCallback (C:\Users\kyrian\Documents\Taller-Ocampos\frontend\node_modules\react-dom\cjs\react-dom.development.js:4277:31)
        at beginWork$1 (C:\Users\kyrian\Documents\Taller-Ocampos\frontend\node_modules\react-dom\cjs\react-dom.development.js:27490:7)
        at performUnitOfWork (C:\Users\kyrian\Documents\Taller-Ocampos\frontend\node_modules\react-dom\cjs\react-dom.development.js:26599:12)
        at workLoopSync (C:\Users\kyrian\Documents\Taller-Ocampos\frontend\node_modules\react-dom\cjs\react-dom.development.js:26505:5)
        at renderRootSync (C:\Users\kyrian\Documents\Taller-Ocampos\frontend\node_modules\react-dom\cjs\react-dom.development.js:26473:7)
        at recoverFromConcurrentError (C:\Users\kyrian\Documents\Taller-Ocampos\frontend\node_modules\react-dom\cjs\react-dom.development.js:25889:20)
        at performConcurrentWorkOnRoot (C:\Users\kyrian\Documents\Taller-Ocampos\frontend\node_modules\react-dom\cjs\react-dom.development.js:25789:22)
        at flushActQueue (C:\Users\kyrian\Documents\Taller-Ocampos\frontend\node_modules\react\cjs\react.development.js:2667:24)
        at act (C:\Users\kyrian\Documents\Taller-Ocampos\frontend\node_modules\react\cjs\react.development.js:2582:11)
        at C:\Users\kyrian\Documents\Taller-Ocampos\frontend\node_modules\@testing-library\react\dist\act-compat.js:47:25
        at renderRoot (C:\Users\kyrian\Documents\Taller-Ocampos\frontend\node_modules\@testing-library\react\dist\pure.js:190:26)
        at render (C:\Users\kyrian\Documents\Taller-Ocampos\frontend\node_modules\@testing-library\react\dist\pure.js:292:10)
        at customRender (C:\Users\kyrian\Documents\Taller-Ocampos\frontend\tests\utils\test-utils.tsx:38:16)
        at Object.<anonymous> (C:\Users\kyrian\Documents\Taller-Ocampos\frontend\src\components\layout\DashboardLayout.test.tsx:68:11)
        at Promise.finally.completed (C:\Users\kyrian\Documents\Taller-Ocampos\frontend\node_modules\jest-circus\build\jestAdapterInit.js:1556:28)
        at new Promise (<anonymous>)
        at callAsyncCircusFn (C:\Users\kyrian\Documents\Taller-Ocampos\frontend\node_modules\jest-circus\build\jestAdapterInit.js:1496:10)
        at _callCircusTest (C:\Users\kyrian\Documents\Taller-Ocampos\frontend\node_modules\jest-circus\build\jestAdapterInit.js:1006:40)
        at processTicksAndRejections (node:internal/process/task_queues:105:5)
        at _runTest (C:\Users\kyrian\Documents\Taller-Ocampos\frontend\node_modules\jest-circus\build\jestAdapterInit.js:946:3)
        at _runTestsForDescribeBlock (C:\Users\kyrian\Documents\Taller-Ocampos\frontend\node_modules\jest-circus\build\jestAdapterInit.js:839:13)
        at _runTestsForDescribeBlock (C:\Users\kyrian\Documents\Taller-Ocampos\frontend\node_modules\jest-circus\build\jestAdapterInit.js:829:11)
        at run (C:\Users\kyrian\Documents\Taller-Ocampos\frontend\node_modules\jest-circus\build\jestAdapterInit.js:757:3)
        at runAndTransformResultsToJestFormat (C:\Users\kyrian\Documents\Taller-Ocampos\frontend\node_modules\jest-circus\build\jestAdapterInit.js:1917:21)
        at jestAdapter (C:\Users\kyrian\Documents\Taller-Ocampos\frontend\node_modules\jest-circus\build\runner.js:101:19)
        at runTestInternal (C:\Users\kyrian\Documents\Taller-Ocampos\frontend\node_modules\jest-runner\build\testWorker.js:275:16)
        at runTest (C:\Users\kyrian\Documents\Taller-Ocampos\frontend\node_modules\jest-runner\build\testWorker.js:343:7)
        at Object.worker (C:\Users\kyrian\Documents\Taller-Ocampos\frontend\node_modules\jest-runner\build\testWorker.js:497:12) {
      detail: Error: Element type is invalid: expected a string (for built-in components) or a class/function (for composite components) but got: undefined. You likely forgot to export your component from the file it's defined in, or you might have mixed up default and named imports.
          at createFiberFromTypeAndProps (C:\Users\kyrian\Documents\Taller-Ocampos\frontend\node_modules\react-dom\cjs\react-dom.development.js:28478:17)
          at createFiberFromElement (C:\Users\kyrian\Documents\Taller-Ocampos\frontend\node_modules\react-dom\cjs\react-dom.development.js:28504:15)
          at reconcileSingleElement (C:\Users\kyrian\Documents\Taller-Ocampos\frontend\node_modules\react-dom\cjs\react-dom.development.js:13986:23)
          at reconcileChildFibers (C:\Users\kyrian\Documents\Taller-Ocampos\frontend\node_modules\react-dom\cjs\react-dom.development.js:14044:35)
          at reconcileChildren (C:\Users\kyrian\Documents\Taller-Ocampos\frontend\node_modules\react-dom\cjs\react-dom.development.js:19186:28)
          at updateContextProvider (C:\Users\kyrian\Documents\Taller-Ocampos\frontend\node_modules\react-dom\cjs\react-dom.development.js:21193:3)
          at beginWork (C:\Users\kyrian\Documents\Taller-Ocampos\frontend\node_modules\react-dom\cjs\react-dom.development.js:21688:14)
          at HTMLUnknownElement.callCallback (C:\Users\kyrian\Documents\Taller-Ocampos\frontend\node_modules\react-dom\cjs\react-dom.development.js:4164:14)
          at HTMLUnknownElement.callTheUserObjectsOperation (C:\Users\kyrian\Documents\Taller-Ocampos\frontend\node_modules\jsdom\lib\jsdom\living\generated\EventListener.js:26:30)
          at innerInvokeEventListeners (C:\Users\kyrian\Documents\Taller-Ocampos\frontend\node_modules\jsdom\lib\jsdom\living\events\EventTarget-impl.js:350:25)
          at invokeEventListeners (C:\Users\kyrian\Documents\Taller-Ocampos\frontend\node_modules\jsdom\lib\jsdom\living\events\EventTarget-impl.js:286:3)
          at HTMLUnknownElementImpl._dispatch (C:\Users\kyrian\Documents\Taller-Ocampos\frontend\node_modules\jsdom\lib\jsdom\living\events\EventTarget-impl.js:233:9)
          at HTMLUnknownElementImpl.dispatchEvent (C:\Users\kyrian\Documents\Taller-Ocampos\frontend\node_modules\jsdom\lib\jsdom\living\events\EventTarget-impl.js:104:17)
          at HTMLUnknownElement.dispatchEvent (C:\Users\kyrian\Documents\Taller-Ocampos\frontend\node_modules\jsdom\lib\jsdom\living\generated\EventTarget.js:241:34)
          at Object.invokeGuardedCallbackDev (C:\Users\kyrian\Documents\Taller-Ocampos\frontend\node_modules\react-dom\cjs\react-dom.development.js:4213:16)
          at invokeGuardedCallback (C:\Users\kyrian\Documents\Taller-Ocampos\frontend\node_modules\react-dom\cjs\react-dom.development.js:4277:31)
          at beginWork$1 (C:\Users\kyrian\Documents\Taller-Ocampos\frontend\node_modules\react-dom\cjs\react-dom.development.js:27490:7)
          at performUnitOfWork (C:\Users\kyrian\Documents\Taller-Ocampos\frontend\node_modules\react-dom\cjs\react-dom.development.js:26599:12)
          at workLoopSync (C:\Users\kyrian\Documents\Taller-Ocampos\frontend\node_modules\react-dom\cjs\react-dom.development.js:26505:5)
          at renderRootSync (C:\Users\kyrian\Documents\Taller-Ocampos\frontend\node_modules\react-dom\cjs\react-dom.development.js:26473:7)
          at recoverFromConcurrentError (C:\Users\kyrian\Documents\Taller-Ocampos\frontend\node_modules\react-dom\cjs\react-dom.development.js:25889:20)
          at performConcurrentWorkOnRoot (C:\Users\kyrian\Documents\Taller-Ocampos\frontend\node_modules\react-dom\cjs\react-dom.development.js:25789:22)
          at flushActQueue (C:\Users\kyrian\Documents\Taller-Ocampos\frontend\node_modules\react\cjs\react.development.js:2667:24)
          at act (C:\Users\kyrian\Documents\Taller-Ocampos\frontend\node_modules\react\cjs\react.development.js:2582:11)
          at C:\Users\kyrian\Documents\Taller-Ocampos\frontend\node_modules\@testing-library\react\dist\act-compat.js:47:25
          at renderRoot (C:\Users\kyrian\Documents\Taller-Ocampos\frontend\node_modules\@testing-library\react\dist\pure.js:190:26)
          at render (C:\Users\kyrian\Documents\Taller-Ocampos\frontend\node_modules\@testing-library\react\dist\pure.js:292:10)
          at customRender (C:\Users\kyrian\Documents\Taller-Ocampos\frontend\tests\utils\test-utils.tsx:38:16)
          at Object.<anonymous> (C:\Users\kyrian\Documents\Taller-Ocampos\frontend\src\components\layout\DashboardLayout.test.tsx:68:11)
          at Promise.finally.completed (C:\Users\kyrian\Documents\Taller-Ocampos\frontend\node_modules\jest-circus\build\jestAdapterInit.js:1556:28)
          at new Promise (<anonymous>)
          at callAsyncCircusFn (C:\Users\kyrian\Documents\Taller-Ocampos\frontend\node_modules\jest-circus\build\jestAdapterInit.js:1496:10)
          at _callCircusTest (C:\Users\kyrian\Documents\Taller-Ocampos\frontend\node_modules\jest-circus\build\jestAdapterInit.js:1006:40)
          at processTicksAndRejections (node:internal/process/task_queues:105:5)
          at _runTest (C:\Users\kyrian\Documents\Taller-Ocampos\frontend\node_modules\jest-circus\build\jestAdapterInit.js:946:3)
          at _runTestsForDescribeBlock (C:\Users\kyrian\Documents\Taller-Ocampos\frontend\node_modules\jest-circus\build\jestAdapterInit.js:839:13)
          at _runTestsForDescribeBlock (C:\Users\kyrian\Documents\Taller-Ocampos\frontend\node_modules\jest-circus\build\jestAdapterInit.js:829:11)
          at run (C:\Users\kyrian\Documents\Taller-Ocampos\frontend\node_modules\jest-circus\build\jestAdapterInit.js:757:3)
          at runAndTransformResultsToJestFormat (C:\Users\kyrian\Documents\Taller-Ocampos\frontend\node_modules\jest-circus\build\jestAdapterInit.js:1917:21)
          at jestAdapter (C:\Users\kyrian\Documents\Taller-Ocampos\frontend\node_modules\jest-circus\build\runner.js:101:19)
          at runTestInternal (C:\Users\kyrian\Documents\Taller-Ocampos\frontend\node_modules\jest-runner\build\testWorker.js:275:16)
          at runTest (C:\Users\kyrian\Documents\Taller-Ocampos\frontend\node_modules\jest-runner\build\testWorker.js:343:7)
          at Object.worker (C:\Users\kyrian\Documents\Taller-Ocampos\frontend\node_modules\jest-runner\build\testWorker.js:497:12),
      type: 'unhandled exception'
    }

    [0m [90m 73 |[39m       [36mreturn[39m
     [90m 74 |[39m     }
    [31m[1m>[22m[39m[90m 75 |[39m     originalError[33m.[39mcall(console[33m,[39m [33m...[39margs)
     [90m    |[39m                   [31m[1m^[22m[39m
     [90m 76 |[39m   }
     [90m 77 |[39m })
     [90m 78 |[39m[0m

      at console.call [as error] (jest.setup.js:75:19)
      at VirtualConsole.<anonymous> (node_modules/@jest/environment-jsdom-abstract/build/index.js:78:23)
      at reportException (node_modules/jsdom/lib/jsdom/living/helpers/runtime-script-errors.js:70:28)
      at innerInvokeEventListeners (node_modules/jsdom/lib/jsdom/living/events/EventTarget-impl.js:353:9)
      at invokeEventListeners (node_modules/jsdom/lib/jsdom/living/events/EventTarget-impl.js:286:3)
      at HTMLUnknownElementImpl._dispatch (node_modules/jsdom/lib/jsdom/living/events/EventTarget-impl.js:233:9)
      at HTMLUnknownElementImpl.dispatchEvent (node_modules/jsdom/lib/jsdom/living/events/EventTarget-impl.js:104:17)
      at HTMLUnknownElement.dispatchEvent (node_modules/jsdom/lib/jsdom/living/generated/EventTarget.js:241:34)
      at Object.invokeGuardedCallbackDev (node_modules/react-dom/cjs/react-dom.development.js:4213:16)
      at invokeGuardedCallback (node_modules/react-dom/cjs/react-dom.development.js:4277:31)
      at beginWork$1 (node_modules/react-dom/cjs/react-dom.development.js:27490:7)
      at performUnitOfWork (node_modules/react-dom/cjs/react-dom.development.js:26599:12)
      at workLoopSync (node_modules/react-dom/cjs/react-dom.development.js:26505:5)
      at renderRootSync (node_modules/react-dom/cjs/react-dom.development.js:26473:7)
      at recoverFromConcurrentError (node_modules/react-dom/cjs/react-dom.development.js:25889:20)
      at performConcurrentWorkOnRoot (node_modules/react-dom/cjs/react-dom.development.js:25789:22)
      at flushActQueue (node_modules/react/cjs/react.development.js:2667:24)
      at act (node_modules/react/cjs/react.development.js:2582:11)
      at node_modules/@testing-library/react/dist/act-compat.js:47:25
      at renderRoot (node_modules/@testing-library/react/dist/pure.js:190:26)
      at render (node_modules/@testing-library/react/dist/pure.js:292:10)
      at customRender (tests/utils/test-utils.tsx:38:16)
      at Object.<anonymous> (src/components/layout/DashboardLayout.test.tsx:68:11)

  console.error
    The above error occurred in the <Context.Provider> component:
    
        at QueryClientProvider (C:\Users\kyrian\Documents\Taller-Ocampos\frontend\node_modules\@tanstack\react-query\src\QueryClientProvider.tsx:30:3)
        at children (C:\Users\kyrian\Documents\Taller-Ocampos\frontend\tests\utils\test-utils.tsx:23:28)
    
    Consider adding an error boundary to your tree to customize error handling behavior.
    Visit https://reactjs.org/link/error-boundaries to learn more about error boundaries.

    [0m [90m 73 |[39m       [36mreturn[39m
     [90m 74 |[39m     }
    [31m[1m>[22m[39m[90m 75 |[39m     originalError[33m.[39mcall(console[33m,[39m [33m...[39margs)
     [90m    |[39m                   [31m[1m^[22m[39m
     [90m 76 |[39m   }
     [90m 77 |[39m })
     [90m 78 |[39m[0m

      at console.call [as error] (jest.setup.js:75:19)
      at logCapturedError (node_modules/react-dom/cjs/react-dom.development.js:18704:23)
      at update.callback (node_modules/react-dom/cjs/react-dom.development.js:18737:5)
      at callCallback (node_modules/react-dom/cjs/react-dom.development.js:15036:12)
      at commitUpdateQueue (node_modules/react-dom/cjs/react-dom.development.js:15057:9)
      at commitLayoutEffectOnFiber (node_modules/react-dom/cjs/react-dom.development.js:23430:13)
      at commitLayoutMountEffects_complete (node_modules/react-dom/cjs/react-dom.development.js:24727:9)
      at commitLayoutEffects_begin (node_modules/react-dom/cjs/react-dom.development.js:24713:7)
      at commitLayoutEffects (node_modules/react-dom/cjs/react-dom.development.js:24651:3)
      at commitRootImpl (node_modules/react-dom/cjs/react-dom.development.js:26862:5)
      at commitRoot (node_modules/react-dom/cjs/react-dom.development.js:26721:5)
      at finishConcurrentRender (node_modules/react-dom/cjs/react-dom.development.js:25931:9)
      at performConcurrentWorkOnRoot (node_modules/react-dom/cjs/react-dom.development.js:25848:7)
      at flushActQueue (node_modules/react/cjs/react.development.js:2667:24)
      at act (node_modules/react/cjs/react.development.js:2582:11)
      at node_modules/@testing-library/react/dist/act-compat.js:47:25
      at renderRoot (node_modules/@testing-library/react/dist/pure.js:190:26)
      at render (node_modules/@testing-library/react/dist/pure.js:292:10)
      at customRender (tests/utils/test-utils.tsx:38:16)
      at Object.<anonymous> (src/components/layout/DashboardLayout.test.tsx:68:11)

  console.error
    Warning: React.jsx: type is invalid -- expected a string (for built-in components) or a class/function (for composite components) but got: undefined. You likely forgot to export your component from the file it's defined in, or you might have mixed up default and named imports.

    [0m [90m 73 |[39m       [36mreturn[39m
     [90m 74 |[39m     }
    [31m[1m>[22m[39m[90m 75 |[39m     originalError[33m.[39mcall(console[33m,[39m [33m...[39margs)
     [90m    |[39m                   [31m[1m^[22m[39m
     [90m 76 |[39m   }
     [90m 77 |[39m })
     [90m 78 |[39m[0m

      at console.call [as error] (jest.setup.js:75:19)
      at printWarning (node_modules/react/cjs/react-jsx-runtime.development.js:87:30)
      at error (node_modules/react/cjs/react-jsx-runtime.development.js:61:7)
      at jsxWithValidation (node_modules/react/cjs/react-jsx-runtime.development.js:1245:7)
      at jsxWithValidationDynamic (node_modules/react/cjs/react-jsx-runtime.development.js:1320:12)
      at Object.<anonymous> (src/components/layout/DashboardLayout.test.tsx:77:12)

  console.error
    Error: Uncaught [Error: Element type is invalid: expected a string (for built-in components) or a class/function (for composite components) but got: undefined. You likely forgot to export your component from the file it's defined in, or you might have mixed up default and named imports.]
        at reportException (C:\Users\kyrian\Documents\Taller-Ocampos\frontend\node_modules\jsdom\lib\jsdom\living\helpers\runtime-script-errors.js:66:24)
        at innerInvokeEventListeners (C:\Users\kyrian\Documents\Taller-Ocampos\frontend\node_modules\jsdom\lib\jsdom\living\events\EventTarget-impl.js:353:9)
        at invokeEventListeners (C:\Users\kyrian\Documents\Taller-Ocampos\frontend\node_modules\jsdom\lib\jsdom\living\events\EventTarget-impl.js:286:3)
        at HTMLUnknownElementImpl._dispatch (C:\Users\kyrian\Documents\Taller-Ocampos\frontend\node_modules\jsdom\lib\jsdom\living\events\EventTarget-impl.js:233:9)
        at HTMLUnknownElementImpl.dispatchEvent (C:\Users\kyrian\Documents\Taller-Ocampos\frontend\node_modules\jsdom\lib\jsdom\living\events\EventTarget-impl.js:104:17)
        at HTMLUnknownElement.dispatchEvent (C:\Users\kyrian\Documents\Taller-Ocampos\frontend\node_modules\jsdom\lib\jsdom\living\generated\EventTarget.js:241:34)
        at Object.invokeGuardedCallbackDev (C:\Users\kyrian\Documents\Taller-Ocampos\frontend\node_modules\react-dom\cjs\react-dom.development.js:4213:16)
        at invokeGuardedCallback (C:\Users\kyrian\Documents\Taller-Ocampos\frontend\node_modules\react-dom\cjs\react-dom.development.js:4277:31)
        at beginWork$1 (C:\Users\kyrian\Documents\Taller-Ocampos\frontend\node_modules\react-dom\cjs\react-dom.development.js:27490:7)
        at performUnitOfWork (C:\Users\kyrian\Documents\Taller-Ocampos\frontend\node_modules\react-dom\cjs\react-dom.development.js:26599:12)
        at workLoopSync (C:\Users\kyrian\Documents\Taller-Ocampos\frontend\node_modules\react-dom\cjs\react-dom.development.js:26505:5)
        at renderRootSync (C:\Users\kyrian\Documents\Taller-Ocampos\frontend\node_modules\react-dom\cjs\react-dom.development.js:26473:7)
        at performConcurrentWorkOnRoot (C:\Users\kyrian\Documents\Taller-Ocampos\frontend\node_modules\react-dom\cjs\react-dom.development.js:25777:74)
        at flushActQueue (C:\Users\kyrian\Documents\Taller-Ocampos\frontend\node_modules\react\cjs\react.development.js:2667:24)
        at act (C:\Users\kyrian\Documents\Taller-Ocampos\frontend\node_modules\react\cjs\react.development.js:2582:11)
        at C:\Users\kyrian\Documents\Taller-Ocampos\frontend\node_modules\@testing-library\react\dist\act-compat.js:47:25
        at renderRoot (C:\Users\kyrian\Documents\Taller-Ocampos\frontend\node_modules\@testing-library\react\dist\pure.js:190:26)
        at render (C:\Users\kyrian\Documents\Taller-Ocampos\frontend\node_modules\@testing-library\react\dist\pure.js:292:10)
        at customRender (C:\Users\kyrian\Documents\Taller-Ocampos\frontend\tests\utils\test-utils.tsx:38:16)
        at Object.<anonymous> (C:\Users\kyrian\Documents\Taller-Ocampos\frontend\src\components\layout\DashboardLayout.test.tsx:77:11)
        at Promise.finally.completed (C:\Users\kyrian\Documents\Taller-Ocampos\frontend\node_modules\jest-circus\build\jestAdapterInit.js:1556:28)
        at new Promise (<anonymous>)
        at callAsyncCircusFn (C:\Users\kyrian\Documents\Taller-Ocampos\frontend\node_modules\jest-circus\build\jestAdapterInit.js:1496:10)
        at _callCircusTest (C:\Users\kyrian\Documents\Taller-Ocampos\frontend\node_modules\jest-circus\build\jestAdapterInit.js:1006:40)
        at processTicksAndRejections (node:internal/process/task_queues:105:5)
        at _runTest (C:\Users\kyrian\Documents\Taller-Ocampos\frontend\node_modules\jest-circus\build\jestAdapterInit.js:946:3)
        at _runTestsForDescribeBlock (C:\Users\kyrian\Documents\Taller-Ocampos\frontend\node_modules\jest-circus\build\jestAdapterInit.js:839:13)
        at _runTestsForDescribeBlock (C:\Users\kyrian\Documents\Taller-Ocampos\frontend\node_modules\jest-circus\build\jestAdapterInit.js:829:11)
        at run (C:\Users\kyrian\Documents\Taller-Ocampos\frontend\node_modules\jest-circus\build\jestAdapterInit.js:757:3)
        at runAndTransformResultsToJestFormat (C:\Users\kyrian\Documents\Taller-Ocampos\frontend\node_modules\jest-circus\build\jestAdapterInit.js:1917:21)
        at jestAdapter (C:\Users\kyrian\Documents\Taller-Ocampos\frontend\node_modules\jest-circus\build\runner.js:101:19)
        at runTestInternal (C:\Users\kyrian\Documents\Taller-Ocampos\frontend\node_modules\jest-runner\build\testWorker.js:275:16)
        at runTest (C:\Users\kyrian\Documents\Taller-Ocampos\frontend\node_modules\jest-runner\build\testWorker.js:343:7)
        at Object.worker (C:\Users\kyrian\Documents\Taller-Ocampos\frontend\node_modules\jest-runner\build\testWorker.js:497:12) {
      detail: Error: Element type is invalid: expected a string (for built-in components) or a class/function (for composite components) but got: undefined. You likely forgot to export your component from the file it's defined in, or you might have mixed up default and named imports.
          at createFiberFromTypeAndProps (C:\Users\kyrian\Documents\Taller-Ocampos\frontend\node_modules\react-dom\cjs\react-dom.development.js:28478:17)
          at createFiberFromElement (C:\Users\kyrian\Documents\Taller-Ocampos\frontend\node_modules\react-dom\cjs\react-dom.development.js:28504:15)
          at reconcileSingleElement (C:\Users\kyrian\Documents\Taller-Ocampos\frontend\node_modules\react-dom\cjs\react-dom.development.js:13986:23)
          at reconcileChildFibers (C:\Users\kyrian\Documents\Taller-Ocampos\frontend\node_modules\react-dom\cjs\react-dom.development.js:14044:35)
          at reconcileChildren (C:\Users\kyrian\Documents\Taller-Ocampos\frontend\node_modules\react-dom\cjs\react-dom.development.js:19186:28)
          at updateContextProvider (C:\Users\kyrian\Documents\Taller-Ocampos\frontend\node_modules\react-dom\cjs\react-dom.development.js:21193:3)
          at beginWork (C:\Users\kyrian\Documents\Taller-Ocampos\frontend\node_modules\react-dom\cjs\react-dom.development.js:21688:14)
          at HTMLUnknownElement.callCallback (C:\Users\kyrian\Documents\Taller-Ocampos\frontend\node_modules\react-dom\cjs\react-dom.development.js:4164:14)
          at HTMLUnknownElement.callTheUserObjectsOperation (C:\Users\kyrian\Documents\Taller-Ocampos\frontend\node_modules\jsdom\lib\jsdom\living\generated\EventListener.js:26:30)
          at innerInvokeEventListeners (C:\Users\kyrian\Documents\Taller-Ocampos\frontend\node_modules\jsdom\lib\jsdom\living\events\EventTarget-impl.js:350:25)
          at invokeEventListeners (C:\Users\kyrian\Documents\Taller-Ocampos\frontend\node_modules\jsdom\lib\jsdom\living\events\EventTarget-impl.js:286:3)
          at HTMLUnknownElementImpl._dispatch (C:\Users\kyrian\Documents\Taller-Ocampos\frontend\node_modules\jsdom\lib\jsdom\living\events\EventTarget-impl.js:233:9)
          at HTMLUnknownElementImpl.dispatchEvent (C:\Users\kyrian\Documents\Taller-Ocampos\frontend\node_modules\jsdom\lib\jsdom\living\events\EventTarget-impl.js:104:17)
          at HTMLUnknownElement.dispatchEvent (C:\Users\kyrian\Documents\Taller-Ocampos\frontend\node_modules\jsdom\lib\jsdom\living\generated\EventTarget.js:241:34)
          at Object.invokeGuardedCallbackDev (C:\Users\kyrian\Documents\Taller-Ocampos\frontend\node_modules\react-dom\cjs\react-dom.development.js:4213:16)
          at invokeGuardedCallback (C:\Users\kyrian\Documents\Taller-Ocampos\frontend\node_modules\react-dom\cjs\react-dom.development.js:4277:31)
          at beginWork$1 (C:\Users\kyrian\Documents\Taller-Ocampos\frontend\node_modules\react-dom\cjs\react-dom.development.js:27490:7)
          at performUnitOfWork (C:\Users\kyrian\Documents\Taller-Ocampos\frontend\node_modules\react-dom\cjs\react-dom.development.js:26599:12)
          at workLoopSync (C:\Users\kyrian\Documents\Taller-Ocampos\frontend\node_modules\react-dom\cjs\react-dom.development.js:26505:5)
          at renderRootSync (C:\Users\kyrian\Documents\Taller-Ocampos\frontend\node_modules\react-dom\cjs\react-dom.development.js:26473:7)
          at performConcurrentWorkOnRoot (C:\Users\kyrian\Documents\Taller-Ocampos\frontend\node_modules\react-dom\cjs\react-dom.development.js:25777:74)
          at flushActQueue (C:\Users\kyrian\Documents\Taller-Ocampos\frontend\node_modules\react\cjs\react.development.js:2667:24)
          at act (C:\Users\kyrian\Documents\Taller-Ocampos\frontend\node_modules\react\cjs\react.development.js:2582:11)
          at C:\Users\kyrian\Documents\Taller-Ocampos\frontend\node_modules\@testing-library\react\dist\act-compat.js:47:25
          at renderRoot (C:\Users\kyrian\Documents\Taller-Ocampos\frontend\node_modules\@testing-library\react\dist\pure.js:190:26)
          at render (C:\Users\kyrian\Documents\Taller-Ocampos\frontend\node_modules\@testing-library\react\dist\pure.js:292:10)
          at customRender (C:\Users\kyrian\Documents\Taller-Ocampos\frontend\tests\utils\test-utils.tsx:38:16)
          at Object.<anonymous> (C:\Users\kyrian\Documents\Taller-Ocampos\frontend\src\components\layout\DashboardLayout.test.tsx:77:11)
          at Promise.finally.completed (C:\Users\kyrian\Documents\Taller-Ocampos\frontend\node_modules\jest-circus\build\jestAdapterInit.js:1556:28)
          at new Promise (<anonymous>)
          at callAsyncCircusFn (C:\Users\kyrian\Documents\Taller-Ocampos\frontend\node_modules\jest-circus\build\jestAdapterInit.js:1496:10)
          at _callCircusTest (C:\Users\kyrian\Documents\Taller-Ocampos\frontend\node_modules\jest-circus\build\jestAdapterInit.js:1006:40)
          at processTicksAndRejections (node:internal/process/task_queues:105:5)
          at _runTest (C:\Users\kyrian\Documents\Taller-Ocampos\frontend\node_modules\jest-circus\build\jestAdapterInit.js:946:3)
          at _runTestsForDescribeBlock (C:\Users\kyrian\Documents\Taller-Ocampos\frontend\node_modules\jest-circus\build\jestAdapterInit.js:839:13)
          at _runTestsForDescribeBlock (C:\Users\kyrian\Documents\Taller-Ocampos\frontend\node_modules\jest-circus\build\jestAdapterInit.js:829:11)
          at run (C:\Users\kyrian\Documents\Taller-Ocampos\frontend\node_modules\jest-circus\build\jestAdapterInit.js:757:3)
          at runAndTransformResultsToJestFormat (C:\Users\kyrian\Documents\Taller-Ocampos\frontend\node_modules\jest-circus\build\jestAdapterInit.js:1917:21)
          at jestAdapter (C:\Users\kyrian\Documents\Taller-Ocampos\frontend\node_modules\jest-circus\build\runner.js:101:19)
          at runTestInternal (C:\Users\kyrian\Documents\Taller-Ocampos\frontend\node_modules\jest-runner\build\testWorker.js:275:16)
          at runTest (C:\Users\kyrian\Documents\Taller-Ocampos\frontend\node_modules\jest-runner\build\testWorker.js:343:7)
          at Object.worker (C:\Users\kyrian\Documents\Taller-Ocampos\frontend\node_modules\jest-runner\build\testWorker.js:497:12),
      type: 'unhandled exception'
    }

    [0m [90m 73 |[39m       [36mreturn[39m
     [90m 74 |[39m     }
    [31m[1m>[22m[39m[90m 75 |[39m     originalError[33m.[39mcall(console[33m,[39m [33m...[39margs)
     [90m    |[39m                   [31m[1m^[22m[39m
     [90m 76 |[39m   }
     [90m 77 |[39m })
     [90m 78 |[39m[0m

      at console.call [as error] (jest.setup.js:75:19)
      at VirtualConsole.<anonymous> (node_modules/@jest/environment-jsdom-abstract/build/index.js:78:23)
      at reportException (node_modules/jsdom/lib/jsdom/living/helpers/runtime-script-errors.js:70:28)
      at innerInvokeEventListeners (node_modules/jsdom/lib/jsdom/living/events/EventTarget-impl.js:353:9)
      at invokeEventListeners (node_modules/jsdom/lib/jsdom/living/events/EventTarget-impl.js:286:3)
      at HTMLUnknownElementImpl._dispatch (node_modules/jsdom/lib/jsdom/living/events/EventTarget-impl.js:233:9)
      at HTMLUnknownElementImpl.dispatchEvent (node_modules/jsdom/lib/jsdom/living/events/EventTarget-impl.js:104:17)
      at HTMLUnknownElement.dispatchEvent (node_modules/jsdom/lib/jsdom/living/generated/EventTarget.js:241:34)
      at Object.invokeGuardedCallbackDev (node_modules/react-dom/cjs/react-dom.development.js:4213:16)
      at invokeGuardedCallback (node_modules/react-dom/cjs/react-dom.development.js:4277:31)
      at beginWork$1 (node_modules/react-dom/cjs/react-dom.development.js:27490:7)
      at performUnitOfWork (node_modules/react-dom/cjs/react-dom.development.js:26599:12)
      at workLoopSync (node_modules/react-dom/cjs/react-dom.development.js:26505:5)
      at renderRootSync (node_modules/react-dom/cjs/react-dom.development.js:26473:7)
      at performConcurrentWorkOnRoot (node_modules/react-dom/cjs/react-dom.development.js:25777:74)
      at flushActQueue (node_modules/react/cjs/react.development.js:2667:24)
      at act (node_modules/react/cjs/react.development.js:2582:11)
      at node_modules/@testing-library/react/dist/act-compat.js:47:25
      at renderRoot (node_modules/@testing-library/react/dist/pure.js:190:26)
      at render (node_modules/@testing-library/react/dist/pure.js:292:10)
      at customRender (tests/utils/test-utils.tsx:38:16)
      at Object.<anonymous> (src/components/layout/DashboardLayout.test.tsx:77:11)

  console.error
    Error: Uncaught [Error: Element type is invalid: expected a string (for built-in components) or a class/function (for composite components) but got: undefined. You likely forgot to export your component from the file it's defined in, or you might have mixed up default and named imports.]
        at reportException (C:\Users\kyrian\Documents\Taller-Ocampos\frontend\node_modules\jsdom\lib\jsdom\living\helpers\runtime-script-errors.js:66:24)
        at innerInvokeEventListeners (C:\Users\kyrian\Documents\Taller-Ocampos\frontend\node_modules\jsdom\lib\jsdom\living\events\EventTarget-impl.js:353:9)
        at invokeEventListeners (C:\Users\kyrian\Documents\Taller-Ocampos\frontend\node_modules\jsdom\lib\jsdom\living\events\EventTarget-impl.js:286:3)
        at HTMLUnknownElementImpl._dispatch (C:\Users\kyrian\Documents\Taller-Ocampos\frontend\node_modules\jsdom\lib\jsdom\living\events\EventTarget-impl.js:233:9)
        at HTMLUnknownElementImpl.dispatchEvent (C:\Users\kyrian\Documents\Taller-Ocampos\frontend\node_modules\jsdom\lib\jsdom\living\events\EventTarget-impl.js:104:17)
        at HTMLUnknownElement.dispatchEvent (C:\Users\kyrian\Documents\Taller-Ocampos\frontend\node_modules\jsdom\lib\jsdom\living\generated\EventTarget.js:241:34)
        at Object.invokeGuardedCallbackDev (C:\Users\kyrian\Documents\Taller-Ocampos\frontend\node_modules\react-dom\cjs\react-dom.development.js:4213:16)
        at invokeGuardedCallback (C:\Users\kyrian\Documents\Taller-Ocampos\frontend\node_modules\react-dom\cjs\react-dom.development.js:4277:31)
        at beginWork$1 (C:\Users\kyrian\Documents\Taller-Ocampos\frontend\node_modules\react-dom\cjs\react-dom.development.js:27490:7)
        at performUnitOfWork (C:\Users\kyrian\Documents\Taller-Ocampos\frontend\node_modules\react-dom\cjs\react-dom.development.js:26599:12)
        at workLoopSync (C:\Users\kyrian\Documents\Taller-Ocampos\frontend\node_modules\react-dom\cjs\react-dom.development.js:26505:5)
        at renderRootSync (C:\Users\kyrian\Documents\Taller-Ocampos\frontend\node_modules\react-dom\cjs\react-dom.development.js:26473:7)
        at recoverFromConcurrentError (C:\Users\kyrian\Documents\Taller-Ocampos\frontend\node_modules\react-dom\cjs\react-dom.development.js:25889:20)
        at performConcurrentWorkOnRoot (C:\Users\kyrian\Documents\Taller-Ocampos\frontend\node_modules\react-dom\cjs\react-dom.development.js:25789:22)
        at flushActQueue (C:\Users\kyrian\Documents\Taller-Ocampos\frontend\node_modules\react\cjs\react.development.js:2667:24)
        at act (C:\Users\kyrian\Documents\Taller-Ocampos\frontend\node_modules\react\cjs\react.development.js:2582:11)
        at C:\Users\kyrian\Documents\Taller-Ocampos\frontend\node_modules\@testing-library\react\dist\act-compat.js:47:25
        at renderRoot (C:\Users\kyrian\Documents\Taller-Ocampos\frontend\node_modules\@testing-library\react\dist\pure.js:190:26)
        at render (C:\Users\kyrian\Documents\Taller-Ocampos\frontend\node_modules\@testing-library\react\dist\pure.js:292:10)
        at customRender (C:\Users\kyrian\Documents\Taller-Ocampos\frontend\tests\utils\test-utils.tsx:38:16)
        at Object.<anonymous> (C:\Users\kyrian\Documents\Taller-Ocampos\frontend\src\components\layout\DashboardLayout.test.tsx:77:11)
        at Promise.finally.completed (C:\Users\kyrian\Documents\Taller-Ocampos\frontend\node_modules\jest-circus\build\jestAdapterInit.js:1556:28)
        at new Promise (<anonymous>)
        at callAsyncCircusFn (C:\Users\kyrian\Documents\Taller-Ocampos\frontend\node_modules\jest-circus\build\jestAdapterInit.js:1496:10)
        at _callCircusTest (C:\Users\kyrian\Documents\Taller-Ocampos\frontend\node_modules\jest-circus\build\jestAdapterInit.js:1006:40)
        at processTicksAndRejections (node:internal/process/task_queues:105:5)
        at _runTest (C:\Users\kyrian\Documents\Taller-Ocampos\frontend\node_modules\jest-circus\build\jestAdapterInit.js:946:3)
        at _runTestsForDescribeBlock (C:\Users\kyrian\Documents\Taller-Ocampos\frontend\node_modules\jest-circus\build\jestAdapterInit.js:839:13)
        at _runTestsForDescribeBlock (C:\Users\kyrian\Documents\Taller-Ocampos\frontend\node_modules\jest-circus\build\jestAdapterInit.js:829:11)
        at run (C:\Users\kyrian\Documents\Taller-Ocampos\frontend\node_modules\jest-circus\build\jestAdapterInit.js:757:3)
        at runAndTransformResultsToJestFormat (C:\Users\kyrian\Documents\Taller-Ocampos\frontend\node_modules\jest-circus\build\jestAdapterInit.js:1917:21)
        at jestAdapter (C:\Users\kyrian\Documents\Taller-Ocampos\frontend\node_modules\jest-circus\build\runner.js:101:19)
        at runTestInternal (C:\Users\kyrian\Documents\Taller-Ocampos\frontend\node_modules\jest-runner\build\testWorker.js:275:16)
        at runTest (C:\Users\kyrian\Documents\Taller-Ocampos\frontend\node_modules\jest-runner\build\testWorker.js:343:7)
        at Object.worker (C:\Users\kyrian\Documents\Taller-Ocampos\frontend\node_modules\jest-runner\build\testWorker.js:497:12) {
      detail: Error: Element type is invalid: expected a string (for built-in components) or a class/function (for composite components) but got: undefined. You likely forgot to export your component from the file it's defined in, or you might have mixed up default and named imports.
          at createFiberFromTypeAndProps (C:\Users\kyrian\Documents\Taller-Ocampos\frontend\node_modules\react-dom\cjs\react-dom.development.js:28478:17)
          at createFiberFromElement (C:\Users\kyrian\Documents\Taller-Ocampos\frontend\node_modules\react-dom\cjs\react-dom.development.js:28504:15)
          at reconcileSingleElement (C:\Users\kyrian\Documents\Taller-Ocampos\frontend\node_modules\react-dom\cjs\react-dom.development.js:13986:23)
          at reconcileChildFibers (C:\Users\kyrian\Documents\Taller-Ocampos\frontend\node_modules\react-dom\cjs\react-dom.development.js:14044:35)
          at reconcileChildren (C:\Users\kyrian\Documents\Taller-Ocampos\frontend\node_modules\react-dom\cjs\react-dom.development.js:19186:28)
          at updateContextProvider (C:\Users\kyrian\Documents\Taller-Ocampos\frontend\node_modules\react-dom\cjs\react-dom.development.js:21193:3)
          at beginWork (C:\Users\kyrian\Documents\Taller-Ocampos\frontend\node_modules\react-dom\cjs\react-dom.development.js:21688:14)
          at HTMLUnknownElement.callCallback (C:\Users\kyrian\Documents\Taller-Ocampos\frontend\node_modules\react-dom\cjs\react-dom.development.js:4164:14)
          at HTMLUnknownElement.callTheUserObjectsOperation (C:\Users\kyrian\Documents\Taller-Ocampos\frontend\node_modules\jsdom\lib\jsdom\living\generated\EventListener.js:26:30)
          at innerInvokeEventListeners (C:\Users\kyrian\Documents\Taller-Ocampos\frontend\node_modules\jsdom\lib\jsdom\living\events\EventTarget-impl.js:350:25)
          at invokeEventListeners (C:\Users\kyrian\Documents\Taller-Ocampos\frontend\node_modules\jsdom\lib\jsdom\living\events\EventTarget-impl.js:286:3)
          at HTMLUnknownElementImpl._dispatch (C:\Users\kyrian\Documents\Taller-Ocampos\frontend\node_modules\jsdom\lib\jsdom\living\events\EventTarget-impl.js:233:9)
          at HTMLUnknownElementImpl.dispatchEvent (C:\Users\kyrian\Documents\Taller-Ocampos\frontend\node_modules\jsdom\lib\jsdom\living\events\EventTarget-impl.js:104:17)
          at HTMLUnknownElement.dispatchEvent (C:\Users\kyrian\Documents\Taller-Ocampos\frontend\node_modules\jsdom\lib\jsdom\living\generated\EventTarget.js:241:34)
          at Object.invokeGuardedCallbackDev (C:\Users\kyrian\Documents\Taller-Ocampos\frontend\node_modules\react-dom\cjs\react-dom.development.js:4213:16)
          at invokeGuardedCallback (C:\Users\kyrian\Documents\Taller-Ocampos\frontend\node_modules\react-dom\cjs\react-dom.development.js:4277:31)
          at beginWork$1 (C:\Users\kyrian\Documents\Taller-Ocampos\frontend\node_modules\react-dom\cjs\react-dom.development.js:27490:7)
          at performUnitOfWork (C:\Users\kyrian\Documents\Taller-Ocampos\frontend\node_modules\react-dom\cjs\react-dom.development.js:26599:12)
          at workLoopSync (C:\Users\kyrian\Documents\Taller-Ocampos\frontend\node_modules\react-dom\cjs\react-dom.development.js:26505:5)
          at renderRootSync (C:\Users\kyrian\Documents\Taller-Ocampos\frontend\node_modules\react-dom\cjs\react-dom.development.js:26473:7)
          at recoverFromConcurrentError (C:\Users\kyrian\Documents\Taller-Ocampos\frontend\node_modules\react-dom\cjs\react-dom.development.js:25889:20)
          at performConcurrentWorkOnRoot (C:\Users\kyrian\Documents\Taller-Ocampos\frontend\node_modules\react-dom\cjs\react-dom.development.js:25789:22)
          at flushActQueue (C:\Users\kyrian\Documents\Taller-Ocampos\frontend\node_modules\react\cjs\react.development.js:2667:24)
          at act (C:\Users\kyrian\Documents\Taller-Ocampos\frontend\node_modules\react\cjs\react.development.js:2582:11)
          at C:\Users\kyrian\Documents\Taller-Ocampos\frontend\node_modules\@testing-library\react\dist\act-compat.js:47:25
          at renderRoot (C:\Users\kyrian\Documents\Taller-Ocampos\frontend\node_modules\@testing-library\react\dist\pure.js:190:26)
          at render (C:\Users\kyrian\Documents\Taller-Ocampos\frontend\node_modules\@testing-library\react\dist\pure.js:292:10)
          at customRender (C:\Users\kyrian\Documents\Taller-Ocampos\frontend\tests\utils\test-utils.tsx:38:16)
          at Object.<anonymous> (C:\Users\kyrian\Documents\Taller-Ocampos\frontend\src\components\layout\DashboardLayout.test.tsx:77:11)
          at Promise.finally.completed (C:\Users\kyrian\Documents\Taller-Ocampos\frontend\node_modules\jest-circus\build\jestAdapterInit.js:1556:28)
          at new Promise (<anonymous>)
          at callAsyncCircusFn (C:\Users\kyrian\Documents\Taller-Ocampos\frontend\node_modules\jest-circus\build\jestAdapterInit.js:1496:10)
          at _callCircusTest (C:\Users\kyrian\Documents\Taller-Ocampos\frontend\node_modules\jest-circus\build\jestAdapterInit.js:1006:40)
          at processTicksAndRejections (node:internal/process/task_queues:105:5)
          at _runTest (C:\Users\kyrian\Documents\Taller-Ocampos\frontend\node_modules\jest-circus\build\jestAdapterInit.js:946:3)
          at _runTestsForDescribeBlock (C:\Users\kyrian\Documents\Taller-Ocampos\frontend\node_modules\jest-circus\build\jestAdapterInit.js:839:13)
          at _runTestsForDescribeBlock (C:\Users\kyrian\Documents\Taller-Ocampos\frontend\node_modules\jest-circus\build\jestAdapterInit.js:829:11)
          at run (C:\Users\kyrian\Documents\Taller-Ocampos\frontend\node_modules\jest-circus\build\jestAdapterInit.js:757:3)
          at runAndTransformResultsToJestFormat (C:\Users\kyrian\Documents\Taller-Ocampos\frontend\node_modules\jest-circus\build\jestAdapterInit.js:1917:21)
          at jestAdapter (C:\Users\kyrian\Documents\Taller-Ocampos\frontend\node_modules\jest-circus\build\runner.js:101:19)
          at runTestInternal (C:\Users\kyrian\Documents\Taller-Ocampos\frontend\node_modules\jest-runner\build\testWorker.js:275:16)
          at runTest (C:\Users\kyrian\Documents\Taller-Ocampos\frontend\node_modules\jest-runner\build\testWorker.js:343:7)
          at Object.worker (C:\Users\kyrian\Documents\Taller-Ocampos\frontend\node_modules\jest-runner\build\testWorker.js:497:12),
      type: 'unhandled exception'
    }

    [0m [90m 73 |[39m       [36mreturn[39m
     [90m 74 |[39m     }
    [31m[1m>[22m[39m[90m 75 |[39m     originalError[33m.[39mcall(console[33m,[39m [33m...[39margs)
     [90m    |[39m                   [31m[1m^[22m[39m
     [90m 76 |[39m   }
     [90m 77 |[39m })
     [90m 78 |[39m[0m

      at console.call [as error] (jest.setup.js:75:19)
      at VirtualConsole.<anonymous> (node_modules/@jest/environment-jsdom-abstract/build/index.js:78:23)
      at reportException (node_modules/jsdom/lib/jsdom/living/helpers/runtime-script-errors.js:70:28)
      at innerInvokeEventListeners (node_modules/jsdom/lib/jsdom/living/events/EventTarget-impl.js:353:9)
      at invokeEventListeners (node_modules/jsdom/lib/jsdom/living/events/EventTarget-impl.js:286:3)
      at HTMLUnknownElementImpl._dispatch (node_modules/jsdom/lib/jsdom/living/events/EventTarget-impl.js:233:9)
      at HTMLUnknownElementImpl.dispatchEvent (node_modules/jsdom/lib/jsdom/living/events/EventTarget-impl.js:104:17)
      at HTMLUnknownElement.dispatchEvent (node_modules/jsdom/lib/jsdom/living/generated/EventTarget.js:241:34)
      at Object.invokeGuardedCallbackDev (node_modules/react-dom/cjs/react-dom.development.js:4213:16)
      at invokeGuardedCallback (node_modules/react-dom/cjs/react-dom.development.js:4277:31)
      at beginWork$1 (node_modules/react-dom/cjs/react-dom.development.js:27490:7)
      at performUnitOfWork (node_modules/react-dom/cjs/react-dom.development.js:26599:12)
      at workLoopSync (node_modules/react-dom/cjs/react-dom.development.js:26505:5)
      at renderRootSync (node_modules/react-dom/cjs/react-dom.development.js:26473:7)
      at recoverFromConcurrentError (node_modules/react-dom/cjs/react-dom.development.js:25889:20)
      at performConcurrentWorkOnRoot (node_modules/react-dom/cjs/react-dom.development.js:25789:22)
      at flushActQueue (node_modules/react/cjs/react.development.js:2667:24)
      at act (node_modules/react/cjs/react.development.js:2582:11)
      at node_modules/@testing-library/react/dist/act-compat.js:47:25
      at renderRoot (node_modules/@testing-library/react/dist/pure.js:190:26)
      at render (node_modules/@testing-library/react/dist/pure.js:292:10)
      at customRender (tests/utils/test-utils.tsx:38:16)
      at Object.<anonymous> (src/components/layout/DashboardLayout.test.tsx:77:11)

  console.error
    The above error occurred in the <Context.Provider> component:
    
        at QueryClientProvider (C:\Users\kyrian\Documents\Taller-Ocampos\frontend\node_modules\@tanstack\react-query\src\QueryClientProvider.tsx:30:3)
        at children (C:\Users\kyrian\Documents\Taller-Ocampos\frontend\tests\utils\test-utils.tsx:23:28)
    
    Consider adding an error boundary to your tree to customize error handling behavior.
    Visit https://reactjs.org/link/error-boundaries to learn more about error boundaries.

    [0m [90m 73 |[39m       [36mreturn[39m
     [90m 74 |[39m     }
    [31m[1m>[22m[39m[90m 75 |[39m     originalError[33m.[39mcall(console[33m,[39m [33m...[39margs)
     [90m    |[39m                   [31m[1m^[22m[39m
     [90m 76 |[39m   }
     [90m 77 |[39m })
     [90m 78 |[39m[0m

      at console.call [as error] (jest.setup.js:75:19)
      at logCapturedError (node_modules/react-dom/cjs/react-dom.development.js:18704:23)
      at update.callback (node_modules/react-dom/cjs/react-dom.development.js:18737:5)
      at callCallback (node_modules/react-dom/cjs/react-dom.development.js:15036:12)
      at commitUpdateQueue (node_modules/react-dom/cjs/react-dom.development.js:15057:9)
      at commitLayoutEffectOnFiber (node_modules/react-dom/cjs/react-dom.development.js:23430:13)
      at commitLayoutMountEffects_complete (node_modules/react-dom/cjs/react-dom.development.js:24727:9)
      at commitLayoutEffects_begin (node_modules/react-dom/cjs/react-dom.development.js:24713:7)
      at commitLayoutEffects (node_modules/react-dom/cjs/react-dom.development.js:24651:3)
      at commitRootImpl (node_modules/react-dom/cjs/react-dom.development.js:26862:5)
      at commitRoot (node_modules/react-dom/cjs/react-dom.development.js:26721:5)
      at finishConcurrentRender (node_modules/react-dom/cjs/react-dom.development.js:25931:9)
      at performConcurrentWorkOnRoot (node_modules/react-dom/cjs/react-dom.development.js:25848:7)
      at flushActQueue (node_modules/react/cjs/react.development.js:2667:24)
      at act (node_modules/react/cjs/react.development.js:2582:11)
      at node_modules/@testing-library/react/dist/act-compat.js:47:25
      at renderRoot (node_modules/@testing-library/react/dist/pure.js:190:26)
      at render (node_modules/@testing-library/react/dist/pure.js:292:10)
      at customRender (tests/utils/test-utils.tsx:38:16)
      at Object.<anonymous> (src/components/layout/DashboardLayout.test.tsx:77:11)

  console.error
    Warning: React.jsx: type is invalid -- expected a string (for built-in components) or a class/function (for composite components) but got: undefined. You likely forgot to export your component from the file it's defined in, or you might have mixed up default and named imports.

    [0m [90m 73 |[39m       [36mreturn[39m
     [90m 74 |[39m     }
    [31m[1m>[22m[39m[90m 75 |[39m     originalError[33m.[39mcall(console[33m,[39m [33m...[39margs)
     [90m    |[39m                   [31m[1m^[22m[39m
     [90m 76 |[39m   }
     [90m 77 |[39m })
     [90m 78 |[39m[0m

      at console.call [as error] (jest.setup.js:75:19)
      at printWarning (node_modules/react/cjs/react-jsx-runtime.development.js:87:30)
      at error (node_modules/react/cjs/react-jsx-runtime.development.js:61:7)
      at jsxWithValidation (node_modules/react/cjs/react-jsx-runtime.development.js:1245:7)
      at jsxWithValidationDynamic (node_modules/react/cjs/react-jsx-runtime.development.js:1320:12)
      at Object.<anonymous> (src/components/layout/DashboardLayout.test.tsx:95:12)

  console.error
    Error: Uncaught [Error: Element type is invalid: expected a string (for built-in components) or a class/function (for composite components) but got: undefined. You likely forgot to export your component from the file it's defined in, or you might have mixed up default and named imports.]
        at reportException (C:\Users\kyrian\Documents\Taller-Ocampos\frontend\node_modules\jsdom\lib\jsdom\living\helpers\runtime-script-errors.js:66:24)
        at innerInvokeEventListeners (C:\Users\kyrian\Documents\Taller-Ocampos\frontend\node_modules\jsdom\lib\jsdom\living\events\EventTarget-impl.js:353:9)
        at invokeEventListeners (C:\Users\kyrian\Documents\Taller-Ocampos\frontend\node_modules\jsdom\lib\jsdom\living\events\EventTarget-impl.js:286:3)
        at HTMLUnknownElementImpl._dispatch (C:\Users\kyrian\Documents\Taller-Ocampos\frontend\node_modules\jsdom\lib\jsdom\living\events\EventTarget-impl.js:233:9)
        at HTMLUnknownElementImpl.dispatchEvent (C:\Users\kyrian\Documents\Taller-Ocampos\frontend\node_modules\jsdom\lib\jsdom\living\events\EventTarget-impl.js:104:17)
        at HTMLUnknownElement.dispatchEvent (C:\Users\kyrian\Documents\Taller-Ocampos\frontend\node_modules\jsdom\lib\jsdom\living\generated\EventTarget.js:241:34)
        at Object.invokeGuardedCallbackDev (C:\Users\kyrian\Documents\Taller-Ocampos\frontend\node_modules\react-dom\cjs\react-dom.development.js:4213:16)
        at invokeGuardedCallback (C:\Users\kyrian\Documents\Taller-Ocampos\frontend\node_modules\react-dom\cjs\react-dom.development.js:4277:31)
        at beginWork$1 (C:\Users\kyrian\Documents\Taller-Ocampos\frontend\node_modules\react-dom\cjs\react-dom.development.js:27490:7)
        at performUnitOfWork (C:\Users\kyrian\Documents\Taller-Ocampos\frontend\node_modules\react-dom\cjs\react-dom.development.js:26599:12)
        at workLoopSync (C:\Users\kyrian\Documents\Taller-Ocampos\frontend\node_modules\react-dom\cjs\react-dom.development.js:26505:5)
        at renderRootSync (C:\Users\kyrian\Documents\Taller-Ocampos\frontend\node_modules\react-dom\cjs\react-dom.development.js:26473:7)
        at performConcurrentWorkOnRoot (C:\Users\kyrian\Documents\Taller-Ocampos\frontend\node_modules\react-dom\cjs\react-dom.development.js:25777:74)
        at flushActQueue (C:\Users\kyrian\Documents\Taller-Ocampos\frontend\node_modules\react\cjs\react.development.js:2667:24)
        at act (C:\Users\kyrian\Documents\Taller-Ocampos\frontend\node_modules\react\cjs\react.development.js:2582:11)
        at C:\Users\kyrian\Documents\Taller-Ocampos\frontend\node_modules\@testing-library\react\dist\act-compat.js:47:25
        at renderRoot (C:\Users\kyrian\Documents\Taller-Ocampos\frontend\node_modules\@testing-library\react\dist\pure.js:190:26)
        at render (C:\Users\kyrian\Documents\Taller-Ocampos\frontend\node_modules\@testing-library\react\dist\pure.js:292:10)
        at customRender (C:\Users\kyrian\Documents\Taller-Ocampos\frontend\tests\utils\test-utils.tsx:38:16)
        at Object.<anonymous> (C:\Users\kyrian\Documents\Taller-Ocampos\frontend\src\components\layout\DashboardLayout.test.tsx:95:11)
        at Promise.finally.completed (C:\Users\kyrian\Documents\Taller-Ocampos\frontend\node_modules\jest-circus\build\jestAdapterInit.js:1556:28)
        at new Promise (<anonymous>)
        at callAsyncCircusFn (C:\Users\kyrian\Documents\Taller-Ocampos\frontend\node_modules\jest-circus\build\jestAdapterInit.js:1496:10)
        at _callCircusTest (C:\Users\kyrian\Documents\Taller-Ocampos\frontend\node_modules\jest-circus\build\jestAdapterInit.js:1006:40)
        at processTicksAndRejections (node:internal/process/task_queues:105:5)
        at _runTest (C:\Users\kyrian\Documents\Taller-Ocampos\frontend\node_modules\jest-circus\build\jestAdapterInit.js:946:3)
        at _runTestsForDescribeBlock (C:\Users\kyrian\Documents\Taller-Ocampos\frontend\node_modules\jest-circus\build\jestAdapterInit.js:839:13)
        at _runTestsForDescribeBlock (C:\Users\kyrian\Documents\Taller-Ocampos\frontend\node_modules\jest-circus\build\jestAdapterInit.js:829:11)
        at run (C:\Users\kyrian\Documents\Taller-Ocampos\frontend\node_modules\jest-circus\build\jestAdapterInit.js:757:3)
        at runAndTransformResultsToJestFormat (C:\Users\kyrian\Documents\Taller-Ocampos\frontend\node_modules\jest-circus\build\jestAdapterInit.js:1917:21)
        at jestAdapter (C:\Users\kyrian\Documents\Taller-Ocampos\frontend\node_modules\jest-circus\build\runner.js:101:19)
        at runTestInternal (C:\Users\kyrian\Documents\Taller-Ocampos\frontend\node_modules\jest-runner\build\testWorker.js:275:16)
        at runTest (C:\Users\kyrian\Documents\Taller-Ocampos\frontend\node_modules\jest-runner\build\testWorker.js:343:7)
        at Object.worker (C:\Users\kyrian\Documents\Taller-Ocampos\frontend\node_modules\jest-runner\build\testWorker.js:497:12) {
      detail: Error: Element type is invalid: expected a string (for built-in components) or a class/function (for composite components) but got: undefined. You likely forgot to export your component from the file it's defined in, or you might have mixed up default and named imports.
          at createFiberFromTypeAndProps (C:\Users\kyrian\Documents\Taller-Ocampos\frontend\node_modules\react-dom\cjs\react-dom.development.js:28478:17)
          at createFiberFromElement (C:\Users\kyrian\Documents\Taller-Ocampos\frontend\node_modules\react-dom\cjs\react-dom.development.js:28504:15)
          at reconcileSingleElement (C:\Users\kyrian\Documents\Taller-Ocampos\frontend\node_modules\react-dom\cjs\react-dom.development.js:13986:23)
          at reconcileChildFibers (C:\Users\kyrian\Documents\Taller-Ocampos\frontend\node_modules\react-dom\cjs\react-dom.development.js:14044:35)
          at reconcileChildren (C:\Users\kyrian\Documents\Taller-Ocampos\frontend\node_modules\react-dom\cjs\react-dom.development.js:19186:28)
          at updateContextProvider (C:\Users\kyrian\Documents\Taller-Ocampos\frontend\node_modules\react-dom\cjs\react-dom.development.js:21193:3)
          at beginWork (C:\Users\kyrian\Documents\Taller-Ocampos\frontend\node_modules\react-dom\cjs\react-dom.development.js:21688:14)
          at HTMLUnknownElement.callCallback (C:\Users\kyrian\Documents\Taller-Ocampos\frontend\node_modules\react-dom\cjs\react-dom.development.js:4164:14)
          at HTMLUnknownElement.callTheUserObjectsOperation (C:\Users\kyrian\Documents\Taller-Ocampos\frontend\node_modules\jsdom\lib\jsdom\living\generated\EventListener.js:26:30)
          at innerInvokeEventListeners (C:\Users\kyrian\Documents\Taller-Ocampos\frontend\node_modules\jsdom\lib\jsdom\living\events\EventTarget-impl.js:350:25)
          at invokeEventListeners (C:\Users\kyrian\Documents\Taller-Ocampos\frontend\node_modules\jsdom\lib\jsdom\living\events\EventTarget-impl.js:286:3)
          at HTMLUnknownElementImpl._dispatch (C:\Users\kyrian\Documents\Taller-Ocampos\frontend\node_modules\jsdom\lib\jsdom\living\events\EventTarget-impl.js:233:9)
          at HTMLUnknownElementImpl.dispatchEvent (C:\Users\kyrian\Documents\Taller-Ocampos\frontend\node_modules\jsdom\lib\jsdom\living\events\EventTarget-impl.js:104:17)
          at HTMLUnknownElement.dispatchEvent (C:\Users\kyrian\Documents\Taller-Ocampos\frontend\node_modules\jsdom\lib\jsdom\living\generated\EventTarget.js:241:34)
          at Object.invokeGuardedCallbackDev (C:\Users\kyrian\Documents\Taller-Ocampos\frontend\node_modules\react-dom\cjs\react-dom.development.js:4213:16)
          at invokeGuardedCallback (C:\Users\kyrian\Documents\Taller-Ocampos\frontend\node_modules\react-dom\cjs\react-dom.development.js:4277:31)
          at beginWork$1 (C:\Users\kyrian\Documents\Taller-Ocampos\frontend\node_modules\react-dom\cjs\react-dom.development.js:27490:7)
          at performUnitOfWork (C:\Users\kyrian\Documents\Taller-Ocampos\frontend\node_modules\react-dom\cjs\react-dom.development.js:26599:12)
          at workLoopSync (C:\Users\kyrian\Documents\Taller-Ocampos\frontend\node_modules\react-dom\cjs\react-dom.development.js:26505:5)
          at renderRootSync (C:\Users\kyrian\Documents\Taller-Ocampos\frontend\node_modules\react-dom\cjs\react-dom.development.js:26473:7)
          at performConcurrentWorkOnRoot (C:\Users\kyrian\Documents\Taller-Ocampos\frontend\node_modules\react-dom\cjs\react-dom.development.js:25777:74)
          at flushActQueue (C:\Users\kyrian\Documents\Taller-Ocampos\frontend\node_modules\react\cjs\react.development.js:2667:24)
          at act (C:\Users\kyrian\Documents\Taller-Ocampos\frontend\node_modules\react\cjs\react.development.js:2582:11)
          at C:\Users\kyrian\Documents\Taller-Ocampos\frontend\node_modules\@testing-library\react\dist\act-compat.js:47:25
          at renderRoot (C:\Users\kyrian\Documents\Taller-Ocampos\frontend\node_modules\@testing-library\react\dist\pure.js:190:26)
          at render (C:\Users\kyrian\Documents\Taller-Ocampos\frontend\node_modules\@testing-library\react\dist\pure.js:292:10)
          at customRender (C:\Users\kyrian\Documents\Taller-Ocampos\frontend\tests\utils\test-utils.tsx:38:16)
          at Object.<anonymous> (C:\Users\kyrian\Documents\Taller-Ocampos\frontend\src\components\layout\DashboardLayout.test.tsx:95:11)
          at Promise.finally.completed (C:\Users\kyrian\Documents\Taller-Ocampos\frontend\node_modules\jest-circus\build\jestAdapterInit.js:1556:28)
          at new Promise (<anonymous>)
          at callAsyncCircusFn (C:\Users\kyrian\Documents\Taller-Ocampos\frontend\node_modules\jest-circus\build\jestAdapterInit.js:1496:10)
          at _callCircusTest (C:\Users\kyrian\Documents\Taller-Ocampos\frontend\node_modules\jest-circus\build\jestAdapterInit.js:1006:40)
          at processTicksAndRejections (node:internal/process/task_queues:105:5)
          at _runTest (C:\Users\kyrian\Documents\Taller-Ocampos\frontend\node_modules\jest-circus\build\jestAdapterInit.js:946:3)
          at _runTestsForDescribeBlock (C:\Users\kyrian\Documents\Taller-Ocampos\frontend\node_modules\jest-circus\build\jestAdapterInit.js:839:13)
          at _runTestsForDescribeBlock (C:\Users\kyrian\Documents\Taller-Ocampos\frontend\node_modules\jest-circus\build\jestAdapterInit.js:829:11)
          at run (C:\Users\kyrian\Documents\Taller-Ocampos\frontend\node_modules\jest-circus\build\jestAdapterInit.js:757:3)
          at runAndTransformResultsToJestFormat (C:\Users\kyrian\Documents\Taller-Ocampos\frontend\node_modules\jest-circus\build\jestAdapterInit.js:1917:21)
          at jestAdapter (C:\Users\kyrian\Documents\Taller-Ocampos\frontend\node_modules\jest-circus\build\runner.js:101:19)
          at runTestInternal (C:\Users\kyrian\Documents\Taller-Ocampos\frontend\node_modules\jest-runner\build\testWorker.js:275:16)
          at runTest (C:\Users\kyrian\Documents\Taller-Ocampos\frontend\node_modules\jest-runner\build\testWorker.js:343:7)
          at Object.worker (C:\Users\kyrian\Documents\Taller-Ocampos\frontend\node_modules\jest-runner\build\testWorker.js:497:12),
      type: 'unhandled exception'
    }

    [0m [90m 73 |[39m       [36mreturn[39m
     [90m 74 |[39m     }
    [31m[1m>[22m[39m[90m 75 |[39m     originalError[33m.[39mcall(console[33m,[39m [33m...[39margs)
     [90m    |[39m                   [31m[1m^[22m[39m
     [90m 76 |[39m   }
     [90m 77 |[39m })
     [90m 78 |[39m[0m

      at console.call [as error] (jest.setup.js:75:19)
      at VirtualConsole.<anonymous> (node_modules/@jest/environment-jsdom-abstract/build/index.js:78:23)
      at reportException (node_modules/jsdom/lib/jsdom/living/helpers/runtime-script-errors.js:70:28)
      at innerInvokeEventListeners (node_modules/jsdom/lib/jsdom/living/events/EventTarget-impl.js:353:9)
      at invokeEventListeners (node_modules/jsdom/lib/jsdom/living/events/EventTarget-impl.js:286:3)
      at HTMLUnknownElementImpl._dispatch (node_modules/jsdom/lib/jsdom/living/events/EventTarget-impl.js:233:9)
      at HTMLUnknownElementImpl.dispatchEvent (node_modules/jsdom/lib/jsdom/living/events/EventTarget-impl.js:104:17)
      at HTMLUnknownElement.dispatchEvent (node_modules/jsdom/lib/jsdom/living/generated/EventTarget.js:241:34)
      at Object.invokeGuardedCallbackDev (node_modules/react-dom/cjs/react-dom.development.js:4213:16)
      at invokeGuardedCallback (node_modules/react-dom/cjs/react-dom.development.js:4277:31)
      at beginWork$1 (node_modules/react-dom/cjs/react-dom.development.js:27490:7)
      at performUnitOfWork (node_modules/react-dom/cjs/react-dom.development.js:26599:12)
      at workLoopSync (node_modules/react-dom/cjs/react-dom.development.js:26505:5)
      at renderRootSync (node_modules/react-dom/cjs/react-dom.development.js:26473:7)
      at performConcurrentWorkOnRoot (node_modules/react-dom/cjs/react-dom.development.js:25777:74)
      at flushActQueue (node_modules/react/cjs/react.development.js:2667:24)
      at act (node_modules/react/cjs/react.development.js:2582:11)
      at node_modules/@testing-library/react/dist/act-compat.js:47:25
      at renderRoot (node_modules/@testing-library/react/dist/pure.js:190:26)
      at render (node_modules/@testing-library/react/dist/pure.js:292:10)
      at customRender (tests/utils/test-utils.tsx:38:16)
      at Object.<anonymous> (src/components/layout/DashboardLayout.test.tsx:95:11)

  console.error
    Error: Uncaught [Error: Element type is invalid: expected a string (for built-in components) or a class/function (for composite components) but got: undefined. You likely forgot to export your component from the file it's defined in, or you might have mixed up default and named imports.]
        at reportException (C:\Users\kyrian\Documents\Taller-Ocampos\frontend\node_modules\jsdom\lib\jsdom\living\helpers\runtime-script-errors.js:66:24)
        at innerInvokeEventListeners (C:\Users\kyrian\Documents\Taller-Ocampos\frontend\node_modules\jsdom\lib\jsdom\living\events\EventTarget-impl.js:353:9)
        at invokeEventListeners (C:\Users\kyrian\Documents\Taller-Ocampos\frontend\node_modules\jsdom\lib\jsdom\living\events\EventTarget-impl.js:286:3)
        at HTMLUnknownElementImpl._dispatch (C:\Users\kyrian\Documents\Taller-Ocampos\frontend\node_modules\jsdom\lib\jsdom\living\events\EventTarget-impl.js:233:9)
        at HTMLUnknownElementImpl.dispatchEvent (C:\Users\kyrian\Documents\Taller-Ocampos\frontend\node_modules\jsdom\lib\jsdom\living\events\EventTarget-impl.js:104:17)
        at HTMLUnknownElement.dispatchEvent (C:\Users\kyrian\Documents\Taller-Ocampos\frontend\node_modules\jsdom\lib\jsdom\living\generated\EventTarget.js:241:34)
        at Object.invokeGuardedCallbackDev (C:\Users\kyrian\Documents\Taller-Ocampos\frontend\node_modules\react-dom\cjs\react-dom.development.js:4213:16)
        at invokeGuardedCallback (C:\Users\kyrian\Documents\Taller-Ocampos\frontend\node_modules\react-dom\cjs\react-dom.development.js:4277:31)
        at beginWork$1 (C:\Users\kyrian\Documents\Taller-Ocampos\frontend\node_modules\react-dom\cjs\react-dom.development.js:27490:7)
        at performUnitOfWork (C:\Users\kyrian\Documents\Taller-Ocampos\frontend\node_modules\react-dom\cjs\react-dom.development.js:26599:12)
        at workLoopSync (C:\Users\kyrian\Documents\Taller-Ocampos\frontend\node_modules\react-dom\cjs\react-dom.development.js:26505:5)
        at renderRootSync (C:\Users\kyrian\Documents\Taller-Ocampos\frontend\node_modules\react-dom\cjs\react-dom.development.js:26473:7)
        at recoverFromConcurrentError (C:\Users\kyrian\Documents\Taller-Ocampos\frontend\node_modules\react-dom\cjs\react-dom.development.js:25889:20)
        at performConcurrentWorkOnRoot (C:\Users\kyrian\Documents\Taller-Ocampos\frontend\node_modules\react-dom\cjs\react-dom.development.js:25789:22)
        at flushActQueue (C:\Users\kyrian\Documents\Taller-Ocampos\frontend\node_modules\react\cjs\react.development.js:2667:24)
        at act (C:\Users\kyrian\Documents\Taller-Ocampos\frontend\node_modules\react\cjs\react.development.js:2582:11)
        at C:\Users\kyrian\Documents\Taller-Ocampos\frontend\node_modules\@testing-library\react\dist\act-compat.js:47:25
        at renderRoot (C:\Users\kyrian\Documents\Taller-Ocampos\frontend\node_modules\@testing-library\react\dist\pure.js:190:26)
        at render (C:\Users\kyrian\Documents\Taller-Ocampos\frontend\node_modules\@testing-library\react\dist\pure.js:292:10)
        at customRender (C:\Users\kyrian\Documents\Taller-Ocampos\frontend\tests\utils\test-utils.tsx:38:16)
        at Object.<anonymous> (C:\Users\kyrian\Documents\Taller-Ocampos\frontend\src\components\layout\DashboardLayout.test.tsx:95:11)
        at Promise.finally.completed (C:\Users\kyrian\Documents\Taller-Ocampos\frontend\node_modules\jest-circus\build\jestAdapterInit.js:1556:28)
        at new Promise (<anonymous>)
        at callAsyncCircusFn (C:\Users\kyrian\Documents\Taller-Ocampos\frontend\node_modules\jest-circus\build\jestAdapterInit.js:1496:10)
        at _callCircusTest (C:\Users\kyrian\Documents\Taller-Ocampos\frontend\node_modules\jest-circus\build\jestAdapterInit.js:1006:40)
        at processTicksAndRejections (node:internal/process/task_queues:105:5)
        at _runTest (C:\Users\kyrian\Documents\Taller-Ocampos\frontend\node_modules\jest-circus\build\jestAdapterInit.js:946:3)
        at _runTestsForDescribeBlock (C:\Users\kyrian\Documents\Taller-Ocampos\frontend\node_modules\jest-circus\build\jestAdapterInit.js:839:13)
        at _runTestsForDescribeBlock (C:\Users\kyrian\Documents\Taller-Ocampos\frontend\node_modules\jest-circus\build\jestAdapterInit.js:829:11)
        at run (C:\Users\kyrian\Documents\Taller-Ocampos\frontend\node_modules\jest-circus\build\jestAdapterInit.js:757:3)
        at runAndTransformResultsToJestFormat (C:\Users\kyrian\Documents\Taller-Ocampos\frontend\node_modules\jest-circus\build\jestAdapterInit.js:1917:21)
        at jestAdapter (C:\Users\kyrian\Documents\Taller-Ocampos\frontend\node_modules\jest-circus\build\runner.js:101:19)
        at runTestInternal (C:\Users\kyrian\Documents\Taller-Ocampos\frontend\node_modules\jest-runner\build\testWorker.js:275:16)
        at runTest (C:\Users\kyrian\Documents\Taller-Ocampos\frontend\node_modules\jest-runner\build\testWorker.js:343:7)
        at Object.worker (C:\Users\kyrian\Documents\Taller-Ocampos\frontend\node_modules\jest-runner\build\testWorker.js:497:12) {
      detail: Error: Element type is invalid: expected a string (for built-in components) or a class/function (for composite components) but got: undefined. You likely forgot to export your component from the file it's defined in, or you might have mixed up default and named imports.
          at createFiberFromTypeAndProps (C:\Users\kyrian\Documents\Taller-Ocampos\frontend\node_modules\react-dom\cjs\react-dom.development.js:28478:17)
          at createFiberFromElement (C:\Users\kyrian\Documents\Taller-Ocampos\frontend\node_modules\react-dom\cjs\react-dom.development.js:28504:15)
          at reconcileSingleElement (C:\Users\kyrian\Documents\Taller-Ocampos\frontend\node_modules\react-dom\cjs\react-dom.development.js:13986:23)
          at reconcileChildFibers (C:\Users\kyrian\Documents\Taller-Ocampos\frontend\node_modules\react-dom\cjs\react-dom.development.js:14044:35)
          at reconcileChildren (C:\Users\kyrian\Documents\Taller-Ocampos\frontend\node_modules\react-dom\cjs\react-dom.development.js:19186:28)
          at updateContextProvider (C:\Users\kyrian\Documents\Taller-Ocampos\frontend\node_modules\react-dom\cjs\react-dom.development.js:21193:3)
          at beginWork (C:\Users\kyrian\Documents\Taller-Ocampos\frontend\node_modules\react-dom\cjs\react-dom.development.js:21688:14)
          at HTMLUnknownElement.callCallback (C:\Users\kyrian\Documents\Taller-Ocampos\frontend\node_modules\react-dom\cjs\react-dom.development.js:4164:14)
          at HTMLUnknownElement.callTheUserObjectsOperation (C:\Users\kyrian\Documents\Taller-Ocampos\frontend\node_modules\jsdom\lib\jsdom\living\generated\EventListener.js:26:30)
          at innerInvokeEventListeners (C:\Users\kyrian\Documents\Taller-Ocampos\frontend\node_modules\jsdom\lib\jsdom\living\events\EventTarget-impl.js:350:25)
          at invokeEventListeners (C:\Users\kyrian\Documents\Taller-Ocampos\frontend\node_modules\jsdom\lib\jsdom\living\events\EventTarget-impl.js:286:3)
          at HTMLUnknownElementImpl._dispatch (C:\Users\kyrian\Documents\Taller-Ocampos\frontend\node_modules\jsdom\lib\jsdom\living\events\EventTarget-impl.js:233:9)
          at HTMLUnknownElementImpl.dispatchEvent (C:\Users\kyrian\Documents\Taller-Ocampos\frontend\node_modules\jsdom\lib\jsdom\living\events\EventTarget-impl.js:104:17)
          at HTMLUnknownElement.dispatchEvent (C:\Users\kyrian\Documents\Taller-Ocampos\frontend\node_modules\jsdom\lib\jsdom\living\generated\EventTarget.js:241:34)
          at Object.invokeGuardedCallbackDev (C:\Users\kyrian\Documents\Taller-Ocampos\frontend\node_modules\react-dom\cjs\react-dom.development.js:4213:16)
          at invokeGuardedCallback (C:\Users\kyrian\Documents\Taller-Ocampos\frontend\node_modules\react-dom\cjs\react-dom.development.js:4277:31)
          at beginWork$1 (C:\Users\kyrian\Documents\Taller-Ocampos\frontend\node_modules\react-dom\cjs\react-dom.development.js:27490:7)
          at performUnitOfWork (C:\Users\kyrian\Documents\Taller-Ocampos\frontend\node_modules\react-dom\cjs\react-dom.development.js:26599:12)
          at workLoopSync (C:\Users\kyrian\Documents\Taller-Ocampos\frontend\node_modules\react-dom\cjs\react-dom.development.js:26505:5)
          at renderRootSync (C:\Users\kyrian\Documents\Taller-Ocampos\frontend\node_modules\react-dom\cjs\react-dom.development.js:26473:7)
          at recoverFromConcurrentError (C:\Users\kyrian\Documents\Taller-Ocampos\frontend\node_modules\react-dom\cjs\react-dom.development.js:25889:20)
          at performConcurrentWorkOnRoot (C:\Users\kyrian\Documents\Taller-Ocampos\frontend\node_modules\react-dom\cjs\react-dom.development.js:25789:22)
          at flushActQueue (C:\Users\kyrian\Documents\Taller-Ocampos\frontend\node_modules\react\cjs\react.development.js:2667:24)
          at act (C:\Users\kyrian\Documents\Taller-Ocampos\frontend\node_modules\react\cjs\react.development.js:2582:11)
          at C:\Users\kyrian\Documents\Taller-Ocampos\frontend\node_modules\@testing-library\react\dist\act-compat.js:47:25
          at renderRoot (C:\Users\kyrian\Documents\Taller-Ocampos\frontend\node_modules\@testing-library\react\dist\pure.js:190:26)
          at render (C:\Users\kyrian\Documents\Taller-Ocampos\frontend\node_modules\@testing-library\react\dist\pure.js:292:10)
          at customRender (C:\Users\kyrian\Documents\Taller-Ocampos\frontend\tests\utils\test-utils.tsx:38:16)
          at Object.<anonymous> (C:\Users\kyrian\Documents\Taller-Ocampos\frontend\src\components\layout\DashboardLayout.test.tsx:95:11)
          at Promise.finally.completed (C:\Users\kyrian\Documents\Taller-Ocampos\frontend\node_modules\jest-circus\build\jestAdapterInit.js:1556:28)
          at new Promise (<anonymous>)
          at callAsyncCircusFn (C:\Users\kyrian\Documents\Taller-Ocampos\frontend\node_modules\jest-circus\build\jestAdapterInit.js:1496:10)
          at _callCircusTest (C:\Users\kyrian\Documents\Taller-Ocampos\frontend\node_modules\jest-circus\build\jestAdapterInit.js:1006:40)
          at processTicksAndRejections (node:internal/process/task_queues:105:5)
          at _runTest (C:\Users\kyrian\Documents\Taller-Ocampos\frontend\node_modules\jest-circus\build\jestAdapterInit.js:946:3)
          at _runTestsForDescribeBlock (C:\Users\kyrian\Documents\Taller-Ocampos\frontend\node_modules\jest-circus\build\jestAdapterInit.js:839:13)
          at _runTestsForDescribeBlock (C:\Users\kyrian\Documents\Taller-Ocampos\frontend\node_modules\jest-circus\build\jestAdapterInit.js:829:11)
          at run (C:\Users\kyrian\Documents\Taller-Ocampos\frontend\node_modules\jest-circus\build\jestAdapterInit.js:757:3)
          at runAndTransformResultsToJestFormat (C:\Users\kyrian\Documents\Taller-Ocampos\frontend\node_modules\jest-circus\build\jestAdapterInit.js:1917:21)
          at jestAdapter (C:\Users\kyrian\Documents\Taller-Ocampos\frontend\node_modules\jest-circus\build\runner.js:101:19)
          at runTestInternal (C:\Users\kyrian\Documents\Taller-Ocampos\frontend\node_modules\jest-runner\build\testWorker.js:275:16)
          at runTest (C:\Users\kyrian\Documents\Taller-Ocampos\frontend\node_modules\jest-runner\build\testWorker.js:343:7)
          at Object.worker (C:\Users\kyrian\Documents\Taller-Ocampos\frontend\node_modules\jest-runner\build\testWorker.js:497:12),
      type: 'unhandled exception'
    }

    [0m [90m 73 |[39m       [36mreturn[39m
     [90m 74 |[39m     }
    [31m[1m>[22m[39m[90m 75 |[39m     originalError[33m.[39mcall(console[33m,[39m [33m...[39margs)
     [90m    |[39m                   [31m[1m^[22m[39m
     [90m 76 |[39m   }
     [90m 77 |[39m })
     [90m 78 |[39m[0m

      at console.call [as error] (jest.setup.js:75:19)
      at VirtualConsole.<anonymous> (node_modules/@jest/environment-jsdom-abstract/build/index.js:78:23)
      at reportException (node_modules/jsdom/lib/jsdom/living/helpers/runtime-script-errors.js:70:28)
      at innerInvokeEventListeners (node_modules/jsdom/lib/jsdom/living/events/EventTarget-impl.js:353:9)
      at invokeEventListeners (node_modules/jsdom/lib/jsdom/living/events/EventTarget-impl.js:286:3)
      at HTMLUnknownElementImpl._dispatch (node_modules/jsdom/lib/jsdom/living/events/EventTarget-impl.js:233:9)
      at HTMLUnknownElementImpl.dispatchEvent (node_modules/jsdom/lib/jsdom/living/events/EventTarget-impl.js:104:17)
      at HTMLUnknownElement.dispatchEvent (node_modules/jsdom/lib/jsdom/living/generated/EventTarget.js:241:34)
      at Object.invokeGuardedCallbackDev (node_modules/react-dom/cjs/react-dom.development.js:4213:16)
      at invokeGuardedCallback (node_modules/react-dom/cjs/react-dom.development.js:4277:31)
      at beginWork$1 (node_modules/react-dom/cjs/react-dom.development.js:27490:7)
      at performUnitOfWork (node_modules/react-dom/cjs/react-dom.development.js:26599:12)
      at workLoopSync (node_modules/react-dom/cjs/react-dom.development.js:26505:5)
      at renderRootSync (node_modules/react-dom/cjs/react-dom.development.js:26473:7)
      at recoverFromConcurrentError (node_modules/react-dom/cjs/react-dom.development.js:25889:20)
      at performConcurrentWorkOnRoot (node_modules/react-dom/cjs/react-dom.development.js:25789:22)
      at flushActQueue (node_modules/react/cjs/react.development.js:2667:24)
      at act (node_modules/react/cjs/react.development.js:2582:11)
      at node_modules/@testing-library/react/dist/act-compat.js:47:25
      at renderRoot (node_modules/@testing-library/react/dist/pure.js:190:26)
      at render (node_modules/@testing-library/react/dist/pure.js:292:10)
      at customRender (tests/utils/test-utils.tsx:38:16)
      at Object.<anonymous> (src/components/layout/DashboardLayout.test.tsx:95:11)

  console.error
    The above error occurred in the <Context.Provider> component:
    
        at QueryClientProvider (C:\Users\kyrian\Documents\Taller-Ocampos\frontend\node_modules\@tanstack\react-query\src\QueryClientProvider.tsx:30:3)
        at children (C:\Users\kyrian\Documents\Taller-Ocampos\frontend\tests\utils\test-utils.tsx:23:28)
    
    Consider adding an error boundary to your tree to customize error handling behavior.
    Visit https://reactjs.org/link/error-boundaries to learn more about error boundaries.

    [0m [90m 73 |[39m       [36mreturn[39m
     [90m 74 |[39m     }
    [31m[1m>[22m[39m[90m 75 |[39m     originalError[33m.[39mcall(console[33m,[39m [33m...[39margs)
     [90m    |[39m                   [31m[1m^[22m[39m
     [90m 76 |[39m   }
     [90m 77 |[39m })
     [90m 78 |[39m[0m

      at console.call [as error] (jest.setup.js:75:19)
      at logCapturedError (node_modules/react-dom/cjs/react-dom.development.js:18704:23)
      at update.callback (node_modules/react-dom/cjs/react-dom.development.js:18737:5)
      at callCallback (node_modules/react-dom/cjs/react-dom.development.js:15036:12)
      at commitUpdateQueue (node_modules/react-dom/cjs/react-dom.development.js:15057:9)
      at commitLayoutEffectOnFiber (node_modules/react-dom/cjs/react-dom.development.js:23430:13)
      at commitLayoutMountEffects_complete (node_modules/react-dom/cjs/react-dom.development.js:24727:9)
      at commitLayoutEffects_begin (node_modules/react-dom/cjs/react-dom.development.js:24713:7)
      at commitLayoutEffects (node_modules/react-dom/cjs/react-dom.development.js:24651:3)
      at commitRootImpl (node_modules/react-dom/cjs/react-dom.development.js:26862:5)
      at commitRoot (node_modules/react-dom/cjs/react-dom.development.js:26721:5)
      at finishConcurrentRender (node_modules/react-dom/cjs/react-dom.development.js:25931:9)
      at performConcurrentWorkOnRoot (node_modules/react-dom/cjs/react-dom.development.js:25848:7)
      at flushActQueue (node_modules/react/cjs/react.development.js:2667:24)
      at act (node_modules/react/cjs/react.development.js:2582:11)
      at node_modules/@testing-library/react/dist/act-compat.js:47:25
      at renderRoot (node_modules/@testing-library/react/dist/pure.js:190:26)
      at render (node_modules/@testing-library/react/dist/pure.js:292:10)
      at customRender (tests/utils/test-utils.tsx:38:16)
      at Object.<anonymous> (src/components/layout/DashboardLayout.test.tsx:95:11)

  console.error
    Warning: React.jsx: type is invalid -- expected a string (for built-in components) or a class/function (for composite components) but got: undefined. You likely forgot to export your component from the file it's defined in, or you might have mixed up default and named imports.

    [0m [90m 73 |[39m       [36mreturn[39m
     [90m 74 |[39m     }
    [31m[1m>[22m[39m[90m 75 |[39m     originalError[33m.[39mcall(console[33m,[39m [33m...[39margs)
     [90m    |[39m                   [31m[1m^[22m[39m
     [90m 76 |[39m   }
     [90m 77 |[39m })
     [90m 78 |[39m[0m

      at console.call [as error] (jest.setup.js:75:19)
      at printWarning (node_modules/react/cjs/react-jsx-runtime.development.js:87:30)
      at error (node_modules/react/cjs/react-jsx-runtime.development.js:61:7)
      at jsxWithValidation (node_modules/react/cjs/react-jsx-runtime.development.js:1245:7)
      at jsxWithValidationDynamic (node_modules/react/cjs/react-jsx-runtime.development.js:1320:12)
      at Object.<anonymous> (src/components/layout/DashboardLayout.test.tsx:110:12)

  console.error
    Error: Uncaught [Error: Element type is invalid: expected a string (for built-in components) or a class/function (for composite components) but got: undefined. You likely forgot to export your component from the file it's defined in, or you might have mixed up default and named imports.]
        at reportException (C:\Users\kyrian\Documents\Taller-Ocampos\frontend\node_modules\jsdom\lib\jsdom\living\helpers\runtime-script-errors.js:66:24)
        at innerInvokeEventListeners (C:\Users\kyrian\Documents\Taller-Ocampos\frontend\node_modules\jsdom\lib\jsdom\living\events\EventTarget-impl.js:353:9)
        at invokeEventListeners (C:\Users\kyrian\Documents\Taller-Ocampos\frontend\node_modules\jsdom\lib\jsdom\living\events\EventTarget-impl.js:286:3)
        at HTMLUnknownElementImpl._dispatch (C:\Users\kyrian\Documents\Taller-Ocampos\frontend\node_modules\jsdom\lib\jsdom\living\events\EventTarget-impl.js:233:9)
        at HTMLUnknownElementImpl.dispatchEvent (C:\Users\kyrian\Documents\Taller-Ocampos\frontend\node_modules\jsdom\lib\jsdom\living\events\EventTarget-impl.js:104:17)
        at HTMLUnknownElement.dispatchEvent (C:\Users\kyrian\Documents\Taller-Ocampos\frontend\node_modules\jsdom\lib\jsdom\living\generated\EventTarget.js:241:34)
        at Object.invokeGuardedCallbackDev (C:\Users\kyrian\Documents\Taller-Ocampos\frontend\node_modules\react-dom\cjs\react-dom.development.js:4213:16)
        at invokeGuardedCallback (C:\Users\kyrian\Documents\Taller-Ocampos\frontend\node_modules\react-dom\cjs\react-dom.development.js:4277:31)
        at beginWork$1 (C:\Users\kyrian\Documents\Taller-Ocampos\frontend\node_modules\react-dom\cjs\react-dom.development.js:27490:7)
        at performUnitOfWork (C:\Users\kyrian\Documents\Taller-Ocampos\frontend\node_modules\react-dom\cjs\react-dom.development.js:26599:12)
        at workLoopSync (C:\Users\kyrian\Documents\Taller-Ocampos\frontend\node_modules\react-dom\cjs\react-dom.development.js:26505:5)
        at renderRootSync (C:\Users\kyrian\Documents\Taller-Ocampos\frontend\node_modules\react-dom\cjs\react-dom.development.js:26473:7)
        at performConcurrentWorkOnRoot (C:\Users\kyrian\Documents\Taller-Ocampos\frontend\node_modules\react-dom\cjs\react-dom.development.js:25777:74)
        at flushActQueue (C:\Users\kyrian\Documents\Taller-Ocampos\frontend\node_modules\react\cjs\react.development.js:2667:24)
        at act (C:\Users\kyrian\Documents\Taller-Ocampos\frontend\node_modules\react\cjs\react.development.js:2582:11)
        at C:\Users\kyrian\Documents\Taller-Ocampos\frontend\node_modules\@testing-library\react\dist\act-compat.js:47:25
        at renderRoot (C:\Users\kyrian\Documents\Taller-Ocampos\frontend\node_modules\@testing-library\react\dist\pure.js:190:26)
        at render (C:\Users\kyrian\Documents\Taller-Ocampos\frontend\node_modules\@testing-library\react\dist\pure.js:292:10)
        at customRender (C:\Users\kyrian\Documents\Taller-Ocampos\frontend\tests\utils\test-utils.tsx:38:16)
        at Object.<anonymous> (C:\Users\kyrian\Documents\Taller-Ocampos\frontend\src\components\layout\DashboardLayout.test.tsx:110:11)
        at Promise.finally.completed (C:\Users\kyrian\Documents\Taller-Ocampos\frontend\node_modules\jest-circus\build\jestAdapterInit.js:1556:28)
        at new Promise (<anonymous>)
        at callAsyncCircusFn (C:\Users\kyrian\Documents\Taller-Ocampos\frontend\node_modules\jest-circus\build\jestAdapterInit.js:1496:10)
        at _callCircusTest (C:\Users\kyrian\Documents\Taller-Ocampos\frontend\node_modules\jest-circus\build\jestAdapterInit.js:1006:40)
        at processTicksAndRejections (node:internal/process/task_queues:105:5)
        at _runTest (C:\Users\kyrian\Documents\Taller-Ocampos\frontend\node_modules\jest-circus\build\jestAdapterInit.js:946:3)
        at _runTestsForDescribeBlock (C:\Users\kyrian\Documents\Taller-Ocampos\frontend\node_modules\jest-circus\build\jestAdapterInit.js:839:13)
        at _runTestsForDescribeBlock (C:\Users\kyrian\Documents\Taller-Ocampos\frontend\node_modules\jest-circus\build\jestAdapterInit.js:829:11)
        at run (C:\Users\kyrian\Documents\Taller-Ocampos\frontend\node_modules\jest-circus\build\jestAdapterInit.js:757:3)
        at runAndTransformResultsToJestFormat (C:\Users\kyrian\Documents\Taller-Ocampos\frontend\node_modules\jest-circus\build\jestAdapterInit.js:1917:21)
        at jestAdapter (C:\Users\kyrian\Documents\Taller-Ocampos\frontend\node_modules\jest-circus\build\runner.js:101:19)
        at runTestInternal (C:\Users\kyrian\Documents\Taller-Ocampos\frontend\node_modules\jest-runner\build\testWorker.js:275:16)
        at runTest (C:\Users\kyrian\Documents\Taller-Ocampos\frontend\node_modules\jest-runner\build\testWorker.js:343:7)
        at Object.worker (C:\Users\kyrian\Documents\Taller-Ocampos\frontend\node_modules\jest-runner\build\testWorker.js:497:12) {
      detail: Error: Element type is invalid: expected a string (for built-in components) or a class/function (for composite components) but got: undefined. You likely forgot to export your component from the file it's defined in, or you might have mixed up default and named imports.
          at createFiberFromTypeAndProps (C:\Users\kyrian\Documents\Taller-Ocampos\frontend\node_modules\react-dom\cjs\react-dom.development.js:28478:17)
          at createFiberFromElement (C:\Users\kyrian\Documents\Taller-Ocampos\frontend\node_modules\react-dom\cjs\react-dom.development.js:28504:15)
          at reconcileSingleElement (C:\Users\kyrian\Documents\Taller-Ocampos\frontend\node_modules\react-dom\cjs\react-dom.development.js:13986:23)
          at reconcileChildFibers (C:\Users\kyrian\Documents\Taller-Ocampos\frontend\node_modules\react-dom\cjs\react-dom.development.js:14044:35)
          at reconcileChildren (C:\Users\kyrian\Documents\Taller-Ocampos\frontend\node_modules\react-dom\cjs\react-dom.development.js:19186:28)
          at updateContextProvider (C:\Users\kyrian\Documents\Taller-Ocampos\frontend\node_modules\react-dom\cjs\react-dom.development.js:21193:3)
          at beginWork (C:\Users\kyrian\Documents\Taller-Ocampos\frontend\node_modules\react-dom\cjs\react-dom.development.js:21688:14)
          at HTMLUnknownElement.callCallback (C:\Users\kyrian\Documents\Taller-Ocampos\frontend\node_modules\react-dom\cjs\react-dom.development.js:4164:14)
          at HTMLUnknownElement.callTheUserObjectsOperation (C:\Users\kyrian\Documents\Taller-Ocampos\frontend\node_modules\jsdom\lib\jsdom\living\generated\EventListener.js:26:30)
          at innerInvokeEventListeners (C:\Users\kyrian\Documents\Taller-Ocampos\frontend\node_modules\jsdom\lib\jsdom\living\events\EventTarget-impl.js:350:25)
          at invokeEventListeners (C:\Users\kyrian\Documents\Taller-Ocampos\frontend\node_modules\jsdom\lib\jsdom\living\events\EventTarget-impl.js:286:3)
          at HTMLUnknownElementImpl._dispatch (C:\Users\kyrian\Documents\Taller-Ocampos\frontend\node_modules\jsdom\lib\jsdom\living\events\EventTarget-impl.js:233:9)
          at HTMLUnknownElementImpl.dispatchEvent (C:\Users\kyrian\Documents\Taller-Ocampos\frontend\node_modules\jsdom\lib\jsdom\living\events\EventTarget-impl.js:104:17)
          at HTMLUnknownElement.dispatchEvent (C:\Users\kyrian\Documents\Taller-Ocampos\frontend\node_modules\jsdom\lib\jsdom\living\generated\EventTarget.js:241:34)
          at Object.invokeGuardedCallbackDev (C:\Users\kyrian\Documents\Taller-Ocampos\frontend\node_modules\react-dom\cjs\react-dom.development.js:4213:16)
          at invokeGuardedCallback (C:\Users\kyrian\Documents\Taller-Ocampos\frontend\node_modules\react-dom\cjs\react-dom.development.js:4277:31)
          at beginWork$1 (C:\Users\kyrian\Documents\Taller-Ocampos\frontend\node_modules\react-dom\cjs\react-dom.development.js:27490:7)
          at performUnitOfWork (C:\Users\kyrian\Documents\Taller-Ocampos\frontend\node_modules\react-dom\cjs\react-dom.development.js:26599:12)
          at workLoopSync (C:\Users\kyrian\Documents\Taller-Ocampos\frontend\node_modules\react-dom\cjs\react-dom.development.js:26505:5)
          at renderRootSync (C:\Users\kyrian\Documents\Taller-Ocampos\frontend\node_modules\react-dom\cjs\react-dom.development.js:26473:7)
          at performConcurrentWorkOnRoot (C:\Users\kyrian\Documents\Taller-Ocampos\frontend\node_modules\react-dom\cjs\react-dom.development.js:25777:74)
          at flushActQueue (C:\Users\kyrian\Documents\Taller-Ocampos\frontend\node_modules\react\cjs\react.development.js:2667:24)
          at act (C:\Users\kyrian\Documents\Taller-Ocampos\frontend\node_modules\react\cjs\react.development.js:2582:11)
          at C:\Users\kyrian\Documents\Taller-Ocampos\frontend\node_modules\@testing-library\react\dist\act-compat.js:47:25
          at renderRoot (C:\Users\kyrian\Documents\Taller-Ocampos\frontend\node_modules\@testing-library\react\dist\pure.js:190:26)
          at render (C:\Users\kyrian\Documents\Taller-Ocampos\frontend\node_modules\@testing-library\react\dist\pure.js:292:10)
          at customRender (C:\Users\kyrian\Documents\Taller-Ocampos\frontend\tests\utils\test-utils.tsx:38:16)
          at Object.<anonymous> (C:\Users\kyrian\Documents\Taller-Ocampos\frontend\src\components\layout\DashboardLayout.test.tsx:110:11)
          at Promise.finally.completed (C:\Users\kyrian\Documents\Taller-Ocampos\frontend\node_modules\jest-circus\build\jestAdapterInit.js:1556:28)
          at new Promise (<anonymous>)
          at callAsyncCircusFn (C:\Users\kyrian\Documents\Taller-Ocampos\frontend\node_modules\jest-circus\build\jestAdapterInit.js:1496:10)
          at _callCircusTest (C:\Users\kyrian\Documents\Taller-Ocampos\frontend\node_modules\jest-circus\build\jestAdapterInit.js:1006:40)
          at processTicksAndRejections (node:internal/process/task_queues:105:5)
          at _runTest (C:\Users\kyrian\Documents\Taller-Ocampos\frontend\node_modules\jest-circus\build\jestAdapterInit.js:946:3)
          at _runTestsForDescribeBlock (C:\Users\kyrian\Documents\Taller-Ocampos\frontend\node_modules\jest-circus\build\jestAdapterInit.js:839:13)
          at _runTestsForDescribeBlock (C:\Users\kyrian\Documents\Taller-Ocampos\frontend\node_modules\jest-circus\build\jestAdapterInit.js:829:11)
          at run (C:\Users\kyrian\Documents\Taller-Ocampos\frontend\node_modules\jest-circus\build\jestAdapterInit.js:757:3)
          at runAndTransformResultsToJestFormat (C:\Users\kyrian\Documents\Taller-Ocampos\frontend\node_modules\jest-circus\build\jestAdapterInit.js:1917:21)
          at jestAdapter (C:\Users\kyrian\Documents\Taller-Ocampos\frontend\node_modules\jest-circus\build\runner.js:101:19)
          at runTestInternal (C:\Users\kyrian\Documents\Taller-Ocampos\frontend\node_modules\jest-runner\build\testWorker.js:275:16)
          at runTest (C:\Users\kyrian\Documents\Taller-Ocampos\frontend\node_modules\jest-runner\build\testWorker.js:343:7)
          at Object.worker (C:\Users\kyrian\Documents\Taller-Ocampos\frontend\node_modules\jest-runner\build\testWorker.js:497:12),
      type: 'unhandled exception'
    }

    [0m [90m 73 |[39m       [36mreturn[39m
     [90m 74 |[39m     }
    [31m[1m>[22m[39m[90m 75 |[39m     originalError[33m.[39mcall(console[33m,[39m [33m...[39margs)
     [90m    |[39m                   [31m[1m^[22m[39m
     [90m 76 |[39m   }
     [90m 77 |[39m })
     [90m 78 |[39m[0m

      at console.call [as error] (jest.setup.js:75:19)
      at VirtualConsole.<anonymous> (node_modules/@jest/environment-jsdom-abstract/build/index.js:78:23)
      at reportException (node_modules/jsdom/lib/jsdom/living/helpers/runtime-script-errors.js:70:28)
      at innerInvokeEventListeners (node_modules/jsdom/lib/jsdom/living/events/EventTarget-impl.js:353:9)
      at invokeEventListeners (node_modules/jsdom/lib/jsdom/living/events/EventTarget-impl.js:286:3)
      at HTMLUnknownElementImpl._dispatch (node_modules/jsdom/lib/jsdom/living/events/EventTarget-impl.js:233:9)
      at HTMLUnknownElementImpl.dispatchEvent (node_modules/jsdom/lib/jsdom/living/events/EventTarget-impl.js:104:17)
      at HTMLUnknownElement.dispatchEvent (node_modules/jsdom/lib/jsdom/living/generated/EventTarget.js:241:34)
      at Object.invokeGuardedCallbackDev (node_modules/react-dom/cjs/react-dom.development.js:4213:16)
      at invokeGuardedCallback (node_modules/react-dom/cjs/react-dom.development.js:4277:31)
      at beginWork$1 (node_modules/react-dom/cjs/react-dom.development.js:27490:7)
      at performUnitOfWork (node_modules/react-dom/cjs/react-dom.development.js:26599:12)
      at workLoopSync (node_modules/react-dom/cjs/react-dom.development.js:26505:5)
      at renderRootSync (node_modules/react-dom/cjs/react-dom.development.js:26473:7)
      at performConcurrentWorkOnRoot (node_modules/react-dom/cjs/react-dom.development.js:25777:74)
      at flushActQueue (node_modules/react/cjs/react.development.js:2667:24)
      at act (node_modules/react/cjs/react.development.js:2582:11)
      at node_modules/@testing-library/react/dist/act-compat.js:47:25
      at renderRoot (node_modules/@testing-library/react/dist/pure.js:190:26)
      at render (node_modules/@testing-library/react/dist/pure.js:292:10)
      at customRender (tests/utils/test-utils.tsx:38:16)
      at Object.<anonymous> (src/components/layout/DashboardLayout.test.tsx:110:11)

  console.error
    Error: Uncaught [Error: Element type is invalid: expected a string (for built-in components) or a class/function (for composite components) but got: undefined. You likely forgot to export your component from the file it's defined in, or you might have mixed up default and named imports.]
        at reportException (C:\Users\kyrian\Documents\Taller-Ocampos\frontend\node_modules\jsdom\lib\jsdom\living\helpers\runtime-script-errors.js:66:24)
        at innerInvokeEventListeners (C:\Users\kyrian\Documents\Taller-Ocampos\frontend\node_modules\jsdom\lib\jsdom\living\events\EventTarget-impl.js:353:9)
        at invokeEventListeners (C:\Users\kyrian\Documents\Taller-Ocampos\frontend\node_modules\jsdom\lib\jsdom\living\events\EventTarget-impl.js:286:3)
        at HTMLUnknownElementImpl._dispatch (C:\Users\kyrian\Documents\Taller-Ocampos\frontend\node_modules\jsdom\lib\jsdom\living\events\EventTarget-impl.js:233:9)
        at HTMLUnknownElementImpl.dispatchEvent (C:\Users\kyrian\Documents\Taller-Ocampos\frontend\node_modules\jsdom\lib\jsdom\living\events\EventTarget-impl.js:104:17)
        at HTMLUnknownElement.dispatchEvent (C:\Users\kyrian\Documents\Taller-Ocampos\frontend\node_modules\jsdom\lib\jsdom\living\generated\EventTarget.js:241:34)
        at Object.invokeGuardedCallbackDev (C:\Users\kyrian\Documents\Taller-Ocampos\frontend\node_modules\react-dom\cjs\react-dom.development.js:4213:16)
        at invokeGuardedCallback (C:\Users\kyrian\Documents\Taller-Ocampos\frontend\node_modules\react-dom\cjs\react-dom.development.js:4277:31)
        at beginWork$1 (C:\Users\kyrian\Documents\Taller-Ocampos\frontend\node_modules\react-dom\cjs\react-dom.development.js:27490:7)
        at performUnitOfWork (C:\Users\kyrian\Documents\Taller-Ocampos\frontend\node_modules\react-dom\cjs\react-dom.development.js:26599:12)
        at workLoopSync (C:\Users\kyrian\Documents\Taller-Ocampos\frontend\node_modules\react-dom\cjs\react-dom.development.js:26505:5)
        at renderRootSync (C:\Users\kyrian\Documents\Taller-Ocampos\frontend\node_modules\react-dom\cjs\react-dom.development.js:26473:7)
        at recoverFromConcurrentError (C:\Users\kyrian\Documents\Taller-Ocampos\frontend\node_modules\react-dom\cjs\react-dom.development.js:25889:20)
        at performConcurrentWorkOnRoot (C:\Users\kyrian\Documents\Taller-Ocampos\frontend\node_modules\react-dom\cjs\react-dom.development.js:25789:22)
        at flushActQueue (C:\Users\kyrian\Documents\Taller-Ocampos\frontend\node_modules\react\cjs\react.development.js:2667:24)
        at act (C:\Users\kyrian\Documents\Taller-Ocampos\frontend\node_modules\react\cjs\react.development.js:2582:11)
        at C:\Users\kyrian\Documents\Taller-Ocampos\frontend\node_modules\@testing-library\react\dist\act-compat.js:47:25
        at renderRoot (C:\Users\kyrian\Documents\Taller-Ocampos\frontend\node_modules\@testing-library\react\dist\pure.js:190:26)
        at render (C:\Users\kyrian\Documents\Taller-Ocampos\frontend\node_modules\@testing-library\react\dist\pure.js:292:10)
        at customRender (C:\Users\kyrian\Documents\Taller-Ocampos\frontend\tests\utils\test-utils.tsx:38:16)
        at Object.<anonymous> (C:\Users\kyrian\Documents\Taller-Ocampos\frontend\src\components\layout\DashboardLayout.test.tsx:110:11)
        at Promise.finally.completed (C:\Users\kyrian\Documents\Taller-Ocampos\frontend\node_modules\jest-circus\build\jestAdapterInit.js:1556:28)
        at new Promise (<anonymous>)
        at callAsyncCircusFn (C:\Users\kyrian\Documents\Taller-Ocampos\frontend\node_modules\jest-circus\build\jestAdapterInit.js:1496:10)
        at _callCircusTest (C:\Users\kyrian\Documents\Taller-Ocampos\frontend\node_modules\jest-circus\build\jestAdapterInit.js:1006:40)
        at processTicksAndRejections (node:internal/process/task_queues:105:5)
        at _runTest (C:\Users\kyrian\Documents\Taller-Ocampos\frontend\node_modules\jest-circus\build\jestAdapterInit.js:946:3)
        at _runTestsForDescribeBlock (C:\Users\kyrian\Documents\Taller-Ocampos\frontend\node_modules\jest-circus\build\jestAdapterInit.js:839:13)
        at _runTestsForDescribeBlock (C:\Users\kyrian\Documents\Taller-Ocampos\frontend\node_modules\jest-circus\build\jestAdapterInit.js:829:11)
        at run (C:\Users\kyrian\Documents\Taller-Ocampos\frontend\node_modules\jest-circus\build\jestAdapterInit.js:757:3)
        at runAndTransformResultsToJestFormat (C:\Users\kyrian\Documents\Taller-Ocampos\frontend\node_modules\jest-circus\build\jestAdapterInit.js:1917:21)
        at jestAdapter (C:\Users\kyrian\Documents\Taller-Ocampos\frontend\node_modules\jest-circus\build\runner.js:101:19)
        at runTestInternal (C:\Users\kyrian\Documents\Taller-Ocampos\frontend\node_modules\jest-runner\build\testWorker.js:275:16)
        at runTest (C:\Users\kyrian\Documents\Taller-Ocampos\frontend\node_modules\jest-runner\build\testWorker.js:343:7)
        at Object.worker (C:\Users\kyrian\Documents\Taller-Ocampos\frontend\node_modules\jest-runner\build\testWorker.js:497:12) {
      detail: Error: Element type is invalid: expected a string (for built-in components) or a class/function (for composite components) but got: undefined. You likely forgot to export your component from the file it's defined in, or you might have mixed up default and named imports.
          at createFiberFromTypeAndProps (C:\Users\kyrian\Documents\Taller-Ocampos\frontend\node_modules\react-dom\cjs\react-dom.development.js:28478:17)
          at createFiberFromElement (C:\Users\kyrian\Documents\Taller-Ocampos\frontend\node_modules\react-dom\cjs\react-dom.development.js:28504:15)
          at reconcileSingleElement (C:\Users\kyrian\Documents\Taller-Ocampos\frontend\node_modules\react-dom\cjs\react-dom.development.js:13986:23)
          at reconcileChildFibers (C:\Users\kyrian\Documents\Taller-Ocampos\frontend\node_modules\react-dom\cjs\react-dom.development.js:14044:35)
          at reconcileChildren (C:\Users\kyrian\Documents\Taller-Ocampos\frontend\node_modules\react-dom\cjs\react-dom.development.js:19186:28)
          at updateContextProvider (C:\Users\kyrian\Documents\Taller-Ocampos\frontend\node_modules\react-dom\cjs\react-dom.development.js:21193:3)
          at beginWork (C:\Users\kyrian\Documents\Taller-Ocampos\frontend\node_modules\react-dom\cjs\react-dom.development.js:21688:14)
          at HTMLUnknownElement.callCallback (C:\Users\kyrian\Documents\Taller-Ocampos\frontend\node_modules\react-dom\cjs\react-dom.development.js:4164:14)
          at HTMLUnknownElement.callTheUserObjectsOperation (C:\Users\kyrian\Documents\Taller-Ocampos\frontend\node_modules\jsdom\lib\jsdom\living\generated\EventListener.js:26:30)
          at innerInvokeEventListeners (C:\Users\kyrian\Documents\Taller-Ocampos\frontend\node_modules\jsdom\lib\jsdom\living\events\EventTarget-impl.js:350:25)
          at invokeEventListeners (C:\Users\kyrian\Documents\Taller-Ocampos\frontend\node_modules\jsdom\lib\jsdom\living\events\EventTarget-impl.js:286:3)
          at HTMLUnknownElementImpl._dispatch (C:\Users\kyrian\Documents\Taller-Ocampos\frontend\node_modules\jsdom\lib\jsdom\living\events\EventTarget-impl.js:233:9)
          at HTMLUnknownElementImpl.dispatchEvent (C:\Users\kyrian\Documents\Taller-Ocampos\frontend\node_modules\jsdom\lib\jsdom\living\events\EventTarget-impl.js:104:17)
          at HTMLUnknownElement.dispatchEvent (C:\Users\kyrian\Documents\Taller-Ocampos\frontend\node_modules\jsdom\lib\jsdom\living\generated\EventTarget.js:241:34)
          at Object.invokeGuardedCallbackDev (C:\Users\kyrian\Documents\Taller-Ocampos\frontend\node_modules\react-dom\cjs\react-dom.development.js:4213:16)
          at invokeGuardedCallback (C:\Users\kyrian\Documents\Taller-Ocampos\frontend\node_modules\react-dom\cjs\react-dom.development.js:4277:31)
          at beginWork$1 (C:\Users\kyrian\Documents\Taller-Ocampos\frontend\node_modules\react-dom\cjs\react-dom.development.js:27490:7)
          at performUnitOfWork (C:\Users\kyrian\Documents\Taller-Ocampos\frontend\node_modules\react-dom\cjs\react-dom.development.js:26599:12)
          at workLoopSync (C:\Users\kyrian\Documents\Taller-Ocampos\frontend\node_modules\react-dom\cjs\react-dom.development.js:26505:5)
          at renderRootSync (C:\Users\kyrian\Documents\Taller-Ocampos\frontend\node_modules\react-dom\cjs\react-dom.development.js:26473:7)
          at recoverFromConcurrentError (C:\Users\kyrian\Documents\Taller-Ocampos\frontend\node_modules\react-dom\cjs\react-dom.development.js:25889:20)
          at performConcurrentWorkOnRoot (C:\Users\kyrian\Documents\Taller-Ocampos\frontend\node_modules\react-dom\cjs\react-dom.development.js:25789:22)
          at flushActQueue (C:\Users\kyrian\Documents\Taller-Ocampos\frontend\node_modules\react\cjs\react.development.js:2667:24)
          at act (C:\Users\kyrian\Documents\Taller-Ocampos\frontend\node_modules\react\cjs\react.development.js:2582:11)
          at C:\Users\kyrian\Documents\Taller-Ocampos\frontend\node_modules\@testing-library\react\dist\act-compat.js:47:25
          at renderRoot (C:\Users\kyrian\Documents\Taller-Ocampos\frontend\node_modules\@testing-library\react\dist\pure.js:190:26)
          at render (C:\Users\kyrian\Documents\Taller-Ocampos\frontend\node_modules\@testing-library\react\dist\pure.js:292:10)
          at customRender (C:\Users\kyrian\Documents\Taller-Ocampos\frontend\tests\utils\test-utils.tsx:38:16)
          at Object.<anonymous> (C:\Users\kyrian\Documents\Taller-Ocampos\frontend\src\components\layout\DashboardLayout.test.tsx:110:11)
          at Promise.finally.completed (C:\Users\kyrian\Documents\Taller-Ocampos\frontend\node_modules\jest-circus\build\jestAdapterInit.js:1556:28)
          at new Promise (<anonymous>)
          at callAsyncCircusFn (C:\Users\kyrian\Documents\Taller-Ocampos\frontend\node_modules\jest-circus\build\jestAdapterInit.js:1496:10)
          at _callCircusTest (C:\Users\kyrian\Documents\Taller-Ocampos\frontend\node_modules\jest-circus\build\jestAdapterInit.js:1006:40)
          at processTicksAndRejections (node:internal/process/task_queues:105:5)
          at _runTest (C:\Users\kyrian\Documents\Taller-Ocampos\frontend\node_modules\jest-circus\build\jestAdapterInit.js:946:3)
          at _runTestsForDescribeBlock (C:\Users\kyrian\Documents\Taller-Ocampos\frontend\node_modules\jest-circus\build\jestAdapterInit.js:839:13)
          at _runTestsForDescribeBlock (C:\Users\kyrian\Documents\Taller-Ocampos\frontend\node_modules\jest-circus\build\jestAdapterInit.js:829:11)
          at run (C:\Users\kyrian\Documents\Taller-Ocampos\frontend\node_modules\jest-circus\build\jestAdapterInit.js:757:3)
          at runAndTransformResultsToJestFormat (C:\Users\kyrian\Documents\Taller-Ocampos\frontend\node_modules\jest-circus\build\jestAdapterInit.js:1917:21)
          at jestAdapter (C:\Users\kyrian\Documents\Taller-Ocampos\frontend\node_modules\jest-circus\build\runner.js:101:19)
          at runTestInternal (C:\Users\kyrian\Documents\Taller-Ocampos\frontend\node_modules\jest-runner\build\testWorker.js:275:16)
          at runTest (C:\Users\kyrian\Documents\Taller-Ocampos\frontend\node_modules\jest-runner\build\testWorker.js:343:7)
          at Object.worker (C:\Users\kyrian\Documents\Taller-Ocampos\frontend\node_modules\jest-runner\build\testWorker.js:497:12),
      type: 'unhandled exception'
    }

    [0m [90m 73 |[39m       [36mreturn[39m
     [90m 74 |[39m     }
    [31m[1m>[22m[39m[90m 75 |[39m     originalError[33m.[39mcall(console[33m,[39m [33m...[39margs)
     [90m    |[39m                   [31m[1m^[22m[39m
     [90m 76 |[39m   }
     [90m 77 |[39m })
     [90m 78 |[39m[0m

      at console.call [as error] (jest.setup.js:75:19)
      at VirtualConsole.<anonymous> (node_modules/@jest/environment-jsdom-abstract/build/index.js:78:23)
      at reportException (node_modules/jsdom/lib/jsdom/living/helpers/runtime-script-errors.js:70:28)
      at innerInvokeEventListeners (node_modules/jsdom/lib/jsdom/living/events/EventTarget-impl.js:353:9)
      at invokeEventListeners (node_modules/jsdom/lib/jsdom/living/events/EventTarget-impl.js:286:3)
      at HTMLUnknownElementImpl._dispatch (node_modules/jsdom/lib/jsdom/living/events/EventTarget-impl.js:233:9)
      at HTMLUnknownElementImpl.dispatchEvent (node_modules/jsdom/lib/jsdom/living/events/EventTarget-impl.js:104:17)
      at HTMLUnknownElement.dispatchEvent (node_modules/jsdom/lib/jsdom/living/generated/EventTarget.js:241:34)
      at Object.invokeGuardedCallbackDev (node_modules/react-dom/cjs/react-dom.development.js:4213:16)
      at invokeGuardedCallback (node_modules/react-dom/cjs/react-dom.development.js:4277:31)
      at beginWork$1 (node_modules/react-dom/cjs/react-dom.development.js:27490:7)
      at performUnitOfWork (node_modules/react-dom/cjs/react-dom.development.js:26599:12)
      at workLoopSync (node_modules/react-dom/cjs/react-dom.development.js:26505:5)
      at renderRootSync (node_modules/react-dom/cjs/react-dom.development.js:26473:7)
      at recoverFromConcurrentError (node_modules/react-dom/cjs/react-dom.development.js:25889:20)
      at performConcurrentWorkOnRoot (node_modules/react-dom/cjs/react-dom.development.js:25789:22)
      at flushActQueue (node_modules/react/cjs/react.development.js:2667:24)
      at act (node_modules/react/cjs/react.development.js:2582:11)
      at node_modules/@testing-library/react/dist/act-compat.js:47:25
      at renderRoot (node_modules/@testing-library/react/dist/pure.js:190:26)
      at render (node_modules/@testing-library/react/dist/pure.js:292:10)
      at customRender (tests/utils/test-utils.tsx:38:16)
      at Object.<anonymous> (src/components/layout/DashboardLayout.test.tsx:110:11)

  console.error
    The above error occurred in the <Context.Provider> component:
    
        at QueryClientProvider (C:\Users\kyrian\Documents\Taller-Ocampos\frontend\node_modules\@tanstack\react-query\src\QueryClientProvider.tsx:30:3)
        at children (C:\Users\kyrian\Documents\Taller-Ocampos\frontend\tests\utils\test-utils.tsx:23:28)
    
    Consider adding an error boundary to your tree to customize error handling behavior.
    Visit https://reactjs.org/link/error-boundaries to learn more about error boundaries.

    [0m [90m 73 |[39m       [36mreturn[39m
     [90m 74 |[39m     }
    [31m[1m>[22m[39m[90m 75 |[39m     originalError[33m.[39mcall(console[33m,[39m [33m...[39margs)
     [90m    |[39m                   [31m[1m^[22m[39m
     [90m 76 |[39m   }
     [90m 77 |[39m })
     [90m 78 |[39m[0m

      at console.call [as error] (jest.setup.js:75:19)
      at logCapturedError (node_modules/react-dom/cjs/react-dom.development.js:18704:23)
      at update.callback (node_modules/react-dom/cjs/react-dom.development.js:18737:5)
      at callCallback (node_modules/react-dom/cjs/react-dom.development.js:15036:12)
      at commitUpdateQueue (node_modules/react-dom/cjs/react-dom.development.js:15057:9)
      at commitLayoutEffectOnFiber (node_modules/react-dom/cjs/react-dom.development.js:23430:13)
      at commitLayoutMountEffects_complete (node_modules/react-dom/cjs/react-dom.development.js:24727:9)
      at commitLayoutEffects_begin (node_modules/react-dom/cjs/react-dom.development.js:24713:7)
      at commitLayoutEffects (node_modules/react-dom/cjs/react-dom.development.js:24651:3)
      at commitRootImpl (node_modules/react-dom/cjs/react-dom.development.js:26862:5)
      at commitRoot (node_modules/react-dom/cjs/react-dom.development.js:26721:5)
      at finishConcurrentRender (node_modules/react-dom/cjs/react-dom.development.js:25931:9)
      at performConcurrentWorkOnRoot (node_modules/react-dom/cjs/react-dom.development.js:25848:7)
      at flushActQueue (node_modules/react/cjs/react.development.js:2667:24)
      at act (node_modules/react/cjs/react.development.js:2582:11)
      at node_modules/@testing-library/react/dist/act-compat.js:47:25
      at renderRoot (node_modules/@testing-library/react/dist/pure.js:190:26)
      at render (node_modules/@testing-library/react/dist/pure.js:292:10)
      at customRender (tests/utils/test-utils.tsx:38:16)
      at Object.<anonymous> (src/components/layout/DashboardLayout.test.tsx:110:11)

  console.error
    Warning: React.jsx: type is invalid -- expected a string (for built-in components) or a class/function (for composite components) but got: undefined. You likely forgot to export your component from the file it's defined in, or you might have mixed up default and named imports.

    [0m [90m 73 |[39m       [36mreturn[39m
     [90m 74 |[39m     }
    [31m[1m>[22m[39m[90m 75 |[39m     originalError[33m.[39mcall(console[33m,[39m [33m...[39margs)
     [90m    |[39m                   [31m[1m^[22m[39m
     [90m 76 |[39m   }
     [90m 77 |[39m })
     [90m 78 |[39m[0m

      at console.call [as error] (jest.setup.js:75:19)
      at printWarning (node_modules/react/cjs/react-jsx-runtime.development.js:87:30)
      at error (node_modules/react/cjs/react-jsx-runtime.development.js:61:7)
      at jsxWithValidation (node_modules/react/cjs/react-jsx-runtime.development.js:1245:7)
      at jsxWithValidationDynamic (node_modules/react/cjs/react-jsx-runtime.development.js:1320:12)
      at Object.<anonymous> (src/components/layout/DashboardLayout.test.tsx:120:12)

  console.error
    Error: Uncaught [Error: Element type is invalid: expected a string (for built-in components) or a class/function (for composite components) but got: undefined. You likely forgot to export your component from the file it's defined in, or you might have mixed up default and named imports.]
        at reportException (C:\Users\kyrian\Documents\Taller-Ocampos\frontend\node_modules\jsdom\lib\jsdom\living\helpers\runtime-script-errors.js:66:24)
        at innerInvokeEventListeners (C:\Users\kyrian\Documents\Taller-Ocampos\frontend\node_modules\jsdom\lib\jsdom\living\events\EventTarget-impl.js:353:9)
        at invokeEventListeners (C:\Users\kyrian\Documents\Taller-Ocampos\frontend\node_modules\jsdom\lib\jsdom\living\events\EventTarget-impl.js:286:3)
        at HTMLUnknownElementImpl._dispatch (C:\Users\kyrian\Documents\Taller-Ocampos\frontend\node_modules\jsdom\lib\jsdom\living\events\EventTarget-impl.js:233:9)
        at HTMLUnknownElementImpl.dispatchEvent (C:\Users\kyrian\Documents\Taller-Ocampos\frontend\node_modules\jsdom\lib\jsdom\living\events\EventTarget-impl.js:104:17)
        at HTMLUnknownElement.dispatchEvent (C:\Users\kyrian\Documents\Taller-Ocampos\frontend\node_modules\jsdom\lib\jsdom\living\generated\EventTarget.js:241:34)
        at Object.invokeGuardedCallbackDev (C:\Users\kyrian\Documents\Taller-Ocampos\frontend\node_modules\react-dom\cjs\react-dom.development.js:4213:16)
        at invokeGuardedCallback (C:\Users\kyrian\Documents\Taller-Ocampos\frontend\node_modules\react-dom\cjs\react-dom.development.js:4277:31)
        at beginWork$1 (C:\Users\kyrian\Documents\Taller-Ocampos\frontend\node_modules\react-dom\cjs\react-dom.development.js:27490:7)
        at performUnitOfWork (C:\Users\kyrian\Documents\Taller-Ocampos\frontend\node_modules\react-dom\cjs\react-dom.development.js:26599:12)
        at workLoopSync (C:\Users\kyrian\Documents\Taller-Ocampos\frontend\node_modules\react-dom\cjs\react-dom.development.js:26505:5)
        at renderRootSync (C:\Users\kyrian\Documents\Taller-Ocampos\frontend\node_modules\react-dom\cjs\react-dom.development.js:26473:7)
        at performConcurrentWorkOnRoot (C:\Users\kyrian\Documents\Taller-Ocampos\frontend\node_modules\react-dom\cjs\react-dom.development.js:25777:74)
        at flushActQueue (C:\Users\kyrian\Documents\Taller-Ocampos\frontend\node_modules\react\cjs\react.development.js:2667:24)
        at act (C:\Users\kyrian\Documents\Taller-Ocampos\frontend\node_modules\react\cjs\react.development.js:2582:11)
        at C:\Users\kyrian\Documents\Taller-Ocampos\frontend\node_modules\@testing-library\react\dist\act-compat.js:47:25
        at renderRoot (C:\Users\kyrian\Documents\Taller-Ocampos\frontend\node_modules\@testing-library\react\dist\pure.js:190:26)
        at render (C:\Users\kyrian\Documents\Taller-Ocampos\frontend\node_modules\@testing-library\react\dist\pure.js:292:10)
        at customRender (C:\Users\kyrian\Documents\Taller-Ocampos\frontend\tests\utils\test-utils.tsx:38:16)
        at Object.<anonymous> (C:\Users\kyrian\Documents\Taller-Ocampos\frontend\src\components\layout\DashboardLayout.test.tsx:120:11)
        at Promise.finally.completed (C:\Users\kyrian\Documents\Taller-Ocampos\frontend\node_modules\jest-circus\build\jestAdapterInit.js:1556:28)
        at new Promise (<anonymous>)
        at callAsyncCircusFn (C:\Users\kyrian\Documents\Taller-Ocampos\frontend\node_modules\jest-circus\build\jestAdapterInit.js:1496:10)
        at _callCircusTest (C:\Users\kyrian\Documents\Taller-Ocampos\frontend\node_modules\jest-circus\build\jestAdapterInit.js:1006:40)
        at processTicksAndRejections (node:internal/process/task_queues:105:5)
        at _runTest (C:\Users\kyrian\Documents\Taller-Ocampos\frontend\node_modules\jest-circus\build\jestAdapterInit.js:946:3)
        at _runTestsForDescribeBlock (C:\Users\kyrian\Documents\Taller-Ocampos\frontend\node_modules\jest-circus\build\jestAdapterInit.js:839:13)
        at _runTestsForDescribeBlock (C:\Users\kyrian\Documents\Taller-Ocampos\frontend\node_modules\jest-circus\build\jestAdapterInit.js:829:11)
        at run (C:\Users\kyrian\Documents\Taller-Ocampos\frontend\node_modules\jest-circus\build\jestAdapterInit.js:757:3)
        at runAndTransformResultsToJestFormat (C:\Users\kyrian\Documents\Taller-Ocampos\frontend\node_modules\jest-circus\build\jestAdapterInit.js:1917:21)
        at jestAdapter (C:\Users\kyrian\Documents\Taller-Ocampos\frontend\node_modules\jest-circus\build\runner.js:101:19)
        at runTestInternal (C:\Users\kyrian\Documents\Taller-Ocampos\frontend\node_modules\jest-runner\build\testWorker.js:275:16)
        at runTest (C:\Users\kyrian\Documents\Taller-Ocampos\frontend\node_modules\jest-runner\build\testWorker.js:343:7)
        at Object.worker (C:\Users\kyrian\Documents\Taller-Ocampos\frontend\node_modules\jest-runner\build\testWorker.js:497:12) {
      detail: Error: Element type is invalid: expected a string (for built-in components) or a class/function (for composite components) but got: undefined. You likely forgot to export your component from the file it's defined in, or you might have mixed up default and named imports.
          at createFiberFromTypeAndProps (C:\Users\kyrian\Documents\Taller-Ocampos\frontend\node_modules\react-dom\cjs\react-dom.development.js:28478:17)
          at createFiberFromElement (C:\Users\kyrian\Documents\Taller-Ocampos\frontend\node_modules\react-dom\cjs\react-dom.development.js:28504:15)
          at reconcileSingleElement (C:\Users\kyrian\Documents\Taller-Ocampos\frontend\node_modules\react-dom\cjs\react-dom.development.js:13986:23)
          at reconcileChildFibers (C:\Users\kyrian\Documents\Taller-Ocampos\frontend\node_modules\react-dom\cjs\react-dom.development.js:14044:35)
          at reconcileChildren (C:\Users\kyrian\Documents\Taller-Ocampos\frontend\node_modules\react-dom\cjs\react-dom.development.js:19186:28)
          at updateContextProvider (C:\Users\kyrian\Documents\Taller-Ocampos\frontend\node_modules\react-dom\cjs\react-dom.development.js:21193:3)
          at beginWork (C:\Users\kyrian\Documents\Taller-Ocampos\frontend\node_modules\react-dom\cjs\react-dom.development.js:21688:14)
          at HTMLUnknownElement.callCallback (C:\Users\kyrian\Documents\Taller-Ocampos\frontend\node_modules\react-dom\cjs\react-dom.development.js:4164:14)
          at HTMLUnknownElement.callTheUserObjectsOperation (C:\Users\kyrian\Documents\Taller-Ocampos\frontend\node_modules\jsdom\lib\jsdom\living\generated\EventListener.js:26:30)
          at innerInvokeEventListeners (C:\Users\kyrian\Documents\Taller-Ocampos\frontend\node_modules\jsdom\lib\jsdom\living\events\EventTarget-impl.js:350:25)
          at invokeEventListeners (C:\Users\kyrian\Documents\Taller-Ocampos\frontend\node_modules\jsdom\lib\jsdom\living\events\EventTarget-impl.js:286:3)
          at HTMLUnknownElementImpl._dispatch (C:\Users\kyrian\Documents\Taller-Ocampos\frontend\node_modules\jsdom\lib\jsdom\living\events\EventTarget-impl.js:233:9)
          at HTMLUnknownElementImpl.dispatchEvent (C:\Users\kyrian\Documents\Taller-Ocampos\frontend\node_modules\jsdom\lib\jsdom\living\events\EventTarget-impl.js:104:17)
          at HTMLUnknownElement.dispatchEvent (C:\Users\kyrian\Documents\Taller-Ocampos\frontend\node_modules\jsdom\lib\jsdom\living\generated\EventTarget.js:241:34)
          at Object.invokeGuardedCallbackDev (C:\Users\kyrian\Documents\Taller-Ocampos\frontend\node_modules\react-dom\cjs\react-dom.development.js:4213:16)
          at invokeGuardedCallback (C:\Users\kyrian\Documents\Taller-Ocampos\frontend\node_modules\react-dom\cjs\react-dom.development.js:4277:31)
          at beginWork$1 (C:\Users\kyrian\Documents\Taller-Ocampos\frontend\node_modules\react-dom\cjs\react-dom.development.js:27490:7)
          at performUnitOfWork (C:\Users\kyrian\Documents\Taller-Ocampos\frontend\node_modules\react-dom\cjs\react-dom.development.js:26599:12)
          at workLoopSync (C:\Users\kyrian\Documents\Taller-Ocampos\frontend\node_modules\react-dom\cjs\react-dom.development.js:26505:5)
          at renderRootSync (C:\Users\kyrian\Documents\Taller-Ocampos\frontend\node_modules\react-dom\cjs\react-dom.development.js:26473:7)
          at performConcurrentWorkOnRoot (C:\Users\kyrian\Documents\Taller-Ocampos\frontend\node_modules\react-dom\cjs\react-dom.development.js:25777:74)
          at flushActQueue (C:\Users\kyrian\Documents\Taller-Ocampos\frontend\node_modules\react\cjs\react.development.js:2667:24)
          at act (C:\Users\kyrian\Documents\Taller-Ocampos\frontend\node_modules\react\cjs\react.development.js:2582:11)
          at C:\Users\kyrian\Documents\Taller-Ocampos\frontend\node_modules\@testing-library\react\dist\act-compat.js:47:25
          at renderRoot (C:\Users\kyrian\Documents\Taller-Ocampos\frontend\node_modules\@testing-library\react\dist\pure.js:190:26)
          at render (C:\Users\kyrian\Documents\Taller-Ocampos\frontend\node_modules\@testing-library\react\dist\pure.js:292:10)
          at customRender (C:\Users\kyrian\Documents\Taller-Ocampos\frontend\tests\utils\test-utils.tsx:38:16)
          at Object.<anonymous> (C:\Users\kyrian\Documents\Taller-Ocampos\frontend\src\components\layout\DashboardLayout.test.tsx:120:11)
          at Promise.finally.completed (C:\Users\kyrian\Documents\Taller-Ocampos\frontend\node_modules\jest-circus\build\jestAdapterInit.js:1556:28)
          at new Promise (<anonymous>)
          at callAsyncCircusFn (C:\Users\kyrian\Documents\Taller-Ocampos\frontend\node_modules\jest-circus\build\jestAdapterInit.js:1496:10)
          at _callCircusTest (C:\Users\kyrian\Documents\Taller-Ocampos\frontend\node_modules\jest-circus\build\jestAdapterInit.js:1006:40)
          at processTicksAndRejections (node:internal/process/task_queues:105:5)
          at _runTest (C:\Users\kyrian\Documents\Taller-Ocampos\frontend\node_modules\jest-circus\build\jestAdapterInit.js:946:3)
          at _runTestsForDescribeBlock (C:\Users\kyrian\Documents\Taller-Ocampos\frontend\node_modules\jest-circus\build\jestAdapterInit.js:839:13)
          at _runTestsForDescribeBlock (C:\Users\kyrian\Documents\Taller-Ocampos\frontend\node_modules\jest-circus\build\jestAdapterInit.js:829:11)
          at run (C:\Users\kyrian\Documents\Taller-Ocampos\frontend\node_modules\jest-circus\build\jestAdapterInit.js:757:3)
          at runAndTransformResultsToJestFormat (C:\Users\kyrian\Documents\Taller-Ocampos\frontend\node_modules\jest-circus\build\jestAdapterInit.js:1917:21)
          at jestAdapter (C:\Users\kyrian\Documents\Taller-Ocampos\frontend\node_modules\jest-circus\build\runner.js:101:19)
          at runTestInternal (C:\Users\kyrian\Documents\Taller-Ocampos\frontend\node_modules\jest-runner\build\testWorker.js:275:16)
          at runTest (C:\Users\kyrian\Documents\Taller-Ocampos\frontend\node_modules\jest-runner\build\testWorker.js:343:7)
          at Object.worker (C:\Users\kyrian\Documents\Taller-Ocampos\frontend\node_modules\jest-runner\build\testWorker.js:497:12),
      type: 'unhandled exception'
    }

    [0m [90m 73 |[39m       [36mreturn[39m
     [90m 74 |[39m     }
    [31m[1m>[22m[39m[90m 75 |[39m     originalError[33m.[39mcall(console[33m,[39m [33m...[39margs)
     [90m    |[39m                   [31m[1m^[22m[39m
     [90m 76 |[39m   }
     [90m 77 |[39m })
     [90m 78 |[39m[0m

      at console.call [as error] (jest.setup.js:75:19)
      at VirtualConsole.<anonymous> (node_modules/@jest/environment-jsdom-abstract/build/index.js:78:23)
      at reportException (node_modules/jsdom/lib/jsdom/living/helpers/runtime-script-errors.js:70:28)
      at innerInvokeEventListeners (node_modules/jsdom/lib/jsdom/living/events/EventTarget-impl.js:353:9)
      at invokeEventListeners (node_modules/jsdom/lib/jsdom/living/events/EventTarget-impl.js:286:3)
      at HTMLUnknownElementImpl._dispatch (node_modules/jsdom/lib/jsdom/living/events/EventTarget-impl.js:233:9)
      at HTMLUnknownElementImpl.dispatchEvent (node_modules/jsdom/lib/jsdom/living/events/EventTarget-impl.js:104:17)
      at HTMLUnknownElement.dispatchEvent (node_modules/jsdom/lib/jsdom/living/generated/EventTarget.js:241:34)
      at Object.invokeGuardedCallbackDev (node_modules/react-dom/cjs/react-dom.development.js:4213:16)
      at invokeGuardedCallback (node_modules/react-dom/cjs/react-dom.development.js:4277:31)
      at beginWork$1 (node_modules/react-dom/cjs/react-dom.development.js:27490:7)
      at performUnitOfWork (node_modules/react-dom/cjs/react-dom.development.js:26599:12)
      at workLoopSync (node_modules/react-dom/cjs/react-dom.development.js:26505:5)
      at renderRootSync (node_modules/react-dom/cjs/react-dom.development.js:26473:7)
      at performConcurrentWorkOnRoot (node_modules/react-dom/cjs/react-dom.development.js:25777:74)
      at flushActQueue (node_modules/react/cjs/react.development.js:2667:24)
      at act (node_modules/react/cjs/react.development.js:2582:11)
      at node_modules/@testing-library/react/dist/act-compat.js:47:25
      at renderRoot (node_modules/@testing-library/react/dist/pure.js:190:26)
      at render (node_modules/@testing-library/react/dist/pure.js:292:10)
      at customRender (tests/utils/test-utils.tsx:38:16)
      at Object.<anonymous> (src/components/layout/DashboardLayout.test.tsx:120:11)

  console.error
    Error: Uncaught [Error: Element type is invalid: expected a string (for built-in components) or a class/function (for composite components) but got: undefined. You likely forgot to export your component from the file it's defined in, or you might have mixed up default and named imports.]
        at reportException (C:\Users\kyrian\Documents\Taller-Ocampos\frontend\node_modules\jsdom\lib\jsdom\living\helpers\runtime-script-errors.js:66:24)
        at innerInvokeEventListeners (C:\Users\kyrian\Documents\Taller-Ocampos\frontend\node_modules\jsdom\lib\jsdom\living\events\EventTarget-impl.js:353:9)
        at invokeEventListeners (C:\Users\kyrian\Documents\Taller-Ocampos\frontend\node_modules\jsdom\lib\jsdom\living\events\EventTarget-impl.js:286:3)
        at HTMLUnknownElementImpl._dispatch (C:\Users\kyrian\Documents\Taller-Ocampos\frontend\node_modules\jsdom\lib\jsdom\living\events\EventTarget-impl.js:233:9)
        at HTMLUnknownElementImpl.dispatchEvent (C:\Users\kyrian\Documents\Taller-Ocampos\frontend\node_modules\jsdom\lib\jsdom\living\events\EventTarget-impl.js:104:17)
        at HTMLUnknownElement.dispatchEvent (C:\Users\kyrian\Documents\Taller-Ocampos\frontend\node_modules\jsdom\lib\jsdom\living\generated\EventTarget.js:241:34)
        at Object.invokeGuardedCallbackDev (C:\Users\kyrian\Documents\Taller-Ocampos\frontend\node_modules\react-dom\cjs\react-dom.development.js:4213:16)
        at invokeGuardedCallback (C:\Users\kyrian\Documents\Taller-Ocampos\frontend\node_modules\react-dom\cjs\react-dom.development.js:4277:31)
        at beginWork$1 (C:\Users\kyrian\Documents\Taller-Ocampos\frontend\node_modules\react-dom\cjs\react-dom.development.js:27490:7)
        at performUnitOfWork (C:\Users\kyrian\Documents\Taller-Ocampos\frontend\node_modules\react-dom\cjs\react-dom.development.js:26599:12)
        at workLoopSync (C:\Users\kyrian\Documents\Taller-Ocampos\frontend\node_modules\react-dom\cjs\react-dom.development.js:26505:5)
        at renderRootSync (C:\Users\kyrian\Documents\Taller-Ocampos\frontend\node_modules\react-dom\cjs\react-dom.development.js:26473:7)
        at recoverFromConcurrentError (C:\Users\kyrian\Documents\Taller-Ocampos\frontend\node_modules\react-dom\cjs\react-dom.development.js:25889:20)
        at performConcurrentWorkOnRoot (C:\Users\kyrian\Documents\Taller-Ocampos\frontend\node_modules\react-dom\cjs\react-dom.development.js:25789:22)
        at flushActQueue (C:\Users\kyrian\Documents\Taller-Ocampos\frontend\node_modules\react\cjs\react.development.js:2667:24)
        at act (C:\Users\kyrian\Documents\Taller-Ocampos\frontend\node_modules\react\cjs\react.development.js:2582:11)
        at C:\Users\kyrian\Documents\Taller-Ocampos\frontend\node_modules\@testing-library\react\dist\act-compat.js:47:25
        at renderRoot (C:\Users\kyrian\Documents\Taller-Ocampos\frontend\node_modules\@testing-library\react\dist\pure.js:190:26)
        at render (C:\Users\kyrian\Documents\Taller-Ocampos\frontend\node_modules\@testing-library\react\dist\pure.js:292:10)
        at customRender (C:\Users\kyrian\Documents\Taller-Ocampos\frontend\tests\utils\test-utils.tsx:38:16)
        at Object.<anonymous> (C:\Users\kyrian\Documents\Taller-Ocampos\frontend\src\components\layout\DashboardLayout.test.tsx:120:11)
        at Promise.finally.completed (C:\Users\kyrian\Documents\Taller-Ocampos\frontend\node_modules\jest-circus\build\jestAdapterInit.js:1556:28)
        at new Promise (<anonymous>)
        at callAsyncCircusFn (C:\Users\kyrian\Documents\Taller-Ocampos\frontend\node_modules\jest-circus\build\jestAdapterInit.js:1496:10)
        at _callCircusTest (C:\Users\kyrian\Documents\Taller-Ocampos\frontend\node_modules\jest-circus\build\jestAdapterInit.js:1006:40)
        at processTicksAndRejections (node:internal/process/task_queues:105:5)
        at _runTest (C:\Users\kyrian\Documents\Taller-Ocampos\frontend\node_modules\jest-circus\build\jestAdapterInit.js:946:3)
        at _runTestsForDescribeBlock (C:\Users\kyrian\Documents\Taller-Ocampos\frontend\node_modules\jest-circus\build\jestAdapterInit.js:839:13)
        at _runTestsForDescribeBlock (C:\Users\kyrian\Documents\Taller-Ocampos\frontend\node_modules\jest-circus\build\jestAdapterInit.js:829:11)
        at run (C:\Users\kyrian\Documents\Taller-Ocampos\frontend\node_modules\jest-circus\build\jestAdapterInit.js:757:3)
        at runAndTransformResultsToJestFormat (C:\Users\kyrian\Documents\Taller-Ocampos\frontend\node_modules\jest-circus\build\jestAdapterInit.js:1917:21)
        at jestAdapter (C:\Users\kyrian\Documents\Taller-Ocampos\frontend\node_modules\jest-circus\build\runner.js:101:19)
        at runTestInternal (C:\Users\kyrian\Documents\Taller-Ocampos\frontend\node_modules\jest-runner\build\testWorker.js:275:16)
        at runTest (C:\Users\kyrian\Documents\Taller-Ocampos\frontend\node_modules\jest-runner\build\testWorker.js:343:7)
        at Object.worker (C:\Users\kyrian\Documents\Taller-Ocampos\frontend\node_modules\jest-runner\build\testWorker.js:497:12) {
      detail: Error: Element type is invalid: expected a string (for built-in components) or a class/function (for composite components) but got: undefined. You likely forgot to export your component from the file it's defined in, or you might have mixed up default and named imports.
          at createFiberFromTypeAndProps (C:\Users\kyrian\Documents\Taller-Ocampos\frontend\node_modules\react-dom\cjs\react-dom.development.js:28478:17)
          at createFiberFromElement (C:\Users\kyrian\Documents\Taller-Ocampos\frontend\node_modules\react-dom\cjs\react-dom.development.js:28504:15)
          at reconcileSingleElement (C:\Users\kyrian\Documents\Taller-Ocampos\frontend\node_modules\react-dom\cjs\react-dom.development.js:13986:23)
          at reconcileChildFibers (C:\Users\kyrian\Documents\Taller-Ocampos\frontend\node_modules\react-dom\cjs\react-dom.development.js:14044:35)
          at reconcileChildren (C:\Users\kyrian\Documents\Taller-Ocampos\frontend\node_modules\react-dom\cjs\react-dom.development.js:19186:28)
          at updateContextProvider (C:\Users\kyrian\Documents\Taller-Ocampos\frontend\node_modules\react-dom\cjs\react-dom.development.js:21193:3)
          at beginWork (C:\Users\kyrian\Documents\Taller-Ocampos\frontend\node_modules\react-dom\cjs\react-dom.development.js:21688:14)
          at HTMLUnknownElement.callCallback (C:\Users\kyrian\Documents\Taller-Ocampos\frontend\node_modules\react-dom\cjs\react-dom.development.js:4164:14)
          at HTMLUnknownElement.callTheUserObjectsOperation (C:\Users\kyrian\Documents\Taller-Ocampos\frontend\node_modules\jsdom\lib\jsdom\living\generated\EventListener.js:26:30)
          at innerInvokeEventListeners (C:\Users\kyrian\Documents\Taller-Ocampos\frontend\node_modules\jsdom\lib\jsdom\living\events\EventTarget-impl.js:350:25)
          at invokeEventListeners (C:\Users\kyrian\Documents\Taller-Ocampos\frontend\node_modules\jsdom\lib\jsdom\living\events\EventTarget-impl.js:286:3)
          at HTMLUnknownElementImpl._dispatch (C:\Users\kyrian\Documents\Taller-Ocampos\frontend\node_modules\jsdom\lib\jsdom\living\events\EventTarget-impl.js:233:9)
          at HTMLUnknownElementImpl.dispatchEvent (C:\Users\kyrian\Documents\Taller-Ocampos\frontend\node_modules\jsdom\lib\jsdom\living\events\EventTarget-impl.js:104:17)
          at HTMLUnknownElement.dispatchEvent (C:\Users\kyrian\Documents\Taller-Ocampos\frontend\node_modules\jsdom\lib\jsdom\living\generated\EventTarget.js:241:34)
          at Object.invokeGuardedCallbackDev (C:\Users\kyrian\Documents\Taller-Ocampos\frontend\node_modules\react-dom\cjs\react-dom.development.js:4213:16)
          at invokeGuardedCallback (C:\Users\kyrian\Documents\Taller-Ocampos\frontend\node_modules\react-dom\cjs\react-dom.development.js:4277:31)
          at beginWork$1 (C:\Users\kyrian\Documents\Taller-Ocampos\frontend\node_modules\react-dom\cjs\react-dom.development.js:27490:7)
          at performUnitOfWork (C:\Users\kyrian\Documents\Taller-Ocampos\frontend\node_modules\react-dom\cjs\react-dom.development.js:26599:12)
          at workLoopSync (C:\Users\kyrian\Documents\Taller-Ocampos\frontend\node_modules\react-dom\cjs\react-dom.development.js:26505:5)
          at renderRootSync (C:\Users\kyrian\Documents\Taller-Ocampos\frontend\node_modules\react-dom\cjs\react-dom.development.js:26473:7)
          at recoverFromConcurrentError (C:\Users\kyrian\Documents\Taller-Ocampos\frontend\node_modules\react-dom\cjs\react-dom.development.js:25889:20)
          at performConcurrentWorkOnRoot (C:\Users\kyrian\Documents\Taller-Ocampos\frontend\node_modules\react-dom\cjs\react-dom.development.js:25789:22)
          at flushActQueue (C:\Users\kyrian\Documents\Taller-Ocampos\frontend\node_modules\react\cjs\react.development.js:2667:24)
          at act (C:\Users\kyrian\Documents\Taller-Ocampos\frontend\node_modules\react\cjs\react.development.js:2582:11)
          at C:\Users\kyrian\Documents\Taller-Ocampos\frontend\node_modules\@testing-library\react\dist\act-compat.js:47:25
          at renderRoot (C:\Users\kyrian\Documents\Taller-Ocampos\frontend\node_modules\@testing-library\react\dist\pure.js:190:26)
          at render (C:\Users\kyrian\Documents\Taller-Ocampos\frontend\node_modules\@testing-library\react\dist\pure.js:292:10)
          at customRender (C:\Users\kyrian\Documents\Taller-Ocampos\frontend\tests\utils\test-utils.tsx:38:16)
          at Object.<anonymous> (C:\Users\kyrian\Documents\Taller-Ocampos\frontend\src\components\layout\DashboardLayout.test.tsx:120:11)
          at Promise.finally.completed (C:\Users\kyrian\Documents\Taller-Ocampos\frontend\node_modules\jest-circus\build\jestAdapterInit.js:1556:28)
          at new Promise (<anonymous>)
          at callAsyncCircusFn (C:\Users\kyrian\Documents\Taller-Ocampos\frontend\node_modules\jest-circus\build\jestAdapterInit.js:1496:10)
          at _callCircusTest (C:\Users\kyrian\Documents\Taller-Ocampos\frontend\node_modules\jest-circus\build\jestAdapterInit.js:1006:40)
          at processTicksAndRejections (node:internal/process/task_queues:105:5)
          at _runTest (C:\Users\kyrian\Documents\Taller-Ocampos\frontend\node_modules\jest-circus\build\jestAdapterInit.js:946:3)
          at _runTestsForDescribeBlock (C:\Users\kyrian\Documents\Taller-Ocampos\frontend\node_modules\jest-circus\build\jestAdapterInit.js:839:13)
          at _runTestsForDescribeBlock (C:\Users\kyrian\Documents\Taller-Ocampos\frontend\node_modules\jest-circus\build\jestAdapterInit.js:829:11)
          at run (C:\Users\kyrian\Documents\Taller-Ocampos\frontend\node_modules\jest-circus\build\jestAdapterInit.js:757:3)
          at runAndTransformResultsToJestFormat (C:\Users\kyrian\Documents\Taller-Ocampos\frontend\node_modules\jest-circus\build\jestAdapterInit.js:1917:21)
          at jestAdapter (C:\Users\kyrian\Documents\Taller-Ocampos\frontend\node_modules\jest-circus\build\runner.js:101:19)
          at runTestInternal (C:\Users\kyrian\Documents\Taller-Ocampos\frontend\node_modules\jest-runner\build\testWorker.js:275:16)
          at runTest (C:\Users\kyrian\Documents\Taller-Ocampos\frontend\node_modules\jest-runner\build\testWorker.js:343:7)
          at Object.worker (C:\Users\kyrian\Documents\Taller-Ocampos\frontend\node_modules\jest-runner\build\testWorker.js:497:12),
      type: 'unhandled exception'
    }

    [0m [90m 73 |[39m       [36mreturn[39m
     [90m 74 |[39m     }
    [31m[1m>[22m[39m[90m 75 |[39m     originalError[33m.[39mcall(console[33m,[39m [33m...[39margs)
     [90m    |[39m                   [31m[1m^[22m[39m
     [90m 76 |[39m   }
     [90m 77 |[39m })
     [90m 78 |[39m[0m

      at console.call [as error] (jest.setup.js:75:19)
      at VirtualConsole.<anonymous> (node_modules/@jest/environment-jsdom-abstract/build/index.js:78:23)
      at reportException (node_modules/jsdom/lib/jsdom/living/helpers/runtime-script-errors.js:70:28)
      at innerInvokeEventListeners (node_modules/jsdom/lib/jsdom/living/events/EventTarget-impl.js:353:9)
      at invokeEventListeners (node_modules/jsdom/lib/jsdom/living/events/EventTarget-impl.js:286:3)
      at HTMLUnknownElementImpl._dispatch (node_modules/jsdom/lib/jsdom/living/events/EventTarget-impl.js:233:9)
      at HTMLUnknownElementImpl.dispatchEvent (node_modules/jsdom/lib/jsdom/living/events/EventTarget-impl.js:104:17)
      at HTMLUnknownElement.dispatchEvent (node_modules/jsdom/lib/jsdom/living/generated/EventTarget.js:241:34)
      at Object.invokeGuardedCallbackDev (node_modules/react-dom/cjs/react-dom.development.js:4213:16)
      at invokeGuardedCallback (node_modules/react-dom/cjs/react-dom.development.js:4277:31)
      at beginWork$1 (node_modules/react-dom/cjs/react-dom.development.js:27490:7)
      at performUnitOfWork (node_modules/react-dom/cjs/react-dom.development.js:26599:12)
      at workLoopSync (node_modules/react-dom/cjs/react-dom.development.js:26505:5)
      at renderRootSync (node_modules/react-dom/cjs/react-dom.development.js:26473:7)
      at recoverFromConcurrentError (node_modules/react-dom/cjs/react-dom.development.js:25889:20)
      at performConcurrentWorkOnRoot (node_modules/react-dom/cjs/react-dom.development.js:25789:22)
      at flushActQueue (node_modules/react/cjs/react.development.js:2667:24)
      at act (node_modules/react/cjs/react.development.js:2582:11)
      at node_modules/@testing-library/react/dist/act-compat.js:47:25
      at renderRoot (node_modules/@testing-library/react/dist/pure.js:190:26)
      at render (node_modules/@testing-library/react/dist/pure.js:292:10)
      at customRender (tests/utils/test-utils.tsx:38:16)
      at Object.<anonymous> (src/components/layout/DashboardLayout.test.tsx:120:11)

  console.error
    The above error occurred in the <Context.Provider> component:
    
        at QueryClientProvider (C:\Users\kyrian\Documents\Taller-Ocampos\frontend\node_modules\@tanstack\react-query\src\QueryClientProvider.tsx:30:3)
        at children (C:\Users\kyrian\Documents\Taller-Ocampos\frontend\tests\utils\test-utils.tsx:23:28)
    
    Consider adding an error boundary to your tree to customize error handling behavior.
    Visit https://reactjs.org/link/error-boundaries to learn more about error boundaries.

    [0m [90m 73 |[39m       [36mreturn[39m
     [90m 74 |[39m     }
    [31m[1m>[22m[39m[90m 75 |[39m     originalError[33m.[39mcall(console[33m,[39m [33m...[39margs)
     [90m    |[39m                   [31m[1m^[22m[39m
     [90m 76 |[39m   }
     [90m 77 |[39m })
     [90m 78 |[39m[0m

      at console.call [as error] (jest.setup.js:75:19)
      at logCapturedError (node_modules/react-dom/cjs/react-dom.development.js:18704:23)
      at update.callback (node_modules/react-dom/cjs/react-dom.development.js:18737:5)
      at callCallback (node_modules/react-dom/cjs/react-dom.development.js:15036:12)
      at commitUpdateQueue (node_modules/react-dom/cjs/react-dom.development.js:15057:9)
      at commitLayoutEffectOnFiber (node_modules/react-dom/cjs/react-dom.development.js:23430:13)
      at commitLayoutMountEffects_complete (node_modules/react-dom/cjs/react-dom.development.js:24727:9)
      at commitLayoutEffects_begin (node_modules/react-dom/cjs/react-dom.development.js:24713:7)
      at commitLayoutEffects (node_modules/react-dom/cjs/react-dom.development.js:24651:3)
      at commitRootImpl (node_modules/react-dom/cjs/react-dom.development.js:26862:5)
      at commitRoot (node_modules/react-dom/cjs/react-dom.development.js:26721:5)
      at finishConcurrentRender (node_modules/react-dom/cjs/react-dom.development.js:25931:9)
      at performConcurrentWorkOnRoot (node_modules/react-dom/cjs/react-dom.development.js:25848:7)
      at flushActQueue (node_modules/react/cjs/react.development.js:2667:24)
      at act (node_modules/react/cjs/react.development.js:2582:11)
      at node_modules/@testing-library/react/dist/act-compat.js:47:25
      at renderRoot (node_modules/@testing-library/react/dist/pure.js:190:26)
      at render (node_modules/@testing-library/react/dist/pure.js:292:10)
      at customRender (tests/utils/test-utils.tsx:38:16)
      at Object.<anonymous> (src/components/layout/DashboardLayout.test.tsx:120:11)

  console.error
    Warning: React.jsx: type is invalid -- expected a string (for built-in components) or a class/function (for composite components) but got: undefined. You likely forgot to export your component from the file it's defined in, or you might have mixed up default and named imports.

    [0m [90m 73 |[39m       [36mreturn[39m
     [90m 74 |[39m     }
    [31m[1m>[22m[39m[90m 75 |[39m     originalError[33m.[39mcall(console[33m,[39m [33m...[39margs)
     [90m    |[39m                   [31m[1m^[22m[39m
     [90m 76 |[39m   }
     [90m 77 |[39m })
     [90m 78 |[39m[0m

      at console.call [as error] (jest.setup.js:75:19)
      at printWarning (node_modules/react/cjs/react-jsx-runtime.development.js:87:30)
      at error (node_modules/react/cjs/react-jsx-runtime.development.js:61:7)
      at jsxWithValidation (node_modules/react/cjs/react-jsx-runtime.development.js:1245:7)
      at jsxWithValidationDynamic (node_modules/react/cjs/react-jsx-runtime.development.js:1320:12)
      at Object.<anonymous> (src/components/layout/DashboardLayout.test.tsx:138:12)

  console.error
    Error: Uncaught [Error: Element type is invalid: expected a string (for built-in components) or a class/function (for composite components) but got: undefined. You likely forgot to export your component from the file it's defined in, or you might have mixed up default and named imports.]
        at reportException (C:\Users\kyrian\Documents\Taller-Ocampos\frontend\node_modules\jsdom\lib\jsdom\living\helpers\runtime-script-errors.js:66:24)
        at innerInvokeEventListeners (C:\Users\kyrian\Documents\Taller-Ocampos\frontend\node_modules\jsdom\lib\jsdom\living\events\EventTarget-impl.js:353:9)
        at invokeEventListeners (C:\Users\kyrian\Documents\Taller-Ocampos\frontend\node_modules\jsdom\lib\jsdom\living\events\EventTarget-impl.js:286:3)
        at HTMLUnknownElementImpl._dispatch (C:\Users\kyrian\Documents\Taller-Ocampos\frontend\node_modules\jsdom\lib\jsdom\living\events\EventTarget-impl.js:233:9)
        at HTMLUnknownElementImpl.dispatchEvent (C:\Users\kyrian\Documents\Taller-Ocampos\frontend\node_modules\jsdom\lib\jsdom\living\events\EventTarget-impl.js:104:17)
        at HTMLUnknownElement.dispatchEvent (C:\Users\kyrian\Documents\Taller-Ocampos\frontend\node_modules\jsdom\lib\jsdom\living\generated\EventTarget.js:241:34)
        at Object.invokeGuardedCallbackDev (C:\Users\kyrian\Documents\Taller-Ocampos\frontend\node_modules\react-dom\cjs\react-dom.development.js:4213:16)
        at invokeGuardedCallback (C:\Users\kyrian\Documents\Taller-Ocampos\frontend\node_modules\react-dom\cjs\react-dom.development.js:4277:31)
        at beginWork$1 (C:\Users\kyrian\Documents\Taller-Ocampos\frontend\node_modules\react-dom\cjs\react-dom.development.js:27490:7)
        at performUnitOfWork (C:\Users\kyrian\Documents\Taller-Ocampos\frontend\node_modules\react-dom\cjs\react-dom.development.js:26599:12)
        at workLoopSync (C:\Users\kyrian\Documents\Taller-Ocampos\frontend\node_modules\react-dom\cjs\react-dom.development.js:26505:5)
        at renderRootSync (C:\Users\kyrian\Documents\Taller-Ocampos\frontend\node_modules\react-dom\cjs\react-dom.development.js:26473:7)
        at performConcurrentWorkOnRoot (C:\Users\kyrian\Documents\Taller-Ocampos\frontend\node_modules\react-dom\cjs\react-dom.development.js:25777:74)
        at flushActQueue (C:\Users\kyrian\Documents\Taller-Ocampos\frontend\node_modules\react\cjs\react.development.js:2667:24)
        at act (C:\Users\kyrian\Documents\Taller-Ocampos\frontend\node_modules\react\cjs\react.development.js:2582:11)
        at C:\Users\kyrian\Documents\Taller-Ocampos\frontend\node_modules\@testing-library\react\dist\act-compat.js:47:25
        at renderRoot (C:\Users\kyrian\Documents\Taller-Ocampos\frontend\node_modules\@testing-library\react\dist\pure.js:190:26)
        at render (C:\Users\kyrian\Documents\Taller-Ocampos\frontend\node_modules\@testing-library\react\dist\pure.js:292:10)
        at customRender (C:\Users\kyrian\Documents\Taller-Ocampos\frontend\tests\utils\test-utils.tsx:38:16)
        at Object.<anonymous> (C:\Users\kyrian\Documents\Taller-Ocampos\frontend\src\components\layout\DashboardLayout.test.tsx:138:11)
        at Promise.finally.completed (C:\Users\kyrian\Documents\Taller-Ocampos\frontend\node_modules\jest-circus\build\jestAdapterInit.js:1556:28)
        at new Promise (<anonymous>)
        at callAsyncCircusFn (C:\Users\kyrian\Documents\Taller-Ocampos\frontend\node_modules\jest-circus\build\jestAdapterInit.js:1496:10)
        at _callCircusTest (C:\Users\kyrian\Documents\Taller-Ocampos\frontend\node_modules\jest-circus\build\jestAdapterInit.js:1006:40)
        at processTicksAndRejections (node:internal/process/task_queues:105:5)
        at _runTest (C:\Users\kyrian\Documents\Taller-Ocampos\frontend\node_modules\jest-circus\build\jestAdapterInit.js:946:3)
        at _runTestsForDescribeBlock (C:\Users\kyrian\Documents\Taller-Ocampos\frontend\node_modules\jest-circus\build\jestAdapterInit.js:839:13)
        at _runTestsForDescribeBlock (C:\Users\kyrian\Documents\Taller-Ocampos\frontend\node_modules\jest-circus\build\jestAdapterInit.js:829:11)
        at run (C:\Users\kyrian\Documents\Taller-Ocampos\frontend\node_modules\jest-circus\build\jestAdapterInit.js:757:3)
        at runAndTransformResultsToJestFormat (C:\Users\kyrian\Documents\Taller-Ocampos\frontend\node_modules\jest-circus\build\jestAdapterInit.js:1917:21)
        at jestAdapter (C:\Users\kyrian\Documents\Taller-Ocampos\frontend\node_modules\jest-circus\build\runner.js:101:19)
        at runTestInternal (C:\Users\kyrian\Documents\Taller-Ocampos\frontend\node_modules\jest-runner\build\testWorker.js:275:16)
        at runTest (C:\Users\kyrian\Documents\Taller-Ocampos\frontend\node_modules\jest-runner\build\testWorker.js:343:7)
        at Object.worker (C:\Users\kyrian\Documents\Taller-Ocampos\frontend\node_modules\jest-runner\build\testWorker.js:497:12) {
      detail: Error: Element type is invalid: expected a string (for built-in components) or a class/function (for composite components) but got: undefined. You likely forgot to export your component from the file it's defined in, or you might have mixed up default and named imports.
          at createFiberFromTypeAndProps (C:\Users\kyrian\Documents\Taller-Ocampos\frontend\node_modules\react-dom\cjs\react-dom.development.js:28478:17)
          at createFiberFromElement (C:\Users\kyrian\Documents\Taller-Ocampos\frontend\node_modules\react-dom\cjs\react-dom.development.js:28504:15)
          at reconcileSingleElement (C:\Users\kyrian\Documents\Taller-Ocampos\frontend\node_modules\react-dom\cjs\react-dom.development.js:13986:23)
          at reconcileChildFibers (C:\Users\kyrian\Documents\Taller-Ocampos\frontend\node_modules\react-dom\cjs\react-dom.development.js:14044:35)
          at reconcileChildren (C:\Users\kyrian\Documents\Taller-Ocampos\frontend\node_modules\react-dom\cjs\react-dom.development.js:19186:28)
          at updateContextProvider (C:\Users\kyrian\Documents\Taller-Ocampos\frontend\node_modules\react-dom\cjs\react-dom.development.js:21193:3)
          at beginWork (C:\Users\kyrian\Documents\Taller-Ocampos\frontend\node_modules\react-dom\cjs\react-dom.development.js:21688:14)
          at HTMLUnknownElement.callCallback (C:\Users\kyrian\Documents\Taller-Ocampos\frontend\node_modules\react-dom\cjs\react-dom.development.js:4164:14)
          at HTMLUnknownElement.callTheUserObjectsOperation (C:\Users\kyrian\Documents\Taller-Ocampos\frontend\node_modules\jsdom\lib\jsdom\living\generated\EventListener.js:26:30)
          at innerInvokeEventListeners (C:\Users\kyrian\Documents\Taller-Ocampos\frontend\node_modules\jsdom\lib\jsdom\living\events\EventTarget-impl.js:350:25)
          at invokeEventListeners (C:\Users\kyrian\Documents\Taller-Ocampos\frontend\node_modules\jsdom\lib\jsdom\living\events\EventTarget-impl.js:286:3)
          at HTMLUnknownElementImpl._dispatch (C:\Users\kyrian\Documents\Taller-Ocampos\frontend\node_modules\jsdom\lib\jsdom\living\events\EventTarget-impl.js:233:9)
          at HTMLUnknownElementImpl.dispatchEvent (C:\Users\kyrian\Documents\Taller-Ocampos\frontend\node_modules\jsdom\lib\jsdom\living\events\EventTarget-impl.js:104:17)
          at HTMLUnknownElement.dispatchEvent (C:\Users\kyrian\Documents\Taller-Ocampos\frontend\node_modules\jsdom\lib\jsdom\living\generated\EventTarget.js:241:34)
          at Object.invokeGuardedCallbackDev (C:\Users\kyrian\Documents\Taller-Ocampos\frontend\node_modules\react-dom\cjs\react-dom.development.js:4213:16)
          at invokeGuardedCallback (C:\Users\kyrian\Documents\Taller-Ocampos\frontend\node_modules\react-dom\cjs\react-dom.development.js:4277:31)
          at beginWork$1 (C:\Users\kyrian\Documents\Taller-Ocampos\frontend\node_modules\react-dom\cjs\react-dom.development.js:27490:7)
          at performUnitOfWork (C:\Users\kyrian\Documents\Taller-Ocampos\frontend\node_modules\react-dom\cjs\react-dom.development.js:26599:12)
          at workLoopSync (C:\Users\kyrian\Documents\Taller-Ocampos\frontend\node_modules\react-dom\cjs\react-dom.development.js:26505:5)
          at renderRootSync (C:\Users\kyrian\Documents\Taller-Ocampos\frontend\node_modules\react-dom\cjs\react-dom.development.js:26473:7)
          at performConcurrentWorkOnRoot (C:\Users\kyrian\Documents\Taller-Ocampos\frontend\node_modules\react-dom\cjs\react-dom.development.js:25777:74)
          at flushActQueue (C:\Users\kyrian\Documents\Taller-Ocampos\frontend\node_modules\react\cjs\react.development.js:2667:24)
          at act (C:\Users\kyrian\Documents\Taller-Ocampos\frontend\node_modules\react\cjs\react.development.js:2582:11)
          at C:\Users\kyrian\Documents\Taller-Ocampos\frontend\node_modules\@testing-library\react\dist\act-compat.js:47:25
          at renderRoot (C:\Users\kyrian\Documents\Taller-Ocampos\frontend\node_modules\@testing-library\react\dist\pure.js:190:26)
          at render (C:\Users\kyrian\Documents\Taller-Ocampos\frontend\node_modules\@testing-library\react\dist\pure.js:292:10)
          at customRender (C:\Users\kyrian\Documents\Taller-Ocampos\frontend\tests\utils\test-utils.tsx:38:16)
          at Object.<anonymous> (C:\Users\kyrian\Documents\Taller-Ocampos\frontend\src\components\layout\DashboardLayout.test.tsx:138:11)
          at Promise.finally.completed (C:\Users\kyrian\Documents\Taller-Ocampos\frontend\node_modules\jest-circus\build\jestAdapterInit.js:1556:28)
          at new Promise (<anonymous>)
          at callAsyncCircusFn (C:\Users\kyrian\Documents\Taller-Ocampos\frontend\node_modules\jest-circus\build\jestAdapterInit.js:1496:10)
          at _callCircusTest (C:\Users\kyrian\Documents\Taller-Ocampos\frontend\node_modules\jest-circus\build\jestAdapterInit.js:1006:40)
          at processTicksAndRejections (node:internal/process/task_queues:105:5)
          at _runTest (C:\Users\kyrian\Documents\Taller-Ocampos\frontend\node_modules\jest-circus\build\jestAdapterInit.js:946:3)
          at _runTestsForDescribeBlock (C:\Users\kyrian\Documents\Taller-Ocampos\frontend\node_modules\jest-circus\build\jestAdapterInit.js:839:13)
          at _runTestsForDescribeBlock (C:\Users\kyrian\Documents\Taller-Ocampos\frontend\node_modules\jest-circus\build\jestAdapterInit.js:829:11)
          at run (C:\Users\kyrian\Documents\Taller-Ocampos\frontend\node_modules\jest-circus\build\jestAdapterInit.js:757:3)
          at runAndTransformResultsToJestFormat (C:\Users\kyrian\Documents\Taller-Ocampos\frontend\node_modules\jest-circus\build\jestAdapterInit.js:1917:21)
          at jestAdapter (C:\Users\kyrian\Documents\Taller-Ocampos\frontend\node_modules\jest-circus\build\runner.js:101:19)
          at runTestInternal (C:\Users\kyrian\Documents\Taller-Ocampos\frontend\node_modules\jest-runner\build\testWorker.js:275:16)
          at runTest (C:\Users\kyrian\Documents\Taller-Ocampos\frontend\node_modules\jest-runner\build\testWorker.js:343:7)
          at Object.worker (C:\Users\kyrian\Documents\Taller-Ocampos\frontend\node_modules\jest-runner\build\testWorker.js:497:12),
      type: 'unhandled exception'
    }

    [0m [90m 73 |[39m       [36mreturn[39m
     [90m 74 |[39m     }
    [31m[1m>[22m[39m[90m 75 |[39m     originalError[33m.[39mcall(console[33m,[39m [33m...[39margs)
     [90m    |[39m                   [31m[1m^[22m[39m
     [90m 76 |[39m   }
     [90m 77 |[39m })
     [90m 78 |[39m[0m

      at console.call [as error] (jest.setup.js:75:19)
      at VirtualConsole.<anonymous> (node_modules/@jest/environment-jsdom-abstract/build/index.js:78:23)
      at reportException (node_modules/jsdom/lib/jsdom/living/helpers/runtime-script-errors.js:70:28)
      at innerInvokeEventListeners (node_modules/jsdom/lib/jsdom/living/events/EventTarget-impl.js:353:9)
      at invokeEventListeners (node_modules/jsdom/lib/jsdom/living/events/EventTarget-impl.js:286:3)
      at HTMLUnknownElementImpl._dispatch (node_modules/jsdom/lib/jsdom/living/events/EventTarget-impl.js:233:9)
      at HTMLUnknownElementImpl.dispatchEvent (node_modules/jsdom/lib/jsdom/living/events/EventTarget-impl.js:104:17)
      at HTMLUnknownElement.dispatchEvent (node_modules/jsdom/lib/jsdom/living/generated/EventTarget.js:241:34)
      at Object.invokeGuardedCallbackDev (node_modules/react-dom/cjs/react-dom.development.js:4213:16)
      at invokeGuardedCallback (node_modules/react-dom/cjs/react-dom.development.js:4277:31)
      at beginWork$1 (node_modules/react-dom/cjs/react-dom.development.js:27490:7)
      at performUnitOfWork (node_modules/react-dom/cjs/react-dom.development.js:26599:12)
      at workLoopSync (node_modules/react-dom/cjs/react-dom.development.js:26505:5)
      at renderRootSync (node_modules/react-dom/cjs/react-dom.development.js:26473:7)
      at performConcurrentWorkOnRoot (node_modules/react-dom/cjs/react-dom.development.js:25777:74)
      at flushActQueue (node_modules/react/cjs/react.development.js:2667:24)
      at act (node_modules/react/cjs/react.development.js:2582:11)
      at node_modules/@testing-library/react/dist/act-compat.js:47:25
      at renderRoot (node_modules/@testing-library/react/dist/pure.js:190:26)
      at render (node_modules/@testing-library/react/dist/pure.js:292:10)
      at customRender (tests/utils/test-utils.tsx:38:16)
      at Object.<anonymous> (src/components/layout/DashboardLayout.test.tsx:138:11)

  console.error
    Error: Uncaught [Error: Element type is invalid: expected a string (for built-in components) or a class/function (for composite components) but got: undefined. You likely forgot to export your component from the file it's defined in, or you might have mixed up default and named imports.]
        at reportException (C:\Users\kyrian\Documents\Taller-Ocampos\frontend\node_modules\jsdom\lib\jsdom\living\helpers\runtime-script-errors.js:66:24)
        at innerInvokeEventListeners (C:\Users\kyrian\Documents\Taller-Ocampos\frontend\node_modules\jsdom\lib\jsdom\living\events\EventTarget-impl.js:353:9)
        at invokeEventListeners (C:\Users\kyrian\Documents\Taller-Ocampos\frontend\node_modules\jsdom\lib\jsdom\living\events\EventTarget-impl.js:286:3)
        at HTMLUnknownElementImpl._dispatch (C:\Users\kyrian\Documents\Taller-Ocampos\frontend\node_modules\jsdom\lib\jsdom\living\events\EventTarget-impl.js:233:9)
        at HTMLUnknownElementImpl.dispatchEvent (C:\Users\kyrian\Documents\Taller-Ocampos\frontend\node_modules\jsdom\lib\jsdom\living\events\EventTarget-impl.js:104:17)
        at HTMLUnknownElement.dispatchEvent (C:\Users\kyrian\Documents\Taller-Ocampos\frontend\node_modules\jsdom\lib\jsdom\living\generated\EventTarget.js:241:34)
        at Object.invokeGuardedCallbackDev (C:\Users\kyrian\Documents\Taller-Ocampos\frontend\node_modules\react-dom\cjs\react-dom.development.js:4213:16)
        at invokeGuardedCallback (C:\Users\kyrian\Documents\Taller-Ocampos\frontend\node_modules\react-dom\cjs\react-dom.development.js:4277:31)
        at beginWork$1 (C:\Users\kyrian\Documents\Taller-Ocampos\frontend\node_modules\react-dom\cjs\react-dom.development.js:27490:7)
        at performUnitOfWork (C:\Users\kyrian\Documents\Taller-Ocampos\frontend\node_modules\react-dom\cjs\react-dom.development.js:26599:12)
        at workLoopSync (C:\Users\kyrian\Documents\Taller-Ocampos\frontend\node_modules\react-dom\cjs\react-dom.development.js:26505:5)
        at renderRootSync (C:\Users\kyrian\Documents\Taller-Ocampos\frontend\node_modules\react-dom\cjs\react-dom.development.js:26473:7)
        at recoverFromConcurrentError (C:\Users\kyrian\Documents\Taller-Ocampos\frontend\node_modules\react-dom\cjs\react-dom.development.js:25889:20)
        at performConcurrentWorkOnRoot (C:\Users\kyrian\Documents\Taller-Ocampos\frontend\node_modules\react-dom\cjs\react-dom.development.js:25789:22)
        at flushActQueue (C:\Users\kyrian\Documents\Taller-Ocampos\frontend\node_modules\react\cjs\react.development.js:2667:24)
        at act (C:\Users\kyrian\Documents\Taller-Ocampos\frontend\node_modules\react\cjs\react.development.js:2582:11)
        at C:\Users\kyrian\Documents\Taller-Ocampos\frontend\node_modules\@testing-library\react\dist\act-compat.js:47:25
        at renderRoot (C:\Users\kyrian\Documents\Taller-Ocampos\frontend\node_modules\@testing-library\react\dist\pure.js:190:26)
        at render (C:\Users\kyrian\Documents\Taller-Ocampos\frontend\node_modules\@testing-library\react\dist\pure.js:292:10)
        at customRender (C:\Users\kyrian\Documents\Taller-Ocampos\frontend\tests\utils\test-utils.tsx:38:16)
        at Object.<anonymous> (C:\Users\kyrian\Documents\Taller-Ocampos\frontend\src\components\layout\DashboardLayout.test.tsx:138:11)
        at Promise.finally.completed (C:\Users\kyrian\Documents\Taller-Ocampos\frontend\node_modules\jest-circus\build\jestAdapterInit.js:1556:28)
        at new Promise (<anonymous>)
        at callAsyncCircusFn (C:\Users\kyrian\Documents\Taller-Ocampos\frontend\node_modules\jest-circus\build\jestAdapterInit.js:1496:10)
        at _callCircusTest (C:\Users\kyrian\Documents\Taller-Ocampos\frontend\node_modules\jest-circus\build\jestAdapterInit.js:1006:40)
        at processTicksAndRejections (node:internal/process/task_queues:105:5)
        at _runTest (C:\Users\kyrian\Documents\Taller-Ocampos\frontend\node_modules\jest-circus\build\jestAdapterInit.js:946:3)
        at _runTestsForDescribeBlock (C:\Users\kyrian\Documents\Taller-Ocampos\frontend\node_modules\jest-circus\build\jestAdapterInit.js:839:13)
        at _runTestsForDescribeBlock (C:\Users\kyrian\Documents\Taller-Ocampos\frontend\node_modules\jest-circus\build\jestAdapterInit.js:829:11)
        at run (C:\Users\kyrian\Documents\Taller-Ocampos\frontend\node_modules\jest-circus\build\jestAdapterInit.js:757:3)
        at runAndTransformResultsToJestFormat (C:\Users\kyrian\Documents\Taller-Ocampos\frontend\node_modules\jest-circus\build\jestAdapterInit.js:1917:21)
        at jestAdapter (C:\Users\kyrian\Documents\Taller-Ocampos\frontend\node_modules\jest-circus\build\runner.js:101:19)
        at runTestInternal (C:\Users\kyrian\Documents\Taller-Ocampos\frontend\node_modules\jest-runner\build\testWorker.js:275:16)
        at runTest (C:\Users\kyrian\Documents\Taller-Ocampos\frontend\node_modules\jest-runner\build\testWorker.js:343:7)
        at Object.worker (C:\Users\kyrian\Documents\Taller-Ocampos\frontend\node_modules\jest-runner\build\testWorker.js:497:12) {
      detail: Error: Element type is invalid: expected a string (for built-in components) or a class/function (for composite components) but got: undefined. You likely forgot to export your component from the file it's defined in, or you might have mixed up default and named imports.
          at createFiberFromTypeAndProps (C:\Users\kyrian\Documents\Taller-Ocampos\frontend\node_modules\react-dom\cjs\react-dom.development.js:28478:17)
          at createFiberFromElement (C:\Users\kyrian\Documents\Taller-Ocampos\frontend\node_modules\react-dom\cjs\react-dom.development.js:28504:15)
          at reconcileSingleElement (C:\Users\kyrian\Documents\Taller-Ocampos\frontend\node_modules\react-dom\cjs\react-dom.development.js:13986:23)
          at reconcileChildFibers (C:\Users\kyrian\Documents\Taller-Ocampos\frontend\node_modules\react-dom\cjs\react-dom.development.js:14044:35)
          at reconcileChildren (C:\Users\kyrian\Documents\Taller-Ocampos\frontend\node_modules\react-dom\cjs\react-dom.development.js:19186:28)
          at updateContextProvider (C:\Users\kyrian\Documents\Taller-Ocampos\frontend\node_modules\react-dom\cjs\react-dom.development.js:21193:3)
          at beginWork (C:\Users\kyrian\Documents\Taller-Ocampos\frontend\node_modules\react-dom\cjs\react-dom.development.js:21688:14)
          at HTMLUnknownElement.callCallback (C:\Users\kyrian\Documents\Taller-Ocampos\frontend\node_modules\react-dom\cjs\react-dom.development.js:4164:14)
          at HTMLUnknownElement.callTheUserObjectsOperation (C:\Users\kyrian\Documents\Taller-Ocampos\frontend\node_modules\jsdom\lib\jsdom\living\generated\EventListener.js:26:30)
          at innerInvokeEventListeners (C:\Users\kyrian\Documents\Taller-Ocampos\frontend\node_modules\jsdom\lib\jsdom\living\events\EventTarget-impl.js:350:25)
          at invokeEventListeners (C:\Users\kyrian\Documents\Taller-Ocampos\frontend\node_modules\jsdom\lib\jsdom\living\events\EventTarget-impl.js:286:3)
          at HTMLUnknownElementImpl._dispatch (C:\Users\kyrian\Documents\Taller-Ocampos\frontend\node_modules\jsdom\lib\jsdom\living\events\EventTarget-impl.js:233:9)
          at HTMLUnknownElementImpl.dispatchEvent (C:\Users\kyrian\Documents\Taller-Ocampos\frontend\node_modules\jsdom\lib\jsdom\living\events\EventTarget-impl.js:104:17)
          at HTMLUnknownElement.dispatchEvent (C:\Users\kyrian\Documents\Taller-Ocampos\frontend\node_modules\jsdom\lib\jsdom\living\generated\EventTarget.js:241:34)
          at Object.invokeGuardedCallbackDev (C:\Users\kyrian\Documents\Taller-Ocampos\frontend\node_modules\react-dom\cjs\react-dom.development.js:4213:16)
          at invokeGuardedCallback (C:\Users\kyrian\Documents\Taller-Ocampos\frontend\node_modules\react-dom\cjs\react-dom.development.js:4277:31)
          at beginWork$1 (C:\Users\kyrian\Documents\Taller-Ocampos\frontend\node_modules\react-dom\cjs\react-dom.development.js:27490:7)
          at performUnitOfWork (C:\Users\kyrian\Documents\Taller-Ocampos\frontend\node_modules\react-dom\cjs\react-dom.development.js:26599:12)
          at workLoopSync (C:\Users\kyrian\Documents\Taller-Ocampos\frontend\node_modules\react-dom\cjs\react-dom.development.js:26505:5)
          at renderRootSync (C:\Users\kyrian\Documents\Taller-Ocampos\frontend\node_modules\react-dom\cjs\react-dom.development.js:26473:7)
          at recoverFromConcurrentError (C:\Users\kyrian\Documents\Taller-Ocampos\frontend\node_modules\react-dom\cjs\react-dom.development.js:25889:20)
          at performConcurrentWorkOnRoot (C:\Users\kyrian\Documents\Taller-Ocampos\frontend\node_modules\react-dom\cjs\react-dom.development.js:25789:22)
          at flushActQueue (C:\Users\kyrian\Documents\Taller-Ocampos\frontend\node_modules\react\cjs\react.development.js:2667:24)
          at act (C:\Users\kyrian\Documents\Taller-Ocampos\frontend\node_modules\react\cjs\react.development.js:2582:11)
          at C:\Users\kyrian\Documents\Taller-Ocampos\frontend\node_modules\@testing-library\react\dist\act-compat.js:47:25
          at renderRoot (C:\Users\kyrian\Documents\Taller-Ocampos\frontend\node_modules\@testing-library\react\dist\pure.js:190:26)
          at render (C:\Users\kyrian\Documents\Taller-Ocampos\frontend\node_modules\@testing-library\react\dist\pure.js:292:10)
          at customRender (C:\Users\kyrian\Documents\Taller-Ocampos\frontend\tests\utils\test-utils.tsx:38:16)
          at Object.<anonymous> (C:\Users\kyrian\Documents\Taller-Ocampos\frontend\src\components\layout\DashboardLayout.test.tsx:138:11)
          at Promise.finally.completed (C:\Users\kyrian\Documents\Taller-Ocampos\frontend\node_modules\jest-circus\build\jestAdapterInit.js:1556:28)
          at new Promise (<anonymous>)
          at callAsyncCircusFn (C:\Users\kyrian\Documents\Taller-Ocampos\frontend\node_modules\jest-circus\build\jestAdapterInit.js:1496:10)
          at _callCircusTest (C:\Users\kyrian\Documents\Taller-Ocampos\frontend\node_modules\jest-circus\build\jestAdapterInit.js:1006:40)
          at processTicksAndRejections (node:internal/process/task_queues:105:5)
          at _runTest (C:\Users\kyrian\Documents\Taller-Ocampos\frontend\node_modules\jest-circus\build\jestAdapterInit.js:946:3)
          at _runTestsForDescribeBlock (C:\Users\kyrian\Documents\Taller-Ocampos\frontend\node_modules\jest-circus\build\jestAdapterInit.js:839:13)
          at _runTestsForDescribeBlock (C:\Users\kyrian\Documents\Taller-Ocampos\frontend\node_modules\jest-circus\build\jestAdapterInit.js:829:11)
          at run (C:\Users\kyrian\Documents\Taller-Ocampos\frontend\node_modules\jest-circus\build\jestAdapterInit.js:757:3)
          at runAndTransformResultsToJestFormat (C:\Users\kyrian\Documents\Taller-Ocampos\frontend\node_modules\jest-circus\build\jestAdapterInit.js:1917:21)
          at jestAdapter (C:\Users\kyrian\Documents\Taller-Ocampos\frontend\node_modules\jest-circus\build\runner.js:101:19)
          at runTestInternal (C:\Users\kyrian\Documents\Taller-Ocampos\frontend\node_modules\jest-runner\build\testWorker.js:275:16)
          at runTest (C:\Users\kyrian\Documents\Taller-Ocampos\frontend\node_modules\jest-runner\build\testWorker.js:343:7)
          at Object.worker (C:\Users\kyrian\Documents\Taller-Ocampos\frontend\node_modules\jest-runner\build\testWorker.js:497:12),
      type: 'unhandled exception'
    }

    [0m [90m 73 |[39m       [36mreturn[39m
     [90m 74 |[39m     }
    [31m[1m>[22m[39m[90m 75 |[39m     originalError[33m.[39mcall(console[33m,[39m [33m...[39margs)
     [90m    |[39m                   [31m[1m^[22m[39m
     [90m 76 |[39m   }
     [90m 77 |[39m })
     [90m 78 |[39m[0m

      at console.call [as error] (jest.setup.js:75:19)
      at VirtualConsole.<anonymous> (node_modules/@jest/environment-jsdom-abstract/build/index.js:78:23)
      at reportException (node_modules/jsdom/lib/jsdom/living/helpers/runtime-script-errors.js:70:28)
      at innerInvokeEventListeners (node_modules/jsdom/lib/jsdom/living/events/EventTarget-impl.js:353:9)
      at invokeEventListeners (node_modules/jsdom/lib/jsdom/living/events/EventTarget-impl.js:286:3)
      at HTMLUnknownElementImpl._dispatch (node_modules/jsdom/lib/jsdom/living/events/EventTarget-impl.js:233:9)
      at HTMLUnknownElementImpl.dispatchEvent (node_modules/jsdom/lib/jsdom/living/events/EventTarget-impl.js:104:17)
      at HTMLUnknownElement.dispatchEvent (node_modules/jsdom/lib/jsdom/living/generated/EventTarget.js:241:34)
      at Object.invokeGuardedCallbackDev (node_modules/react-dom/cjs/react-dom.development.js:4213:16)
      at invokeGuardedCallback (node_modules/react-dom/cjs/react-dom.development.js:4277:31)
      at beginWork$1 (node_modules/react-dom/cjs/react-dom.development.js:27490:7)
      at performUnitOfWork (node_modules/react-dom/cjs/react-dom.development.js:26599:12)
      at workLoopSync (node_modules/react-dom/cjs/react-dom.development.js:26505:5)
      at renderRootSync (node_modules/react-dom/cjs/react-dom.development.js:26473:7)
      at recoverFromConcurrentError (node_modules/react-dom/cjs/react-dom.development.js:25889:20)
      at performConcurrentWorkOnRoot (node_modules/react-dom/cjs/react-dom.development.js:25789:22)
      at flushActQueue (node_modules/react/cjs/react.development.js:2667:24)
      at act (node_modules/react/cjs/react.development.js:2582:11)
      at node_modules/@testing-library/react/dist/act-compat.js:47:25
      at renderRoot (node_modules/@testing-library/react/dist/pure.js:190:26)
      at render (node_modules/@testing-library/react/dist/pure.js:292:10)
      at customRender (tests/utils/test-utils.tsx:38:16)
      at Object.<anonymous> (src/components/layout/DashboardLayout.test.tsx:138:11)

  console.error
    The above error occurred in the <Context.Provider> component:
    
        at QueryClientProvider (C:\Users\kyrian\Documents\Taller-Ocampos\frontend\node_modules\@tanstack\react-query\src\QueryClientProvider.tsx:30:3)
        at children (C:\Users\kyrian\Documents\Taller-Ocampos\frontend\tests\utils\test-utils.tsx:23:28)
    
    Consider adding an error boundary to your tree to customize error handling behavior.
    Visit https://reactjs.org/link/error-boundaries to learn more about error boundaries.

    [0m [90m 73 |[39m       [36mreturn[39m
     [90m 74 |[39m     }
    [31m[1m>[22m[39m[90m 75 |[39m     originalError[33m.[39mcall(console[33m,[39m [33m...[39margs)
     [90m    |[39m                   [31m[1m^[22m[39m
     [90m 76 |[39m   }
     [90m 77 |[39m })
     [90m 78 |[39m[0m

      at console.call [as error] (jest.setup.js:75:19)
      at logCapturedError (node_modules/react-dom/cjs/react-dom.development.js:18704:23)
      at update.callback (node_modules/react-dom/cjs/react-dom.development.js:18737:5)
      at callCallback (node_modules/react-dom/cjs/react-dom.development.js:15036:12)
      at commitUpdateQueue (node_modules/react-dom/cjs/react-dom.development.js:15057:9)
      at commitLayoutEffectOnFiber (node_modules/react-dom/cjs/react-dom.development.js:23430:13)
      at commitLayoutMountEffects_complete (node_modules/react-dom/cjs/react-dom.development.js:24727:9)
      at commitLayoutEffects_begin (node_modules/react-dom/cjs/react-dom.development.js:24713:7)
      at commitLayoutEffects (node_modules/react-dom/cjs/react-dom.development.js:24651:3)
      at commitRootImpl (node_modules/react-dom/cjs/react-dom.development.js:26862:5)
      at commitRoot (node_modules/react-dom/cjs/react-dom.development.js:26721:5)
      at finishConcurrentRender (node_modules/react-dom/cjs/react-dom.development.js:25931:9)
      at performConcurrentWorkOnRoot (node_modules/react-dom/cjs/react-dom.development.js:25848:7)
      at flushActQueue (node_modules/react/cjs/react.development.js:2667:24)
      at act (node_modules/react/cjs/react.development.js:2582:11)
      at node_modules/@testing-library/react/dist/act-compat.js:47:25
      at renderRoot (node_modules/@testing-library/react/dist/pure.js:190:26)
      at render (node_modules/@testing-library/react/dist/pure.js:292:10)
      at customRender (tests/utils/test-utils.tsx:38:16)
      at Object.<anonymous> (src/components/layout/DashboardLayout.test.tsx:138:11)

  console.error
    Warning: React.jsx: type is invalid -- expected a string (for built-in components) or a class/function (for composite components) but got: undefined. You likely forgot to export your component from the file it's defined in, or you might have mixed up default and named imports.

    [0m [90m 73 |[39m       [36mreturn[39m
     [90m 74 |[39m     }
    [31m[1m>[22m[39m[90m 75 |[39m     originalError[33m.[39mcall(console[33m,[39m [33m...[39margs)
     [90m    |[39m                   [31m[1m^[22m[39m
     [90m 76 |[39m   }
     [90m 77 |[39m })
     [90m 78 |[39m[0m

      at console.call [as error] (jest.setup.js:75:19)
      at printWarning (node_modules/react/cjs/react-jsx-runtime.development.js:87:30)
      at error (node_modules/react/cjs/react-jsx-runtime.development.js:61:7)
      at jsxWithValidation (node_modules/react/cjs/react-jsx-runtime.development.js:1245:7)
      at jsxWithValidationDynamic (node_modules/react/cjs/react-jsx-runtime.development.js:1320:12)
      at Object.<anonymous> (src/components/layout/DashboardLayout.test.tsx:145:12)

  console.error
    Error: Uncaught [Error: Element type is invalid: expected a string (for built-in components) or a class/function (for composite components) but got: undefined. You likely forgot to export your component from the file it's defined in, or you might have mixed up default and named imports.]
        at reportException (C:\Users\kyrian\Documents\Taller-Ocampos\frontend\node_modules\jsdom\lib\jsdom\living\helpers\runtime-script-errors.js:66:24)
        at innerInvokeEventListeners (C:\Users\kyrian\Documents\Taller-Ocampos\frontend\node_modules\jsdom\lib\jsdom\living\events\EventTarget-impl.js:353:9)
        at invokeEventListeners (C:\Users\kyrian\Documents\Taller-Ocampos\frontend\node_modules\jsdom\lib\jsdom\living\events\EventTarget-impl.js:286:3)
        at HTMLUnknownElementImpl._dispatch (C:\Users\kyrian\Documents\Taller-Ocampos\frontend\node_modules\jsdom\lib\jsdom\living\events\EventTarget-impl.js:233:9)
        at HTMLUnknownElementImpl.dispatchEvent (C:\Users\kyrian\Documents\Taller-Ocampos\frontend\node_modules\jsdom\lib\jsdom\living\events\EventTarget-impl.js:104:17)
        at HTMLUnknownElement.dispatchEvent (C:\Users\kyrian\Documents\Taller-Ocampos\frontend\node_modules\jsdom\lib\jsdom\living\generated\EventTarget.js:241:34)
        at Object.invokeGuardedCallbackDev (C:\Users\kyrian\Documents\Taller-Ocampos\frontend\node_modules\react-dom\cjs\react-dom.development.js:4213:16)
        at invokeGuardedCallback (C:\Users\kyrian\Documents\Taller-Ocampos\frontend\node_modules\react-dom\cjs\react-dom.development.js:4277:31)
        at beginWork$1 (C:\Users\kyrian\Documents\Taller-Ocampos\frontend\node_modules\react-dom\cjs\react-dom.development.js:27490:7)
        at performUnitOfWork (C:\Users\kyrian\Documents\Taller-Ocampos\frontend\node_modules\react-dom\cjs\react-dom.development.js:26599:12)
        at workLoopSync (C:\Users\kyrian\Documents\Taller-Ocampos\frontend\node_modules\react-dom\cjs\react-dom.development.js:26505:5)
        at renderRootSync (C:\Users\kyrian\Documents\Taller-Ocampos\frontend\node_modules\react-dom\cjs\react-dom.development.js:26473:7)
        at performConcurrentWorkOnRoot (C:\Users\kyrian\Documents\Taller-Ocampos\frontend\node_modules\react-dom\cjs\react-dom.development.js:25777:74)
        at flushActQueue (C:\Users\kyrian\Documents\Taller-Ocampos\frontend\node_modules\react\cjs\react.development.js:2667:24)
        at act (C:\Users\kyrian\Documents\Taller-Ocampos\frontend\node_modules\react\cjs\react.development.js:2582:11)
        at C:\Users\kyrian\Documents\Taller-Ocampos\frontend\node_modules\@testing-library\react\dist\act-compat.js:47:25
        at renderRoot (C:\Users\kyrian\Documents\Taller-Ocampos\frontend\node_modules\@testing-library\react\dist\pure.js:190:26)
        at render (C:\Users\kyrian\Documents\Taller-Ocampos\frontend\node_modules\@testing-library\react\dist\pure.js:292:10)
        at customRender (C:\Users\kyrian\Documents\Taller-Ocampos\frontend\tests\utils\test-utils.tsx:38:16)
        at Object.<anonymous> (C:\Users\kyrian\Documents\Taller-Ocampos\frontend\src\components\layout\DashboardLayout.test.tsx:145:11)
        at Promise.finally.completed (C:\Users\kyrian\Documents\Taller-Ocampos\frontend\node_modules\jest-circus\build\jestAdapterInit.js:1556:28)
        at new Promise (<anonymous>)
        at callAsyncCircusFn (C:\Users\kyrian\Documents\Taller-Ocampos\frontend\node_modules\jest-circus\build\jestAdapterInit.js:1496:10)
        at _callCircusTest (C:\Users\kyrian\Documents\Taller-Ocampos\frontend\node_modules\jest-circus\build\jestAdapterInit.js:1006:40)
        at processTicksAndRejections (node:internal/process/task_queues:105:5)
        at _runTest (C:\Users\kyrian\Documents\Taller-Ocampos\frontend\node_modules\jest-circus\build\jestAdapterInit.js:946:3)
        at _runTestsForDescribeBlock (C:\Users\kyrian\Documents\Taller-Ocampos\frontend\node_modules\jest-circus\build\jestAdapterInit.js:839:13)
        at _runTestsForDescribeBlock (C:\Users\kyrian\Documents\Taller-Ocampos\frontend\node_modules\jest-circus\build\jestAdapterInit.js:829:11)
        at run (C:\Users\kyrian\Documents\Taller-Ocampos\frontend\node_modules\jest-circus\build\jestAdapterInit.js:757:3)
        at runAndTransformResultsToJestFormat (C:\Users\kyrian\Documents\Taller-Ocampos\frontend\node_modules\jest-circus\build\jestAdapterInit.js:1917:21)
        at jestAdapter (C:\Users\kyrian\Documents\Taller-Ocampos\frontend\node_modules\jest-circus\build\runner.js:101:19)
        at runTestInternal (C:\Users\kyrian\Documents\Taller-Ocampos\frontend\node_modules\jest-runner\build\testWorker.js:275:16)
        at runTest (C:\Users\kyrian\Documents\Taller-Ocampos\frontend\node_modules\jest-runner\build\testWorker.js:343:7)
        at Object.worker (C:\Users\kyrian\Documents\Taller-Ocampos\frontend\node_modules\jest-runner\build\testWorker.js:497:12) {
      detail: Error: Element type is invalid: expected a string (for built-in components) or a class/function (for composite components) but got: undefined. You likely forgot to export your component from the file it's defined in, or you might have mixed up default and named imports.
          at createFiberFromTypeAndProps (C:\Users\kyrian\Documents\Taller-Ocampos\frontend\node_modules\react-dom\cjs\react-dom.development.js:28478:17)
          at createFiberFromElement (C:\Users\kyrian\Documents\Taller-Ocampos\frontend\node_modules\react-dom\cjs\react-dom.development.js:28504:15)
          at reconcileSingleElement (C:\Users\kyrian\Documents\Taller-Ocampos\frontend\node_modules\react-dom\cjs\react-dom.development.js:13986:23)
          at reconcileChildFibers (C:\Users\kyrian\Documents\Taller-Ocampos\frontend\node_modules\react-dom\cjs\react-dom.development.js:14044:35)
          at reconcileChildren (C:\Users\kyrian\Documents\Taller-Ocampos\frontend\node_modules\react-dom\cjs\react-dom.development.js:19186:28)
          at updateContextProvider (C:\Users\kyrian\Documents\Taller-Ocampos\frontend\node_modules\react-dom\cjs\react-dom.development.js:21193:3)
          at beginWork (C:\Users\kyrian\Documents\Taller-Ocampos\frontend\node_modules\react-dom\cjs\react-dom.development.js:21688:14)
          at HTMLUnknownElement.callCallback (C:\Users\kyrian\Documents\Taller-Ocampos\frontend\node_modules\react-dom\cjs\react-dom.development.js:4164:14)
          at HTMLUnknownElement.callTheUserObjectsOperation (C:\Users\kyrian\Documents\Taller-Ocampos\frontend\node_modules\jsdom\lib\jsdom\living\generated\EventListener.js:26:30)
          at innerInvokeEventListeners (C:\Users\kyrian\Documents\Taller-Ocampos\frontend\node_modules\jsdom\lib\jsdom\living\events\EventTarget-impl.js:350:25)
          at invokeEventListeners (C:\Users\kyrian\Documents\Taller-Ocampos\frontend\node_modules\jsdom\lib\jsdom\living\events\EventTarget-impl.js:286:3)
          at HTMLUnknownElementImpl._dispatch (C:\Users\kyrian\Documents\Taller-Ocampos\frontend\node_modules\jsdom\lib\jsdom\living\events\EventTarget-impl.js:233:9)
          at HTMLUnknownElementImpl.dispatchEvent (C:\Users\kyrian\Documents\Taller-Ocampos\frontend\node_modules\jsdom\lib\jsdom\living\events\EventTarget-impl.js:104:17)
          at HTMLUnknownElement.dispatchEvent (C:\Users\kyrian\Documents\Taller-Ocampos\frontend\node_modules\jsdom\lib\jsdom\living\generated\EventTarget.js:241:34)
          at Object.invokeGuardedCallbackDev (C:\Users\kyrian\Documents\Taller-Ocampos\frontend\node_modules\react-dom\cjs\react-dom.development.js:4213:16)
          at invokeGuardedCallback (C:\Users\kyrian\Documents\Taller-Ocampos\frontend\node_modules\react-dom\cjs\react-dom.development.js:4277:31)
          at beginWork$1 (C:\Users\kyrian\Documents\Taller-Ocampos\frontend\node_modules\react-dom\cjs\react-dom.development.js:27490:7)
          at performUnitOfWork (C:\Users\kyrian\Documents\Taller-Ocampos\frontend\node_modules\react-dom\cjs\react-dom.development.js:26599:12)
          at workLoopSync (C:\Users\kyrian\Documents\Taller-Ocampos\frontend\node_modules\react-dom\cjs\react-dom.development.js:26505:5)
          at renderRootSync (C:\Users\kyrian\Documents\Taller-Ocampos\frontend\node_modules\react-dom\cjs\react-dom.development.js:26473:7)
          at performConcurrentWorkOnRoot (C:\Users\kyrian\Documents\Taller-Ocampos\frontend\node_modules\react-dom\cjs\react-dom.development.js:25777:74)
          at flushActQueue (C:\Users\kyrian\Documents\Taller-Ocampos\frontend\node_modules\react\cjs\react.development.js:2667:24)
          at act (C:\Users\kyrian\Documents\Taller-Ocampos\frontend\node_modules\react\cjs\react.development.js:2582:11)
          at C:\Users\kyrian\Documents\Taller-Ocampos\frontend\node_modules\@testing-library\react\dist\act-compat.js:47:25
          at renderRoot (C:\Users\kyrian\Documents\Taller-Ocampos\frontend\node_modules\@testing-library\react\dist\pure.js:190:26)
          at render (C:\Users\kyrian\Documents\Taller-Ocampos\frontend\node_modules\@testing-library\react\dist\pure.js:292:10)
          at customRender (C:\Users\kyrian\Documents\Taller-Ocampos\frontend\tests\utils\test-utils.tsx:38:16)
          at Object.<anonymous> (C:\Users\kyrian\Documents\Taller-Ocampos\frontend\src\components\layout\DashboardLayout.test.tsx:145:11)
          at Promise.finally.completed (C:\Users\kyrian\Documents\Taller-Ocampos\frontend\node_modules\jest-circus\build\jestAdapterInit.js:1556:28)
          at new Promise (<anonymous>)
          at callAsyncCircusFn (C:\Users\kyrian\Documents\Taller-Ocampos\frontend\node_modules\jest-circus\build\jestAdapterInit.js:1496:10)
          at _callCircusTest (C:\Users\kyrian\Documents\Taller-Ocampos\frontend\node_modules\jest-circus\build\jestAdapterInit.js:1006:40)
          at processTicksAndRejections (node:internal/process/task_queues:105:5)
          at _runTest (C:\Users\kyrian\Documents\Taller-Ocampos\frontend\node_modules\jest-circus\build\jestAdapterInit.js:946:3)
          at _runTestsForDescribeBlock (C:\Users\kyrian\Documents\Taller-Ocampos\frontend\node_modules\jest-circus\build\jestAdapterInit.js:839:13)
          at _runTestsForDescribeBlock (C:\Users\kyrian\Documents\Taller-Ocampos\frontend\node_modules\jest-circus\build\jestAdapterInit.js:829:11)
          at run (C:\Users\kyrian\Documents\Taller-Ocampos\frontend\node_modules\jest-circus\build\jestAdapterInit.js:757:3)
          at runAndTransformResultsToJestFormat (C:\Users\kyrian\Documents\Taller-Ocampos\frontend\node_modules\jest-circus\build\jestAdapterInit.js:1917:21)
          at jestAdapter (C:\Users\kyrian\Documents\Taller-Ocampos\frontend\node_modules\jest-circus\build\runner.js:101:19)
          at runTestInternal (C:\Users\kyrian\Documents\Taller-Ocampos\frontend\node_modules\jest-runner\build\testWorker.js:275:16)
          at runTest (C:\Users\kyrian\Documents\Taller-Ocampos\frontend\node_modules\jest-runner\build\testWorker.js:343:7)
          at Object.worker (C:\Users\kyrian\Documents\Taller-Ocampos\frontend\node_modules\jest-runner\build\testWorker.js:497:12),
      type: 'unhandled exception'
    }

    [0m [90m 73 |[39m       [36mreturn[39m
     [90m 74 |[39m     }
    [31m[1m>[22m[39m[90m 75 |[39m     originalError[33m.[39mcall(console[33m,[39m [33m...[39margs)
     [90m    |[39m                   [31m[1m^[22m[39m
     [90m 76 |[39m   }
     [90m 77 |[39m })
     [90m 78 |[39m[0m

      at console.call [as error] (jest.setup.js:75:19)
      at VirtualConsole.<anonymous> (node_modules/@jest/environment-jsdom-abstract/build/index.js:78:23)
      at reportException (node_modules/jsdom/lib/jsdom/living/helpers/runtime-script-errors.js:70:28)
      at innerInvokeEventListeners (node_modules/jsdom/lib/jsdom/living/events/EventTarget-impl.js:353:9)
      at invokeEventListeners (node_modules/jsdom/lib/jsdom/living/events/EventTarget-impl.js:286:3)
      at HTMLUnknownElementImpl._dispatch (node_modules/jsdom/lib/jsdom/living/events/EventTarget-impl.js:233:9)
      at HTMLUnknownElementImpl.dispatchEvent (node_modules/jsdom/lib/jsdom/living/events/EventTarget-impl.js:104:17)
      at HTMLUnknownElement.dispatchEvent (node_modules/jsdom/lib/jsdom/living/generated/EventTarget.js:241:34)
      at Object.invokeGuardedCallbackDev (node_modules/react-dom/cjs/react-dom.development.js:4213:16)
      at invokeGuardedCallback (node_modules/react-dom/cjs/react-dom.development.js:4277:31)
      at beginWork$1 (node_modules/react-dom/cjs/react-dom.development.js:27490:7)
      at performUnitOfWork (node_modules/react-dom/cjs/react-dom.development.js:26599:12)
      at workLoopSync (node_modules/react-dom/cjs/react-dom.development.js:26505:5)
      at renderRootSync (node_modules/react-dom/cjs/react-dom.development.js:26473:7)
      at performConcurrentWorkOnRoot (node_modules/react-dom/cjs/react-dom.development.js:25777:74)
      at flushActQueue (node_modules/react/cjs/react.development.js:2667:24)
      at act (node_modules/react/cjs/react.development.js:2582:11)
      at node_modules/@testing-library/react/dist/act-compat.js:47:25
      at renderRoot (node_modules/@testing-library/react/dist/pure.js:190:26)
      at render (node_modules/@testing-library/react/dist/pure.js:292:10)
      at customRender (tests/utils/test-utils.tsx:38:16)
      at Object.<anonymous> (src/components/layout/DashboardLayout.test.tsx:145:11)

  console.error
    Error: Uncaught [Error: Element type is invalid: expected a string (for built-in components) or a class/function (for composite components) but got: undefined. You likely forgot to export your component from the file it's defined in, or you might have mixed up default and named imports.]
        at reportException (C:\Users\kyrian\Documents\Taller-Ocampos\frontend\node_modules\jsdom\lib\jsdom\living\helpers\runtime-script-errors.js:66:24)
        at innerInvokeEventListeners (C:\Users\kyrian\Documents\Taller-Ocampos\frontend\node_modules\jsdom\lib\jsdom\living\events\EventTarget-impl.js:353:9)
        at invokeEventListeners (C:\Users\kyrian\Documents\Taller-Ocampos\frontend\node_modules\jsdom\lib\jsdom\living\events\EventTarget-impl.js:286:3)
        at HTMLUnknownElementImpl._dispatch (C:\Users\kyrian\Documents\Taller-Ocampos\frontend\node_modules\jsdom\lib\jsdom\living\events\EventTarget-impl.js:233:9)
        at HTMLUnknownElementImpl.dispatchEvent (C:\Users\kyrian\Documents\Taller-Ocampos\frontend\node_modules\jsdom\lib\jsdom\living\events\EventTarget-impl.js:104:17)
        at HTMLUnknownElement.dispatchEvent (C:\Users\kyrian\Documents\Taller-Ocampos\frontend\node_modules\jsdom\lib\jsdom\living\generated\EventTarget.js:241:34)
        at Object.invokeGuardedCallbackDev (C:\Users\kyrian\Documents\Taller-Ocampos\frontend\node_modules\react-dom\cjs\react-dom.development.js:4213:16)
        at invokeGuardedCallback (C:\Users\kyrian\Documents\Taller-Ocampos\frontend\node_modules\react-dom\cjs\react-dom.development.js:4277:31)
        at beginWork$1 (C:\Users\kyrian\Documents\Taller-Ocampos\frontend\node_modules\react-dom\cjs\react-dom.development.js:27490:7)
        at performUnitOfWork (C:\Users\kyrian\Documents\Taller-Ocampos\frontend\node_modules\react-dom\cjs\react-dom.development.js:26599:12)
        at workLoopSync (C:\Users\kyrian\Documents\Taller-Ocampos\frontend\node_modules\react-dom\cjs\react-dom.development.js:26505:5)
        at renderRootSync (C:\Users\kyrian\Documents\Taller-Ocampos\frontend\node_modules\react-dom\cjs\react-dom.development.js:26473:7)
        at recoverFromConcurrentError (C:\Users\kyrian\Documents\Taller-Ocampos\frontend\node_modules\react-dom\cjs\react-dom.development.js:25889:20)
        at performConcurrentWorkOnRoot (C:\Users\kyrian\Documents\Taller-Ocampos\frontend\node_modules\react-dom\cjs\react-dom.development.js:25789:22)
        at flushActQueue (C:\Users\kyrian\Documents\Taller-Ocampos\frontend\node_modules\react\cjs\react.development.js:2667:24)
        at act (C:\Users\kyrian\Documents\Taller-Ocampos\frontend\node_modules\react\cjs\react.development.js:2582:11)
        at C:\Users\kyrian\Documents\Taller-Ocampos\frontend\node_modules\@testing-library\react\dist\act-compat.js:47:25
        at renderRoot (C:\Users\kyrian\Documents\Taller-Ocampos\frontend\node_modules\@testing-library\react\dist\pure.js:190:26)
        at render (C:\Users\kyrian\Documents\Taller-Ocampos\frontend\node_modules\@testing-library\react\dist\pure.js:292:10)
        at customRender (C:\Users\kyrian\Documents\Taller-Ocampos\frontend\tests\utils\test-utils.tsx:38:16)
        at Object.<anonymous> (C:\Users\kyrian\Documents\Taller-Ocampos\frontend\src\components\layout\DashboardLayout.test.tsx:145:11)
        at Promise.finally.completed (C:\Users\kyrian\Documents\Taller-Ocampos\frontend\node_modules\jest-circus\build\jestAdapterInit.js:1556:28)
        at new Promise (<anonymous>)
        at callAsyncCircusFn (C:\Users\kyrian\Documents\Taller-Ocampos\frontend\node_modules\jest-circus\build\jestAdapterInit.js:1496:10)
        at _callCircusTest (C:\Users\kyrian\Documents\Taller-Ocampos\frontend\node_modules\jest-circus\build\jestAdapterInit.js:1006:40)
        at processTicksAndRejections (node:internal/process/task_queues:105:5)
        at _runTest (C:\Users\kyrian\Documents\Taller-Ocampos\frontend\node_modules\jest-circus\build\jestAdapterInit.js:946:3)
        at _runTestsForDescribeBlock (C:\Users\kyrian\Documents\Taller-Ocampos\frontend\node_modules\jest-circus\build\jestAdapterInit.js:839:13)
        at _runTestsForDescribeBlock (C:\Users\kyrian\Documents\Taller-Ocampos\frontend\node_modules\jest-circus\build\jestAdapterInit.js:829:11)
        at run (C:\Users\kyrian\Documents\Taller-Ocampos\frontend\node_modules\jest-circus\build\jestAdapterInit.js:757:3)
        at runAndTransformResultsToJestFormat (C:\Users\kyrian\Documents\Taller-Ocampos\frontend\node_modules\jest-circus\build\jestAdapterInit.js:1917:21)
        at jestAdapter (C:\Users\kyrian\Documents\Taller-Ocampos\frontend\node_modules\jest-circus\build\runner.js:101:19)
        at runTestInternal (C:\Users\kyrian\Documents\Taller-Ocampos\frontend\node_modules\jest-runner\build\testWorker.js:275:16)
        at runTest (C:\Users\kyrian\Documents\Taller-Ocampos\frontend\node_modules\jest-runner\build\testWorker.js:343:7)
        at Object.worker (C:\Users\kyrian\Documents\Taller-Ocampos\frontend\node_modules\jest-runner\build\testWorker.js:497:12) {
      detail: Error: Element type is invalid: expected a string (for built-in components) or a class/function (for composite components) but got: undefined. You likely forgot to export your component from the file it's defined in, or you might have mixed up default and named imports.
          at createFiberFromTypeAndProps (C:\Users\kyrian\Documents\Taller-Ocampos\frontend\node_modules\react-dom\cjs\react-dom.development.js:28478:17)
          at createFiberFromElement (C:\Users\kyrian\Documents\Taller-Ocampos\frontend\node_modules\react-dom\cjs\react-dom.development.js:28504:15)
          at reconcileSingleElement (C:\Users\kyrian\Documents\Taller-Ocampos\frontend\node_modules\react-dom\cjs\react-dom.development.js:13986:23)
          at reconcileChildFibers (C:\Users\kyrian\Documents\Taller-Ocampos\frontend\node_modules\react-dom\cjs\react-dom.development.js:14044:35)
          at reconcileChildren (C:\Users\kyrian\Documents\Taller-Ocampos\frontend\node_modules\react-dom\cjs\react-dom.development.js:19186:28)
          at updateContextProvider (C:\Users\kyrian\Documents\Taller-Ocampos\frontend\node_modules\react-dom\cjs\react-dom.development.js:21193:3)
          at beginWork (C:\Users\kyrian\Documents\Taller-Ocampos\frontend\node_modules\react-dom\cjs\react-dom.development.js:21688:14)
          at HTMLUnknownElement.callCallback (C:\Users\kyrian\Documents\Taller-Ocampos\frontend\node_modules\react-dom\cjs\react-dom.development.js:4164:14)
          at HTMLUnknownElement.callTheUserObjectsOperation (C:\Users\kyrian\Documents\Taller-Ocampos\frontend\node_modules\jsdom\lib\jsdom\living\generated\EventListener.js:26:30)
          at innerInvokeEventListeners (C:\Users\kyrian\Documents\Taller-Ocampos\frontend\node_modules\jsdom\lib\jsdom\living\events\EventTarget-impl.js:350:25)
          at invokeEventListeners (C:\Users\kyrian\Documents\Taller-Ocampos\frontend\node_modules\jsdom\lib\jsdom\living\events\EventTarget-impl.js:286:3)
          at HTMLUnknownElementImpl._dispatch (C:\Users\kyrian\Documents\Taller-Ocampos\frontend\node_modules\jsdom\lib\jsdom\living\events\EventTarget-impl.js:233:9)
          at HTMLUnknownElementImpl.dispatchEvent (C:\Users\kyrian\Documents\Taller-Ocampos\frontend\node_modules\jsdom\lib\jsdom\living\events\EventTarget-impl.js:104:17)
          at HTMLUnknownElement.dispatchEvent (C:\Users\kyrian\Documents\Taller-Ocampos\frontend\node_modules\jsdom\lib\jsdom\living\generated\EventTarget.js:241:34)
          at Object.invokeGuardedCallbackDev (C:\Users\kyrian\Documents\Taller-Ocampos\frontend\node_modules\react-dom\cjs\react-dom.development.js:4213:16)
          at invokeGuardedCallback (C:\Users\kyrian\Documents\Taller-Ocampos\frontend\node_modules\react-dom\cjs\react-dom.development.js:4277:31)
          at beginWork$1 (C:\Users\kyrian\Documents\Taller-Ocampos\frontend\node_modules\react-dom\cjs\react-dom.development.js:27490:7)
          at performUnitOfWork (C:\Users\kyrian\Documents\Taller-Ocampos\frontend\node_modules\react-dom\cjs\react-dom.development.js:26599:12)
          at workLoopSync (C:\Users\kyrian\Documents\Taller-Ocampos\frontend\node_modules\react-dom\cjs\react-dom.development.js:26505:5)
          at renderRootSync (C:\Users\kyrian\Documents\Taller-Ocampos\frontend\node_modules\react-dom\cjs\react-dom.development.js:26473:7)
          at recoverFromConcurrentError (C:\Users\kyrian\Documents\Taller-Ocampos\frontend\node_modules\react-dom\cjs\react-dom.development.js:25889:20)
          at performConcurrentWorkOnRoot (C:\Users\kyrian\Documents\Taller-Ocampos\frontend\node_modules\react-dom\cjs\react-dom.development.js:25789:22)
          at flushActQueue (C:\Users\kyrian\Documents\Taller-Ocampos\frontend\node_modules\react\cjs\react.development.js:2667:24)
          at act (C:\Users\kyrian\Documents\Taller-Ocampos\frontend\node_modules\react\cjs\react.development.js:2582:11)
          at C:\Users\kyrian\Documents\Taller-Ocampos\frontend\node_modules\@testing-library\react\dist\act-compat.js:47:25
          at renderRoot (C:\Users\kyrian\Documents\Taller-Ocampos\frontend\node_modules\@testing-library\react\dist\pure.js:190:26)
          at render (C:\Users\kyrian\Documents\Taller-Ocampos\frontend\node_modules\@testing-library\react\dist\pure.js:292:10)
          at customRender (C:\Users\kyrian\Documents\Taller-Ocampos\frontend\tests\utils\test-utils.tsx:38:16)
          at Object.<anonymous> (C:\Users\kyrian\Documents\Taller-Ocampos\frontend\src\components\layout\DashboardLayout.test.tsx:145:11)
          at Promise.finally.completed (C:\Users\kyrian\Documents\Taller-Ocampos\frontend\node_modules\jest-circus\build\jestAdapterInit.js:1556:28)
          at new Promise (<anonymous>)
          at callAsyncCircusFn (C:\Users\kyrian\Documents\Taller-Ocampos\frontend\node_modules\jest-circus\build\jestAdapterInit.js:1496:10)
          at _callCircusTest (C:\Users\kyrian\Documents\Taller-Ocampos\frontend\node_modules\jest-circus\build\jestAdapterInit.js:1006:40)
          at processTicksAndRejections (node:internal/process/task_queues:105:5)
          at _runTest (C:\Users\kyrian\Documents\Taller-Ocampos\frontend\node_modules\jest-circus\build\jestAdapterInit.js:946:3)
          at _runTestsForDescribeBlock (C:\Users\kyrian\Documents\Taller-Ocampos\frontend\node_modules\jest-circus\build\jestAdapterInit.js:839:13)
          at _runTestsForDescribeBlock (C:\Users\kyrian\Documents\Taller-Ocampos\frontend\node_modules\jest-circus\build\jestAdapterInit.js:829:11)
          at run (C:\Users\kyrian\Documents\Taller-Ocampos\frontend\node_modules\jest-circus\build\jestAdapterInit.js:757:3)
          at runAndTransformResultsToJestFormat (C:\Users\kyrian\Documents\Taller-Ocampos\frontend\node_modules\jest-circus\build\jestAdapterInit.js:1917:21)
          at jestAdapter (C:\Users\kyrian\Documents\Taller-Ocampos\frontend\node_modules\jest-circus\build\runner.js:101:19)
          at runTestInternal (C:\Users\kyrian\Documents\Taller-Ocampos\frontend\node_modules\jest-runner\build\testWorker.js:275:16)
          at runTest (C:\Users\kyrian\Documents\Taller-Ocampos\frontend\node_modules\jest-runner\build\testWorker.js:343:7)
          at Object.worker (C:\Users\kyrian\Documents\Taller-Ocampos\frontend\node_modules\jest-runner\build\testWorker.js:497:12),
      type: 'unhandled exception'
    }

    [0m [90m 73 |[39m       [36mreturn[39m
     [90m 74 |[39m     }
    [31m[1m>[22m[39m[90m 75 |[39m     originalError[33m.[39mcall(console[33m,[39m [33m...[39margs)
     [90m    |[39m                   [31m[1m^[22m[39m
     [90m 76 |[39m   }
     [90m 77 |[39m })
     [90m 78 |[39m[0m

      at console.call [as error] (jest.setup.js:75:19)
      at VirtualConsole.<anonymous> (node_modules/@jest/environment-jsdom-abstract/build/index.js:78:23)
      at reportException (node_modules/jsdom/lib/jsdom/living/helpers/runtime-script-errors.js:70:28)
      at innerInvokeEventListeners (node_modules/jsdom/lib/jsdom/living/events/EventTarget-impl.js:353:9)
      at invokeEventListeners (node_modules/jsdom/lib/jsdom/living/events/EventTarget-impl.js:286:3)
      at HTMLUnknownElementImpl._dispatch (node_modules/jsdom/lib/jsdom/living/events/EventTarget-impl.js:233:9)
      at HTMLUnknownElementImpl.dispatchEvent (node_modules/jsdom/lib/jsdom/living/events/EventTarget-impl.js:104:17)
      at HTMLUnknownElement.dispatchEvent (node_modules/jsdom/lib/jsdom/living/generated/EventTarget.js:241:34)
      at Object.invokeGuardedCallbackDev (node_modules/react-dom/cjs/react-dom.development.js:4213:16)
      at invokeGuardedCallback (node_modules/react-dom/cjs/react-dom.development.js:4277:31)
      at beginWork$1 (node_modules/react-dom/cjs/react-dom.development.js:27490:7)
      at performUnitOfWork (node_modules/react-dom/cjs/react-dom.development.js:26599:12)
      at workLoopSync (node_modules/react-dom/cjs/react-dom.development.js:26505:5)
      at renderRootSync (node_modules/react-dom/cjs/react-dom.development.js:26473:7)
      at recoverFromConcurrentError (node_modules/react-dom/cjs/react-dom.development.js:25889:20)
      at performConcurrentWorkOnRoot (node_modules/react-dom/cjs/react-dom.development.js:25789:22)
      at flushActQueue (node_modules/react/cjs/react.development.js:2667:24)
      at act (node_modules/react/cjs/react.development.js:2582:11)
      at node_modules/@testing-library/react/dist/act-compat.js:47:25
      at renderRoot (node_modules/@testing-library/react/dist/pure.js:190:26)
      at render (node_modules/@testing-library/react/dist/pure.js:292:10)
      at customRender (tests/utils/test-utils.tsx:38:16)
      at Object.<anonymous> (src/components/layout/DashboardLayout.test.tsx:145:11)

  console.error
    The above error occurred in the <Context.Provider> component:
    
        at QueryClientProvider (C:\Users\kyrian\Documents\Taller-Ocampos\frontend\node_modules\@tanstack\react-query\src\QueryClientProvider.tsx:30:3)
        at children (C:\Users\kyrian\Documents\Taller-Ocampos\frontend\tests\utils\test-utils.tsx:23:28)
    
    Consider adding an error boundary to your tree to customize error handling behavior.
    Visit https://reactjs.org/link/error-boundaries to learn more about error boundaries.

    [0m [90m 73 |[39m       [36mreturn[39m
     [90m 74 |[39m     }
    [31m[1m>[22m[39m[90m 75 |[39m     originalError[33m.[39mcall(console[33m,[39m [33m...[39margs)
     [90m    |[39m                   [31m[1m^[22m[39m
     [90m 76 |[39m   }
     [90m 77 |[39m })
     [90m 78 |[39m[0m

      at console.call [as error] (jest.setup.js:75:19)
      at logCapturedError (node_modules/react-dom/cjs/react-dom.development.js:18704:23)
      at update.callback (node_modules/react-dom/cjs/react-dom.development.js:18737:5)
      at callCallback (node_modules/react-dom/cjs/react-dom.development.js:15036:12)
      at commitUpdateQueue (node_modules/react-dom/cjs/react-dom.development.js:15057:9)
      at commitLayoutEffectOnFiber (node_modules/react-dom/cjs/react-dom.development.js:23430:13)
      at commitLayoutMountEffects_complete (node_modules/react-dom/cjs/react-dom.development.js:24727:9)
      at commitLayoutEffects_begin (node_modules/react-dom/cjs/react-dom.development.js:24713:7)
      at commitLayoutEffects (node_modules/react-dom/cjs/react-dom.development.js:24651:3)
      at commitRootImpl (node_modules/react-dom/cjs/react-dom.development.js:26862:5)
      at commitRoot (node_modules/react-dom/cjs/react-dom.development.js:26721:5)
      at finishConcurrentRender (node_modules/react-dom/cjs/react-dom.development.js:25931:9)
      at performConcurrentWorkOnRoot (node_modules/react-dom/cjs/react-dom.development.js:25848:7)
      at flushActQueue (node_modules/react/cjs/react.development.js:2667:24)
      at act (node_modules/react/cjs/react.development.js:2582:11)
      at node_modules/@testing-library/react/dist/act-compat.js:47:25
      at renderRoot (node_modules/@testing-library/react/dist/pure.js:190:26)
      at render (node_modules/@testing-library/react/dist/pure.js:292:10)
      at customRender (tests/utils/test-utils.tsx:38:16)
      at Object.<anonymous> (src/components/layout/DashboardLayout.test.tsx:145:11)

  console.error
    Warning: React.jsx: type is invalid -- expected a string (for built-in components) or a class/function (for composite components) but got: undefined. You likely forgot to export your component from the file it's defined in, or you might have mixed up default and named imports.

    [0m [90m 73 |[39m       [36mreturn[39m
     [90m 74 |[39m     }
    [31m[1m>[22m[39m[90m 75 |[39m     originalError[33m.[39mcall(console[33m,[39m [33m...[39margs)
     [90m    |[39m                   [31m[1m^[22m[39m
     [90m 76 |[39m   }
     [90m 77 |[39m })
     [90m 78 |[39m[0m

      at console.call [as error] (jest.setup.js:75:19)
      at printWarning (node_modules/react/cjs/react-jsx-runtime.development.js:87:30)
      at error (node_modules/react/cjs/react-jsx-runtime.development.js:61:7)
      at jsxWithValidation (node_modules/react/cjs/react-jsx-runtime.development.js:1245:7)
      at jsxWithValidationDynamic (node_modules/react/cjs/react-jsx-runtime.development.js:1320:12)
      at Object.<anonymous> (src/components/layout/DashboardLayout.test.tsx:164:12)

  console.error
    Error: Uncaught [Error: Element type is invalid: expected a string (for built-in components) or a class/function (for composite components) but got: undefined. You likely forgot to export your component from the file it's defined in, or you might have mixed up default and named imports.]
        at reportException (C:\Users\kyrian\Documents\Taller-Ocampos\frontend\node_modules\jsdom\lib\jsdom\living\helpers\runtime-script-errors.js:66:24)
        at innerInvokeEventListeners (C:\Users\kyrian\Documents\Taller-Ocampos\frontend\node_modules\jsdom\lib\jsdom\living\events\EventTarget-impl.js:353:9)
        at invokeEventListeners (C:\Users\kyrian\Documents\Taller-Ocampos\frontend\node_modules\jsdom\lib\jsdom\living\events\EventTarget-impl.js:286:3)
        at HTMLUnknownElementImpl._dispatch (C:\Users\kyrian\Documents\Taller-Ocampos\frontend\node_modules\jsdom\lib\jsdom\living\events\EventTarget-impl.js:233:9)
        at HTMLUnknownElementImpl.dispatchEvent (C:\Users\kyrian\Documents\Taller-Ocampos\frontend\node_modules\jsdom\lib\jsdom\living\events\EventTarget-impl.js:104:17)
        at HTMLUnknownElement.dispatchEvent (C:\Users\kyrian\Documents\Taller-Ocampos\frontend\node_modules\jsdom\lib\jsdom\living\generated\EventTarget.js:241:34)
        at Object.invokeGuardedCallbackDev (C:\Users\kyrian\Documents\Taller-Ocampos\frontend\node_modules\react-dom\cjs\react-dom.development.js:4213:16)
        at invokeGuardedCallback (C:\Users\kyrian\Documents\Taller-Ocampos\frontend\node_modules\react-dom\cjs\react-dom.development.js:4277:31)
        at beginWork$1 (C:\Users\kyrian\Documents\Taller-Ocampos\frontend\node_modules\react-dom\cjs\react-dom.development.js:27490:7)
        at performUnitOfWork (C:\Users\kyrian\Documents\Taller-Ocampos\frontend\node_modules\react-dom\cjs\react-dom.development.js:26599:12)
        at workLoopSync (C:\Users\kyrian\Documents\Taller-Ocampos\frontend\node_modules\react-dom\cjs\react-dom.development.js:26505:5)
        at renderRootSync (C:\Users\kyrian\Documents\Taller-Ocampos\frontend\node_modules\react-dom\cjs\react-dom.development.js:26473:7)
        at performConcurrentWorkOnRoot (C:\Users\kyrian\Documents\Taller-Ocampos\frontend\node_modules\react-dom\cjs\react-dom.development.js:25777:74)
        at flushActQueue (C:\Users\kyrian\Documents\Taller-Ocampos\frontend\node_modules\react\cjs\react.development.js:2667:24)
        at act (C:\Users\kyrian\Documents\Taller-Ocampos\frontend\node_modules\react\cjs\react.development.js:2582:11)
        at C:\Users\kyrian\Documents\Taller-Ocampos\frontend\node_modules\@testing-library\react\dist\act-compat.js:47:25
        at renderRoot (C:\Users\kyrian\Documents\Taller-Ocampos\frontend\node_modules\@testing-library\react\dist\pure.js:190:26)
        at render (C:\Users\kyrian\Documents\Taller-Ocampos\frontend\node_modules\@testing-library\react\dist\pure.js:292:10)
        at customRender (C:\Users\kyrian\Documents\Taller-Ocampos\frontend\tests\utils\test-utils.tsx:38:16)
        at Object.<anonymous> (C:\Users\kyrian\Documents\Taller-Ocampos\frontend\src\components\layout\DashboardLayout.test.tsx:164:11)
        at Promise.finally.completed (C:\Users\kyrian\Documents\Taller-Ocampos\frontend\node_modules\jest-circus\build\jestAdapterInit.js:1556:28)
        at new Promise (<anonymous>)
        at callAsyncCircusFn (C:\Users\kyrian\Documents\Taller-Ocampos\frontend\node_modules\jest-circus\build\jestAdapterInit.js:1496:10)
        at _callCircusTest (C:\Users\kyrian\Documents\Taller-Ocampos\frontend\node_modules\jest-circus\build\jestAdapterInit.js:1006:40)
        at processTicksAndRejections (node:internal/process/task_queues:105:5)
        at _runTest (C:\Users\kyrian\Documents\Taller-Ocampos\frontend\node_modules\jest-circus\build\jestAdapterInit.js:946:3)
        at _runTestsForDescribeBlock (C:\Users\kyrian\Documents\Taller-Ocampos\frontend\node_modules\jest-circus\build\jestAdapterInit.js:839:13)
        at _runTestsForDescribeBlock (C:\Users\kyrian\Documents\Taller-Ocampos\frontend\node_modules\jest-circus\build\jestAdapterInit.js:829:11)
        at run (C:\Users\kyrian\Documents\Taller-Ocampos\frontend\node_modules\jest-circus\build\jestAdapterInit.js:757:3)
        at runAndTransformResultsToJestFormat (C:\Users\kyrian\Documents\Taller-Ocampos\frontend\node_modules\jest-circus\build\jestAdapterInit.js:1917:21)
        at jestAdapter (C:\Users\kyrian\Documents\Taller-Ocampos\frontend\node_modules\jest-circus\build\runner.js:101:19)
        at runTestInternal (C:\Users\kyrian\Documents\Taller-Ocampos\frontend\node_modules\jest-runner\build\testWorker.js:275:16)
        at runTest (C:\Users\kyrian\Documents\Taller-Ocampos\frontend\node_modules\jest-runner\build\testWorker.js:343:7)
        at Object.worker (C:\Users\kyrian\Documents\Taller-Ocampos\frontend\node_modules\jest-runner\build\testWorker.js:497:12) {
      detail: Error: Element type is invalid: expected a string (for built-in components) or a class/function (for composite components) but got: undefined. You likely forgot to export your component from the file it's defined in, or you might have mixed up default and named imports.
          at createFiberFromTypeAndProps (C:\Users\kyrian\Documents\Taller-Ocampos\frontend\node_modules\react-dom\cjs\react-dom.development.js:28478:17)
          at createFiberFromElement (C:\Users\kyrian\Documents\Taller-Ocampos\frontend\node_modules\react-dom\cjs\react-dom.development.js:28504:15)
          at reconcileSingleElement (C:\Users\kyrian\Documents\Taller-Ocampos\frontend\node_modules\react-dom\cjs\react-dom.development.js:13986:23)
          at reconcileChildFibers (C:\Users\kyrian\Documents\Taller-Ocampos\frontend\node_modules\react-dom\cjs\react-dom.development.js:14044:35)
          at reconcileChildren (C:\Users\kyrian\Documents\Taller-Ocampos\frontend\node_modules\react-dom\cjs\react-dom.development.js:19186:28)
          at updateContextProvider (C:\Users\kyrian\Documents\Taller-Ocampos\frontend\node_modules\react-dom\cjs\react-dom.development.js:21193:3)
          at beginWork (C:\Users\kyrian\Documents\Taller-Ocampos\frontend\node_modules\react-dom\cjs\react-dom.development.js:21688:14)
          at HTMLUnknownElement.callCallback (C:\Users\kyrian\Documents\Taller-Ocampos\frontend\node_modules\react-dom\cjs\react-dom.development.js:4164:14)
          at HTMLUnknownElement.callTheUserObjectsOperation (C:\Users\kyrian\Documents\Taller-Ocampos\frontend\node_modules\jsdom\lib\jsdom\living\generated\EventListener.js:26:30)
          at innerInvokeEventListeners (C:\Users\kyrian\Documents\Taller-Ocampos\frontend\node_modules\jsdom\lib\jsdom\living\events\EventTarget-impl.js:350:25)
          at invokeEventListeners (C:\Users\kyrian\Documents\Taller-Ocampos\frontend\node_modules\jsdom\lib\jsdom\living\events\EventTarget-impl.js:286:3)
          at HTMLUnknownElementImpl._dispatch (C:\Users\kyrian\Documents\Taller-Ocampos\frontend\node_modules\jsdom\lib\jsdom\living\events\EventTarget-impl.js:233:9)
          at HTMLUnknownElementImpl.dispatchEvent (C:\Users\kyrian\Documents\Taller-Ocampos\frontend\node_modules\jsdom\lib\jsdom\living\events\EventTarget-impl.js:104:17)
          at HTMLUnknownElement.dispatchEvent (C:\Users\kyrian\Documents\Taller-Ocampos\frontend\node_modules\jsdom\lib\jsdom\living\generated\EventTarget.js:241:34)
          at Object.invokeGuardedCallbackDev (C:\Users\kyrian\Documents\Taller-Ocampos\frontend\node_modules\react-dom\cjs\react-dom.development.js:4213:16)
          at invokeGuardedCallback (C:\Users\kyrian\Documents\Taller-Ocampos\frontend\node_modules\react-dom\cjs\react-dom.development.js:4277:31)
          at beginWork$1 (C:\Users\kyrian\Documents\Taller-Ocampos\frontend\node_modules\react-dom\cjs\react-dom.development.js:27490:7)
          at performUnitOfWork (C:\Users\kyrian\Documents\Taller-Ocampos\frontend\node_modules\react-dom\cjs\react-dom.development.js:26599:12)
          at workLoopSync (C:\Users\kyrian\Documents\Taller-Ocampos\frontend\node_modules\react-dom\cjs\react-dom.development.js:26505:5)
          at renderRootSync (C:\Users\kyrian\Documents\Taller-Ocampos\frontend\node_modules\react-dom\cjs\react-dom.development.js:26473:7)
          at performConcurrentWorkOnRoot (C:\Users\kyrian\Documents\Taller-Ocampos\frontend\node_modules\react-dom\cjs\react-dom.development.js:25777:74)
          at flushActQueue (C:\Users\kyrian\Documents\Taller-Ocampos\frontend\node_modules\react\cjs\react.development.js:2667:24)
          at act (C:\Users\kyrian\Documents\Taller-Ocampos\frontend\node_modules\react\cjs\react.development.js:2582:11)
          at C:\Users\kyrian\Documents\Taller-Ocampos\frontend\node_modules\@testing-library\react\dist\act-compat.js:47:25
          at renderRoot (C:\Users\kyrian\Documents\Taller-Ocampos\frontend\node_modules\@testing-library\react\dist\pure.js:190:26)
          at render (C:\Users\kyrian\Documents\Taller-Ocampos\frontend\node_modules\@testing-library\react\dist\pure.js:292:10)
          at customRender (C:\Users\kyrian\Documents\Taller-Ocampos\frontend\tests\utils\test-utils.tsx:38:16)
          at Object.<anonymous> (C:\Users\kyrian\Documents\Taller-Ocampos\frontend\src\components\layout\DashboardLayout.test.tsx:164:11)
          at Promise.finally.completed (C:\Users\kyrian\Documents\Taller-Ocampos\frontend\node_modules\jest-circus\build\jestAdapterInit.js:1556:28)
          at new Promise (<anonymous>)
          at callAsyncCircusFn (C:\Users\kyrian\Documents\Taller-Ocampos\frontend\node_modules\jest-circus\build\jestAdapterInit.js:1496:10)
          at _callCircusTest (C:\Users\kyrian\Documents\Taller-Ocampos\frontend\node_modules\jest-circus\build\jestAdapterInit.js:1006:40)
          at processTicksAndRejections (node:internal/process/task_queues:105:5)
          at _runTest (C:\Users\kyrian\Documents\Taller-Ocampos\frontend\node_modules\jest-circus\build\jestAdapterInit.js:946:3)
          at _runTestsForDescribeBlock (C:\Users\kyrian\Documents\Taller-Ocampos\frontend\node_modules\jest-circus\build\jestAdapterInit.js:839:13)
          at _runTestsForDescribeBlock (C:\Users\kyrian\Documents\Taller-Ocampos\frontend\node_modules\jest-circus\build\jestAdapterInit.js:829:11)
          at run (C:\Users\kyrian\Documents\Taller-Ocampos\frontend\node_modules\jest-circus\build\jestAdapterInit.js:757:3)
          at runAndTransformResultsToJestFormat (C:\Users\kyrian\Documents\Taller-Ocampos\frontend\node_modules\jest-circus\build\jestAdapterInit.js:1917:21)
          at jestAdapter (C:\Users\kyrian\Documents\Taller-Ocampos\frontend\node_modules\jest-circus\build\runner.js:101:19)
          at runTestInternal (C:\Users\kyrian\Documents\Taller-Ocampos\frontend\node_modules\jest-runner\build\testWorker.js:275:16)
          at runTest (C:\Users\kyrian\Documents\Taller-Ocampos\frontend\node_modules\jest-runner\build\testWorker.js:343:7)
          at Object.worker (C:\Users\kyrian\Documents\Taller-Ocampos\frontend\node_modules\jest-runner\build\testWorker.js:497:12),
      type: 'unhandled exception'
    }

    [0m [90m 73 |[39m       [36mreturn[39m
     [90m 74 |[39m     }
    [31m[1m>[22m[39m[90m 75 |[39m     originalError[33m.[39mcall(console[33m,[39m [33m...[39margs)
     [90m    |[39m                   [31m[1m^[22m[39m
     [90m 76 |[39m   }
     [90m 77 |[39m })
     [90m 78 |[39m[0m

      at console.call [as error] (jest.setup.js:75:19)
      at VirtualConsole.<anonymous> (node_modules/@jest/environment-jsdom-abstract/build/index.js:78:23)
      at reportException (node_modules/jsdom/lib/jsdom/living/helpers/runtime-script-errors.js:70:28)
      at innerInvokeEventListeners (node_modules/jsdom/lib/jsdom/living/events/EventTarget-impl.js:353:9)
      at invokeEventListeners (node_modules/jsdom/lib/jsdom/living/events/EventTarget-impl.js:286:3)
      at HTMLUnknownElementImpl._dispatch (node_modules/jsdom/lib/jsdom/living/events/EventTarget-impl.js:233:9)
      at HTMLUnknownElementImpl.dispatchEvent (node_modules/jsdom/lib/jsdom/living/events/EventTarget-impl.js:104:17)
      at HTMLUnknownElement.dispatchEvent (node_modules/jsdom/lib/jsdom/living/generated/EventTarget.js:241:34)
      at Object.invokeGuardedCallbackDev (node_modules/react-dom/cjs/react-dom.development.js:4213:16)
      at invokeGuardedCallback (node_modules/react-dom/cjs/react-dom.development.js:4277:31)
      at beginWork$1 (node_modules/react-dom/cjs/react-dom.development.js:27490:7)
      at performUnitOfWork (node_modules/react-dom/cjs/react-dom.development.js:26599:12)
      at workLoopSync (node_modules/react-dom/cjs/react-dom.development.js:26505:5)
      at renderRootSync (node_modules/react-dom/cjs/react-dom.development.js:26473:7)
      at performConcurrentWorkOnRoot (node_modules/react-dom/cjs/react-dom.development.js:25777:74)
      at flushActQueue (node_modules/react/cjs/react.development.js:2667:24)
      at act (node_modules/react/cjs/react.development.js:2582:11)
      at node_modules/@testing-library/react/dist/act-compat.js:47:25
      at renderRoot (node_modules/@testing-library/react/dist/pure.js:190:26)
      at render (node_modules/@testing-library/react/dist/pure.js:292:10)
      at customRender (tests/utils/test-utils.tsx:38:16)
      at Object.<anonymous> (src/components/layout/DashboardLayout.test.tsx:164:11)

  console.error
    Error: Uncaught [Error: Element type is invalid: expected a string (for built-in components) or a class/function (for composite components) but got: undefined. You likely forgot to export your component from the file it's defined in, or you might have mixed up default and named imports.]
        at reportException (C:\Users\kyrian\Documents\Taller-Ocampos\frontend\node_modules\jsdom\lib\jsdom\living\helpers\runtime-script-errors.js:66:24)
        at innerInvokeEventListeners (C:\Users\kyrian\Documents\Taller-Ocampos\frontend\node_modules\jsdom\lib\jsdom\living\events\EventTarget-impl.js:353:9)
        at invokeEventListeners (C:\Users\kyrian\Documents\Taller-Ocampos\frontend\node_modules\jsdom\lib\jsdom\living\events\EventTarget-impl.js:286:3)
        at HTMLUnknownElementImpl._dispatch (C:\Users\kyrian\Documents\Taller-Ocampos\frontend\node_modules\jsdom\lib\jsdom\living\events\EventTarget-impl.js:233:9)
        at HTMLUnknownElementImpl.dispatchEvent (C:\Users\kyrian\Documents\Taller-Ocampos\frontend\node_modules\jsdom\lib\jsdom\living\events\EventTarget-impl.js:104:17)
        at HTMLUnknownElement.dispatchEvent (C:\Users\kyrian\Documents\Taller-Ocampos\frontend\node_modules\jsdom\lib\jsdom\living\generated\EventTarget.js:241:34)
        at Object.invokeGuardedCallbackDev (C:\Users\kyrian\Documents\Taller-Ocampos\frontend\node_modules\react-dom\cjs\react-dom.development.js:4213:16)
        at invokeGuardedCallback (C:\Users\kyrian\Documents\Taller-Ocampos\frontend\node_modules\react-dom\cjs\react-dom.development.js:4277:31)
        at beginWork$1 (C:\Users\kyrian\Documents\Taller-Ocampos\frontend\node_modules\react-dom\cjs\react-dom.development.js:27490:7)
        at performUnitOfWork (C:\Users\kyrian\Documents\Taller-Ocampos\frontend\node_modules\react-dom\cjs\react-dom.development.js:26599:12)
        at workLoopSync (C:\Users\kyrian\Documents\Taller-Ocampos\frontend\node_modules\react-dom\cjs\react-dom.development.js:26505:5)
        at renderRootSync (C:\Users\kyrian\Documents\Taller-Ocampos\frontend\node_modules\react-dom\cjs\react-dom.development.js:26473:7)
        at recoverFromConcurrentError (C:\Users\kyrian\Documents\Taller-Ocampos\frontend\node_modules\react-dom\cjs\react-dom.development.js:25889:20)
        at performConcurrentWorkOnRoot (C:\Users\kyrian\Documents\Taller-Ocampos\frontend\node_modules\react-dom\cjs\react-dom.development.js:25789:22)
        at flushActQueue (C:\Users\kyrian\Documents\Taller-Ocampos\frontend\node_modules\react\cjs\react.development.js:2667:24)
        at act (C:\Users\kyrian\Documents\Taller-Ocampos\frontend\node_modules\react\cjs\react.development.js:2582:11)
        at C:\Users\kyrian\Documents\Taller-Ocampos\frontend\node_modules\@testing-library\react\dist\act-compat.js:47:25
        at renderRoot (C:\Users\kyrian\Documents\Taller-Ocampos\frontend\node_modules\@testing-library\react\dist\pure.js:190:26)
        at render (C:\Users\kyrian\Documents\Taller-Ocampos\frontend\node_modules\@testing-library\react\dist\pure.js:292:10)
        at customRender (C:\Users\kyrian\Documents\Taller-Ocampos\frontend\tests\utils\test-utils.tsx:38:16)
        at Object.<anonymous> (C:\Users\kyrian\Documents\Taller-Ocampos\frontend\src\components\layout\DashboardLayout.test.tsx:164:11)
        at Promise.finally.completed (C:\Users\kyrian\Documents\Taller-Ocampos\frontend\node_modules\jest-circus\build\jestAdapterInit.js:1556:28)
        at new Promise (<anonymous>)
        at callAsyncCircusFn (C:\Users\kyrian\Documents\Taller-Ocampos\frontend\node_modules\jest-circus\build\jestAdapterInit.js:1496:10)
        at _callCircusTest (C:\Users\kyrian\Documents\Taller-Ocampos\frontend\node_modules\jest-circus\build\jestAdapterInit.js:1006:40)
        at processTicksAndRejections (node:internal/process/task_queues:105:5)
        at _runTest (C:\Users\kyrian\Documents\Taller-Ocampos\frontend\node_modules\jest-circus\build\jestAdapterInit.js:946:3)
        at _runTestsForDescribeBlock (C:\Users\kyrian\Documents\Taller-Ocampos\frontend\node_modules\jest-circus\build\jestAdapterInit.js:839:13)
        at _runTestsForDescribeBlock (C:\Users\kyrian\Documents\Taller-Ocampos\frontend\node_modules\jest-circus\build\jestAdapterInit.js:829:11)
        at run (C:\Users\kyrian\Documents\Taller-Ocampos\frontend\node_modules\jest-circus\build\jestAdapterInit.js:757:3)
        at runAndTransformResultsToJestFormat (C:\Users\kyrian\Documents\Taller-Ocampos\frontend\node_modules\jest-circus\build\jestAdapterInit.js:1917:21)
        at jestAdapter (C:\Users\kyrian\Documents\Taller-Ocampos\frontend\node_modules\jest-circus\build\runner.js:101:19)
        at runTestInternal (C:\Users\kyrian\Documents\Taller-Ocampos\frontend\node_modules\jest-runner\build\testWorker.js:275:16)
        at runTest (C:\Users\kyrian\Documents\Taller-Ocampos\frontend\node_modules\jest-runner\build\testWorker.js:343:7)
        at Object.worker (C:\Users\kyrian\Documents\Taller-Ocampos\frontend\node_modules\jest-runner\build\testWorker.js:497:12) {
      detail: Error: Element type is invalid: expected a string (for built-in components) or a class/function (for composite components) but got: undefined. You likely forgot to export your component from the file it's defined in, or you might have mixed up default and named imports.
          at createFiberFromTypeAndProps (C:\Users\kyrian\Documents\Taller-Ocampos\frontend\node_modules\react-dom\cjs\react-dom.development.js:28478:17)
          at createFiberFromElement (C:\Users\kyrian\Documents\Taller-Ocampos\frontend\node_modules\react-dom\cjs\react-dom.development.js:28504:15)
          at reconcileSingleElement (C:\Users\kyrian\Documents\Taller-Ocampos\frontend\node_modules\react-dom\cjs\react-dom.development.js:13986:23)
          at reconcileChildFibers (C:\Users\kyrian\Documents\Taller-Ocampos\frontend\node_modules\react-dom\cjs\react-dom.development.js:14044:35)
          at reconcileChildren (C:\Users\kyrian\Documents\Taller-Ocampos\frontend\node_modules\react-dom\cjs\react-dom.development.js:19186:28)
          at updateContextProvider (C:\Users\kyrian\Documents\Taller-Ocampos\frontend\node_modules\react-dom\cjs\react-dom.development.js:21193:3)
          at beginWork (C:\Users\kyrian\Documents\Taller-Ocampos\frontend\node_modules\react-dom\cjs\react-dom.development.js:21688:14)
          at HTMLUnknownElement.callCallback (C:\Users\kyrian\Documents\Taller-Ocampos\frontend\node_modules\react-dom\cjs\react-dom.development.js:4164:14)
          at HTMLUnknownElement.callTheUserObjectsOperation (C:\Users\kyrian\Documents\Taller-Ocampos\frontend\node_modules\jsdom\lib\jsdom\living\generated\EventListener.js:26:30)
          at innerInvokeEventListeners (C:\Users\kyrian\Documents\Taller-Ocampos\frontend\node_modules\jsdom\lib\jsdom\living\events\EventTarget-impl.js:350:25)
          at invokeEventListeners (C:\Users\kyrian\Documents\Taller-Ocampos\frontend\node_modules\jsdom\lib\jsdom\living\events\EventTarget-impl.js:286:3)
          at HTMLUnknownElementImpl._dispatch (C:\Users\kyrian\Documents\Taller-Ocampos\frontend\node_modules\jsdom\lib\jsdom\living\events\EventTarget-impl.js:233:9)
          at HTMLUnknownElementImpl.dispatchEvent (C:\Users\kyrian\Documents\Taller-Ocampos\frontend\node_modules\jsdom\lib\jsdom\living\events\EventTarget-impl.js:104:17)
          at HTMLUnknownElement.dispatchEvent (C:\Users\kyrian\Documents\Taller-Ocampos\frontend\node_modules\jsdom\lib\jsdom\living\generated\EventTarget.js:241:34)
          at Object.invokeGuardedCallbackDev (C:\Users\kyrian\Documents\Taller-Ocampos\frontend\node_modules\react-dom\cjs\react-dom.development.js:4213:16)
          at invokeGuardedCallback (C:\Users\kyrian\Documents\Taller-Ocampos\frontend\node_modules\react-dom\cjs\react-dom.development.js:4277:31)
          at beginWork$1 (C:\Users\kyrian\Documents\Taller-Ocampos\frontend\node_modules\react-dom\cjs\react-dom.development.js:27490:7)
          at performUnitOfWork (C:\Users\kyrian\Documents\Taller-Ocampos\frontend\node_modules\react-dom\cjs\react-dom.development.js:26599:12)
          at workLoopSync (C:\Users\kyrian\Documents\Taller-Ocampos\frontend\node_modules\react-dom\cjs\react-dom.development.js:26505:5)
          at renderRootSync (C:\Users\kyrian\Documents\Taller-Ocampos\frontend\node_modules\react-dom\cjs\react-dom.development.js:26473:7)
          at recoverFromConcurrentError (C:\Users\kyrian\Documents\Taller-Ocampos\frontend\node_modules\react-dom\cjs\react-dom.development.js:25889:20)
          at performConcurrentWorkOnRoot (C:\Users\kyrian\Documents\Taller-Ocampos\frontend\node_modules\react-dom\cjs\react-dom.development.js:25789:22)
          at flushActQueue (C:\Users\kyrian\Documents\Taller-Ocampos\frontend\node_modules\react\cjs\react.development.js:2667:24)
          at act (C:\Users\kyrian\Documents\Taller-Ocampos\frontend\node_modules\react\cjs\react.development.js:2582:11)
          at C:\Users\kyrian\Documents\Taller-Ocampos\frontend\node_modules\@testing-library\react\dist\act-compat.js:47:25
          at renderRoot (C:\Users\kyrian\Documents\Taller-Ocampos\frontend\node_modules\@testing-library\react\dist\pure.js:190:26)
          at render (C:\Users\kyrian\Documents\Taller-Ocampos\frontend\node_modules\@testing-library\react\dist\pure.js:292:10)
          at customRender (C:\Users\kyrian\Documents\Taller-Ocampos\frontend\tests\utils\test-utils.tsx:38:16)
          at Object.<anonymous> (C:\Users\kyrian\Documents\Taller-Ocampos\frontend\src\components\layout\DashboardLayout.test.tsx:164:11)
          at Promise.finally.completed (C:\Users\kyrian\Documents\Taller-Ocampos\frontend\node_modules\jest-circus\build\jestAdapterInit.js:1556:28)
          at new Promise (<anonymous>)
          at callAsyncCircusFn (C:\Users\kyrian\Documents\Taller-Ocampos\frontend\node_modules\jest-circus\build\jestAdapterInit.js:1496:10)
          at _callCircusTest (C:\Users\kyrian\Documents\Taller-Ocampos\frontend\node_modules\jest-circus\build\jestAdapterInit.js:1006:40)
          at processTicksAndRejections (node:internal/process/task_queues:105:5)
          at _runTest (C:\Users\kyrian\Documents\Taller-Ocampos\frontend\node_modules\jest-circus\build\jestAdapterInit.js:946:3)
          at _runTestsForDescribeBlock (C:\Users\kyrian\Documents\Taller-Ocampos\frontend\node_modules\jest-circus\build\jestAdapterInit.js:839:13)
          at _runTestsForDescribeBlock (C:\Users\kyrian\Documents\Taller-Ocampos\frontend\node_modules\jest-circus\build\jestAdapterInit.js:829:11)
          at run (C:\Users\kyrian\Documents\Taller-Ocampos\frontend\node_modules\jest-circus\build\jestAdapterInit.js:757:3)
          at runAndTransformResultsToJestFormat (C:\Users\kyrian\Documents\Taller-Ocampos\frontend\node_modules\jest-circus\build\jestAdapterInit.js:1917:21)
          at jestAdapter (C:\Users\kyrian\Documents\Taller-Ocampos\frontend\node_modules\jest-circus\build\runner.js:101:19)
          at runTestInternal (C:\Users\kyrian\Documents\Taller-Ocampos\frontend\node_modules\jest-runner\build\testWorker.js:275:16)
          at runTest (C:\Users\kyrian\Documents\Taller-Ocampos\frontend\node_modules\jest-runner\build\testWorker.js:343:7)
          at Object.worker (C:\Users\kyrian\Documents\Taller-Ocampos\frontend\node_modules\jest-runner\build\testWorker.js:497:12),
      type: 'unhandled exception'
    }

    [0m [90m 73 |[39m       [36mreturn[39m
     [90m 74 |[39m     }
    [31m[1m>[22m[39m[90m 75 |[39m     originalError[33m.[39mcall(console[33m,[39m [33m...[39margs)
     [90m    |[39m                   [31m[1m^[22m[39m
     [90m 76 |[39m   }
     [90m 77 |[39m })
     [90m 78 |[39m[0m

      at console.call [as error] (jest.setup.js:75:19)
      at VirtualConsole.<anonymous> (node_modules/@jest/environment-jsdom-abstract/build/index.js:78:23)
      at reportException (node_modules/jsdom/lib/jsdom/living/helpers/runtime-script-errors.js:70:28)
      at innerInvokeEventListeners (node_modules/jsdom/lib/jsdom/living/events/EventTarget-impl.js:353:9)
      at invokeEventListeners (node_modules/jsdom/lib/jsdom/living/events/EventTarget-impl.js:286:3)
      at HTMLUnknownElementImpl._dispatch (node_modules/jsdom/lib/jsdom/living/events/EventTarget-impl.js:233:9)
      at HTMLUnknownElementImpl.dispatchEvent (node_modules/jsdom/lib/jsdom/living/events/EventTarget-impl.js:104:17)
      at HTMLUnknownElement.dispatchEvent (node_modules/jsdom/lib/jsdom/living/generated/EventTarget.js:241:34)
      at Object.invokeGuardedCallbackDev (node_modules/react-dom/cjs/react-dom.development.js:4213:16)
      at invokeGuardedCallback (node_modules/react-dom/cjs/react-dom.development.js:4277:31)
      at beginWork$1 (node_modules/react-dom/cjs/react-dom.development.js:27490:7)
      at performUnitOfWork (node_modules/react-dom/cjs/react-dom.development.js:26599:12)
      at workLoopSync (node_modules/react-dom/cjs/react-dom.development.js:26505:5)
      at renderRootSync (node_modules/react-dom/cjs/react-dom.development.js:26473:7)
      at recoverFromConcurrentError (node_modules/react-dom/cjs/react-dom.development.js:25889:20)
      at performConcurrentWorkOnRoot (node_modules/react-dom/cjs/react-dom.development.js:25789:22)
      at flushActQueue (node_modules/react/cjs/react.development.js:2667:24)
      at act (node_modules/react/cjs/react.development.js:2582:11)
      at node_modules/@testing-library/react/dist/act-compat.js:47:25
      at renderRoot (node_modules/@testing-library/react/dist/pure.js:190:26)
      at render (node_modules/@testing-library/react/dist/pure.js:292:10)
      at customRender (tests/utils/test-utils.tsx:38:16)
      at Object.<anonymous> (src/components/layout/DashboardLayout.test.tsx:164:11)

  console.error
    The above error occurred in the <Context.Provider> component:
    
        at QueryClientProvider (C:\Users\kyrian\Documents\Taller-Ocampos\frontend\node_modules\@tanstack\react-query\src\QueryClientProvider.tsx:30:3)
        at children (C:\Users\kyrian\Documents\Taller-Ocampos\frontend\tests\utils\test-utils.tsx:23:28)
    
    Consider adding an error boundary to your tree to customize error handling behavior.
    Visit https://reactjs.org/link/error-boundaries to learn more about error boundaries.

    [0m [90m 73 |[39m       [36mreturn[39m
     [90m 74 |[39m     }
    [31m[1m>[22m[39m[90m 75 |[39m     originalError[33m.[39mcall(console[33m,[39m [33m...[39margs)
     [90m    |[39m                   [31m[1m^[22m[39m
     [90m 76 |[39m   }
     [90m 77 |[39m })
     [90m 78 |[39m[0m

      at console.call [as error] (jest.setup.js:75:19)
      at logCapturedError (node_modules/react-dom/cjs/react-dom.development.js:18704:23)
      at update.callback (node_modules/react-dom/cjs/react-dom.development.js:18737:5)
      at callCallback (node_modules/react-dom/cjs/react-dom.development.js:15036:12)
      at commitUpdateQueue (node_modules/react-dom/cjs/react-dom.development.js:15057:9)
      at commitLayoutEffectOnFiber (node_modules/react-dom/cjs/react-dom.development.js:23430:13)
      at commitLayoutMountEffects_complete (node_modules/react-dom/cjs/react-dom.development.js:24727:9)
      at commitLayoutEffects_begin (node_modules/react-dom/cjs/react-dom.development.js:24713:7)
      at commitLayoutEffects (node_modules/react-dom/cjs/react-dom.development.js:24651:3)
      at commitRootImpl (node_modules/react-dom/cjs/react-dom.development.js:26862:5)
      at commitRoot (node_modules/react-dom/cjs/react-dom.development.js:26721:5)
      at finishConcurrentRender (node_modules/react-dom/cjs/react-dom.development.js:25931:9)
      at performConcurrentWorkOnRoot (node_modules/react-dom/cjs/react-dom.development.js:25848:7)
      at flushActQueue (node_modules/react/cjs/react.development.js:2667:24)
      at act (node_modules/react/cjs/react.development.js:2582:11)
      at node_modules/@testing-library/react/dist/act-compat.js:47:25
      at renderRoot (node_modules/@testing-library/react/dist/pure.js:190:26)
      at render (node_modules/@testing-library/react/dist/pure.js:292:10)
      at customRender (tests/utils/test-utils.tsx:38:16)
      at Object.<anonymous> (src/components/layout/DashboardLayout.test.tsx:164:11)

  console.error
    Warning: React.jsx: type is invalid -- expected a string (for built-in components) or a class/function (for composite components) but got: undefined. You likely forgot to export your component from the file it's defined in, or you might have mixed up default and named imports.

    [0m [90m 73 |[39m       [36mreturn[39m
     [90m 74 |[39m     }
    [31m[1m>[22m[39m[90m 75 |[39m     originalError[33m.[39mcall(console[33m,[39m [33m...[39margs)
     [90m    |[39m                   [31m[1m^[22m[39m
     [90m 76 |[39m   }
     [90m 77 |[39m })
     [90m 78 |[39m[0m

      at console.call [as error] (jest.setup.js:75:19)
      at printWarning (node_modules/react/cjs/react-jsx-runtime.development.js:87:30)
      at error (node_modules/react/cjs/react-jsx-runtime.development.js:61:7)
      at jsxWithValidation (node_modules/react/cjs/react-jsx-runtime.development.js:1245:7)
      at jsxWithValidationDynamic (node_modules/react/cjs/react-jsx-runtime.development.js:1320:12)
      at Object.<anonymous> (src/components/layout/DashboardLayout.test.tsx:180:12)

  console.error
    Error: Uncaught [Error: Element type is invalid: expected a string (for built-in components) or a class/function (for composite components) but got: undefined. You likely forgot to export your component from the file it's defined in, or you might have mixed up default and named imports.]
        at reportException (C:\Users\kyrian\Documents\Taller-Ocampos\frontend\node_modules\jsdom\lib\jsdom\living\helpers\runtime-script-errors.js:66:24)
        at innerInvokeEventListeners (C:\Users\kyrian\Documents\Taller-Ocampos\frontend\node_modules\jsdom\lib\jsdom\living\events\EventTarget-impl.js:353:9)
        at invokeEventListeners (C:\Users\kyrian\Documents\Taller-Ocampos\frontend\node_modules\jsdom\lib\jsdom\living\events\EventTarget-impl.js:286:3)
        at HTMLUnknownElementImpl._dispatch (C:\Users\kyrian\Documents\Taller-Ocampos\frontend\node_modules\jsdom\lib\jsdom\living\events\EventTarget-impl.js:233:9)
        at HTMLUnknownElementImpl.dispatchEvent (C:\Users\kyrian\Documents\Taller-Ocampos\frontend\node_modules\jsdom\lib\jsdom\living\events\EventTarget-impl.js:104:17)
        at HTMLUnknownElement.dispatchEvent (C:\Users\kyrian\Documents\Taller-Ocampos\frontend\node_modules\jsdom\lib\jsdom\living\generated\EventTarget.js:241:34)
        at Object.invokeGuardedCallbackDev (C:\Users\kyrian\Documents\Taller-Ocampos\frontend\node_modules\react-dom\cjs\react-dom.development.js:4213:16)
        at invokeGuardedCallback (C:\Users\kyrian\Documents\Taller-Ocampos\frontend\node_modules\react-dom\cjs\react-dom.development.js:4277:31)
        at beginWork$1 (C:\Users\kyrian\Documents\Taller-Ocampos\frontend\node_modules\react-dom\cjs\react-dom.development.js:27490:7)
        at performUnitOfWork (C:\Users\kyrian\Documents\Taller-Ocampos\frontend\node_modules\react-dom\cjs\react-dom.development.js:26599:12)
        at workLoopSync (C:\Users\kyrian\Documents\Taller-Ocampos\frontend\node_modules\react-dom\cjs\react-dom.development.js:26505:5)
        at renderRootSync (C:\Users\kyrian\Documents\Taller-Ocampos\frontend\node_modules\react-dom\cjs\react-dom.development.js:26473:7)
        at performConcurrentWorkOnRoot (C:\Users\kyrian\Documents\Taller-Ocampos\frontend\node_modules\react-dom\cjs\react-dom.development.js:25777:74)
        at flushActQueue (C:\Users\kyrian\Documents\Taller-Ocampos\frontend\node_modules\react\cjs\react.development.js:2667:24)
        at act (C:\Users\kyrian\Documents\Taller-Ocampos\frontend\node_modules\react\cjs\react.development.js:2582:11)
        at C:\Users\kyrian\Documents\Taller-Ocampos\frontend\node_modules\@testing-library\react\dist\act-compat.js:47:25
        at renderRoot (C:\Users\kyrian\Documents\Taller-Ocampos\frontend\node_modules\@testing-library\react\dist\pure.js:190:26)
        at render (C:\Users\kyrian\Documents\Taller-Ocampos\frontend\node_modules\@testing-library\react\dist\pure.js:292:10)
        at customRender (C:\Users\kyrian\Documents\Taller-Ocampos\frontend\tests\utils\test-utils.tsx:38:16)
        at Object.<anonymous> (C:\Users\kyrian\Documents\Taller-Ocampos\frontend\src\components\layout\DashboardLayout.test.tsx:180:11)
        at Promise.finally.completed (C:\Users\kyrian\Documents\Taller-Ocampos\frontend\node_modules\jest-circus\build\jestAdapterInit.js:1556:28)
        at new Promise (<anonymous>)
        at callAsyncCircusFn (C:\Users\kyrian\Documents\Taller-Ocampos\frontend\node_modules\jest-circus\build\jestAdapterInit.js:1496:10)
        at _callCircusTest (C:\Users\kyrian\Documents\Taller-Ocampos\frontend\node_modules\jest-circus\build\jestAdapterInit.js:1006:40)
        at processTicksAndRejections (node:internal/process/task_queues:105:5)
        at _runTest (C:\Users\kyrian\Documents\Taller-Ocampos\frontend\node_modules\jest-circus\build\jestAdapterInit.js:946:3)
        at _runTestsForDescribeBlock (C:\Users\kyrian\Documents\Taller-Ocampos\frontend\node_modules\jest-circus\build\jestAdapterInit.js:839:13)
        at _runTestsForDescribeBlock (C:\Users\kyrian\Documents\Taller-Ocampos\frontend\node_modules\jest-circus\build\jestAdapterInit.js:829:11)
        at run (C:\Users\kyrian\Documents\Taller-Ocampos\frontend\node_modules\jest-circus\build\jestAdapterInit.js:757:3)
        at runAndTransformResultsToJestFormat (C:\Users\kyrian\Documents\Taller-Ocampos\frontend\node_modules\jest-circus\build\jestAdapterInit.js:1917:21)
        at jestAdapter (C:\Users\kyrian\Documents\Taller-Ocampos\frontend\node_modules\jest-circus\build\runner.js:101:19)
        at runTestInternal (C:\Users\kyrian\Documents\Taller-Ocampos\frontend\node_modules\jest-runner\build\testWorker.js:275:16)
        at runTest (C:\Users\kyrian\Documents\Taller-Ocampos\frontend\node_modules\jest-runner\build\testWorker.js:343:7)
        at Object.worker (C:\Users\kyrian\Documents\Taller-Ocampos\frontend\node_modules\jest-runner\build\testWorker.js:497:12) {
      detail: Error: Element type is invalid: expected a string (for built-in components) or a class/function (for composite components) but got: undefined. You likely forgot to export your component from the file it's defined in, or you might have mixed up default and named imports.
          at createFiberFromTypeAndProps (C:\Users\kyrian\Documents\Taller-Ocampos\frontend\node_modules\react-dom\cjs\react-dom.development.js:28478:17)
          at createFiberFromElement (C:\Users\kyrian\Documents\Taller-Ocampos\frontend\node_modules\react-dom\cjs\react-dom.development.js:28504:15)
          at reconcileSingleElement (C:\Users\kyrian\Documents\Taller-Ocampos\frontend\node_modules\react-dom\cjs\react-dom.development.js:13986:23)
          at reconcileChildFibers (C:\Users\kyrian\Documents\Taller-Ocampos\frontend\node_modules\react-dom\cjs\react-dom.development.js:14044:35)
          at reconcileChildren (C:\Users\kyrian\Documents\Taller-Ocampos\frontend\node_modules\react-dom\cjs\react-dom.development.js:19186:28)
          at updateContextProvider (C:\Users\kyrian\Documents\Taller-Ocampos\frontend\node_modules\react-dom\cjs\react-dom.development.js:21193:3)
          at beginWork (C:\Users\kyrian\Documents\Taller-Ocampos\frontend\node_modules\react-dom\cjs\react-dom.development.js:21688:14)
          at HTMLUnknownElement.callCallback (C:\Users\kyrian\Documents\Taller-Ocampos\frontend\node_modules\react-dom\cjs\react-dom.development.js:4164:14)
          at HTMLUnknownElement.callTheUserObjectsOperation (C:\Users\kyrian\Documents\Taller-Ocampos\frontend\node_modules\jsdom\lib\jsdom\living\generated\EventListener.js:26:30)
          at innerInvokeEventListeners (C:\Users\kyrian\Documents\Taller-Ocampos\frontend\node_modules\jsdom\lib\jsdom\living\events\EventTarget-impl.js:350:25)
          at invokeEventListeners (C:\Users\kyrian\Documents\Taller-Ocampos\frontend\node_modules\jsdom\lib\jsdom\living\events\EventTarget-impl.js:286:3)
          at HTMLUnknownElementImpl._dispatch (C:\Users\kyrian\Documents\Taller-Ocampos\frontend\node_modules\jsdom\lib\jsdom\living\events\EventTarget-impl.js:233:9)
          at HTMLUnknownElementImpl.dispatchEvent (C:\Users\kyrian\Documents\Taller-Ocampos\frontend\node_modules\jsdom\lib\jsdom\living\events\EventTarget-impl.js:104:17)
          at HTMLUnknownElement.dispatchEvent (C:\Users\kyrian\Documents\Taller-Ocampos\frontend\node_modules\jsdom\lib\jsdom\living\generated\EventTarget.js:241:34)
          at Object.invokeGuardedCallbackDev (C:\Users\kyrian\Documents\Taller-Ocampos\frontend\node_modules\react-dom\cjs\react-dom.development.js:4213:16)
          at invokeGuardedCallback (C:\Users\kyrian\Documents\Taller-Ocampos\frontend\node_modules\react-dom\cjs\react-dom.development.js:4277:31)
          at beginWork$1 (C:\Users\kyrian\Documents\Taller-Ocampos\frontend\node_modules\react-dom\cjs\react-dom.development.js:27490:7)
          at performUnitOfWork (C:\Users\kyrian\Documents\Taller-Ocampos\frontend\node_modules\react-dom\cjs\react-dom.development.js:26599:12)
          at workLoopSync (C:\Users\kyrian\Documents\Taller-Ocampos\frontend\node_modules\react-dom\cjs\react-dom.development.js:26505:5)
          at renderRootSync (C:\Users\kyrian\Documents\Taller-Ocampos\frontend\node_modules\react-dom\cjs\react-dom.development.js:26473:7)
          at performConcurrentWorkOnRoot (C:\Users\kyrian\Documents\Taller-Ocampos\frontend\node_modules\react-dom\cjs\react-dom.development.js:25777:74)
          at flushActQueue (C:\Users\kyrian\Documents\Taller-Ocampos\frontend\node_modules\react\cjs\react.development.js:2667:24)
          at act (C:\Users\kyrian\Documents\Taller-Ocampos\frontend\node_modules\react\cjs\react.development.js:2582:11)
          at C:\Users\kyrian\Documents\Taller-Ocampos\frontend\node_modules\@testing-library\react\dist\act-compat.js:47:25
          at renderRoot (C:\Users\kyrian\Documents\Taller-Ocampos\frontend\node_modules\@testing-library\react\dist\pure.js:190:26)
          at render (C:\Users\kyrian\Documents\Taller-Ocampos\frontend\node_modules\@testing-library\react\dist\pure.js:292:10)
          at customRender (C:\Users\kyrian\Documents\Taller-Ocampos\frontend\tests\utils\test-utils.tsx:38:16)
          at Object.<anonymous> (C:\Users\kyrian\Documents\Taller-Ocampos\frontend\src\components\layout\DashboardLayout.test.tsx:180:11)
          at Promise.finally.completed (C:\Users\kyrian\Documents\Taller-Ocampos\frontend\node_modules\jest-circus\build\jestAdapterInit.js:1556:28)
          at new Promise (<anonymous>)
          at callAsyncCircusFn (C:\Users\kyrian\Documents\Taller-Ocampos\frontend\node_modules\jest-circus\build\jestAdapterInit.js:1496:10)
          at _callCircusTest (C:\Users\kyrian\Documents\Taller-Ocampos\frontend\node_modules\jest-circus\build\jestAdapterInit.js:1006:40)
          at processTicksAndRejections (node:internal/process/task_queues:105:5)
          at _runTest (C:\Users\kyrian\Documents\Taller-Ocampos\frontend\node_modules\jest-circus\build\jestAdapterInit.js:946:3)
          at _runTestsForDescribeBlock (C:\Users\kyrian\Documents\Taller-Ocampos\frontend\node_modules\jest-circus\build\jestAdapterInit.js:839:13)
          at _runTestsForDescribeBlock (C:\Users\kyrian\Documents\Taller-Ocampos\frontend\node_modules\jest-circus\build\jestAdapterInit.js:829:11)
          at run (C:\Users\kyrian\Documents\Taller-Ocampos\frontend\node_modules\jest-circus\build\jestAdapterInit.js:757:3)
          at runAndTransformResultsToJestFormat (C:\Users\kyrian\Documents\Taller-Ocampos\frontend\node_modules\jest-circus\build\jestAdapterInit.js:1917:21)
          at jestAdapter (C:\Users\kyrian\Documents\Taller-Ocampos\frontend\node_modules\jest-circus\build\runner.js:101:19)
          at runTestInternal (C:\Users\kyrian\Documents\Taller-Ocampos\frontend\node_modules\jest-runner\build\testWorker.js:275:16)
          at runTest (C:\Users\kyrian\Documents\Taller-Ocampos\frontend\node_modules\jest-runner\build\testWorker.js:343:7)
          at Object.worker (C:\Users\kyrian\Documents\Taller-Ocampos\frontend\node_modules\jest-runner\build\testWorker.js:497:12),
      type: 'unhandled exception'
    }

    [0m [90m 73 |[39m       [36mreturn[39m
     [90m 74 |[39m     }
    [31m[1m>[22m[39m[90m 75 |[39m     originalError[33m.[39mcall(console[33m,[39m [33m...[39margs)
     [90m    |[39m                   [31m[1m^[22m[39m
     [90m 76 |[39m   }
     [90m 77 |[39m })
     [90m 78 |[39m[0m

      at console.call [as error] (jest.setup.js:75:19)
      at VirtualConsole.<anonymous> (node_modules/@jest/environment-jsdom-abstract/build/index.js:78:23)
      at reportException (node_modules/jsdom/lib/jsdom/living/helpers/runtime-script-errors.js:70:28)
      at innerInvokeEventListeners (node_modules/jsdom/lib/jsdom/living/events/EventTarget-impl.js:353:9)
      at invokeEventListeners (node_modules/jsdom/lib/jsdom/living/events/EventTarget-impl.js:286:3)
      at HTMLUnknownElementImpl._dispatch (node_modules/jsdom/lib/jsdom/living/events/EventTarget-impl.js:233:9)
      at HTMLUnknownElementImpl.dispatchEvent (node_modules/jsdom/lib/jsdom/living/events/EventTarget-impl.js:104:17)
      at HTMLUnknownElement.dispatchEvent (node_modules/jsdom/lib/jsdom/living/generated/EventTarget.js:241:34)
      at Object.invokeGuardedCallbackDev (node_modules/react-dom/cjs/react-dom.development.js:4213:16)
      at invokeGuardedCallback (node_modules/react-dom/cjs/react-dom.development.js:4277:31)
      at beginWork$1 (node_modules/react-dom/cjs/react-dom.development.js:27490:7)
      at performUnitOfWork (node_modules/react-dom/cjs/react-dom.development.js:26599:12)
      at workLoopSync (node_modules/react-dom/cjs/react-dom.development.js:26505:5)
      at renderRootSync (node_modules/react-dom/cjs/react-dom.development.js:26473:7)
      at performConcurrentWorkOnRoot (node_modules/react-dom/cjs/react-dom.development.js:25777:74)
      at flushActQueue (node_modules/react/cjs/react.development.js:2667:24)
      at act (node_modules/react/cjs/react.development.js:2582:11)
      at node_modules/@testing-library/react/dist/act-compat.js:47:25
      at renderRoot (node_modules/@testing-library/react/dist/pure.js:190:26)
      at render (node_modules/@testing-library/react/dist/pure.js:292:10)
      at customRender (tests/utils/test-utils.tsx:38:16)
      at Object.<anonymous> (src/components/layout/DashboardLayout.test.tsx:180:11)

  console.error
    Error: Uncaught [Error: Element type is invalid: expected a string (for built-in components) or a class/function (for composite components) but got: undefined. You likely forgot to export your component from the file it's defined in, or you might have mixed up default and named imports.]
        at reportException (C:\Users\kyrian\Documents\Taller-Ocampos\frontend\node_modules\jsdom\lib\jsdom\living\helpers\runtime-script-errors.js:66:24)
        at innerInvokeEventListeners (C:\Users\kyrian\Documents\Taller-Ocampos\frontend\node_modules\jsdom\lib\jsdom\living\events\EventTarget-impl.js:353:9)
        at invokeEventListeners (C:\Users\kyrian\Documents\Taller-Ocampos\frontend\node_modules\jsdom\lib\jsdom\living\events\EventTarget-impl.js:286:3)
        at HTMLUnknownElementImpl._dispatch (C:\Users\kyrian\Documents\Taller-Ocampos\frontend\node_modules\jsdom\lib\jsdom\living\events\EventTarget-impl.js:233:9)
        at HTMLUnknownElementImpl.dispatchEvent (C:\Users\kyrian\Documents\Taller-Ocampos\frontend\node_modules\jsdom\lib\jsdom\living\events\EventTarget-impl.js:104:17)
        at HTMLUnknownElement.dispatchEvent (C:\Users\kyrian\Documents\Taller-Ocampos\frontend\node_modules\jsdom\lib\jsdom\living\generated\EventTarget.js:241:34)
        at Object.invokeGuardedCallbackDev (C:\Users\kyrian\Documents\Taller-Ocampos\frontend\node_modules\react-dom\cjs\react-dom.development.js:4213:16)
        at invokeGuardedCallback (C:\Users\kyrian\Documents\Taller-Ocampos\frontend\node_modules\react-dom\cjs\react-dom.development.js:4277:31)
        at beginWork$1 (C:\Users\kyrian\Documents\Taller-Ocampos\frontend\node_modules\react-dom\cjs\react-dom.development.js:27490:7)
        at performUnitOfWork (C:\Users\kyrian\Documents\Taller-Ocampos\frontend\node_modules\react-dom\cjs\react-dom.development.js:26599:12)
        at workLoopSync (C:\Users\kyrian\Documents\Taller-Ocampos\frontend\node_modules\react-dom\cjs\react-dom.development.js:26505:5)
        at renderRootSync (C:\Users\kyrian\Documents\Taller-Ocampos\frontend\node_modules\react-dom\cjs\react-dom.development.js:26473:7)
        at recoverFromConcurrentError (C:\Users\kyrian\Documents\Taller-Ocampos\frontend\node_modules\react-dom\cjs\react-dom.development.js:25889:20)
        at performConcurrentWorkOnRoot (C:\Users\kyrian\Documents\Taller-Ocampos\frontend\node_modules\react-dom\cjs\react-dom.development.js:25789:22)
        at flushActQueue (C:\Users\kyrian\Documents\Taller-Ocampos\frontend\node_modules\react\cjs\react.development.js:2667:24)
        at act (C:\Users\kyrian\Documents\Taller-Ocampos\frontend\node_modules\react\cjs\react.development.js:2582:11)
        at C:\Users\kyrian\Documents\Taller-Ocampos\frontend\node_modules\@testing-library\react\dist\act-compat.js:47:25
        at renderRoot (C:\Users\kyrian\Documents\Taller-Ocampos\frontend\node_modules\@testing-library\react\dist\pure.js:190:26)
        at render (C:\Users\kyrian\Documents\Taller-Ocampos\frontend\node_modules\@testing-library\react\dist\pure.js:292:10)
        at customRender (C:\Users\kyrian\Documents\Taller-Ocampos\frontend\tests\utils\test-utils.tsx:38:16)
        at Object.<anonymous> (C:\Users\kyrian\Documents\Taller-Ocampos\frontend\src\components\layout\DashboardLayout.test.tsx:180:11)
        at Promise.finally.completed (C:\Users\kyrian\Documents\Taller-Ocampos\frontend\node_modules\jest-circus\build\jestAdapterInit.js:1556:28)
        at new Promise (<anonymous>)
        at callAsyncCircusFn (C:\Users\kyrian\Documents\Taller-Ocampos\frontend\node_modules\jest-circus\build\jestAdapterInit.js:1496:10)
        at _callCircusTest (C:\Users\kyrian\Documents\Taller-Ocampos\frontend\node_modules\jest-circus\build\jestAdapterInit.js:1006:40)
        at processTicksAndRejections (node:internal/process/task_queues:105:5)
        at _runTest (C:\Users\kyrian\Documents\Taller-Ocampos\frontend\node_modules\jest-circus\build\jestAdapterInit.js:946:3)
        at _runTestsForDescribeBlock (C:\Users\kyrian\Documents\Taller-Ocampos\frontend\node_modules\jest-circus\build\jestAdapterInit.js:839:13)
        at _runTestsForDescribeBlock (C:\Users\kyrian\Documents\Taller-Ocampos\frontend\node_modules\jest-circus\build\jestAdapterInit.js:829:11)
        at run (C:\Users\kyrian\Documents\Taller-Ocampos\frontend\node_modules\jest-circus\build\jestAdapterInit.js:757:3)
        at runAndTransformResultsToJestFormat (C:\Users\kyrian\Documents\Taller-Ocampos\frontend\node_modules\jest-circus\build\jestAdapterInit.js:1917:21)
        at jestAdapter (C:\Users\kyrian\Documents\Taller-Ocampos\frontend\node_modules\jest-circus\build\runner.js:101:19)
        at runTestInternal (C:\Users\kyrian\Documents\Taller-Ocampos\frontend\node_modules\jest-runner\build\testWorker.js:275:16)
        at runTest (C:\Users\kyrian\Documents\Taller-Ocampos\frontend\node_modules\jest-runner\build\testWorker.js:343:7)
        at Object.worker (C:\Users\kyrian\Documents\Taller-Ocampos\frontend\node_modules\jest-runner\build\testWorker.js:497:12) {
      detail: Error: Element type is invalid: expected a string (for built-in components) or a class/function (for composite components) but got: undefined. You likely forgot to export your component from the file it's defined in, or you might have mixed up default and named imports.
          at createFiberFromTypeAndProps (C:\Users\kyrian\Documents\Taller-Ocampos\frontend\node_modules\react-dom\cjs\react-dom.development.js:28478:17)
          at createFiberFromElement (C:\Users\kyrian\Documents\Taller-Ocampos\frontend\node_modules\react-dom\cjs\react-dom.development.js:28504:15)
          at reconcileSingleElement (C:\Users\kyrian\Documents\Taller-Ocampos\frontend\node_modules\react-dom\cjs\react-dom.development.js:13986:23)
          at reconcileChildFibers (C:\Users\kyrian\Documents\Taller-Ocampos\frontend\node_modules\react-dom\cjs\react-dom.development.js:14044:35)
          at reconcileChildren (C:\Users\kyrian\Documents\Taller-Ocampos\frontend\node_modules\react-dom\cjs\react-dom.development.js:19186:28)
          at updateContextProvider (C:\Users\kyrian\Documents\Taller-Ocampos\frontend\node_modules\react-dom\cjs\react-dom.development.js:21193:3)
          at beginWork (C:\Users\kyrian\Documents\Taller-Ocampos\frontend\node_modules\react-dom\cjs\react-dom.development.js:21688:14)
          at HTMLUnknownElement.callCallback (C:\Users\kyrian\Documents\Taller-Ocampos\frontend\node_modules\react-dom\cjs\react-dom.development.js:4164:14)
          at HTMLUnknownElement.callTheUserObjectsOperation (C:\Users\kyrian\Documents\Taller-Ocampos\frontend\node_modules\jsdom\lib\jsdom\living\generated\EventListener.js:26:30)
          at innerInvokeEventListeners (C:\Users\kyrian\Documents\Taller-Ocampos\frontend\node_modules\jsdom\lib\jsdom\living\events\EventTarget-impl.js:350:25)
          at invokeEventListeners (C:\Users\kyrian\Documents\Taller-Ocampos\frontend\node_modules\jsdom\lib\jsdom\living\events\EventTarget-impl.js:286:3)
          at HTMLUnknownElementImpl._dispatch (C:\Users\kyrian\Documents\Taller-Ocampos\frontend\node_modules\jsdom\lib\jsdom\living\events\EventTarget-impl.js:233:9)
          at HTMLUnknownElementImpl.dispatchEvent (C:\Users\kyrian\Documents\Taller-Ocampos\frontend\node_modules\jsdom\lib\jsdom\living\events\EventTarget-impl.js:104:17)
          at HTMLUnknownElement.dispatchEvent (C:\Users\kyrian\Documents\Taller-Ocampos\frontend\node_modules\jsdom\lib\jsdom\living\generated\EventTarget.js:241:34)
          at Object.invokeGuardedCallbackDev (C:\Users\kyrian\Documents\Taller-Ocampos\frontend\node_modules\react-dom\cjs\react-dom.development.js:4213:16)
          at invokeGuardedCallback (C:\Users\kyrian\Documents\Taller-Ocampos\frontend\node_modules\react-dom\cjs\react-dom.development.js:4277:31)
          at beginWork$1 (C:\Users\kyrian\Documents\Taller-Ocampos\frontend\node_modules\react-dom\cjs\react-dom.development.js:27490:7)
          at performUnitOfWork (C:\Users\kyrian\Documents\Taller-Ocampos\frontend\node_modules\react-dom\cjs\react-dom.development.js:26599:12)
          at workLoopSync (C:\Users\kyrian\Documents\Taller-Ocampos\frontend\node_modules\react-dom\cjs\react-dom.development.js:26505:5)
          at renderRootSync (C:\Users\kyrian\Documents\Taller-Ocampos\frontend\node_modules\react-dom\cjs\react-dom.development.js:26473:7)
          at recoverFromConcurrentError (C:\Users\kyrian\Documents\Taller-Ocampos\frontend\node_modules\react-dom\cjs\react-dom.development.js:25889:20)
          at performConcurrentWorkOnRoot (C:\Users\kyrian\Documents\Taller-Ocampos\frontend\node_modules\react-dom\cjs\react-dom.development.js:25789:22)
          at flushActQueue (C:\Users\kyrian\Documents\Taller-Ocampos\frontend\node_modules\react\cjs\react.development.js:2667:24)
          at act (C:\Users\kyrian\Documents\Taller-Ocampos\frontend\node_modules\react\cjs\react.development.js:2582:11)
          at C:\Users\kyrian\Documents\Taller-Ocampos\frontend\node_modules\@testing-library\react\dist\act-compat.js:47:25
          at renderRoot (C:\Users\kyrian\Documents\Taller-Ocampos\frontend\node_modules\@testing-library\react\dist\pure.js:190:26)
          at render (C:\Users\kyrian\Documents\Taller-Ocampos\frontend\node_modules\@testing-library\react\dist\pure.js:292:10)
          at customRender (C:\Users\kyrian\Documents\Taller-Ocampos\frontend\tests\utils\test-utils.tsx:38:16)
          at Object.<anonymous> (C:\Users\kyrian\Documents\Taller-Ocampos\frontend\src\components\layout\DashboardLayout.test.tsx:180:11)
          at Promise.finally.completed (C:\Users\kyrian\Documents\Taller-Ocampos\frontend\node_modules\jest-circus\build\jestAdapterInit.js:1556:28)
          at new Promise (<anonymous>)
          at callAsyncCircusFn (C:\Users\kyrian\Documents\Taller-Ocampos\frontend\node_modules\jest-circus\build\jestAdapterInit.js:1496:10)
          at _callCircusTest (C:\Users\kyrian\Documents\Taller-Ocampos\frontend\node_modules\jest-circus\build\jestAdapterInit.js:1006:40)
          at processTicksAndRejections (node:internal/process/task_queues:105:5)
          at _runTest (C:\Users\kyrian\Documents\Taller-Ocampos\frontend\node_modules\jest-circus\build\jestAdapterInit.js:946:3)
          at _runTestsForDescribeBlock (C:\Users\kyrian\Documents\Taller-Ocampos\frontend\node_modules\jest-circus\build\jestAdapterInit.js:839:13)
          at _runTestsForDescribeBlock (C:\Users\kyrian\Documents\Taller-Ocampos\frontend\node_modules\jest-circus\build\jestAdapterInit.js:829:11)
          at run (C:\Users\kyrian\Documents\Taller-Ocampos\frontend\node_modules\jest-circus\build\jestAdapterInit.js:757:3)
          at runAndTransformResultsToJestFormat (C:\Users\kyrian\Documents\Taller-Ocampos\frontend\node_modules\jest-circus\build\jestAdapterInit.js:1917:21)
          at jestAdapter (C:\Users\kyrian\Documents\Taller-Ocampos\frontend\node_modules\jest-circus\build\runner.js:101:19)
          at runTestInternal (C:\Users\kyrian\Documents\Taller-Ocampos\frontend\node_modules\jest-runner\build\testWorker.js:275:16)
          at runTest (C:\Users\kyrian\Documents\Taller-Ocampos\frontend\node_modules\jest-runner\build\testWorker.js:343:7)
          at Object.worker (C:\Users\kyrian\Documents\Taller-Ocampos\frontend\node_modules\jest-runner\build\testWorker.js:497:12),
      type: 'unhandled exception'
    }

    [0m [90m 73 |[39m       [36mreturn[39m
     [90m 74 |[39m     }
    [31m[1m>[22m[39m[90m 75 |[39m     originalError[33m.[39mcall(console[33m,[39m [33m...[39margs)
     [90m    |[39m                   [31m[1m^[22m[39m
     [90m 76 |[39m   }
     [90m 77 |[39m })
     [90m 78 |[39m[0m

      at console.call [as error] (jest.setup.js:75:19)
      at VirtualConsole.<anonymous> (node_modules/@jest/environment-jsdom-abstract/build/index.js:78:23)
      at reportException (node_modules/jsdom/lib/jsdom/living/helpers/runtime-script-errors.js:70:28)
      at innerInvokeEventListeners (node_modules/jsdom/lib/jsdom/living/events/EventTarget-impl.js:353:9)
      at invokeEventListeners (node_modules/jsdom/lib/jsdom/living/events/EventTarget-impl.js:286:3)
      at HTMLUnknownElementImpl._dispatch (node_modules/jsdom/lib/jsdom/living/events/EventTarget-impl.js:233:9)
      at HTMLUnknownElementImpl.dispatchEvent (node_modules/jsdom/lib/jsdom/living/events/EventTarget-impl.js:104:17)
      at HTMLUnknownElement.dispatchEvent (node_modules/jsdom/lib/jsdom/living/generated/EventTarget.js:241:34)
      at Object.invokeGuardedCallbackDev (node_modules/react-dom/cjs/react-dom.development.js:4213:16)
      at invokeGuardedCallback (node_modules/react-dom/cjs/react-dom.development.js:4277:31)
      at beginWork$1 (node_modules/react-dom/cjs/react-dom.development.js:27490:7)
      at performUnitOfWork (node_modules/react-dom/cjs/react-dom.development.js:26599:12)
      at workLoopSync (node_modules/react-dom/cjs/react-dom.development.js:26505:5)
      at renderRootSync (node_modules/react-dom/cjs/react-dom.development.js:26473:7)
      at recoverFromConcurrentError (node_modules/react-dom/cjs/react-dom.development.js:25889:20)
      at performConcurrentWorkOnRoot (node_modules/react-dom/cjs/react-dom.development.js:25789:22)
      at flushActQueue (node_modules/react/cjs/react.development.js:2667:24)
      at act (node_modules/react/cjs/react.development.js:2582:11)
      at node_modules/@testing-library/react/dist/act-compat.js:47:25
      at renderRoot (node_modules/@testing-library/react/dist/pure.js:190:26)
      at render (node_modules/@testing-library/react/dist/pure.js:292:10)
      at customRender (tests/utils/test-utils.tsx:38:16)
      at Object.<anonymous> (src/components/layout/DashboardLayout.test.tsx:180:11)

  console.error
    The above error occurred in the <Context.Provider> component:
    
        at QueryClientProvider (C:\Users\kyrian\Documents\Taller-Ocampos\frontend\node_modules\@tanstack\react-query\src\QueryClientProvider.tsx:30:3)
        at children (C:\Users\kyrian\Documents\Taller-Ocampos\frontend\tests\utils\test-utils.tsx:23:28)
    
    Consider adding an error boundary to your tree to customize error handling behavior.
    Visit https://reactjs.org/link/error-boundaries to learn more about error boundaries.

    [0m [90m 73 |[39m       [36mreturn[39m
     [90m 74 |[39m     }
    [31m[1m>[22m[39m[90m 75 |[39m     originalError[33m.[39mcall(console[33m,[39m [33m...[39margs)
     [90m    |[39m                   [31m[1m^[22m[39m
     [90m 76 |[39m   }
     [90m 77 |[39m })
     [90m 78 |[39m[0m

      at console.call [as error] (jest.setup.js:75:19)
      at logCapturedError (node_modules/react-dom/cjs/react-dom.development.js:18704:23)
      at update.callback (node_modules/react-dom/cjs/react-dom.development.js:18737:5)
      at callCallback (node_modules/react-dom/cjs/react-dom.development.js:15036:12)
      at commitUpdateQueue (node_modules/react-dom/cjs/react-dom.development.js:15057:9)
      at commitLayoutEffectOnFiber (node_modules/react-dom/cjs/react-dom.development.js:23430:13)
      at commitLayoutMountEffects_complete (node_modules/react-dom/cjs/react-dom.development.js:24727:9)
      at commitLayoutEffects_begin (node_modules/react-dom/cjs/react-dom.development.js:24713:7)
      at commitLayoutEffects (node_modules/react-dom/cjs/react-dom.development.js:24651:3)
      at commitRootImpl (node_modules/react-dom/cjs/react-dom.development.js:26862:5)
      at commitRoot (node_modules/react-dom/cjs/react-dom.development.js:26721:5)
      at finishConcurrentRender (node_modules/react-dom/cjs/react-dom.development.js:25931:9)
      at performConcurrentWorkOnRoot (node_modules/react-dom/cjs/react-dom.development.js:25848:7)
      at flushActQueue (node_modules/react/cjs/react.development.js:2667:24)
      at act (node_modules/react/cjs/react.development.js:2582:11)
      at node_modules/@testing-library/react/dist/act-compat.js:47:25
      at renderRoot (node_modules/@testing-library/react/dist/pure.js:190:26)
      at render (node_modules/@testing-library/react/dist/pure.js:292:10)
      at customRender (tests/utils/test-utils.tsx:38:16)
      at Object.<anonymous> (src/components/layout/DashboardLayout.test.tsx:180:11)

  console.error
    Warning: React.jsx: type is invalid -- expected a string (for built-in components) or a class/function (for composite components) but got: undefined. You likely forgot to export your component from the file it's defined in, or you might have mixed up default and named imports.

    [0m [90m 73 |[39m       [36mreturn[39m
     [90m 74 |[39m     }
    [31m[1m>[22m[39m[90m 75 |[39m     originalError[33m.[39mcall(console[33m,[39m [33m...[39margs)
     [90m    |[39m                   [31m[1m^[22m[39m
     [90m 76 |[39m   }
     [90m 77 |[39m })
     [90m 78 |[39m[0m

      at console.call [as error] (jest.setup.js:75:19)
      at printWarning (node_modules/react/cjs/react-jsx-runtime.development.js:87:30)
      at error (node_modules/react/cjs/react-jsx-runtime.development.js:61:7)
      at jsxWithValidation (node_modules/react/cjs/react-jsx-runtime.development.js:1245:7)
      at jsxWithValidationDynamic (node_modules/react/cjs/react-jsx-runtime.development.js:1320:12)
      at Object.<anonymous> (src/components/layout/DashboardLayout.test.tsx:193:33)

  console.error
    Error: Uncaught [Error: Element type is invalid: expected a string (for built-in components) or a class/function (for composite components) but got: undefined. You likely forgot to export your component from the file it's defined in, or you might have mixed up default and named imports.]
        at reportException (C:\Users\kyrian\Documents\Taller-Ocampos\frontend\node_modules\jsdom\lib\jsdom\living\helpers\runtime-script-errors.js:66:24)
        at innerInvokeEventListeners (C:\Users\kyrian\Documents\Taller-Ocampos\frontend\node_modules\jsdom\lib\jsdom\living\events\EventTarget-impl.js:353:9)
        at invokeEventListeners (C:\Users\kyrian\Documents\Taller-Ocampos\frontend\node_modules\jsdom\lib\jsdom\living\events\EventTarget-impl.js:286:3)
        at HTMLUnknownElementImpl._dispatch (C:\Users\kyrian\Documents\Taller-Ocampos\frontend\node_modules\jsdom\lib\jsdom\living\events\EventTarget-impl.js:233:9)
        at HTMLUnknownElementImpl.dispatchEvent (C:\Users\kyrian\Documents\Taller-Ocampos\frontend\node_modules\jsdom\lib\jsdom\living\events\EventTarget-impl.js:104:17)
        at HTMLUnknownElement.dispatchEvent (C:\Users\kyrian\Documents\Taller-Ocampos\frontend\node_modules\jsdom\lib\jsdom\living\generated\EventTarget.js:241:34)
        at Object.invokeGuardedCallbackDev (C:\Users\kyrian\Documents\Taller-Ocampos\frontend\node_modules\react-dom\cjs\react-dom.development.js:4213:16)
        at invokeGuardedCallback (C:\Users\kyrian\Documents\Taller-Ocampos\frontend\node_modules\react-dom\cjs\react-dom.development.js:4277:31)
        at beginWork$1 (C:\Users\kyrian\Documents\Taller-Ocampos\frontend\node_modules\react-dom\cjs\react-dom.development.js:27490:7)
        at performUnitOfWork (C:\Users\kyrian\Documents\Taller-Ocampos\frontend\node_modules\react-dom\cjs\react-dom.development.js:26599:12)
        at workLoopSync (C:\Users\kyrian\Documents\Taller-Ocampos\frontend\node_modules\react-dom\cjs\react-dom.development.js:26505:5)
        at renderRootSync (C:\Users\kyrian\Documents\Taller-Ocampos\frontend\node_modules\react-dom\cjs\react-dom.development.js:26473:7)
        at performConcurrentWorkOnRoot (C:\Users\kyrian\Documents\Taller-Ocampos\frontend\node_modules\react-dom\cjs\react-dom.development.js:25777:74)
        at flushActQueue (C:\Users\kyrian\Documents\Taller-Ocampos\frontend\node_modules\react\cjs\react.development.js:2667:24)
        at act (C:\Users\kyrian\Documents\Taller-Ocampos\frontend\node_modules\react\cjs\react.development.js:2582:11)
        at C:\Users\kyrian\Documents\Taller-Ocampos\frontend\node_modules\@testing-library\react\dist\act-compat.js:47:25
        at renderRoot (C:\Users\kyrian\Documents\Taller-Ocampos\frontend\node_modules\@testing-library\react\dist\pure.js:190:26)
        at render (C:\Users\kyrian\Documents\Taller-Ocampos\frontend\node_modules\@testing-library\react\dist\pure.js:292:10)
        at customRender (C:\Users\kyrian\Documents\Taller-Ocampos\frontend\tests\utils\test-utils.tsx:38:16)
        at Object.<anonymous> (C:\Users\kyrian\Documents\Taller-Ocampos\frontend\src\components\layout\DashboardLayout.test.tsx:193:32)
        at Promise.finally.completed (C:\Users\kyrian\Documents\Taller-Ocampos\frontend\node_modules\jest-circus\build\jestAdapterInit.js:1556:28)
        at new Promise (<anonymous>)
        at callAsyncCircusFn (C:\Users\kyrian\Documents\Taller-Ocampos\frontend\node_modules\jest-circus\build\jestAdapterInit.js:1496:10)
        at _callCircusTest (C:\Users\kyrian\Documents\Taller-Ocampos\frontend\node_modules\jest-circus\build\jestAdapterInit.js:1006:40)
        at processTicksAndRejections (node:internal/process/task_queues:105:5)
        at _runTest (C:\Users\kyrian\Documents\Taller-Ocampos\frontend\node_modules\jest-circus\build\jestAdapterInit.js:946:3)
        at _runTestsForDescribeBlock (C:\Users\kyrian\Documents\Taller-Ocampos\frontend\node_modules\jest-circus\build\jestAdapterInit.js:839:13)
        at _runTestsForDescribeBlock (C:\Users\kyrian\Documents\Taller-Ocampos\frontend\node_modules\jest-circus\build\jestAdapterInit.js:829:11)
        at run (C:\Users\kyrian\Documents\Taller-Ocampos\frontend\node_modules\jest-circus\build\jestAdapterInit.js:757:3)
        at runAndTransformResultsToJestFormat (C:\Users\kyrian\Documents\Taller-Ocampos\frontend\node_modules\jest-circus\build\jestAdapterInit.js:1917:21)
        at jestAdapter (C:\Users\kyrian\Documents\Taller-Ocampos\frontend\node_modules\jest-circus\build\runner.js:101:19)
        at runTestInternal (C:\Users\kyrian\Documents\Taller-Ocampos\frontend\node_modules\jest-runner\build\testWorker.js:275:16)
        at runTest (C:\Users\kyrian\Documents\Taller-Ocampos\frontend\node_modules\jest-runner\build\testWorker.js:343:7)
        at Object.worker (C:\Users\kyrian\Documents\Taller-Ocampos\frontend\node_modules\jest-runner\build\testWorker.js:497:12) {
      detail: Error: Element type is invalid: expected a string (for built-in components) or a class/function (for composite components) but got: undefined. You likely forgot to export your component from the file it's defined in, or you might have mixed up default and named imports.
          at createFiberFromTypeAndProps (C:\Users\kyrian\Documents\Taller-Ocampos\frontend\node_modules\react-dom\cjs\react-dom.development.js:28478:17)
          at createFiberFromElement (C:\Users\kyrian\Documents\Taller-Ocampos\frontend\node_modules\react-dom\cjs\react-dom.development.js:28504:15)
          at reconcileSingleElement (C:\Users\kyrian\Documents\Taller-Ocampos\frontend\node_modules\react-dom\cjs\react-dom.development.js:13986:23)
          at reconcileChildFibers (C:\Users\kyrian\Documents\Taller-Ocampos\frontend\node_modules\react-dom\cjs\react-dom.development.js:14044:35)
          at reconcileChildren (C:\Users\kyrian\Documents\Taller-Ocampos\frontend\node_modules\react-dom\cjs\react-dom.development.js:19186:28)
          at updateContextProvider (C:\Users\kyrian\Documents\Taller-Ocampos\frontend\node_modules\react-dom\cjs\react-dom.development.js:21193:3)
          at beginWork (C:\Users\kyrian\Documents\Taller-Ocampos\frontend\node_modules\react-dom\cjs\react-dom.development.js:21688:14)
          at HTMLUnknownElement.callCallback (C:\Users\kyrian\Documents\Taller-Ocampos\frontend\node_modules\react-dom\cjs\react-dom.development.js:4164:14)
          at HTMLUnknownElement.callTheUserObjectsOperation (C:\Users\kyrian\Documents\Taller-Ocampos\frontend\node_modules\jsdom\lib\jsdom\living\generated\EventListener.js:26:30)
          at innerInvokeEventListeners (C:\Users\kyrian\Documents\Taller-Ocampos\frontend\node_modules\jsdom\lib\jsdom\living\events\EventTarget-impl.js:350:25)
          at invokeEventListeners (C:\Users\kyrian\Documents\Taller-Ocampos\frontend\node_modules\jsdom\lib\jsdom\living\events\EventTarget-impl.js:286:3)
          at HTMLUnknownElementImpl._dispatch (C:\Users\kyrian\Documents\Taller-Ocampos\frontend\node_modules\jsdom\lib\jsdom\living\events\EventTarget-impl.js:233:9)
          at HTMLUnknownElementImpl.dispatchEvent (C:\Users\kyrian\Documents\Taller-Ocampos\frontend\node_modules\jsdom\lib\jsdom\living\events\EventTarget-impl.js:104:17)
          at HTMLUnknownElement.dispatchEvent (C:\Users\kyrian\Documents\Taller-Ocampos\frontend\node_modules\jsdom\lib\jsdom\living\generated\EventTarget.js:241:34)
          at Object.invokeGuardedCallbackDev (C:\Users\kyrian\Documents\Taller-Ocampos\frontend\node_modules\react-dom\cjs\react-dom.development.js:4213:16)
          at invokeGuardedCallback (C:\Users\kyrian\Documents\Taller-Ocampos\frontend\node_modules\react-dom\cjs\react-dom.development.js:4277:31)
          at beginWork$1 (C:\Users\kyrian\Documents\Taller-Ocampos\frontend\node_modules\react-dom\cjs\react-dom.development.js:27490:7)
          at performUnitOfWork (C:\Users\kyrian\Documents\Taller-Ocampos\frontend\node_modules\react-dom\cjs\react-dom.development.js:26599:12)
          at workLoopSync (C:\Users\kyrian\Documents\Taller-Ocampos\frontend\node_modules\react-dom\cjs\react-dom.development.js:26505:5)
          at renderRootSync (C:\Users\kyrian\Documents\Taller-Ocampos\frontend\node_modules\react-dom\cjs\react-dom.development.js:26473:7)
          at performConcurrentWorkOnRoot (C:\Users\kyrian\Documents\Taller-Ocampos\frontend\node_modules\react-dom\cjs\react-dom.development.js:25777:74)
          at flushActQueue (C:\Users\kyrian\Documents\Taller-Ocampos\frontend\node_modules\react\cjs\react.development.js:2667:24)
          at act (C:\Users\kyrian\Documents\Taller-Ocampos\frontend\node_modules\react\cjs\react.development.js:2582:11)
          at C:\Users\kyrian\Documents\Taller-Ocampos\frontend\node_modules\@testing-library\react\dist\act-compat.js:47:25
          at renderRoot (C:\Users\kyrian\Documents\Taller-Ocampos\frontend\node_modules\@testing-library\react\dist\pure.js:190:26)
          at render (C:\Users\kyrian\Documents\Taller-Ocampos\frontend\node_modules\@testing-library\react\dist\pure.js:292:10)
          at customRender (C:\Users\kyrian\Documents\Taller-Ocampos\frontend\tests\utils\test-utils.tsx:38:16)
          at Object.<anonymous> (C:\Users\kyrian\Documents\Taller-Ocampos\frontend\src\components\layout\DashboardLayout.test.tsx:193:32)
          at Promise.finally.completed (C:\Users\kyrian\Documents\Taller-Ocampos\frontend\node_modules\jest-circus\build\jestAdapterInit.js:1556:28)
          at new Promise (<anonymous>)
          at callAsyncCircusFn (C:\Users\kyrian\Documents\Taller-Ocampos\frontend\node_modules\jest-circus\build\jestAdapterInit.js:1496:10)
          at _callCircusTest (C:\Users\kyrian\Documents\Taller-Ocampos\frontend\node_modules\jest-circus\build\jestAdapterInit.js:1006:40)
          at processTicksAndRejections (node:internal/process/task_queues:105:5)
          at _runTest (C:\Users\kyrian\Documents\Taller-Ocampos\frontend\node_modules\jest-circus\build\jestAdapterInit.js:946:3)
          at _runTestsForDescribeBlock (C:\Users\kyrian\Documents\Taller-Ocampos\frontend\node_modules\jest-circus\build\jestAdapterInit.js:839:13)
          at _runTestsForDescribeBlock (C:\Users\kyrian\Documents\Taller-Ocampos\frontend\node_modules\jest-circus\build\jestAdapterInit.js:829:11)
          at run (C:\Users\kyrian\Documents\Taller-Ocampos\frontend\node_modules\jest-circus\build\jestAdapterInit.js:757:3)
          at runAndTransformResultsToJestFormat (C:\Users\kyrian\Documents\Taller-Ocampos\frontend\node_modules\jest-circus\build\jestAdapterInit.js:1917:21)
          at jestAdapter (C:\Users\kyrian\Documents\Taller-Ocampos\frontend\node_modules\jest-circus\build\runner.js:101:19)
          at runTestInternal (C:\Users\kyrian\Documents\Taller-Ocampos\frontend\node_modules\jest-runner\build\testWorker.js:275:16)
          at runTest (C:\Users\kyrian\Documents\Taller-Ocampos\frontend\node_modules\jest-runner\build\testWorker.js:343:7)
          at Object.worker (C:\Users\kyrian\Documents\Taller-Ocampos\frontend\node_modules\jest-runner\build\testWorker.js:497:12),
      type: 'unhandled exception'
    }

    [0m [90m 73 |[39m       [36mreturn[39m
     [90m 74 |[39m     }
    [31m[1m>[22m[39m[90m 75 |[39m     originalError[33m.[39mcall(console[33m,[39m [33m...[39margs)
     [90m    |[39m                   [31m[1m^[22m[39m
     [90m 76 |[39m   }
     [90m 77 |[39m })
     [90m 78 |[39m[0m

      at console.call [as error] (jest.setup.js:75:19)
      at VirtualConsole.<anonymous> (node_modules/@jest/environment-jsdom-abstract/build/index.js:78:23)
      at reportException (node_modules/jsdom/lib/jsdom/living/helpers/runtime-script-errors.js:70:28)
      at innerInvokeEventListeners (node_modules/jsdom/lib/jsdom/living/events/EventTarget-impl.js:353:9)
      at invokeEventListeners (node_modules/jsdom/lib/jsdom/living/events/EventTarget-impl.js:286:3)
      at HTMLUnknownElementImpl._dispatch (node_modules/jsdom/lib/jsdom/living/events/EventTarget-impl.js:233:9)
      at HTMLUnknownElementImpl.dispatchEvent (node_modules/jsdom/lib/jsdom/living/events/EventTarget-impl.js:104:17)
      at HTMLUnknownElement.dispatchEvent (node_modules/jsdom/lib/jsdom/living/generated/EventTarget.js:241:34)
      at Object.invokeGuardedCallbackDev (node_modules/react-dom/cjs/react-dom.development.js:4213:16)
      at invokeGuardedCallback (node_modules/react-dom/cjs/react-dom.development.js:4277:31)
      at beginWork$1 (node_modules/react-dom/cjs/react-dom.development.js:27490:7)
      at performUnitOfWork (node_modules/react-dom/cjs/react-dom.development.js:26599:12)
      at workLoopSync (node_modules/react-dom/cjs/react-dom.development.js:26505:5)
      at renderRootSync (node_modules/react-dom/cjs/react-dom.development.js:26473:7)
      at performConcurrentWorkOnRoot (node_modules/react-dom/cjs/react-dom.development.js:25777:74)
      at flushActQueue (node_modules/react/cjs/react.development.js:2667:24)
      at act (node_modules/react/cjs/react.development.js:2582:11)
      at node_modules/@testing-library/react/dist/act-compat.js:47:25
      at renderRoot (node_modules/@testing-library/react/dist/pure.js:190:26)
      at render (node_modules/@testing-library/react/dist/pure.js:292:10)
      at customRender (tests/utils/test-utils.tsx:38:16)
      at Object.<anonymous> (src/components/layout/DashboardLayout.test.tsx:193:32)

  console.error
    Error: Uncaught [Error: Element type is invalid: expected a string (for built-in components) or a class/function (for composite components) but got: undefined. You likely forgot to export your component from the file it's defined in, or you might have mixed up default and named imports.]
        at reportException (C:\Users\kyrian\Documents\Taller-Ocampos\frontend\node_modules\jsdom\lib\jsdom\living\helpers\runtime-script-errors.js:66:24)
        at innerInvokeEventListeners (C:\Users\kyrian\Documents\Taller-Ocampos\frontend\node_modules\jsdom\lib\jsdom\living\events\EventTarget-impl.js:353:9)
        at invokeEventListeners (C:\Users\kyrian\Documents\Taller-Ocampos\frontend\node_modules\jsdom\lib\jsdom\living\events\EventTarget-impl.js:286:3)
        at HTMLUnknownElementImpl._dispatch (C:\Users\kyrian\Documents\Taller-Ocampos\frontend\node_modules\jsdom\lib\jsdom\living\events\EventTarget-impl.js:233:9)
        at HTMLUnknownElementImpl.dispatchEvent (C:\Users\kyrian\Documents\Taller-Ocampos\frontend\node_modules\jsdom\lib\jsdom\living\events\EventTarget-impl.js:104:17)
        at HTMLUnknownElement.dispatchEvent (C:\Users\kyrian\Documents\Taller-Ocampos\frontend\node_modules\jsdom\lib\jsdom\living\generated\EventTarget.js:241:34)
        at Object.invokeGuardedCallbackDev (C:\Users\kyrian\Documents\Taller-Ocampos\frontend\node_modules\react-dom\cjs\react-dom.development.js:4213:16)
        at invokeGuardedCallback (C:\Users\kyrian\Documents\Taller-Ocampos\frontend\node_modules\react-dom\cjs\react-dom.development.js:4277:31)
        at beginWork$1 (C:\Users\kyrian\Documents\Taller-Ocampos\frontend\node_modules\react-dom\cjs\react-dom.development.js:27490:7)
        at performUnitOfWork (C:\Users\kyrian\Documents\Taller-Ocampos\frontend\node_modules\react-dom\cjs\react-dom.development.js:26599:12)
        at workLoopSync (C:\Users\kyrian\Documents\Taller-Ocampos\frontend\node_modules\react-dom\cjs\react-dom.development.js:26505:5)
        at renderRootSync (C:\Users\kyrian\Documents\Taller-Ocampos\frontend\node_modules\react-dom\cjs\react-dom.development.js:26473:7)
        at recoverFromConcurrentError (C:\Users\kyrian\Documents\Taller-Ocampos\frontend\node_modules\react-dom\cjs\react-dom.development.js:25889:20)
        at performConcurrentWorkOnRoot (C:\Users\kyrian\Documents\Taller-Ocampos\frontend\node_modules\react-dom\cjs\react-dom.development.js:25789:22)
        at flushActQueue (C:\Users\kyrian\Documents\Taller-Ocampos\frontend\node_modules\react\cjs\react.development.js:2667:24)
        at act (C:\Users\kyrian\Documents\Taller-Ocampos\frontend\node_modules\react\cjs\react.development.js:2582:11)
        at C:\Users\kyrian\Documents\Taller-Ocampos\frontend\node_modules\@testing-library\react\dist\act-compat.js:47:25
        at renderRoot (C:\Users\kyrian\Documents\Taller-Ocampos\frontend\node_modules\@testing-library\react\dist\pure.js:190:26)
        at render (C:\Users\kyrian\Documents\Taller-Ocampos\frontend\node_modules\@testing-library\react\dist\pure.js:292:10)
        at customRender (C:\Users\kyrian\Documents\Taller-Ocampos\frontend\tests\utils\test-utils.tsx:38:16)
        at Object.<anonymous> (C:\Users\kyrian\Documents\Taller-Ocampos\frontend\src\components\layout\DashboardLayout.test.tsx:193:32)
        at Promise.finally.completed (C:\Users\kyrian\Documents\Taller-Ocampos\frontend\node_modules\jest-circus\build\jestAdapterInit.js:1556:28)
        at new Promise (<anonymous>)
        at callAsyncCircusFn (C:\Users\kyrian\Documents\Taller-Ocampos\frontend\node_modules\jest-circus\build\jestAdapterInit.js:1496:10)
        at _callCircusTest (C:\Users\kyrian\Documents\Taller-Ocampos\frontend\node_modules\jest-circus\build\jestAdapterInit.js:1006:40)
        at processTicksAndRejections (node:internal/process/task_queues:105:5)
        at _runTest (C:\Users\kyrian\Documents\Taller-Ocampos\frontend\node_modules\jest-circus\build\jestAdapterInit.js:946:3)
        at _runTestsForDescribeBlock (C:\Users\kyrian\Documents\Taller-Ocampos\frontend\node_modules\jest-circus\build\jestAdapterInit.js:839:13)
        at _runTestsForDescribeBlock (C:\Users\kyrian\Documents\Taller-Ocampos\frontend\node_modules\jest-circus\build\jestAdapterInit.js:829:11)
        at run (C:\Users\kyrian\Documents\Taller-Ocampos\frontend\node_modules\jest-circus\build\jestAdapterInit.js:757:3)
        at runAndTransformResultsToJestFormat (C:\Users\kyrian\Documents\Taller-Ocampos\frontend\node_modules\jest-circus\build\jestAdapterInit.js:1917:21)
        at jestAdapter (C:\Users\kyrian\Documents\Taller-Ocampos\frontend\node_modules\jest-circus\build\runner.js:101:19)
        at runTestInternal (C:\Users\kyrian\Documents\Taller-Ocampos\frontend\node_modules\jest-runner\build\testWorker.js:275:16)
        at runTest (C:\Users\kyrian\Documents\Taller-Ocampos\frontend\node_modules\jest-runner\build\testWorker.js:343:7)
        at Object.worker (C:\Users\kyrian\Documents\Taller-Ocampos\frontend\node_modules\jest-runner\build\testWorker.js:497:12) {
      detail: Error: Element type is invalid: expected a string (for built-in components) or a class/function (for composite components) but got: undefined. You likely forgot to export your component from the file it's defined in, or you might have mixed up default and named imports.
          at createFiberFromTypeAndProps (C:\Users\kyrian\Documents\Taller-Ocampos\frontend\node_modules\react-dom\cjs\react-dom.development.js:28478:17)
          at createFiberFromElement (C:\Users\kyrian\Documents\Taller-Ocampos\frontend\node_modules\react-dom\cjs\react-dom.development.js:28504:15)
          at reconcileSingleElement (C:\Users\kyrian\Documents\Taller-Ocampos\frontend\node_modules\react-dom\cjs\react-dom.development.js:13986:23)
          at reconcileChildFibers (C:\Users\kyrian\Documents\Taller-Ocampos\frontend\node_modules\react-dom\cjs\react-dom.development.js:14044:35)
          at reconcileChildren (C:\Users\kyrian\Documents\Taller-Ocampos\frontend\node_modules\react-dom\cjs\react-dom.development.js:19186:28)
          at updateContextProvider (C:\Users\kyrian\Documents\Taller-Ocampos\frontend\node_modules\react-dom\cjs\react-dom.development.js:21193:3)
          at beginWork (C:\Users\kyrian\Documents\Taller-Ocampos\frontend\node_modules\react-dom\cjs\react-dom.development.js:21688:14)
          at HTMLUnknownElement.callCallback (C:\Users\kyrian\Documents\Taller-Ocampos\frontend\node_modules\react-dom\cjs\react-dom.development.js:4164:14)
          at HTMLUnknownElement.callTheUserObjectsOperation (C:\Users\kyrian\Documents\Taller-Ocampos\frontend\node_modules\jsdom\lib\jsdom\living\generated\EventListener.js:26:30)
          at innerInvokeEventListeners (C:\Users\kyrian\Documents\Taller-Ocampos\frontend\node_modules\jsdom\lib\jsdom\living\events\EventTarget-impl.js:350:25)
          at invokeEventListeners (C:\Users\kyrian\Documents\Taller-Ocampos\frontend\node_modules\jsdom\lib\jsdom\living\events\EventTarget-impl.js:286:3)
          at HTMLUnknownElementImpl._dispatch (C:\Users\kyrian\Documents\Taller-Ocampos\frontend\node_modules\jsdom\lib\jsdom\living\events\EventTarget-impl.js:233:9)
          at HTMLUnknownElementImpl.dispatchEvent (C:\Users\kyrian\Documents\Taller-Ocampos\frontend\node_modules\jsdom\lib\jsdom\living\events\EventTarget-impl.js:104:17)
          at HTMLUnknownElement.dispatchEvent (C:\Users\kyrian\Documents\Taller-Ocampos\frontend\node_modules\jsdom\lib\jsdom\living\generated\EventTarget.js:241:34)
          at Object.invokeGuardedCallbackDev (C:\Users\kyrian\Documents\Taller-Ocampos\frontend\node_modules\react-dom\cjs\react-dom.development.js:4213:16)
          at invokeGuardedCallback (C:\Users\kyrian\Documents\Taller-Ocampos\frontend\node_modules\react-dom\cjs\react-dom.development.js:4277:31)
          at beginWork$1 (C:\Users\kyrian\Documents\Taller-Ocampos\frontend\node_modules\react-dom\cjs\react-dom.development.js:27490:7)
          at performUnitOfWork (C:\Users\kyrian\Documents\Taller-Ocampos\frontend\node_modules\react-dom\cjs\react-dom.development.js:26599:12)
          at workLoopSync (C:\Users\kyrian\Documents\Taller-Ocampos\frontend\node_modules\react-dom\cjs\react-dom.development.js:26505:5)
          at renderRootSync (C:\Users\kyrian\Documents\Taller-Ocampos\frontend\node_modules\react-dom\cjs\react-dom.development.js:26473:7)
          at recoverFromConcurrentError (C:\Users\kyrian\Documents\Taller-Ocampos\frontend\node_modules\react-dom\cjs\react-dom.development.js:25889:20)
          at performConcurrentWorkOnRoot (C:\Users\kyrian\Documents\Taller-Ocampos\frontend\node_modules\react-dom\cjs\react-dom.development.js:25789:22)
          at flushActQueue (C:\Users\kyrian\Documents\Taller-Ocampos\frontend\node_modules\react\cjs\react.development.js:2667:24)
          at act (C:\Users\kyrian\Documents\Taller-Ocampos\frontend\node_modules\react\cjs\react.development.js:2582:11)
          at C:\Users\kyrian\Documents\Taller-Ocampos\frontend\node_modules\@testing-library\react\dist\act-compat.js:47:25
          at renderRoot (C:\Users\kyrian\Documents\Taller-Ocampos\frontend\node_modules\@testing-library\react\dist\pure.js:190:26)
          at render (C:\Users\kyrian\Documents\Taller-Ocampos\frontend\node_modules\@testing-library\react\dist\pure.js:292:10)
          at customRender (C:\Users\kyrian\Documents\Taller-Ocampos\frontend\tests\utils\test-utils.tsx:38:16)
          at Object.<anonymous> (C:\Users\kyrian\Documents\Taller-Ocampos\frontend\src\components\layout\DashboardLayout.test.tsx:193:32)
          at Promise.finally.completed (C:\Users\kyrian\Documents\Taller-Ocampos\frontend\node_modules\jest-circus\build\jestAdapterInit.js:1556:28)
          at new Promise (<anonymous>)
          at callAsyncCircusFn (C:\Users\kyrian\Documents\Taller-Ocampos\frontend\node_modules\jest-circus\build\jestAdapterInit.js:1496:10)
          at _callCircusTest (C:\Users\kyrian\Documents\Taller-Ocampos\frontend\node_modules\jest-circus\build\jestAdapterInit.js:1006:40)
          at processTicksAndRejections (node:internal/process/task_queues:105:5)
          at _runTest (C:\Users\kyrian\Documents\Taller-Ocampos\frontend\node_modules\jest-circus\build\jestAdapterInit.js:946:3)
          at _runTestsForDescribeBlock (C:\Users\kyrian\Documents\Taller-Ocampos\frontend\node_modules\jest-circus\build\jestAdapterInit.js:839:13)
          at _runTestsForDescribeBlock (C:\Users\kyrian\Documents\Taller-Ocampos\frontend\node_modules\jest-circus\build\jestAdapterInit.js:829:11)
          at run (C:\Users\kyrian\Documents\Taller-Ocampos\frontend\node_modules\jest-circus\build\jestAdapterInit.js:757:3)
          at runAndTransformResultsToJestFormat (C:\Users\kyrian\Documents\Taller-Ocampos\frontend\node_modules\jest-circus\build\jestAdapterInit.js:1917:21)
          at jestAdapter (C:\Users\kyrian\Documents\Taller-Ocampos\frontend\node_modules\jest-circus\build\runner.js:101:19)
          at runTestInternal (C:\Users\kyrian\Documents\Taller-Ocampos\frontend\node_modules\jest-runner\build\testWorker.js:275:16)
          at runTest (C:\Users\kyrian\Documents\Taller-Ocampos\frontend\node_modules\jest-runner\build\testWorker.js:343:7)
          at Object.worker (C:\Users\kyrian\Documents\Taller-Ocampos\frontend\node_modules\jest-runner\build\testWorker.js:497:12),
      type: 'unhandled exception'
    }

    [0m [90m 73 |[39m       [36mreturn[39m
     [90m 74 |[39m     }
    [31m[1m>[22m[39m[90m 75 |[39m     originalError[33m.[39mcall(console[33m,[39m [33m...[39margs)
     [90m    |[39m                   [31m[1m^[22m[39m
     [90m 76 |[39m   }
     [90m 77 |[39m })
     [90m 78 |[39m[0m

      at console.call [as error] (jest.setup.js:75:19)
      at VirtualConsole.<anonymous> (node_modules/@jest/environment-jsdom-abstract/build/index.js:78:23)
      at reportException (node_modules/jsdom/lib/jsdom/living/helpers/runtime-script-errors.js:70:28)
      at innerInvokeEventListeners (node_modules/jsdom/lib/jsdom/living/events/EventTarget-impl.js:353:9)
      at invokeEventListeners (node_modules/jsdom/lib/jsdom/living/events/EventTarget-impl.js:286:3)
      at HTMLUnknownElementImpl._dispatch (node_modules/jsdom/lib/jsdom/living/events/EventTarget-impl.js:233:9)
      at HTMLUnknownElementImpl.dispatchEvent (node_modules/jsdom/lib/jsdom/living/events/EventTarget-impl.js:104:17)
      at HTMLUnknownElement.dispatchEvent (node_modules/jsdom/lib/jsdom/living/generated/EventTarget.js:241:34)
      at Object.invokeGuardedCallbackDev (node_modules/react-dom/cjs/react-dom.development.js:4213:16)
      at invokeGuardedCallback (node_modules/react-dom/cjs/react-dom.development.js:4277:31)
      at beginWork$1 (node_modules/react-dom/cjs/react-dom.development.js:27490:7)
      at performUnitOfWork (node_modules/react-dom/cjs/react-dom.development.js:26599:12)
      at workLoopSync (node_modules/react-dom/cjs/react-dom.development.js:26505:5)
      at renderRootSync (node_modules/react-dom/cjs/react-dom.development.js:26473:7)
      at recoverFromConcurrentError (node_modules/react-dom/cjs/react-dom.development.js:25889:20)
      at performConcurrentWorkOnRoot (node_modules/react-dom/cjs/react-dom.development.js:25789:22)
      at flushActQueue (node_modules/react/cjs/react.development.js:2667:24)
      at act (node_modules/react/cjs/react.development.js:2582:11)
      at node_modules/@testing-library/react/dist/act-compat.js:47:25
      at renderRoot (node_modules/@testing-library/react/dist/pure.js:190:26)
      at render (node_modules/@testing-library/react/dist/pure.js:292:10)
      at customRender (tests/utils/test-utils.tsx:38:16)
      at Object.<anonymous> (src/components/layout/DashboardLayout.test.tsx:193:32)

  console.error
    The above error occurred in the <Context.Provider> component:
    
        at QueryClientProvider (C:\Users\kyrian\Documents\Taller-Ocampos\frontend\node_modules\@tanstack\react-query\src\QueryClientProvider.tsx:30:3)
        at children (C:\Users\kyrian\Documents\Taller-Ocampos\frontend\tests\utils\test-utils.tsx:23:28)
    
    Consider adding an error boundary to your tree to customize error handling behavior.
    Visit https://reactjs.org/link/error-boundaries to learn more about error boundaries.

    [0m [90m 73 |[39m       [36mreturn[39m
     [90m 74 |[39m     }
    [31m[1m>[22m[39m[90m 75 |[39m     originalError[33m.[39mcall(console[33m,[39m [33m...[39margs)
     [90m    |[39m                   [31m[1m^[22m[39m
     [90m 76 |[39m   }
     [90m 77 |[39m })
     [90m 78 |[39m[0m

      at console.call [as error] (jest.setup.js:75:19)
      at logCapturedError (node_modules/react-dom/cjs/react-dom.development.js:18704:23)
      at update.callback (node_modules/react-dom/cjs/react-dom.development.js:18737:5)
      at callCallback (node_modules/react-dom/cjs/react-dom.development.js:15036:12)
      at commitUpdateQueue (node_modules/react-dom/cjs/react-dom.development.js:15057:9)
      at commitLayoutEffectOnFiber (node_modules/react-dom/cjs/react-dom.development.js:23430:13)
      at commitLayoutMountEffects_complete (node_modules/react-dom/cjs/react-dom.development.js:24727:9)
      at commitLayoutEffects_begin (node_modules/react-dom/cjs/react-dom.development.js:24713:7)
      at commitLayoutEffects (node_modules/react-dom/cjs/react-dom.development.js:24651:3)
      at commitRootImpl (node_modules/react-dom/cjs/react-dom.development.js:26862:5)
      at commitRoot (node_modules/react-dom/cjs/react-dom.development.js:26721:5)
      at finishConcurrentRender (node_modules/react-dom/cjs/react-dom.development.js:25931:9)
      at performConcurrentWorkOnRoot (node_modules/react-dom/cjs/react-dom.development.js:25848:7)
      at flushActQueue (node_modules/react/cjs/react.development.js:2667:24)
      at act (node_modules/react/cjs/react.development.js:2582:11)
      at node_modules/@testing-library/react/dist/act-compat.js:47:25
      at renderRoot (node_modules/@testing-library/react/dist/pure.js:190:26)
      at render (node_modules/@testing-library/react/dist/pure.js:292:10)
      at customRender (tests/utils/test-utils.tsx:38:16)
      at Object.<anonymous> (src/components/layout/DashboardLayout.test.tsx:193:32)

  console.error
    Warning: React.jsx: type is invalid -- expected a string (for built-in components) or a class/function (for composite components) but got: undefined. You likely forgot to export your component from the file it's defined in, or you might have mixed up default and named imports.

    [0m [90m 73 |[39m       [36mreturn[39m
     [90m 74 |[39m     }
    [31m[1m>[22m[39m[90m 75 |[39m     originalError[33m.[39mcall(console[33m,[39m [33m...[39margs)
     [90m    |[39m                   [31m[1m^[22m[39m
     [90m 76 |[39m   }
     [90m 77 |[39m })
     [90m 78 |[39m[0m

      at console.call [as error] (jest.setup.js:75:19)
      at printWarning (node_modules/react/cjs/react-jsx-runtime.development.js:87:30)
      at error (node_modules/react/cjs/react-jsx-runtime.development.js:61:7)
      at jsxWithValidation (node_modules/react/cjs/react-jsx-runtime.development.js:1245:7)
      at jsxWithValidationDynamic (node_modules/react/cjs/react-jsx-runtime.development.js:1320:12)
      at Object.<anonymous> (src/components/layout/DashboardLayout.test.tsx:209:12)

  console.error
    Error: Uncaught [Error: Element type is invalid: expected a string (for built-in components) or a class/function (for composite components) but got: undefined. You likely forgot to export your component from the file it's defined in, or you might have mixed up default and named imports.]
        at reportException (C:\Users\kyrian\Documents\Taller-Ocampos\frontend\node_modules\jsdom\lib\jsdom\living\helpers\runtime-script-errors.js:66:24)
        at innerInvokeEventListeners (C:\Users\kyrian\Documents\Taller-Ocampos\frontend\node_modules\jsdom\lib\jsdom\living\events\EventTarget-impl.js:353:9)
        at invokeEventListeners (C:\Users\kyrian\Documents\Taller-Ocampos\frontend\node_modules\jsdom\lib\jsdom\living\events\EventTarget-impl.js:286:3)
        at HTMLUnknownElementImpl._dispatch (C:\Users\kyrian\Documents\Taller-Ocampos\frontend\node_modules\jsdom\lib\jsdom\living\events\EventTarget-impl.js:233:9)
        at HTMLUnknownElementImpl.dispatchEvent (C:\Users\kyrian\Documents\Taller-Ocampos\frontend\node_modules\jsdom\lib\jsdom\living\events\EventTarget-impl.js:104:17)
        at HTMLUnknownElement.dispatchEvent (C:\Users\kyrian\Documents\Taller-Ocampos\frontend\node_modules\jsdom\lib\jsdom\living\generated\EventTarget.js:241:34)
        at Object.invokeGuardedCallbackDev (C:\Users\kyrian\Documents\Taller-Ocampos\frontend\node_modules\react-dom\cjs\react-dom.development.js:4213:16)
        at invokeGuardedCallback (C:\Users\kyrian\Documents\Taller-Ocampos\frontend\node_modules\react-dom\cjs\react-dom.development.js:4277:31)
        at beginWork$1 (C:\Users\kyrian\Documents\Taller-Ocampos\frontend\node_modules\react-dom\cjs\react-dom.development.js:27490:7)
        at performUnitOfWork (C:\Users\kyrian\Documents\Taller-Ocampos\frontend\node_modules\react-dom\cjs\react-dom.development.js:26599:12)
        at workLoopSync (C:\Users\kyrian\Documents\Taller-Ocampos\frontend\node_modules\react-dom\cjs\react-dom.development.js:26505:5)
        at renderRootSync (C:\Users\kyrian\Documents\Taller-Ocampos\frontend\node_modules\react-dom\cjs\react-dom.development.js:26473:7)
        at performConcurrentWorkOnRoot (C:\Users\kyrian\Documents\Taller-Ocampos\frontend\node_modules\react-dom\cjs\react-dom.development.js:25777:74)
        at flushActQueue (C:\Users\kyrian\Documents\Taller-Ocampos\frontend\node_modules\react\cjs\react.development.js:2667:24)
        at act (C:\Users\kyrian\Documents\Taller-Ocampos\frontend\node_modules\react\cjs\react.development.js:2582:11)
        at C:\Users\kyrian\Documents\Taller-Ocampos\frontend\node_modules\@testing-library\react\dist\act-compat.js:47:25
        at renderRoot (C:\Users\kyrian\Documents\Taller-Ocampos\frontend\node_modules\@testing-library\react\dist\pure.js:190:26)
        at render (C:\Users\kyrian\Documents\Taller-Ocampos\frontend\node_modules\@testing-library\react\dist\pure.js:292:10)
        at customRender (C:\Users\kyrian\Documents\Taller-Ocampos\frontend\tests\utils\test-utils.tsx:38:16)
        at Object.<anonymous> (C:\Users\kyrian\Documents\Taller-Ocampos\frontend\src\components\layout\DashboardLayout.test.tsx:209:11)
        at Promise.finally.completed (C:\Users\kyrian\Documents\Taller-Ocampos\frontend\node_modules\jest-circus\build\jestAdapterInit.js:1556:28)
        at new Promise (<anonymous>)
        at callAsyncCircusFn (C:\Users\kyrian\Documents\Taller-Ocampos\frontend\node_modules\jest-circus\build\jestAdapterInit.js:1496:10)
        at _callCircusTest (C:\Users\kyrian\Documents\Taller-Ocampos\frontend\node_modules\jest-circus\build\jestAdapterInit.js:1006:40)
        at processTicksAndRejections (node:internal/process/task_queues:105:5)
        at _runTest (C:\Users\kyrian\Documents\Taller-Ocampos\frontend\node_modules\jest-circus\build\jestAdapterInit.js:946:3)
        at _runTestsForDescribeBlock (C:\Users\kyrian\Documents\Taller-Ocampos\frontend\node_modules\jest-circus\build\jestAdapterInit.js:839:13)
        at _runTestsForDescribeBlock (C:\Users\kyrian\Documents\Taller-Ocampos\frontend\node_modules\jest-circus\build\jestAdapterInit.js:829:11)
        at run (C:\Users\kyrian\Documents\Taller-Ocampos\frontend\node_modules\jest-circus\build\jestAdapterInit.js:757:3)
        at runAndTransformResultsToJestFormat (C:\Users\kyrian\Documents\Taller-Ocampos\frontend\node_modules\jest-circus\build\jestAdapterInit.js:1917:21)
        at jestAdapter (C:\Users\kyrian\Documents\Taller-Ocampos\frontend\node_modules\jest-circus\build\runner.js:101:19)
        at runTestInternal (C:\Users\kyrian\Documents\Taller-Ocampos\frontend\node_modules\jest-runner\build\testWorker.js:275:16)
        at runTest (C:\Users\kyrian\Documents\Taller-Ocampos\frontend\node_modules\jest-runner\build\testWorker.js:343:7)
        at Object.worker (C:\Users\kyrian\Documents\Taller-Ocampos\frontend\node_modules\jest-runner\build\testWorker.js:497:12) {
      detail: Error: Element type is invalid: expected a string (for built-in components) or a class/function (for composite components) but got: undefined. You likely forgot to export your component from the file it's defined in, or you might have mixed up default and named imports.
          at createFiberFromTypeAndProps (C:\Users\kyrian\Documents\Taller-Ocampos\frontend\node_modules\react-dom\cjs\react-dom.development.js:28478:17)
          at createFiberFromElement (C:\Users\kyrian\Documents\Taller-Ocampos\frontend\node_modules\react-dom\cjs\react-dom.development.js:28504:15)
          at reconcileSingleElement (C:\Users\kyrian\Documents\Taller-Ocampos\frontend\node_modules\react-dom\cjs\react-dom.development.js:13986:23)
          at reconcileChildFibers (C:\Users\kyrian\Documents\Taller-Ocampos\frontend\node_modules\react-dom\cjs\react-dom.development.js:14044:35)
          at reconcileChildren (C:\Users\kyrian\Documents\Taller-Ocampos\frontend\node_modules\react-dom\cjs\react-dom.development.js:19186:28)
          at updateContextProvider (C:\Users\kyrian\Documents\Taller-Ocampos\frontend\node_modules\react-dom\cjs\react-dom.development.js:21193:3)
          at beginWork (C:\Users\kyrian\Documents\Taller-Ocampos\frontend\node_modules\react-dom\cjs\react-dom.development.js:21688:14)
          at HTMLUnknownElement.callCallback (C:\Users\kyrian\Documents\Taller-Ocampos\frontend\node_modules\react-dom\cjs\react-dom.development.js:4164:14)
          at HTMLUnknownElement.callTheUserObjectsOperation (C:\Users\kyrian\Documents\Taller-Ocampos\frontend\node_modules\jsdom\lib\jsdom\living\generated\EventListener.js:26:30)
          at innerInvokeEventListeners (C:\Users\kyrian\Documents\Taller-Ocampos\frontend\node_modules\jsdom\lib\jsdom\living\events\EventTarget-impl.js:350:25)
          at invokeEventListeners (C:\Users\kyrian\Documents\Taller-Ocampos\frontend\node_modules\jsdom\lib\jsdom\living\events\EventTarget-impl.js:286:3)
          at HTMLUnknownElementImpl._dispatch (C:\Users\kyrian\Documents\Taller-Ocampos\frontend\node_modules\jsdom\lib\jsdom\living\events\EventTarget-impl.js:233:9)
          at HTMLUnknownElementImpl.dispatchEvent (C:\Users\kyrian\Documents\Taller-Ocampos\frontend\node_modules\jsdom\lib\jsdom\living\events\EventTarget-impl.js:104:17)
          at HTMLUnknownElement.dispatchEvent (C:\Users\kyrian\Documents\Taller-Ocampos\frontend\node_modules\jsdom\lib\jsdom\living\generated\EventTarget.js:241:34)
          at Object.invokeGuardedCallbackDev (C:\Users\kyrian\Documents\Taller-Ocampos\frontend\node_modules\react-dom\cjs\react-dom.development.js:4213:16)
          at invokeGuardedCallback (C:\Users\kyrian\Documents\Taller-Ocampos\frontend\node_modules\react-dom\cjs\react-dom.development.js:4277:31)
          at beginWork$1 (C:\Users\kyrian\Documents\Taller-Ocampos\frontend\node_modules\react-dom\cjs\react-dom.development.js:27490:7)
          at performUnitOfWork (C:\Users\kyrian\Documents\Taller-Ocampos\frontend\node_modules\react-dom\cjs\react-dom.development.js:26599:12)
          at workLoopSync (C:\Users\kyrian\Documents\Taller-Ocampos\frontend\node_modules\react-dom\cjs\react-dom.development.js:26505:5)
          at renderRootSync (C:\Users\kyrian\Documents\Taller-Ocampos\frontend\node_modules\react-dom\cjs\react-dom.development.js:26473:7)
          at performConcurrentWorkOnRoot (C:\Users\kyrian\Documents\Taller-Ocampos\frontend\node_modules\react-dom\cjs\react-dom.development.js:25777:74)
          at flushActQueue (C:\Users\kyrian\Documents\Taller-Ocampos\frontend\node_modules\react\cjs\react.development.js:2667:24)
          at act (C:\Users\kyrian\Documents\Taller-Ocampos\frontend\node_modules\react\cjs\react.development.js:2582:11)
          at C:\Users\kyrian\Documents\Taller-Ocampos\frontend\node_modules\@testing-library\react\dist\act-compat.js:47:25
          at renderRoot (C:\Users\kyrian\Documents\Taller-Ocampos\frontend\node_modules\@testing-library\react\dist\pure.js:190:26)
          at render (C:\Users\kyrian\Documents\Taller-Ocampos\frontend\node_modules\@testing-library\react\dist\pure.js:292:10)
          at customRender (C:\Users\kyrian\Documents\Taller-Ocampos\frontend\tests\utils\test-utils.tsx:38:16)
          at Object.<anonymous> (C:\Users\kyrian\Documents\Taller-Ocampos\frontend\src\components\layout\DashboardLayout.test.tsx:209:11)
          at Promise.finally.completed (C:\Users\kyrian\Documents\Taller-Ocampos\frontend\node_modules\jest-circus\build\jestAdapterInit.js:1556:28)
          at new Promise (<anonymous>)
          at callAsyncCircusFn (C:\Users\kyrian\Documents\Taller-Ocampos\frontend\node_modules\jest-circus\build\jestAdapterInit.js:1496:10)
          at _callCircusTest (C:\Users\kyrian\Documents\Taller-Ocampos\frontend\node_modules\jest-circus\build\jestAdapterInit.js:1006:40)
          at processTicksAndRejections (node:internal/process/task_queues:105:5)
          at _runTest (C:\Users\kyrian\Documents\Taller-Ocampos\frontend\node_modules\jest-circus\build\jestAdapterInit.js:946:3)
          at _runTestsForDescribeBlock (C:\Users\kyrian\Documents\Taller-Ocampos\frontend\node_modules\jest-circus\build\jestAdapterInit.js:839:13)
          at _runTestsForDescribeBlock (C:\Users\kyrian\Documents\Taller-Ocampos\frontend\node_modules\jest-circus\build\jestAdapterInit.js:829:11)
          at run (C:\Users\kyrian\Documents\Taller-Ocampos\frontend\node_modules\jest-circus\build\jestAdapterInit.js:757:3)
          at runAndTransformResultsToJestFormat (C:\Users\kyrian\Documents\Taller-Ocampos\frontend\node_modules\jest-circus\build\jestAdapterInit.js:1917:21)
          at jestAdapter (C:\Users\kyrian\Documents\Taller-Ocampos\frontend\node_modules\jest-circus\build\runner.js:101:19)
          at runTestInternal (C:\Users\kyrian\Documents\Taller-Ocampos\frontend\node_modules\jest-runner\build\testWorker.js:275:16)
          at runTest (C:\Users\kyrian\Documents\Taller-Ocampos\frontend\node_modules\jest-runner\build\testWorker.js:343:7)
          at Object.worker (C:\Users\kyrian\Documents\Taller-Ocampos\frontend\node_modules\jest-runner\build\testWorker.js:497:12),
      type: 'unhandled exception'
    }

    [0m [90m 73 |[39m       [36mreturn[39m
     [90m 74 |[39m     }
    [31m[1m>[22m[39m[90m 75 |[39m     originalError[33m.[39mcall(console[33m,[39m [33m...[39margs)
     [90m    |[39m                   [31m[1m^[22m[39m
     [90m 76 |[39m   }
     [90m 77 |[39m })
     [90m 78 |[39m[0m

      at console.call [as error] (jest.setup.js:75:19)
      at VirtualConsole.<anonymous> (node_modules/@jest/environment-jsdom-abstract/build/index.js:78:23)
      at reportException (node_modules/jsdom/lib/jsdom/living/helpers/runtime-script-errors.js:70:28)
      at innerInvokeEventListeners (node_modules/jsdom/lib/jsdom/living/events/EventTarget-impl.js:353:9)
      at invokeEventListeners (node_modules/jsdom/lib/jsdom/living/events/EventTarget-impl.js:286:3)
      at HTMLUnknownElementImpl._dispatch (node_modules/jsdom/lib/jsdom/living/events/EventTarget-impl.js:233:9)
      at HTMLUnknownElementImpl.dispatchEvent (node_modules/jsdom/lib/jsdom/living/events/EventTarget-impl.js:104:17)
      at HTMLUnknownElement.dispatchEvent (node_modules/jsdom/lib/jsdom/living/generated/EventTarget.js:241:34)
      at Object.invokeGuardedCallbackDev (node_modules/react-dom/cjs/react-dom.development.js:4213:16)
      at invokeGuardedCallback (node_modules/react-dom/cjs/react-dom.development.js:4277:31)
      at beginWork$1 (node_modules/react-dom/cjs/react-dom.development.js:27490:7)
      at performUnitOfWork (node_modules/react-dom/cjs/react-dom.development.js:26599:12)
      at workLoopSync (node_modules/react-dom/cjs/react-dom.development.js:26505:5)
      at renderRootSync (node_modules/react-dom/cjs/react-dom.development.js:26473:7)
      at performConcurrentWorkOnRoot (node_modules/react-dom/cjs/react-dom.development.js:25777:74)
      at flushActQueue (node_modules/react/cjs/react.development.js:2667:24)
      at act (node_modules/react/cjs/react.development.js:2582:11)
      at node_modules/@testing-library/react/dist/act-compat.js:47:25
      at renderRoot (node_modules/@testing-library/react/dist/pure.js:190:26)
      at render (node_modules/@testing-library/react/dist/pure.js:292:10)
      at customRender (tests/utils/test-utils.tsx:38:16)
      at Object.<anonymous> (src/components/layout/DashboardLayout.test.tsx:209:11)

  console.error
    Error: Uncaught [Error: Element type is invalid: expected a string (for built-in components) or a class/function (for composite components) but got: undefined. You likely forgot to export your component from the file it's defined in, or you might have mixed up default and named imports.]
        at reportException (C:\Users\kyrian\Documents\Taller-Ocampos\frontend\node_modules\jsdom\lib\jsdom\living\helpers\runtime-script-errors.js:66:24)
        at innerInvokeEventListeners (C:\Users\kyrian\Documents\Taller-Ocampos\frontend\node_modules\jsdom\lib\jsdom\living\events\EventTarget-impl.js:353:9)
        at invokeEventListeners (C:\Users\kyrian\Documents\Taller-Ocampos\frontend\node_modules\jsdom\lib\jsdom\living\events\EventTarget-impl.js:286:3)
        at HTMLUnknownElementImpl._dispatch (C:\Users\kyrian\Documents\Taller-Ocampos\frontend\node_modules\jsdom\lib\jsdom\living\events\EventTarget-impl.js:233:9)
        at HTMLUnknownElementImpl.dispatchEvent (C:\Users\kyrian\Documents\Taller-Ocampos\frontend\node_modules\jsdom\lib\jsdom\living\events\EventTarget-impl.js:104:17)
        at HTMLUnknownElement.dispatchEvent (C:\Users\kyrian\Documents\Taller-Ocampos\frontend\node_modules\jsdom\lib\jsdom\living\generated\EventTarget.js:241:34)
        at Object.invokeGuardedCallbackDev (C:\Users\kyrian\Documents\Taller-Ocampos\frontend\node_modules\react-dom\cjs\react-dom.development.js:4213:16)
        at invokeGuardedCallback (C:\Users\kyrian\Documents\Taller-Ocampos\frontend\node_modules\react-dom\cjs\react-dom.development.js:4277:31)
        at beginWork$1 (C:\Users\kyrian\Documents\Taller-Ocampos\frontend\node_modules\react-dom\cjs\react-dom.development.js:27490:7)
        at performUnitOfWork (C:\Users\kyrian\Documents\Taller-Ocampos\frontend\node_modules\react-dom\cjs\react-dom.development.js:26599:12)
        at workLoopSync (C:\Users\kyrian\Documents\Taller-Ocampos\frontend\node_modules\react-dom\cjs\react-dom.development.js:26505:5)
        at renderRootSync (C:\Users\kyrian\Documents\Taller-Ocampos\frontend\node_modules\react-dom\cjs\react-dom.development.js:26473:7)
        at recoverFromConcurrentError (C:\Users\kyrian\Documents\Taller-Ocampos\frontend\node_modules\react-dom\cjs\react-dom.development.js:25889:20)
        at performConcurrentWorkOnRoot (C:\Users\kyrian\Documents\Taller-Ocampos\frontend\node_modules\react-dom\cjs\react-dom.development.js:25789:22)
        at flushActQueue (C:\Users\kyrian\Documents\Taller-Ocampos\frontend\node_modules\react\cjs\react.development.js:2667:24)
        at act (C:\Users\kyrian\Documents\Taller-Ocampos\frontend\node_modules\react\cjs\react.development.js:2582:11)
        at C:\Users\kyrian\Documents\Taller-Ocampos\frontend\node_modules\@testing-library\react\dist\act-compat.js:47:25
        at renderRoot (C:\Users\kyrian\Documents\Taller-Ocampos\frontend\node_modules\@testing-library\react\dist\pure.js:190:26)
        at render (C:\Users\kyrian\Documents\Taller-Ocampos\frontend\node_modules\@testing-library\react\dist\pure.js:292:10)
        at customRender (C:\Users\kyrian\Documents\Taller-Ocampos\frontend\tests\utils\test-utils.tsx:38:16)
        at Object.<anonymous> (C:\Users\kyrian\Documents\Taller-Ocampos\frontend\src\components\layout\DashboardLayout.test.tsx:209:11)
        at Promise.finally.completed (C:\Users\kyrian\Documents\Taller-Ocampos\frontend\node_modules\jest-circus\build\jestAdapterInit.js:1556:28)
        at new Promise (<anonymous>)
        at callAsyncCircusFn (C:\Users\kyrian\Documents\Taller-Ocampos\frontend\node_modules\jest-circus\build\jestAdapterInit.js:1496:10)
        at _callCircusTest (C:\Users\kyrian\Documents\Taller-Ocampos\frontend\node_modules\jest-circus\build\jestAdapterInit.js:1006:40)
        at processTicksAndRejections (node:internal/process/task_queues:105:5)
        at _runTest (C:\Users\kyrian\Documents\Taller-Ocampos\frontend\node_modules\jest-circus\build\jestAdapterInit.js:946:3)
        at _runTestsForDescribeBlock (C:\Users\kyrian\Documents\Taller-Ocampos\frontend\node_modules\jest-circus\build\jestAdapterInit.js:839:13)
        at _runTestsForDescribeBlock (C:\Users\kyrian\Documents\Taller-Ocampos\frontend\node_modules\jest-circus\build\jestAdapterInit.js:829:11)
        at run (C:\Users\kyrian\Documents\Taller-Ocampos\frontend\node_modules\jest-circus\build\jestAdapterInit.js:757:3)
        at runAndTransformResultsToJestFormat (C:\Users\kyrian\Documents\Taller-Ocampos\frontend\node_modules\jest-circus\build\jestAdapterInit.js:1917:21)
        at jestAdapter (C:\Users\kyrian\Documents\Taller-Ocampos\frontend\node_modules\jest-circus\build\runner.js:101:19)
        at runTestInternal (C:\Users\kyrian\Documents\Taller-Ocampos\frontend\node_modules\jest-runner\build\testWorker.js:275:16)
        at runTest (C:\Users\kyrian\Documents\Taller-Ocampos\frontend\node_modules\jest-runner\build\testWorker.js:343:7)
        at Object.worker (C:\Users\kyrian\Documents\Taller-Ocampos\frontend\node_modules\jest-runner\build\testWorker.js:497:12) {
      detail: Error: Element type is invalid: expected a string (for built-in components) or a class/function (for composite components) but got: undefined. You likely forgot to export your component from the file it's defined in, or you might have mixed up default and named imports.
          at createFiberFromTypeAndProps (C:\Users\kyrian\Documents\Taller-Ocampos\frontend\node_modules\react-dom\cjs\react-dom.development.js:28478:17)
          at createFiberFromElement (C:\Users\kyrian\Documents\Taller-Ocampos\frontend\node_modules\react-dom\cjs\react-dom.development.js:28504:15)
          at reconcileSingleElement (C:\Users\kyrian\Documents\Taller-Ocampos\frontend\node_modules\react-dom\cjs\react-dom.development.js:13986:23)
          at reconcileChildFibers (C:\Users\kyrian\Documents\Taller-Ocampos\frontend\node_modules\react-dom\cjs\react-dom.development.js:14044:35)
          at reconcileChildren (C:\Users\kyrian\Documents\Taller-Ocampos\frontend\node_modules\react-dom\cjs\react-dom.development.js:19186:28)
          at updateContextProvider (C:\Users\kyrian\Documents\Taller-Ocampos\frontend\node_modules\react-dom\cjs\react-dom.development.js:21193:3)
          at beginWork (C:\Users\kyrian\Documents\Taller-Ocampos\frontend\node_modules\react-dom\cjs\react-dom.development.js:21688:14)
          at HTMLUnknownElement.callCallback (C:\Users\kyrian\Documents\Taller-Ocampos\frontend\node_modules\react-dom\cjs\react-dom.development.js:4164:14)
          at HTMLUnknownElement.callTheUserObjectsOperation (C:\Users\kyrian\Documents\Taller-Ocampos\frontend\node_modules\jsdom\lib\jsdom\living\generated\EventListener.js:26:30)
          at innerInvokeEventListeners (C:\Users\kyrian\Documents\Taller-Ocampos\frontend\node_modules\jsdom\lib\jsdom\living\events\EventTarget-impl.js:350:25)
          at invokeEventListeners (C:\Users\kyrian\Documents\Taller-Ocampos\frontend\node_modules\jsdom\lib\jsdom\living\events\EventTarget-impl.js:286:3)
          at HTMLUnknownElementImpl._dispatch (C:\Users\kyrian\Documents\Taller-Ocampos\frontend\node_modules\jsdom\lib\jsdom\living\events\EventTarget-impl.js:233:9)
          at HTMLUnknownElementImpl.dispatchEvent (C:\Users\kyrian\Documents\Taller-Ocampos\frontend\node_modules\jsdom\lib\jsdom\living\events\EventTarget-impl.js:104:17)
          at HTMLUnknownElement.dispatchEvent (C:\Users\kyrian\Documents\Taller-Ocampos\frontend\node_modules\jsdom\lib\jsdom\living\generated\EventTarget.js:241:34)
          at Object.invokeGuardedCallbackDev (C:\Users\kyrian\Documents\Taller-Ocampos\frontend\node_modules\react-dom\cjs\react-dom.development.js:4213:16)
          at invokeGuardedCallback (C:\Users\kyrian\Documents\Taller-Ocampos\frontend\node_modules\react-dom\cjs\react-dom.development.js:4277:31)
          at beginWork$1 (C:\Users\kyrian\Documents\Taller-Ocampos\frontend\node_modules\react-dom\cjs\react-dom.development.js:27490:7)
          at performUnitOfWork (C:\Users\kyrian\Documents\Taller-Ocampos\frontend\node_modules\react-dom\cjs\react-dom.development.js:26599:12)
          at workLoopSync (C:\Users\kyrian\Documents\Taller-Ocampos\frontend\node_modules\react-dom\cjs\react-dom.development.js:26505:5)
          at renderRootSync (C:\Users\kyrian\Documents\Taller-Ocampos\frontend\node_modules\react-dom\cjs\react-dom.development.js:26473:7)
          at recoverFromConcurrentError (C:\Users\kyrian\Documents\Taller-Ocampos\frontend\node_modules\react-dom\cjs\react-dom.development.js:25889:20)
          at performConcurrentWorkOnRoot (C:\Users\kyrian\Documents\Taller-Ocampos\frontend\node_modules\react-dom\cjs\react-dom.development.js:25789:22)
          at flushActQueue (C:\Users\kyrian\Documents\Taller-Ocampos\frontend\node_modules\react\cjs\react.development.js:2667:24)
          at act (C:\Users\kyrian\Documents\Taller-Ocampos\frontend\node_modules\react\cjs\react.development.js:2582:11)
          at C:\Users\kyrian\Documents\Taller-Ocampos\frontend\node_modules\@testing-library\react\dist\act-compat.js:47:25
          at renderRoot (C:\Users\kyrian\Documents\Taller-Ocampos\frontend\node_modules\@testing-library\react\dist\pure.js:190:26)
          at render (C:\Users\kyrian\Documents\Taller-Ocampos\frontend\node_modules\@testing-library\react\dist\pure.js:292:10)
          at customRender (C:\Users\kyrian\Documents\Taller-Ocampos\frontend\tests\utils\test-utils.tsx:38:16)
          at Object.<anonymous> (C:\Users\kyrian\Documents\Taller-Ocampos\frontend\src\components\layout\DashboardLayout.test.tsx:209:11)
          at Promise.finally.completed (C:\Users\kyrian\Documents\Taller-Ocampos\frontend\node_modules\jest-circus\build\jestAdapterInit.js:1556:28)
          at new Promise (<anonymous>)
          at callAsyncCircusFn (C:\Users\kyrian\Documents\Taller-Ocampos\frontend\node_modules\jest-circus\build\jestAdapterInit.js:1496:10)
          at _callCircusTest (C:\Users\kyrian\Documents\Taller-Ocampos\frontend\node_modules\jest-circus\build\jestAdapterInit.js:1006:40)
          at processTicksAndRejections (node:internal/process/task_queues:105:5)
          at _runTest (C:\Users\kyrian\Documents\Taller-Ocampos\frontend\node_modules\jest-circus\build\jestAdapterInit.js:946:3)
          at _runTestsForDescribeBlock (C:\Users\kyrian\Documents\Taller-Ocampos\frontend\node_modules\jest-circus\build\jestAdapterInit.js:839:13)
          at _runTestsForDescribeBlock (C:\Users\kyrian\Documents\Taller-Ocampos\frontend\node_modules\jest-circus\build\jestAdapterInit.js:829:11)
          at run (C:\Users\kyrian\Documents\Taller-Ocampos\frontend\node_modules\jest-circus\build\jestAdapterInit.js:757:3)
          at runAndTransformResultsToJestFormat (C:\Users\kyrian\Documents\Taller-Ocampos\frontend\node_modules\jest-circus\build\jestAdapterInit.js:1917:21)
          at jestAdapter (C:\Users\kyrian\Documents\Taller-Ocampos\frontend\node_modules\jest-circus\build\runner.js:101:19)
          at runTestInternal (C:\Users\kyrian\Documents\Taller-Ocampos\frontend\node_modules\jest-runner\build\testWorker.js:275:16)
          at runTest (C:\Users\kyrian\Documents\Taller-Ocampos\frontend\node_modules\jest-runner\build\testWorker.js:343:7)
          at Object.worker (C:\Users\kyrian\Documents\Taller-Ocampos\frontend\node_modules\jest-runner\build\testWorker.js:497:12),
      type: 'unhandled exception'
    }

    [0m [90m 73 |[39m       [36mreturn[39m
     [90m 74 |[39m     }
    [31m[1m>[22m[39m[90m 75 |[39m     originalError[33m.[39mcall(console[33m,[39m [33m...[39margs)
     [90m    |[39m                   [31m[1m^[22m[39m
     [90m 76 |[39m   }
     [90m 77 |[39m })
     [90m 78 |[39m[0m

      at console.call [as error] (jest.setup.js:75:19)
      at VirtualConsole.<anonymous> (node_modules/@jest/environment-jsdom-abstract/build/index.js:78:23)
      at reportException (node_modules/jsdom/lib/jsdom/living/helpers/runtime-script-errors.js:70:28)
      at innerInvokeEventListeners (node_modules/jsdom/lib/jsdom/living/events/EventTarget-impl.js:353:9)
      at invokeEventListeners (node_modules/jsdom/lib/jsdom/living/events/EventTarget-impl.js:286:3)
      at HTMLUnknownElementImpl._dispatch (node_modules/jsdom/lib/jsdom/living/events/EventTarget-impl.js:233:9)
      at HTMLUnknownElementImpl.dispatchEvent (node_modules/jsdom/lib/jsdom/living/events/EventTarget-impl.js:104:17)
      at HTMLUnknownElement.dispatchEvent (node_modules/jsdom/lib/jsdom/living/generated/EventTarget.js:241:34)
      at Object.invokeGuardedCallbackDev (node_modules/react-dom/cjs/react-dom.development.js:4213:16)
      at invokeGuardedCallback (node_modules/react-dom/cjs/react-dom.development.js:4277:31)
      at beginWork$1 (node_modules/react-dom/cjs/react-dom.development.js:27490:7)
      at performUnitOfWork (node_modules/react-dom/cjs/react-dom.development.js:26599:12)
      at workLoopSync (node_modules/react-dom/cjs/react-dom.development.js:26505:5)
      at renderRootSync (node_modules/react-dom/cjs/react-dom.development.js:26473:7)
      at recoverFromConcurrentError (node_modules/react-dom/cjs/react-dom.development.js:25889:20)
      at performConcurrentWorkOnRoot (node_modules/react-dom/cjs/react-dom.development.js:25789:22)
      at flushActQueue (node_modules/react/cjs/react.development.js:2667:24)
      at act (node_modules/react/cjs/react.development.js:2582:11)
      at node_modules/@testing-library/react/dist/act-compat.js:47:25
      at renderRoot (node_modules/@testing-library/react/dist/pure.js:190:26)
      at render (node_modules/@testing-library/react/dist/pure.js:292:10)
      at customRender (tests/utils/test-utils.tsx:38:16)
      at Object.<anonymous> (src/components/layout/DashboardLayout.test.tsx:209:11)

  console.error
    The above error occurred in the <Context.Provider> component:
    
        at QueryClientProvider (C:\Users\kyrian\Documents\Taller-Ocampos\frontend\node_modules\@tanstack\react-query\src\QueryClientProvider.tsx:30:3)
        at children (C:\Users\kyrian\Documents\Taller-Ocampos\frontend\tests\utils\test-utils.tsx:23:28)
    
    Consider adding an error boundary to your tree to customize error handling behavior.
    Visit https://reactjs.org/link/error-boundaries to learn more about error boundaries.

    [0m [90m 73 |[39m       [36mreturn[39m
     [90m 74 |[39m     }
    [31m[1m>[22m[39m[90m 75 |[39m     originalError[33m.[39mcall(console[33m,[39m [33m...[39margs)
     [90m    |[39m                   [31m[1m^[22m[39m
     [90m 76 |[39m   }
     [90m 77 |[39m })
     [90m 78 |[39m[0m

      at console.call [as error] (jest.setup.js:75:19)
      at logCapturedError (node_modules/react-dom/cjs/react-dom.development.js:18704:23)
      at update.callback (node_modules/react-dom/cjs/react-dom.development.js:18737:5)
      at callCallback (node_modules/react-dom/cjs/react-dom.development.js:15036:12)
      at commitUpdateQueue (node_modules/react-dom/cjs/react-dom.development.js:15057:9)
      at commitLayoutEffectOnFiber (node_modules/react-dom/cjs/react-dom.development.js:23430:13)
      at commitLayoutMountEffects_complete (node_modules/react-dom/cjs/react-dom.development.js:24727:9)
      at commitLayoutEffects_begin (node_modules/react-dom/cjs/react-dom.development.js:24713:7)
      at commitLayoutEffects (node_modules/react-dom/cjs/react-dom.development.js:24651:3)
      at commitRootImpl (node_modules/react-dom/cjs/react-dom.development.js:26862:5)
      at commitRoot (node_modules/react-dom/cjs/react-dom.development.js:26721:5)
      at finishConcurrentRender (node_modules/react-dom/cjs/react-dom.development.js:25931:9)
      at performConcurrentWorkOnRoot (node_modules/react-dom/cjs/react-dom.development.js:25848:7)
      at flushActQueue (node_modules/react/cjs/react.development.js:2667:24)
      at act (node_modules/react/cjs/react.development.js:2582:11)
      at node_modules/@testing-library/react/dist/act-compat.js:47:25
      at renderRoot (node_modules/@testing-library/react/dist/pure.js:190:26)
      at render (node_modules/@testing-library/react/dist/pure.js:292:10)
      at customRender (tests/utils/test-utils.tsx:38:16)
      at Object.<anonymous> (src/components/layout/DashboardLayout.test.tsx:209:11)

  console.error
    Warning: React.jsx: type is invalid -- expected a string (for built-in components) or a class/function (for composite components) but got: undefined. You likely forgot to export your component from the file it's defined in, or you might have mixed up default and named imports.

    [0m [90m 73 |[39m       [36mreturn[39m
     [90m 74 |[39m     }
    [31m[1m>[22m[39m[90m 75 |[39m     originalError[33m.[39mcall(console[33m,[39m [33m...[39margs)
     [90m    |[39m                   [31m[1m^[22m[39m
     [90m 76 |[39m   }
     [90m 77 |[39m })
     [90m 78 |[39m[0m

      at console.call [as error] (jest.setup.js:75:19)
      at printWarning (node_modules/react/cjs/react-jsx-runtime.development.js:87:30)
      at error (node_modules/react/cjs/react-jsx-runtime.development.js:61:7)
      at jsxWithValidation (node_modules/react/cjs/react-jsx-runtime.development.js:1245:7)
      at jsxWithValidationDynamic (node_modules/react/cjs/react-jsx-runtime.development.js:1320:12)
      at Object.<anonymous> (src/components/layout/DashboardLayout.test.tsx:218:12)

  console.error
    Error: Uncaught [Error: Element type is invalid: expected a string (for built-in components) or a class/function (for composite components) but got: undefined. You likely forgot to export your component from the file it's defined in, or you might have mixed up default and named imports.]
        at reportException (C:\Users\kyrian\Documents\Taller-Ocampos\frontend\node_modules\jsdom\lib\jsdom\living\helpers\runtime-script-errors.js:66:24)
        at innerInvokeEventListeners (C:\Users\kyrian\Documents\Taller-Ocampos\frontend\node_modules\jsdom\lib\jsdom\living\events\EventTarget-impl.js:353:9)
        at invokeEventListeners (C:\Users\kyrian\Documents\Taller-Ocampos\frontend\node_modules\jsdom\lib\jsdom\living\events\EventTarget-impl.js:286:3)
        at HTMLUnknownElementImpl._dispatch (C:\Users\kyrian\Documents\Taller-Ocampos\frontend\node_modules\jsdom\lib\jsdom\living\events\EventTarget-impl.js:233:9)
        at HTMLUnknownElementImpl.dispatchEvent (C:\Users\kyrian\Documents\Taller-Ocampos\frontend\node_modules\jsdom\lib\jsdom\living\events\EventTarget-impl.js:104:17)
        at HTMLUnknownElement.dispatchEvent (C:\Users\kyrian\Documents\Taller-Ocampos\frontend\node_modules\jsdom\lib\jsdom\living\generated\EventTarget.js:241:34)
        at Object.invokeGuardedCallbackDev (C:\Users\kyrian\Documents\Taller-Ocampos\frontend\node_modules\react-dom\cjs\react-dom.development.js:4213:16)
        at invokeGuardedCallback (C:\Users\kyrian\Documents\Taller-Ocampos\frontend\node_modules\react-dom\cjs\react-dom.development.js:4277:31)
        at beginWork$1 (C:\Users\kyrian\Documents\Taller-Ocampos\frontend\node_modules\react-dom\cjs\react-dom.development.js:27490:7)
        at performUnitOfWork (C:\Users\kyrian\Documents\Taller-Ocampos\frontend\node_modules\react-dom\cjs\react-dom.development.js:26599:12)
        at workLoopSync (C:\Users\kyrian\Documents\Taller-Ocampos\frontend\node_modules\react-dom\cjs\react-dom.development.js:26505:5)
        at renderRootSync (C:\Users\kyrian\Documents\Taller-Ocampos\frontend\node_modules\react-dom\cjs\react-dom.development.js:26473:7)
        at performConcurrentWorkOnRoot (C:\Users\kyrian\Documents\Taller-Ocampos\frontend\node_modules\react-dom\cjs\react-dom.development.js:25777:74)
        at flushActQueue (C:\Users\kyrian\Documents\Taller-Ocampos\frontend\node_modules\react\cjs\react.development.js:2667:24)
        at act (C:\Users\kyrian\Documents\Taller-Ocampos\frontend\node_modules\react\cjs\react.development.js:2582:11)
        at C:\Users\kyrian\Documents\Taller-Ocampos\frontend\node_modules\@testing-library\react\dist\act-compat.js:47:25
        at renderRoot (C:\Users\kyrian\Documents\Taller-Ocampos\frontend\node_modules\@testing-library\react\dist\pure.js:190:26)
        at render (C:\Users\kyrian\Documents\Taller-Ocampos\frontend\node_modules\@testing-library\react\dist\pure.js:292:10)
        at customRender (C:\Users\kyrian\Documents\Taller-Ocampos\frontend\tests\utils\test-utils.tsx:38:16)
        at Object.<anonymous> (C:\Users\kyrian\Documents\Taller-Ocampos\frontend\src\components\layout\DashboardLayout.test.tsx:218:11)
        at Promise.finally.completed (C:\Users\kyrian\Documents\Taller-Ocampos\frontend\node_modules\jest-circus\build\jestAdapterInit.js:1556:28)
        at new Promise (<anonymous>)
        at callAsyncCircusFn (C:\Users\kyrian\Documents\Taller-Ocampos\frontend\node_modules\jest-circus\build\jestAdapterInit.js:1496:10)
        at _callCircusTest (C:\Users\kyrian\Documents\Taller-Ocampos\frontend\node_modules\jest-circus\build\jestAdapterInit.js:1006:40)
        at processTicksAndRejections (node:internal/process/task_queues:105:5)
        at _runTest (C:\Users\kyrian\Documents\Taller-Ocampos\frontend\node_modules\jest-circus\build\jestAdapterInit.js:946:3)
        at _runTestsForDescribeBlock (C:\Users\kyrian\Documents\Taller-Ocampos\frontend\node_modules\jest-circus\build\jestAdapterInit.js:839:13)
        at _runTestsForDescribeBlock (C:\Users\kyrian\Documents\Taller-Ocampos\frontend\node_modules\jest-circus\build\jestAdapterInit.js:829:11)
        at run (C:\Users\kyrian\Documents\Taller-Ocampos\frontend\node_modules\jest-circus\build\jestAdapterInit.js:757:3)
        at runAndTransformResultsToJestFormat (C:\Users\kyrian\Documents\Taller-Ocampos\frontend\node_modules\jest-circus\build\jestAdapterInit.js:1917:21)
        at jestAdapter (C:\Users\kyrian\Documents\Taller-Ocampos\frontend\node_modules\jest-circus\build\runner.js:101:19)
        at runTestInternal (C:\Users\kyrian\Documents\Taller-Ocampos\frontend\node_modules\jest-runner\build\testWorker.js:275:16)
        at runTest (C:\Users\kyrian\Documents\Taller-Ocampos\frontend\node_modules\jest-runner\build\testWorker.js:343:7)
        at Object.worker (C:\Users\kyrian\Documents\Taller-Ocampos\frontend\node_modules\jest-runner\build\testWorker.js:497:12) {
      detail: Error: Element type is invalid: expected a string (for built-in components) or a class/function (for composite components) but got: undefined. You likely forgot to export your component from the file it's defined in, or you might have mixed up default and named imports.
          at createFiberFromTypeAndProps (C:\Users\kyrian\Documents\Taller-Ocampos\frontend\node_modules\react-dom\cjs\react-dom.development.js:28478:17)
          at createFiberFromElement (C:\Users\kyrian\Documents\Taller-Ocampos\frontend\node_modules\react-dom\cjs\react-dom.development.js:28504:15)
          at reconcileSingleElement (C:\Users\kyrian\Documents\Taller-Ocampos\frontend\node_modules\react-dom\cjs\react-dom.development.js:13986:23)
          at reconcileChildFibers (C:\Users\kyrian\Documents\Taller-Ocampos\frontend\node_modules\react-dom\cjs\react-dom.development.js:14044:35)
          at reconcileChildren (C:\Users\kyrian\Documents\Taller-Ocampos\frontend\node_modules\react-dom\cjs\react-dom.development.js:19186:28)
          at updateContextProvider (C:\Users\kyrian\Documents\Taller-Ocampos\frontend\node_modules\react-dom\cjs\react-dom.development.js:21193:3)
          at beginWork (C:\Users\kyrian\Documents\Taller-Ocampos\frontend\node_modules\react-dom\cjs\react-dom.development.js:21688:14)
          at HTMLUnknownElement.callCallback (C:\Users\kyrian\Documents\Taller-Ocampos\frontend\node_modules\react-dom\cjs\react-dom.development.js:4164:14)
          at HTMLUnknownElement.callTheUserObjectsOperation (C:\Users\kyrian\Documents\Taller-Ocampos\frontend\node_modules\jsdom\lib\jsdom\living\generated\EventListener.js:26:30)
          at innerInvokeEventListeners (C:\Users\kyrian\Documents\Taller-Ocampos\frontend\node_modules\jsdom\lib\jsdom\living\events\EventTarget-impl.js:350:25)
          at invokeEventListeners (C:\Users\kyrian\Documents\Taller-Ocampos\frontend\node_modules\jsdom\lib\jsdom\living\events\EventTarget-impl.js:286:3)
          at HTMLUnknownElementImpl._dispatch (C:\Users\kyrian\Documents\Taller-Ocampos\frontend\node_modules\jsdom\lib\jsdom\living\events\EventTarget-impl.js:233:9)
          at HTMLUnknownElementImpl.dispatchEvent (C:\Users\kyrian\Documents\Taller-Ocampos\frontend\node_modules\jsdom\lib\jsdom\living\events\EventTarget-impl.js:104:17)
          at HTMLUnknownElement.dispatchEvent (C:\Users\kyrian\Documents\Taller-Ocampos\frontend\node_modules\jsdom\lib\jsdom\living\generated\EventTarget.js:241:34)
          at Object.invokeGuardedCallbackDev (C:\Users\kyrian\Documents\Taller-Ocampos\frontend\node_modules\react-dom\cjs\react-dom.development.js:4213:16)
          at invokeGuardedCallback (C:\Users\kyrian\Documents\Taller-Ocampos\frontend\node_modules\react-dom\cjs\react-dom.development.js:4277:31)
          at beginWork$1 (C:\Users\kyrian\Documents\Taller-Ocampos\frontend\node_modules\react-dom\cjs\react-dom.development.js:27490:7)
          at performUnitOfWork (C:\Users\kyrian\Documents\Taller-Ocampos\frontend\node_modules\react-dom\cjs\react-dom.development.js:26599:12)
          at workLoopSync (C:\Users\kyrian\Documents\Taller-Ocampos\frontend\node_modules\react-dom\cjs\react-dom.development.js:26505:5)
          at renderRootSync (C:\Users\kyrian\Documents\Taller-Ocampos\frontend\node_modules\react-dom\cjs\react-dom.development.js:26473:7)
          at performConcurrentWorkOnRoot (C:\Users\kyrian\Documents\Taller-Ocampos\frontend\node_modules\react-dom\cjs\react-dom.development.js:25777:74)
          at flushActQueue (C:\Users\kyrian\Documents\Taller-Ocampos\frontend\node_modules\react\cjs\react.development.js:2667:24)
          at act (C:\Users\kyrian\Documents\Taller-Ocampos\frontend\node_modules\react\cjs\react.development.js:2582:11)
          at C:\Users\kyrian\Documents\Taller-Ocampos\frontend\node_modules\@testing-library\react\dist\act-compat.js:47:25
          at renderRoot (C:\Users\kyrian\Documents\Taller-Ocampos\frontend\node_modules\@testing-library\react\dist\pure.js:190:26)
          at render (C:\Users\kyrian\Documents\Taller-Ocampos\frontend\node_modules\@testing-library\react\dist\pure.js:292:10)
          at customRender (C:\Users\kyrian\Documents\Taller-Ocampos\frontend\tests\utils\test-utils.tsx:38:16)
          at Object.<anonymous> (C:\Users\kyrian\Documents\Taller-Ocampos\frontend\src\components\layout\DashboardLayout.test.tsx:218:11)
          at Promise.finally.completed (C:\Users\kyrian\Documents\Taller-Ocampos\frontend\node_modules\jest-circus\build\jestAdapterInit.js:1556:28)
          at new Promise (<anonymous>)
          at callAsyncCircusFn (C:\Users\kyrian\Documents\Taller-Ocampos\frontend\node_modules\jest-circus\build\jestAdapterInit.js:1496:10)
          at _callCircusTest (C:\Users\kyrian\Documents\Taller-Ocampos\frontend\node_modules\jest-circus\build\jestAdapterInit.js:1006:40)
          at processTicksAndRejections (node:internal/process/task_queues:105:5)
          at _runTest (C:\Users\kyrian\Documents\Taller-Ocampos\frontend\node_modules\jest-circus\build\jestAdapterInit.js:946:3)
          at _runTestsForDescribeBlock (C:\Users\kyrian\Documents\Taller-Ocampos\frontend\node_modules\jest-circus\build\jestAdapterInit.js:839:13)
          at _runTestsForDescribeBlock (C:\Users\kyrian\Documents\Taller-Ocampos\frontend\node_modules\jest-circus\build\jestAdapterInit.js:829:11)
          at run (C:\Users\kyrian\Documents\Taller-Ocampos\frontend\node_modules\jest-circus\build\jestAdapterInit.js:757:3)
          at runAndTransformResultsToJestFormat (C:\Users\kyrian\Documents\Taller-Ocampos\frontend\node_modules\jest-circus\build\jestAdapterInit.js:1917:21)
          at jestAdapter (C:\Users\kyrian\Documents\Taller-Ocampos\frontend\node_modules\jest-circus\build\runner.js:101:19)
          at runTestInternal (C:\Users\kyrian\Documents\Taller-Ocampos\frontend\node_modules\jest-runner\build\testWorker.js:275:16)
          at runTest (C:\Users\kyrian\Documents\Taller-Ocampos\frontend\node_modules\jest-runner\build\testWorker.js:343:7)
          at Object.worker (C:\Users\kyrian\Documents\Taller-Ocampos\frontend\node_modules\jest-runner\build\testWorker.js:497:12),
      type: 'unhandled exception'
    }

    [0m [90m 73 |[39m       [36mreturn[39m
     [90m 74 |[39m     }
    [31m[1m>[22m[39m[90m 75 |[39m     originalError[33m.[39mcall(console[33m,[39m [33m...[39margs)
     [90m    |[39m                   [31m[1m^[22m[39m
     [90m 76 |[39m   }
     [90m 77 |[39m })
     [90m 78 |[39m[0m

      at console.call [as error] (jest.setup.js:75:19)
      at VirtualConsole.<anonymous> (node_modules/@jest/environment-jsdom-abstract/build/index.js:78:23)
      at reportException (node_modules/jsdom/lib/jsdom/living/helpers/runtime-script-errors.js:70:28)
      at innerInvokeEventListeners (node_modules/jsdom/lib/jsdom/living/events/EventTarget-impl.js:353:9)
      at invokeEventListeners (node_modules/jsdom/lib/jsdom/living/events/EventTarget-impl.js:286:3)
      at HTMLUnknownElementImpl._dispatch (node_modules/jsdom/lib/jsdom/living/events/EventTarget-impl.js:233:9)
      at HTMLUnknownElementImpl.dispatchEvent (node_modules/jsdom/lib/jsdom/living/events/EventTarget-impl.js:104:17)
      at HTMLUnknownElement.dispatchEvent (node_modules/jsdom/lib/jsdom/living/generated/EventTarget.js:241:34)
      at Object.invokeGuardedCallbackDev (node_modules/react-dom/cjs/react-dom.development.js:4213:16)
      at invokeGuardedCallback (node_modules/react-dom/cjs/react-dom.development.js:4277:31)
      at beginWork$1 (node_modules/react-dom/cjs/react-dom.development.js:27490:7)
      at performUnitOfWork (node_modules/react-dom/cjs/react-dom.development.js:26599:12)
      at workLoopSync (node_modules/react-dom/cjs/react-dom.development.js:26505:5)
      at renderRootSync (node_modules/react-dom/cjs/react-dom.development.js:26473:7)
      at performConcurrentWorkOnRoot (node_modules/react-dom/cjs/react-dom.development.js:25777:74)
      at flushActQueue (node_modules/react/cjs/react.development.js:2667:24)
      at act (node_modules/react/cjs/react.development.js:2582:11)
      at node_modules/@testing-library/react/dist/act-compat.js:47:25
      at renderRoot (node_modules/@testing-library/react/dist/pure.js:190:26)
      at render (node_modules/@testing-library/react/dist/pure.js:292:10)
      at customRender (tests/utils/test-utils.tsx:38:16)
      at Object.<anonymous> (src/components/layout/DashboardLayout.test.tsx:218:11)

  console.error
    Error: Uncaught [Error: Element type is invalid: expected a string (for built-in components) or a class/function (for composite components) but got: undefined. You likely forgot to export your component from the file it's defined in, or you might have mixed up default and named imports.]
        at reportException (C:\Users\kyrian\Documents\Taller-Ocampos\frontend\node_modules\jsdom\lib\jsdom\living\helpers\runtime-script-errors.js:66:24)
        at innerInvokeEventListeners (C:\Users\kyrian\Documents\Taller-Ocampos\frontend\node_modules\jsdom\lib\jsdom\living\events\EventTarget-impl.js:353:9)
        at invokeEventListeners (C:\Users\kyrian\Documents\Taller-Ocampos\frontend\node_modules\jsdom\lib\jsdom\living\events\EventTarget-impl.js:286:3)
        at HTMLUnknownElementImpl._dispatch (C:\Users\kyrian\Documents\Taller-Ocampos\frontend\node_modules\jsdom\lib\jsdom\living\events\EventTarget-impl.js:233:9)
        at HTMLUnknownElementImpl.dispatchEvent (C:\Users\kyrian\Documents\Taller-Ocampos\frontend\node_modules\jsdom\lib\jsdom\living\events\EventTarget-impl.js:104:17)
        at HTMLUnknownElement.dispatchEvent (C:\Users\kyrian\Documents\Taller-Ocampos\frontend\node_modules\jsdom\lib\jsdom\living\generated\EventTarget.js:241:34)
        at Object.invokeGuardedCallbackDev (C:\Users\kyrian\Documents\Taller-Ocampos\frontend\node_modules\react-dom\cjs\react-dom.development.js:4213:16)
        at invokeGuardedCallback (C:\Users\kyrian\Documents\Taller-Ocampos\frontend\node_modules\react-dom\cjs\react-dom.development.js:4277:31)
        at beginWork$1 (C:\Users\kyrian\Documents\Taller-Ocampos\frontend\node_modules\react-dom\cjs\react-dom.development.js:27490:7)
        at performUnitOfWork (C:\Users\kyrian\Documents\Taller-Ocampos\frontend\node_modules\react-dom\cjs\react-dom.development.js:26599:12)
        at workLoopSync (C:\Users\kyrian\Documents\Taller-Ocampos\frontend\node_modules\react-dom\cjs\react-dom.development.js:26505:5)
        at renderRootSync (C:\Users\kyrian\Documents\Taller-Ocampos\frontend\node_modules\react-dom\cjs\react-dom.development.js:26473:7)
        at recoverFromConcurrentError (C:\Users\kyrian\Documents\Taller-Ocampos\frontend\node_modules\react-dom\cjs\react-dom.development.js:25889:20)
        at performConcurrentWorkOnRoot (C:\Users\kyrian\Documents\Taller-Ocampos\frontend\node_modules\react-dom\cjs\react-dom.development.js:25789:22)
        at flushActQueue (C:\Users\kyrian\Documents\Taller-Ocampos\frontend\node_modules\react\cjs\react.development.js:2667:24)
        at act (C:\Users\kyrian\Documents\Taller-Ocampos\frontend\node_modules\react\cjs\react.development.js:2582:11)
        at C:\Users\kyrian\Documents\Taller-Ocampos\frontend\node_modules\@testing-library\react\dist\act-compat.js:47:25
        at renderRoot (C:\Users\kyrian\Documents\Taller-Ocampos\frontend\node_modules\@testing-library\react\dist\pure.js:190:26)
        at render (C:\Users\kyrian\Documents\Taller-Ocampos\frontend\node_modules\@testing-library\react\dist\pure.js:292:10)
        at customRender (C:\Users\kyrian\Documents\Taller-Ocampos\frontend\tests\utils\test-utils.tsx:38:16)
        at Object.<anonymous> (C:\Users\kyrian\Documents\Taller-Ocampos\frontend\src\components\layout\DashboardLayout.test.tsx:218:11)
        at Promise.finally.completed (C:\Users\kyrian\Documents\Taller-Ocampos\frontend\node_modules\jest-circus\build\jestAdapterInit.js:1556:28)
        at new Promise (<anonymous>)
        at callAsyncCircusFn (C:\Users\kyrian\Documents\Taller-Ocampos\frontend\node_modules\jest-circus\build\jestAdapterInit.js:1496:10)
        at _callCircusTest (C:\Users\kyrian\Documents\Taller-Ocampos\frontend\node_modules\jest-circus\build\jestAdapterInit.js:1006:40)
        at processTicksAndRejections (node:internal/process/task_queues:105:5)
        at _runTest (C:\Users\kyrian\Documents\Taller-Ocampos\frontend\node_modules\jest-circus\build\jestAdapterInit.js:946:3)
        at _runTestsForDescribeBlock (C:\Users\kyrian\Documents\Taller-Ocampos\frontend\node_modules\jest-circus\build\jestAdapterInit.js:839:13)
        at _runTestsForDescribeBlock (C:\Users\kyrian\Documents\Taller-Ocampos\frontend\node_modules\jest-circus\build\jestAdapterInit.js:829:11)
        at run (C:\Users\kyrian\Documents\Taller-Ocampos\frontend\node_modules\jest-circus\build\jestAdapterInit.js:757:3)
        at runAndTransformResultsToJestFormat (C:\Users\kyrian\Documents\Taller-Ocampos\frontend\node_modules\jest-circus\build\jestAdapterInit.js:1917:21)
        at jestAdapter (C:\Users\kyrian\Documents\Taller-Ocampos\frontend\node_modules\jest-circus\build\runner.js:101:19)
        at runTestInternal (C:\Users\kyrian\Documents\Taller-Ocampos\frontend\node_modules\jest-runner\build\testWorker.js:275:16)
        at runTest (C:\Users\kyrian\Documents\Taller-Ocampos\frontend\node_modules\jest-runner\build\testWorker.js:343:7)
        at Object.worker (C:\Users\kyrian\Documents\Taller-Ocampos\frontend\node_modules\jest-runner\build\testWorker.js:497:12) {
      detail: Error: Element type is invalid: expected a string (for built-in components) or a class/function (for composite components) but got: undefined. You likely forgot to export your component from the file it's defined in, or you might have mixed up default and named imports.
          at createFiberFromTypeAndProps (C:\Users\kyrian\Documents\Taller-Ocampos\frontend\node_modules\react-dom\cjs\react-dom.development.js:28478:17)
          at createFiberFromElement (C:\Users\kyrian\Documents\Taller-Ocampos\frontend\node_modules\react-dom\cjs\react-dom.development.js:28504:15)
          at reconcileSingleElement (C:\Users\kyrian\Documents\Taller-Ocampos\frontend\node_modules\react-dom\cjs\react-dom.development.js:13986:23)
          at reconcileChildFibers (C:\Users\kyrian\Documents\Taller-Ocampos\frontend\node_modules\react-dom\cjs\react-dom.development.js:14044:35)
          at reconcileChildren (C:\Users\kyrian\Documents\Taller-Ocampos\frontend\node_modules\react-dom\cjs\react-dom.development.js:19186:28)
          at updateContextProvider (C:\Users\kyrian\Documents\Taller-Ocampos\frontend\node_modules\react-dom\cjs\react-dom.development.js:21193:3)
          at beginWork (C:\Users\kyrian\Documents\Taller-Ocampos\frontend\node_modules\react-dom\cjs\react-dom.development.js:21688:14)
          at HTMLUnknownElement.callCallback (C:\Users\kyrian\Documents\Taller-Ocampos\frontend\node_modules\react-dom\cjs\react-dom.development.js:4164:14)
          at HTMLUnknownElement.callTheUserObjectsOperation (C:\Users\kyrian\Documents\Taller-Ocampos\frontend\node_modules\jsdom\lib\jsdom\living\generated\EventListener.js:26:30)
          at innerInvokeEventListeners (C:\Users\kyrian\Documents\Taller-Ocampos\frontend\node_modules\jsdom\lib\jsdom\living\events\EventTarget-impl.js:350:25)
          at invokeEventListeners (C:\Users\kyrian\Documents\Taller-Ocampos\frontend\node_modules\jsdom\lib\jsdom\living\events\EventTarget-impl.js:286:3)
          at HTMLUnknownElementImpl._dispatch (C:\Users\kyrian\Documents\Taller-Ocampos\frontend\node_modules\jsdom\lib\jsdom\living\events\EventTarget-impl.js:233:9)
          at HTMLUnknownElementImpl.dispatchEvent (C:\Users\kyrian\Documents\Taller-Ocampos\frontend\node_modules\jsdom\lib\jsdom\living\events\EventTarget-impl.js:104:17)
          at HTMLUnknownElement.dispatchEvent (C:\Users\kyrian\Documents\Taller-Ocampos\frontend\node_modules\jsdom\lib\jsdom\living\generated\EventTarget.js:241:34)
          at Object.invokeGuardedCallbackDev (C:\Users\kyrian\Documents\Taller-Ocampos\frontend\node_modules\react-dom\cjs\react-dom.development.js:4213:16)
          at invokeGuardedCallback (C:\Users\kyrian\Documents\Taller-Ocampos\frontend\node_modules\react-dom\cjs\react-dom.development.js:4277:31)
          at beginWork$1 (C:\Users\kyrian\Documents\Taller-Ocampos\frontend\node_modules\react-dom\cjs\react-dom.development.js:27490:7)
          at performUnitOfWork (C:\Users\kyrian\Documents\Taller-Ocampos\frontend\node_modules\react-dom\cjs\react-dom.development.js:26599:12)
          at workLoopSync (C:\Users\kyrian\Documents\Taller-Ocampos\frontend\node_modules\react-dom\cjs\react-dom.development.js:26505:5)
          at renderRootSync (C:\Users\kyrian\Documents\Taller-Ocampos\frontend\node_modules\react-dom\cjs\react-dom.development.js:26473:7)
          at recoverFromConcurrentError (C:\Users\kyrian\Documents\Taller-Ocampos\frontend\node_modules\react-dom\cjs\react-dom.development.js:25889:20)
          at performConcurrentWorkOnRoot (C:\Users\kyrian\Documents\Taller-Ocampos\frontend\node_modules\react-dom\cjs\react-dom.development.js:25789:22)
          at flushActQueue (C:\Users\kyrian\Documents\Taller-Ocampos\frontend\node_modules\react\cjs\react.development.js:2667:24)
          at act (C:\Users\kyrian\Documents\Taller-Ocampos\frontend\node_modules\react\cjs\react.development.js:2582:11)
          at C:\Users\kyrian\Documents\Taller-Ocampos\frontend\node_modules\@testing-library\react\dist\act-compat.js:47:25
          at renderRoot (C:\Users\kyrian\Documents\Taller-Ocampos\frontend\node_modules\@testing-library\react\dist\pure.js:190:26)
          at render (C:\Users\kyrian\Documents\Taller-Ocampos\frontend\node_modules\@testing-library\react\dist\pure.js:292:10)
          at customRender (C:\Users\kyrian\Documents\Taller-Ocampos\frontend\tests\utils\test-utils.tsx:38:16)
          at Object.<anonymous> (C:\Users\kyrian\Documents\Taller-Ocampos\frontend\src\components\layout\DashboardLayout.test.tsx:218:11)
          at Promise.finally.completed (C:\Users\kyrian\Documents\Taller-Ocampos\frontend\node_modules\jest-circus\build\jestAdapterInit.js:1556:28)
          at new Promise (<anonymous>)
          at callAsyncCircusFn (C:\Users\kyrian\Documents\Taller-Ocampos\frontend\node_modules\jest-circus\build\jestAdapterInit.js:1496:10)
          at _callCircusTest (C:\Users\kyrian\Documents\Taller-Ocampos\frontend\node_modules\jest-circus\build\jestAdapterInit.js:1006:40)
          at processTicksAndRejections (node:internal/process/task_queues:105:5)
          at _runTest (C:\Users\kyrian\Documents\Taller-Ocampos\frontend\node_modules\jest-circus\build\jestAdapterInit.js:946:3)
          at _runTestsForDescribeBlock (C:\Users\kyrian\Documents\Taller-Ocampos\frontend\node_modules\jest-circus\build\jestAdapterInit.js:839:13)
          at _runTestsForDescribeBlock (C:\Users\kyrian\Documents\Taller-Ocampos\frontend\node_modules\jest-circus\build\jestAdapterInit.js:829:11)
          at run (C:\Users\kyrian\Documents\Taller-Ocampos\frontend\node_modules\jest-circus\build\jestAdapterInit.js:757:3)
          at runAndTransformResultsToJestFormat (C:\Users\kyrian\Documents\Taller-Ocampos\frontend\node_modules\jest-circus\build\jestAdapterInit.js:1917:21)
          at jestAdapter (C:\Users\kyrian\Documents\Taller-Ocampos\frontend\node_modules\jest-circus\build\runner.js:101:19)
          at runTestInternal (C:\Users\kyrian\Documents\Taller-Ocampos\frontend\node_modules\jest-runner\build\testWorker.js:275:16)
          at runTest (C:\Users\kyrian\Documents\Taller-Ocampos\frontend\node_modules\jest-runner\build\testWorker.js:343:7)
          at Object.worker (C:\Users\kyrian\Documents\Taller-Ocampos\frontend\node_modules\jest-runner\build\testWorker.js:497:12),
      type: 'unhandled exception'
    }

    [0m [90m 73 |[39m       [36mreturn[39m
     [90m 74 |[39m     }
    [31m[1m>[22m[39m[90m 75 |[39m     originalError[33m.[39mcall(console[33m,[39m [33m...[39margs)
     [90m    |[39m                   [31m[1m^[22m[39m
     [90m 76 |[39m   }
     [90m 77 |[39m })
     [90m 78 |[39m[0m

      at console.call [as error] (jest.setup.js:75:19)
      at VirtualConsole.<anonymous> (node_modules/@jest/environment-jsdom-abstract/build/index.js:78:23)
      at reportException (node_modules/jsdom/lib/jsdom/living/helpers/runtime-script-errors.js:70:28)
      at innerInvokeEventListeners (node_modules/jsdom/lib/jsdom/living/events/EventTarget-impl.js:353:9)
      at invokeEventListeners (node_modules/jsdom/lib/jsdom/living/events/EventTarget-impl.js:286:3)
      at HTMLUnknownElementImpl._dispatch (node_modules/jsdom/lib/jsdom/living/events/EventTarget-impl.js:233:9)
      at HTMLUnknownElementImpl.dispatchEvent (node_modules/jsdom/lib/jsdom/living/events/EventTarget-impl.js:104:17)
      at HTMLUnknownElement.dispatchEvent (node_modules/jsdom/lib/jsdom/living/generated/EventTarget.js:241:34)
      at Object.invokeGuardedCallbackDev (node_modules/react-dom/cjs/react-dom.development.js:4213:16)
      at invokeGuardedCallback (node_modules/react-dom/cjs/react-dom.development.js:4277:31)
      at beginWork$1 (node_modules/react-dom/cjs/react-dom.development.js:27490:7)
      at performUnitOfWork (node_modules/react-dom/cjs/react-dom.development.js:26599:12)
      at workLoopSync (node_modules/react-dom/cjs/react-dom.development.js:26505:5)
      at renderRootSync (node_modules/react-dom/cjs/react-dom.development.js:26473:7)
      at recoverFromConcurrentError (node_modules/react-dom/cjs/react-dom.development.js:25889:20)
      at performConcurrentWorkOnRoot (node_modules/react-dom/cjs/react-dom.development.js:25789:22)
      at flushActQueue (node_modules/react/cjs/react.development.js:2667:24)
      at act (node_modules/react/cjs/react.development.js:2582:11)
      at node_modules/@testing-library/react/dist/act-compat.js:47:25
      at renderRoot (node_modules/@testing-library/react/dist/pure.js:190:26)
      at render (node_modules/@testing-library/react/dist/pure.js:292:10)
      at customRender (tests/utils/test-utils.tsx:38:16)
      at Object.<anonymous> (src/components/layout/DashboardLayout.test.tsx:218:11)

  console.error
    The above error occurred in the <Context.Provider> component:
    
        at QueryClientProvider (C:\Users\kyrian\Documents\Taller-Ocampos\frontend\node_modules\@tanstack\react-query\src\QueryClientProvider.tsx:30:3)
        at children (C:\Users\kyrian\Documents\Taller-Ocampos\frontend\tests\utils\test-utils.tsx:23:28)
    
    Consider adding an error boundary to your tree to customize error handling behavior.
    Visit https://reactjs.org/link/error-boundaries to learn more about error boundaries.

    [0m [90m 73 |[39m       [36mreturn[39m
     [90m 74 |[39m     }
    [31m[1m>[22m[39m[90m 75 |[39m     originalError[33m.[39mcall(console[33m,[39m [33m...[39margs)
     [90m    |[39m                   [31m[1m^[22m[39m
     [90m 76 |[39m   }
     [90m 77 |[39m })
     [90m 78 |[39m[0m

      at console.call [as error] (jest.setup.js:75:19)
      at logCapturedError (node_modules/react-dom/cjs/react-dom.development.js:18704:23)
      at update.callback (node_modules/react-dom/cjs/react-dom.development.js:18737:5)
      at callCallback (node_modules/react-dom/cjs/react-dom.development.js:15036:12)
      at commitUpdateQueue (node_modules/react-dom/cjs/react-dom.development.js:15057:9)
      at commitLayoutEffectOnFiber (node_modules/react-dom/cjs/react-dom.development.js:23430:13)
      at commitLayoutMountEffects_complete (node_modules/react-dom/cjs/react-dom.development.js:24727:9)
      at commitLayoutEffects_begin (node_modules/react-dom/cjs/react-dom.development.js:24713:7)
      at commitLayoutEffects (node_modules/react-dom/cjs/react-dom.development.js:24651:3)
      at commitRootImpl (node_modules/react-dom/cjs/react-dom.development.js:26862:5)
      at commitRoot (node_modules/react-dom/cjs/react-dom.development.js:26721:5)
      at finishConcurrentRender (node_modules/react-dom/cjs/react-dom.development.js:25931:9)
      at performConcurrentWorkOnRoot (node_modules/react-dom/cjs/react-dom.development.js:25848:7)
      at flushActQueue (node_modules/react/cjs/react.development.js:2667:24)
      at act (node_modules/react/cjs/react.development.js:2582:11)
      at node_modules/@testing-library/react/dist/act-compat.js:47:25
      at renderRoot (node_modules/@testing-library/react/dist/pure.js:190:26)
      at render (node_modules/@testing-library/react/dist/pure.js:292:10)
      at customRender (tests/utils/test-utils.tsx:38:16)
      at Object.<anonymous> (src/components/layout/DashboardLayout.test.tsx:218:11)

  console.error
    Warning: React.jsx: type is invalid -- expected a string (for built-in components) or a class/function (for composite components) but got: undefined. You likely forgot to export your component from the file it's defined in, or you might have mixed up default and named imports.

    [0m [90m 73 |[39m       [36mreturn[39m
     [90m 74 |[39m     }
    [31m[1m>[22m[39m[90m 75 |[39m     originalError[33m.[39mcall(console[33m,[39m [33m...[39margs)
     [90m    |[39m                   [31m[1m^[22m[39m
     [90m 76 |[39m   }
     [90m 77 |[39m })
     [90m 78 |[39m[0m

      at console.call [as error] (jest.setup.js:75:19)
      at printWarning (node_modules/react/cjs/react-jsx-runtime.development.js:87:30)
      at error (node_modules/react/cjs/react-jsx-runtime.development.js:61:7)
      at jsxWithValidation (node_modules/react/cjs/react-jsx-runtime.development.js:1245:7)
      at jsxWithValidationDynamic (node_modules/react/cjs/react-jsx-runtime.development.js:1320:12)
      at Object.<anonymous> (src/components/layout/DashboardLayout.test.tsx:225:12)

  console.error
    Error: Uncaught [Error: Element type is invalid: expected a string (for built-in components) or a class/function (for composite components) but got: undefined. You likely forgot to export your component from the file it's defined in, or you might have mixed up default and named imports.]
        at reportException (C:\Users\kyrian\Documents\Taller-Ocampos\frontend\node_modules\jsdom\lib\jsdom\living\helpers\runtime-script-errors.js:66:24)
        at innerInvokeEventListeners (C:\Users\kyrian\Documents\Taller-Ocampos\frontend\node_modules\jsdom\lib\jsdom\living\events\EventTarget-impl.js:353:9)
        at invokeEventListeners (C:\Users\kyrian\Documents\Taller-Ocampos\frontend\node_modules\jsdom\lib\jsdom\living\events\EventTarget-impl.js:286:3)
        at HTMLUnknownElementImpl._dispatch (C:\Users\kyrian\Documents\Taller-Ocampos\frontend\node_modules\jsdom\lib\jsdom\living\events\EventTarget-impl.js:233:9)
        at HTMLUnknownElementImpl.dispatchEvent (C:\Users\kyrian\Documents\Taller-Ocampos\frontend\node_modules\jsdom\lib\jsdom\living\events\EventTarget-impl.js:104:17)
        at HTMLUnknownElement.dispatchEvent (C:\Users\kyrian\Documents\Taller-Ocampos\frontend\node_modules\jsdom\lib\jsdom\living\generated\EventTarget.js:241:34)
        at Object.invokeGuardedCallbackDev (C:\Users\kyrian\Documents\Taller-Ocampos\frontend\node_modules\react-dom\cjs\react-dom.development.js:4213:16)
        at invokeGuardedCallback (C:\Users\kyrian\Documents\Taller-Ocampos\frontend\node_modules\react-dom\cjs\react-dom.development.js:4277:31)
        at beginWork$1 (C:\Users\kyrian\Documents\Taller-Ocampos\frontend\node_modules\react-dom\cjs\react-dom.development.js:27490:7)
        at performUnitOfWork (C:\Users\kyrian\Documents\Taller-Ocampos\frontend\node_modules\react-dom\cjs\react-dom.development.js:26599:12)
        at workLoopSync (C:\Users\kyrian\Documents\Taller-Ocampos\frontend\node_modules\react-dom\cjs\react-dom.development.js:26505:5)
        at renderRootSync (C:\Users\kyrian\Documents\Taller-Ocampos\frontend\node_modules\react-dom\cjs\react-dom.development.js:26473:7)
        at performConcurrentWorkOnRoot (C:\Users\kyrian\Documents\Taller-Ocampos\frontend\node_modules\react-dom\cjs\react-dom.development.js:25777:74)
        at flushActQueue (C:\Users\kyrian\Documents\Taller-Ocampos\frontend\node_modules\react\cjs\react.development.js:2667:24)
        at act (C:\Users\kyrian\Documents\Taller-Ocampos\frontend\node_modules\react\cjs\react.development.js:2582:11)
        at C:\Users\kyrian\Documents\Taller-Ocampos\frontend\node_modules\@testing-library\react\dist\act-compat.js:47:25
        at renderRoot (C:\Users\kyrian\Documents\Taller-Ocampos\frontend\node_modules\@testing-library\react\dist\pure.js:190:26)
        at render (C:\Users\kyrian\Documents\Taller-Ocampos\frontend\node_modules\@testing-library\react\dist\pure.js:292:10)
        at customRender (C:\Users\kyrian\Documents\Taller-Ocampos\frontend\tests\utils\test-utils.tsx:38:16)
        at Object.<anonymous> (C:\Users\kyrian\Documents\Taller-Ocampos\frontend\src\components\layout\DashboardLayout.test.tsx:225:11)
        at Promise.finally.completed (C:\Users\kyrian\Documents\Taller-Ocampos\frontend\node_modules\jest-circus\build\jestAdapterInit.js:1556:28)
        at new Promise (<anonymous>)
        at callAsyncCircusFn (C:\Users\kyrian\Documents\Taller-Ocampos\frontend\node_modules\jest-circus\build\jestAdapterInit.js:1496:10)
        at _callCircusTest (C:\Users\kyrian\Documents\Taller-Ocampos\frontend\node_modules\jest-circus\build\jestAdapterInit.js:1006:40)
        at processTicksAndRejections (node:internal/process/task_queues:105:5)
        at _runTest (C:\Users\kyrian\Documents\Taller-Ocampos\frontend\node_modules\jest-circus\build\jestAdapterInit.js:946:3)
        at _runTestsForDescribeBlock (C:\Users\kyrian\Documents\Taller-Ocampos\frontend\node_modules\jest-circus\build\jestAdapterInit.js:839:13)
        at _runTestsForDescribeBlock (C:\Users\kyrian\Documents\Taller-Ocampos\frontend\node_modules\jest-circus\build\jestAdapterInit.js:829:11)
        at run (C:\Users\kyrian\Documents\Taller-Ocampos\frontend\node_modules\jest-circus\build\jestAdapterInit.js:757:3)
        at runAndTransformResultsToJestFormat (C:\Users\kyrian\Documents\Taller-Ocampos\frontend\node_modules\jest-circus\build\jestAdapterInit.js:1917:21)
        at jestAdapter (C:\Users\kyrian\Documents\Taller-Ocampos\frontend\node_modules\jest-circus\build\runner.js:101:19)
        at runTestInternal (C:\Users\kyrian\Documents\Taller-Ocampos\frontend\node_modules\jest-runner\build\testWorker.js:275:16)
        at runTest (C:\Users\kyrian\Documents\Taller-Ocampos\frontend\node_modules\jest-runner\build\testWorker.js:343:7)
        at Object.worker (C:\Users\kyrian\Documents\Taller-Ocampos\frontend\node_modules\jest-runner\build\testWorker.js:497:12) {
      detail: Error: Element type is invalid: expected a string (for built-in components) or a class/function (for composite components) but got: undefined. You likely forgot to export your component from the file it's defined in, or you might have mixed up default and named imports.
          at createFiberFromTypeAndProps (C:\Users\kyrian\Documents\Taller-Ocampos\frontend\node_modules\react-dom\cjs\react-dom.development.js:28478:17)
          at createFiberFromElement (C:\Users\kyrian\Documents\Taller-Ocampos\frontend\node_modules\react-dom\cjs\react-dom.development.js:28504:15)
          at reconcileSingleElement (C:\Users\kyrian\Documents\Taller-Ocampos\frontend\node_modules\react-dom\cjs\react-dom.development.js:13986:23)
          at reconcileChildFibers (C:\Users\kyrian\Documents\Taller-Ocampos\frontend\node_modules\react-dom\cjs\react-dom.development.js:14044:35)
          at reconcileChildren (C:\Users\kyrian\Documents\Taller-Ocampos\frontend\node_modules\react-dom\cjs\react-dom.development.js:19186:28)
          at updateContextProvider (C:\Users\kyrian\Documents\Taller-Ocampos\frontend\node_modules\react-dom\cjs\react-dom.development.js:21193:3)
          at beginWork (C:\Users\kyrian\Documents\Taller-Ocampos\frontend\node_modules\react-dom\cjs\react-dom.development.js:21688:14)
          at HTMLUnknownElement.callCallback (C:\Users\kyrian\Documents\Taller-Ocampos\frontend\node_modules\react-dom\cjs\react-dom.development.js:4164:14)
          at HTMLUnknownElement.callTheUserObjectsOperation (C:\Users\kyrian\Documents\Taller-Ocampos\frontend\node_modules\jsdom\lib\jsdom\living\generated\EventListener.js:26:30)
          at innerInvokeEventListeners (C:\Users\kyrian\Documents\Taller-Ocampos\frontend\node_modules\jsdom\lib\jsdom\living\events\EventTarget-impl.js:350:25)
          at invokeEventListeners (C:\Users\kyrian\Documents\Taller-Ocampos\frontend\node_modules\jsdom\lib\jsdom\living\events\EventTarget-impl.js:286:3)
          at HTMLUnknownElementImpl._dispatch (C:\Users\kyrian\Documents\Taller-Ocampos\frontend\node_modules\jsdom\lib\jsdom\living\events\EventTarget-impl.js:233:9)
          at HTMLUnknownElementImpl.dispatchEvent (C:\Users\kyrian\Documents\Taller-Ocampos\frontend\node_modules\jsdom\lib\jsdom\living\events\EventTarget-impl.js:104:17)
          at HTMLUnknownElement.dispatchEvent (C:\Users\kyrian\Documents\Taller-Ocampos\frontend\node_modules\jsdom\lib\jsdom\living\generated\EventTarget.js:241:34)
          at Object.invokeGuardedCallbackDev (C:\Users\kyrian\Documents\Taller-Ocampos\frontend\node_modules\react-dom\cjs\react-dom.development.js:4213:16)
          at invokeGuardedCallback (C:\Users\kyrian\Documents\Taller-Ocampos\frontend\node_modules\react-dom\cjs\react-dom.development.js:4277:31)
          at beginWork$1 (C:\Users\kyrian\Documents\Taller-Ocampos\frontend\node_modules\react-dom\cjs\react-dom.development.js:27490:7)
          at performUnitOfWork (C:\Users\kyrian\Documents\Taller-Ocampos\frontend\node_modules\react-dom\cjs\react-dom.development.js:26599:12)
          at workLoopSync (C:\Users\kyrian\Documents\Taller-Ocampos\frontend\node_modules\react-dom\cjs\react-dom.development.js:26505:5)
          at renderRootSync (C:\Users\kyrian\Documents\Taller-Ocampos\frontend\node_modules\react-dom\cjs\react-dom.development.js:26473:7)
          at performConcurrentWorkOnRoot (C:\Users\kyrian\Documents\Taller-Ocampos\frontend\node_modules\react-dom\cjs\react-dom.development.js:25777:74)
          at flushActQueue (C:\Users\kyrian\Documents\Taller-Ocampos\frontend\node_modules\react\cjs\react.development.js:2667:24)
          at act (C:\Users\kyrian\Documents\Taller-Ocampos\frontend\node_modules\react\cjs\react.development.js:2582:11)
          at C:\Users\kyrian\Documents\Taller-Ocampos\frontend\node_modules\@testing-library\react\dist\act-compat.js:47:25
          at renderRoot (C:\Users\kyrian\Documents\Taller-Ocampos\frontend\node_modules\@testing-library\react\dist\pure.js:190:26)
          at render (C:\Users\kyrian\Documents\Taller-Ocampos\frontend\node_modules\@testing-library\react\dist\pure.js:292:10)
          at customRender (C:\Users\kyrian\Documents\Taller-Ocampos\frontend\tests\utils\test-utils.tsx:38:16)
          at Object.<anonymous> (C:\Users\kyrian\Documents\Taller-Ocampos\frontend\src\components\layout\DashboardLayout.test.tsx:225:11)
          at Promise.finally.completed (C:\Users\kyrian\Documents\Taller-Ocampos\frontend\node_modules\jest-circus\build\jestAdapterInit.js:1556:28)
          at new Promise (<anonymous>)
          at callAsyncCircusFn (C:\Users\kyrian\Documents\Taller-Ocampos\frontend\node_modules\jest-circus\build\jestAdapterInit.js:1496:10)
          at _callCircusTest (C:\Users\kyrian\Documents\Taller-Ocampos\frontend\node_modules\jest-circus\build\jestAdapterInit.js:1006:40)
          at processTicksAndRejections (node:internal/process/task_queues:105:5)
          at _runTest (C:\Users\kyrian\Documents\Taller-Ocampos\frontend\node_modules\jest-circus\build\jestAdapterInit.js:946:3)
          at _runTestsForDescribeBlock (C:\Users\kyrian\Documents\Taller-Ocampos\frontend\node_modules\jest-circus\build\jestAdapterInit.js:839:13)
          at _runTestsForDescribeBlock (C:\Users\kyrian\Documents\Taller-Ocampos\frontend\node_modules\jest-circus\build\jestAdapterInit.js:829:11)
          at run (C:\Users\kyrian\Documents\Taller-Ocampos\frontend\node_modules\jest-circus\build\jestAdapterInit.js:757:3)
          at runAndTransformResultsToJestFormat (C:\Users\kyrian\Documents\Taller-Ocampos\frontend\node_modules\jest-circus\build\jestAdapterInit.js:1917:21)
          at jestAdapter (C:\Users\kyrian\Documents\Taller-Ocampos\frontend\node_modules\jest-circus\build\runner.js:101:19)
          at runTestInternal (C:\Users\kyrian\Documents\Taller-Ocampos\frontend\node_modules\jest-runner\build\testWorker.js:275:16)
          at runTest (C:\Users\kyrian\Documents\Taller-Ocampos\frontend\node_modules\jest-runner\build\testWorker.js:343:7)
          at Object.worker (C:\Users\kyrian\Documents\Taller-Ocampos\frontend\node_modules\jest-runner\build\testWorker.js:497:12),
      type: 'unhandled exception'
    }

    [0m [90m 73 |[39m       [36mreturn[39m
     [90m 74 |[39m     }
    [31m[1m>[22m[39m[90m 75 |[39m     originalError[33m.[39mcall(console[33m,[39m [33m...[39margs)
     [90m    |[39m                   [31m[1m^[22m[39m
     [90m 76 |[39m   }
     [90m 77 |[39m })
     [90m 78 |[39m[0m

      at console.call [as error] (jest.setup.js:75:19)
      at VirtualConsole.<anonymous> (node_modules/@jest/environment-jsdom-abstract/build/index.js:78:23)
      at reportException (node_modules/jsdom/lib/jsdom/living/helpers/runtime-script-errors.js:70:28)
      at innerInvokeEventListeners (node_modules/jsdom/lib/jsdom/living/events/EventTarget-impl.js:353:9)
      at invokeEventListeners (node_modules/jsdom/lib/jsdom/living/events/EventTarget-impl.js:286:3)
      at HTMLUnknownElementImpl._dispatch (node_modules/jsdom/lib/jsdom/living/events/EventTarget-impl.js:233:9)
      at HTMLUnknownElementImpl.dispatchEvent (node_modules/jsdom/lib/jsdom/living/events/EventTarget-impl.js:104:17)
      at HTMLUnknownElement.dispatchEvent (node_modules/jsdom/lib/jsdom/living/generated/EventTarget.js:241:34)
      at Object.invokeGuardedCallbackDev (node_modules/react-dom/cjs/react-dom.development.js:4213:16)
      at invokeGuardedCallback (node_modules/react-dom/cjs/react-dom.development.js:4277:31)
      at beginWork$1 (node_modules/react-dom/cjs/react-dom.development.js:27490:7)
      at performUnitOfWork (node_modules/react-dom/cjs/react-dom.development.js:26599:12)
      at workLoopSync (node_modules/react-dom/cjs/react-dom.development.js:26505:5)
      at renderRootSync (node_modules/react-dom/cjs/react-dom.development.js:26473:7)
      at performConcurrentWorkOnRoot (node_modules/react-dom/cjs/react-dom.development.js:25777:74)
      at flushActQueue (node_modules/react/cjs/react.development.js:2667:24)
      at act (node_modules/react/cjs/react.development.js:2582:11)
      at node_modules/@testing-library/react/dist/act-compat.js:47:25
      at renderRoot (node_modules/@testing-library/react/dist/pure.js:190:26)
      at render (node_modules/@testing-library/react/dist/pure.js:292:10)
      at customRender (tests/utils/test-utils.tsx:38:16)
      at Object.<anonymous> (src/components/layout/DashboardLayout.test.tsx:225:11)

  console.error
    Error: Uncaught [Error: Element type is invalid: expected a string (for built-in components) or a class/function (for composite components) but got: undefined. You likely forgot to export your component from the file it's defined in, or you might have mixed up default and named imports.]
        at reportException (C:\Users\kyrian\Documents\Taller-Ocampos\frontend\node_modules\jsdom\lib\jsdom\living\helpers\runtime-script-errors.js:66:24)
        at innerInvokeEventListeners (C:\Users\kyrian\Documents\Taller-Ocampos\frontend\node_modules\jsdom\lib\jsdom\living\events\EventTarget-impl.js:353:9)
        at invokeEventListeners (C:\Users\kyrian\Documents\Taller-Ocampos\frontend\node_modules\jsdom\lib\jsdom\living\events\EventTarget-impl.js:286:3)
        at HTMLUnknownElementImpl._dispatch (C:\Users\kyrian\Documents\Taller-Ocampos\frontend\node_modules\jsdom\lib\jsdom\living\events\EventTarget-impl.js:233:9)
        at HTMLUnknownElementImpl.dispatchEvent (C:\Users\kyrian\Documents\Taller-Ocampos\frontend\node_modules\jsdom\lib\jsdom\living\events\EventTarget-impl.js:104:17)
        at HTMLUnknownElement.dispatchEvent (C:\Users\kyrian\Documents\Taller-Ocampos\frontend\node_modules\jsdom\lib\jsdom\living\generated\EventTarget.js:241:34)
        at Object.invokeGuardedCallbackDev (C:\Users\kyrian\Documents\Taller-Ocampos\frontend\node_modules\react-dom\cjs\react-dom.development.js:4213:16)
        at invokeGuardedCallback (C:\Users\kyrian\Documents\Taller-Ocampos\frontend\node_modules\react-dom\cjs\react-dom.development.js:4277:31)
        at beginWork$1 (C:\Users\kyrian\Documents\Taller-Ocampos\frontend\node_modules\react-dom\cjs\react-dom.development.js:27490:7)
        at performUnitOfWork (C:\Users\kyrian\Documents\Taller-Ocampos\frontend\node_modules\react-dom\cjs\react-dom.development.js:26599:12)
        at workLoopSync (C:\Users\kyrian\Documents\Taller-Ocampos\frontend\node_modules\react-dom\cjs\react-dom.development.js:26505:5)
        at renderRootSync (C:\Users\kyrian\Documents\Taller-Ocampos\frontend\node_modules\react-dom\cjs\react-dom.development.js:26473:7)
        at recoverFromConcurrentError (C:\Users\kyrian\Documents\Taller-Ocampos\frontend\node_modules\react-dom\cjs\react-dom.development.js:25889:20)
        at performConcurrentWorkOnRoot (C:\Users\kyrian\Documents\Taller-Ocampos\frontend\node_modules\react-dom\cjs\react-dom.development.js:25789:22)
        at flushActQueue (C:\Users\kyrian\Documents\Taller-Ocampos\frontend\node_modules\react\cjs\react.development.js:2667:24)
        at act (C:\Users\kyrian\Documents\Taller-Ocampos\frontend\node_modules\react\cjs\react.development.js:2582:11)
        at C:\Users\kyrian\Documents\Taller-Ocampos\frontend\node_modules\@testing-library\react\dist\act-compat.js:47:25
        at renderRoot (C:\Users\kyrian\Documents\Taller-Ocampos\frontend\node_modules\@testing-library\react\dist\pure.js:190:26)
        at render (C:\Users\kyrian\Documents\Taller-Ocampos\frontend\node_modules\@testing-library\react\dist\pure.js:292:10)
        at customRender (C:\Users\kyrian\Documents\Taller-Ocampos\frontend\tests\utils\test-utils.tsx:38:16)
        at Object.<anonymous> (C:\Users\kyrian\Documents\Taller-Ocampos\frontend\src\components\layout\DashboardLayout.test.tsx:225:11)
        at Promise.finally.completed (C:\Users\kyrian\Documents\Taller-Ocampos\frontend\node_modules\jest-circus\build\jestAdapterInit.js:1556:28)
        at new Promise (<anonymous>)
        at callAsyncCircusFn (C:\Users\kyrian\Documents\Taller-Ocampos\frontend\node_modules\jest-circus\build\jestAdapterInit.js:1496:10)
        at _callCircusTest (C:\Users\kyrian\Documents\Taller-Ocampos\frontend\node_modules\jest-circus\build\jestAdapterInit.js:1006:40)
        at processTicksAndRejections (node:internal/process/task_queues:105:5)
        at _runTest (C:\Users\kyrian\Documents\Taller-Ocampos\frontend\node_modules\jest-circus\build\jestAdapterInit.js:946:3)
        at _runTestsForDescribeBlock (C:\Users\kyrian\Documents\Taller-Ocampos\frontend\node_modules\jest-circus\build\jestAdapterInit.js:839:13)
        at _runTestsForDescribeBlock (C:\Users\kyrian\Documents\Taller-Ocampos\frontend\node_modules\jest-circus\build\jestAdapterInit.js:829:11)
        at run (C:\Users\kyrian\Documents\Taller-Ocampos\frontend\node_modules\jest-circus\build\jestAdapterInit.js:757:3)
        at runAndTransformResultsToJestFormat (C:\Users\kyrian\Documents\Taller-Ocampos\frontend\node_modules\jest-circus\build\jestAdapterInit.js:1917:21)
        at jestAdapter (C:\Users\kyrian\Documents\Taller-Ocampos\frontend\node_modules\jest-circus\build\runner.js:101:19)
        at runTestInternal (C:\Users\kyrian\Documents\Taller-Ocampos\frontend\node_modules\jest-runner\build\testWorker.js:275:16)
        at runTest (C:\Users\kyrian\Documents\Taller-Ocampos\frontend\node_modules\jest-runner\build\testWorker.js:343:7)
        at Object.worker (C:\Users\kyrian\Documents\Taller-Ocampos\frontend\node_modules\jest-runner\build\testWorker.js:497:12) {
      detail: Error: Element type is invalid: expected a string (for built-in components) or a class/function (for composite components) but got: undefined. You likely forgot to export your component from the file it's defined in, or you might have mixed up default and named imports.
          at createFiberFromTypeAndProps (C:\Users\kyrian\Documents\Taller-Ocampos\frontend\node_modules\react-dom\cjs\react-dom.development.js:28478:17)
          at createFiberFromElement (C:\Users\kyrian\Documents\Taller-Ocampos\frontend\node_modules\react-dom\cjs\react-dom.development.js:28504:15)
          at reconcileSingleElement (C:\Users\kyrian\Documents\Taller-Ocampos\frontend\node_modules\react-dom\cjs\react-dom.development.js:13986:23)
          at reconcileChildFibers (C:\Users\kyrian\Documents\Taller-Ocampos\frontend\node_modules\react-dom\cjs\react-dom.development.js:14044:35)
          at reconcileChildren (C:\Users\kyrian\Documents\Taller-Ocampos\frontend\node_modules\react-dom\cjs\react-dom.development.js:19186:28)
          at updateContextProvider (C:\Users\kyrian\Documents\Taller-Ocampos\frontend\node_modules\react-dom\cjs\react-dom.development.js:21193:3)
          at beginWork (C:\Users\kyrian\Documents\Taller-Ocampos\frontend\node_modules\react-dom\cjs\react-dom.development.js:21688:14)
          at HTMLUnknownElement.callCallback (C:\Users\kyrian\Documents\Taller-Ocampos\frontend\node_modules\react-dom\cjs\react-dom.development.js:4164:14)
          at HTMLUnknownElement.callTheUserObjectsOperation (C:\Users\kyrian\Documents\Taller-Ocampos\frontend\node_modules\jsdom\lib\jsdom\living\generated\EventListener.js:26:30)
          at innerInvokeEventListeners (C:\Users\kyrian\Documents\Taller-Ocampos\frontend\node_modules\jsdom\lib\jsdom\living\events\EventTarget-impl.js:350:25)
          at invokeEventListeners (C:\Users\kyrian\Documents\Taller-Ocampos\frontend\node_modules\jsdom\lib\jsdom\living\events\EventTarget-impl.js:286:3)
          at HTMLUnknownElementImpl._dispatch (C:\Users\kyrian\Documents\Taller-Ocampos\frontend\node_modules\jsdom\lib\jsdom\living\events\EventTarget-impl.js:233:9)
          at HTMLUnknownElementImpl.dispatchEvent (C:\Users\kyrian\Documents\Taller-Ocampos\frontend\node_modules\jsdom\lib\jsdom\living\events\EventTarget-impl.js:104:17)
          at HTMLUnknownElement.dispatchEvent (C:\Users\kyrian\Documents\Taller-Ocampos\frontend\node_modules\jsdom\lib\jsdom\living\generated\EventTarget.js:241:34)
          at Object.invokeGuardedCallbackDev (C:\Users\kyrian\Documents\Taller-Ocampos\frontend\node_modules\react-dom\cjs\react-dom.development.js:4213:16)
          at invokeGuardedCallback (C:\Users\kyrian\Documents\Taller-Ocampos\frontend\node_modules\react-dom\cjs\react-dom.development.js:4277:31)
          at beginWork$1 (C:\Users\kyrian\Documents\Taller-Ocampos\frontend\node_modules\react-dom\cjs\react-dom.development.js:27490:7)
          at performUnitOfWork (C:\Users\kyrian\Documents\Taller-Ocampos\frontend\node_modules\react-dom\cjs\react-dom.development.js:26599:12)
          at workLoopSync (C:\Users\kyrian\Documents\Taller-Ocampos\frontend\node_modules\react-dom\cjs\react-dom.development.js:26505:5)
          at renderRootSync (C:\Users\kyrian\Documents\Taller-Ocampos\frontend\node_modules\react-dom\cjs\react-dom.development.js:26473:7)
          at recoverFromConcurrentError (C:\Users\kyrian\Documents\Taller-Ocampos\frontend\node_modules\react-dom\cjs\react-dom.development.js:25889:20)
          at performConcurrentWorkOnRoot (C:\Users\kyrian\Documents\Taller-Ocampos\frontend\node_modules\react-dom\cjs\react-dom.development.js:25789:22)
          at flushActQueue (C:\Users\kyrian\Documents\Taller-Ocampos\frontend\node_modules\react\cjs\react.development.js:2667:24)
          at act (C:\Users\kyrian\Documents\Taller-Ocampos\frontend\node_modules\react\cjs\react.development.js:2582:11)
          at C:\Users\kyrian\Documents\Taller-Ocampos\frontend\node_modules\@testing-library\react\dist\act-compat.js:47:25
          at renderRoot (C:\Users\kyrian\Documents\Taller-Ocampos\frontend\node_modules\@testing-library\react\dist\pure.js:190:26)
          at render (C:\Users\kyrian\Documents\Taller-Ocampos\frontend\node_modules\@testing-library\react\dist\pure.js:292:10)
          at customRender (C:\Users\kyrian\Documents\Taller-Ocampos\frontend\tests\utils\test-utils.tsx:38:16)
          at Object.<anonymous> (C:\Users\kyrian\Documents\Taller-Ocampos\frontend\src\components\layout\DashboardLayout.test.tsx:225:11)
          at Promise.finally.completed (C:\Users\kyrian\Documents\Taller-Ocampos\frontend\node_modules\jest-circus\build\jestAdapterInit.js:1556:28)
          at new Promise (<anonymous>)
          at callAsyncCircusFn (C:\Users\kyrian\Documents\Taller-Ocampos\frontend\node_modules\jest-circus\build\jestAdapterInit.js:1496:10)
          at _callCircusTest (C:\Users\kyrian\Documents\Taller-Ocampos\frontend\node_modules\jest-circus\build\jestAdapterInit.js:1006:40)
          at processTicksAndRejections (node:internal/process/task_queues:105:5)
          at _runTest (C:\Users\kyrian\Documents\Taller-Ocampos\frontend\node_modules\jest-circus\build\jestAdapterInit.js:946:3)
          at _runTestsForDescribeBlock (C:\Users\kyrian\Documents\Taller-Ocampos\frontend\node_modules\jest-circus\build\jestAdapterInit.js:839:13)
          at _runTestsForDescribeBlock (C:\Users\kyrian\Documents\Taller-Ocampos\frontend\node_modules\jest-circus\build\jestAdapterInit.js:829:11)
          at run (C:\Users\kyrian\Documents\Taller-Ocampos\frontend\node_modules\jest-circus\build\jestAdapterInit.js:757:3)
          at runAndTransformResultsToJestFormat (C:\Users\kyrian\Documents\Taller-Ocampos\frontend\node_modules\jest-circus\build\jestAdapterInit.js:1917:21)
          at jestAdapter (C:\Users\kyrian\Documents\Taller-Ocampos\frontend\node_modules\jest-circus\build\runner.js:101:19)
          at runTestInternal (C:\Users\kyrian\Documents\Taller-Ocampos\frontend\node_modules\jest-runner\build\testWorker.js:275:16)
          at runTest (C:\Users\kyrian\Documents\Taller-Ocampos\frontend\node_modules\jest-runner\build\testWorker.js:343:7)
          at Object.worker (C:\Users\kyrian\Documents\Taller-Ocampos\frontend\node_modules\jest-runner\build\testWorker.js:497:12),
      type: 'unhandled exception'
    }

    [0m [90m 73 |[39m       [36mreturn[39m
     [90m 74 |[39m     }
    [31m[1m>[22m[39m[90m 75 |[39m     originalError[33m.[39mcall(console[33m,[39m [33m...[39margs)
     [90m    |[39m                   [31m[1m^[22m[39m
     [90m 76 |[39m   }
     [90m 77 |[39m })
     [90m 78 |[39m[0m

      at console.call [as error] (jest.setup.js:75:19)
      at VirtualConsole.<anonymous> (node_modules/@jest/environment-jsdom-abstract/build/index.js:78:23)
      at reportException (node_modules/jsdom/lib/jsdom/living/helpers/runtime-script-errors.js:70:28)
      at innerInvokeEventListeners (node_modules/jsdom/lib/jsdom/living/events/EventTarget-impl.js:353:9)
      at invokeEventListeners (node_modules/jsdom/lib/jsdom/living/events/EventTarget-impl.js:286:3)
      at HTMLUnknownElementImpl._dispatch (node_modules/jsdom/lib/jsdom/living/events/EventTarget-impl.js:233:9)
      at HTMLUnknownElementImpl.dispatchEvent (node_modules/jsdom/lib/jsdom/living/events/EventTarget-impl.js:104:17)
      at HTMLUnknownElement.dispatchEvent (node_modules/jsdom/lib/jsdom/living/generated/EventTarget.js:241:34)
      at Object.invokeGuardedCallbackDev (node_modules/react-dom/cjs/react-dom.development.js:4213:16)
      at invokeGuardedCallback (node_modules/react-dom/cjs/react-dom.development.js:4277:31)
      at beginWork$1 (node_modules/react-dom/cjs/react-dom.development.js:27490:7)
      at performUnitOfWork (node_modules/react-dom/cjs/react-dom.development.js:26599:12)
      at workLoopSync (node_modules/react-dom/cjs/react-dom.development.js:26505:5)
      at renderRootSync (node_modules/react-dom/cjs/react-dom.development.js:26473:7)
      at recoverFromConcurrentError (node_modules/react-dom/cjs/react-dom.development.js:25889:20)
      at performConcurrentWorkOnRoot (node_modules/react-dom/cjs/react-dom.development.js:25789:22)
      at flushActQueue (node_modules/react/cjs/react.development.js:2667:24)
      at act (node_modules/react/cjs/react.development.js:2582:11)
      at node_modules/@testing-library/react/dist/act-compat.js:47:25
      at renderRoot (node_modules/@testing-library/react/dist/pure.js:190:26)
      at render (node_modules/@testing-library/react/dist/pure.js:292:10)
      at customRender (tests/utils/test-utils.tsx:38:16)
      at Object.<anonymous> (src/components/layout/DashboardLayout.test.tsx:225:11)

  console.error
    The above error occurred in the <Context.Provider> component:
    
        at QueryClientProvider (C:\Users\kyrian\Documents\Taller-Ocampos\frontend\node_modules\@tanstack\react-query\src\QueryClientProvider.tsx:30:3)
        at children (C:\Users\kyrian\Documents\Taller-Ocampos\frontend\tests\utils\test-utils.tsx:23:28)
    
    Consider adding an error boundary to your tree to customize error handling behavior.
    Visit https://reactjs.org/link/error-boundaries to learn more about error boundaries.

    [0m [90m 73 |[39m       [36mreturn[39m
     [90m 74 |[39m     }
    [31m[1m>[22m[39m[90m 75 |[39m     originalError[33m.[39mcall(console[33m,[39m [33m...[39margs)
     [90m    |[39m                   [31m[1m^[22m[39m
     [90m 76 |[39m   }
     [90m 77 |[39m })
     [90m 78 |[39m[0m

      at console.call [as error] (jest.setup.js:75:19)
      at logCapturedError (node_modules/react-dom/cjs/react-dom.development.js:18704:23)
      at update.callback (node_modules/react-dom/cjs/react-dom.development.js:18737:5)
      at callCallback (node_modules/react-dom/cjs/react-dom.development.js:15036:12)
      at commitUpdateQueue (node_modules/react-dom/cjs/react-dom.development.js:15057:9)
      at commitLayoutEffectOnFiber (node_modules/react-dom/cjs/react-dom.development.js:23430:13)
      at commitLayoutMountEffects_complete (node_modules/react-dom/cjs/react-dom.development.js:24727:9)
      at commitLayoutEffects_begin (node_modules/react-dom/cjs/react-dom.development.js:24713:7)
      at commitLayoutEffects (node_modules/react-dom/cjs/react-dom.development.js:24651:3)
      at commitRootImpl (node_modules/react-dom/cjs/react-dom.development.js:26862:5)
      at commitRoot (node_modules/react-dom/cjs/react-dom.development.js:26721:5)
      at finishConcurrentRender (node_modules/react-dom/cjs/react-dom.development.js:25931:9)
      at performConcurrentWorkOnRoot (node_modules/react-dom/cjs/react-dom.development.js:25848:7)
      at flushActQueue (node_modules/react/cjs/react.development.js:2667:24)
      at act (node_modules/react/cjs/react.development.js:2582:11)
      at node_modules/@testing-library/react/dist/act-compat.js:47:25
      at renderRoot (node_modules/@testing-library/react/dist/pure.js:190:26)
      at render (node_modules/@testing-library/react/dist/pure.js:292:10)
      at customRender (tests/utils/test-utils.tsx:38:16)
      at Object.<anonymous> (src/components/layout/DashboardLayout.test.tsx:225:11)

  console.error
    Warning: An update to AuthProvider inside a test was not wrapped in act(...).
    
    When testing, code that causes React state updates should be wrapped into act(...):
    
    act(() => {
      /* fire events that update state */
    });
    /* assert on the output */
    
    This ensures that you're testing the behavior the user would see in the browser. Learn more at https://reactjs.org/link/wrap-tests-with-act
        at children (C:\Users\kyrian\Documents\Taller-Ocampos\frontend\src\contexts\AuthContext.tsx:34:32)
        at children (C:\Users\kyrian\Documents\Taller-Ocampos\frontend\src\contexts\AuthContext.test.tsx:57:22)

    [0m [90m 73 |[39m       [36mreturn[39m
     [90m 74 |[39m     }
    [31m[1m>[22m[39m[90m 75 |[39m     originalError[33m.[39mcall(console[33m,[39m [33m...[39margs)
     [90m    |[39m                   [31m[1m^[22m[39m
     [90m 76 |[39m   }
     [90m 77 |[39m })
     [90m 78 |[39m[0m

      at console.call [as error] (jest.setup.js:75:19)
      at printWarning (node_modules/react-dom/cjs/react-dom.development.js:86:30)
      at error (node_modules/react-dom/cjs/react-dom.development.js:60:7)
      at warnIfUpdatesNotWrappedWithActDEV (node_modules/react-dom/cjs/react-dom.development.js:27628:9)
      at scheduleUpdateOnFiber (node_modules/react-dom/cjs/react-dom.development.js:25547:5)
      at dispatchSetState (node_modules/react-dom/cjs/react-dom.development.js:16708:7)
      at Object.setUser [as register] (src/contexts/AuthContext.tsx:82:7)
      at Object.<anonymous> (src/contexts/AuthContext.test.tsx:299:7)

  console.error
    Warning: An update to AuthProvider inside a test was not wrapped in act(...).
    
    When testing, code that causes React state updates should be wrapped into act(...):
    
    act(() => {
      /* fire events that update state */
    });
    /* assert on the output */
    
    This ensures that you're testing the behavior the user would see in the browser. Learn more at https://reactjs.org/link/wrap-tests-with-act
        at children (C:\Users\kyrian\Documents\Taller-Ocampos\frontend\src\contexts\AuthContext.tsx:34:32)
        at children (C:\Users\kyrian\Documents\Taller-Ocampos\frontend\src\contexts\AuthContext.test.tsx:57:22)

    [0m [90m 73 |[39m       [36mreturn[39m
     [90m 74 |[39m     }
    [31m[1m>[22m[39m[90m 75 |[39m     originalError[33m.[39mcall(console[33m,[39m [33m...[39margs)
     [90m    |[39m                   [31m[1m^[22m[39m
     [90m 76 |[39m   }
     [90m 77 |[39m })
     [90m 78 |[39m[0m

      at console.call [as error] (jest.setup.js:75:19)
      at printWarning (node_modules/react-dom/cjs/react-dom.development.js:86:30)
      at error (node_modules/react-dom/cjs/react-dom.development.js:60:7)
      at warnIfUpdatesNotWrappedWithActDEV (node_modules/react-dom/cjs/react-dom.development.js:27628:9)
      at scheduleUpdateOnFiber (node_modules/react-dom/cjs/react-dom.development.js:25547:5)
      at dispatchSetState (node_modules/react-dom/cjs/react-dom.development.js:16708:7)
      at Object.setUser [as register] (src/contexts/AuthContext.tsx:82:7)
      at Object.<anonymous> (src/contexts/AuthContext.test.tsx:393:7)

  console.error
    Warning: An update to AuthProvider inside a test was not wrapped in act(...).
    
    When testing, code that causes React state updates should be wrapped into act(...):
    
    act(() => {
      /* fire events that update state */
    });
    /* assert on the output */
    
    This ensures that you're testing the behavior the user would see in the browser. Learn more at https://reactjs.org/link/wrap-tests-with-act
        at children (C:\Users\kyrian\Documents\Taller-Ocampos\frontend\src\contexts\AuthContext.tsx:34:32)
        at children (C:\Users\kyrian\Documents\Taller-Ocampos\frontend\src\contexts\AuthContext.test.tsx:57:22)

    [0m [90m 73 |[39m       [36mreturn[39m
     [90m 74 |[39m     }
    [31m[1m>[22m[39m[90m 75 |[39m     originalError[33m.[39mcall(console[33m,[39m [33m...[39margs)
     [90m    |[39m                   [31m[1m^[22m[39m
     [90m 76 |[39m   }
     [90m 77 |[39m })
     [90m 78 |[39m[0m

      at console.call [as error] (jest.setup.js:75:19)
      at printWarning (node_modules/react-dom/cjs/react-dom.development.js:86:30)
      at error (node_modules/react-dom/cjs/react-dom.development.js:60:7)
      at warnIfUpdatesNotWrappedWithActDEV (node_modules/react-dom/cjs/react-dom.development.js:27628:9)
      at scheduleUpdateOnFiber (node_modules/react-dom/cjs/react-dom.development.js:25547:5)
      at dispatchSetState (node_modules/react-dom/cjs/react-dom.development.js:16708:7)
      at Object.setUser [as logout] (src/contexts/AuthContext.tsx:94:5)
      at Object.logout (src/contexts/AuthContext.test.tsx:433:22)

  console.error
    Error: Uncaught [TypeError: Cannot read properties of undefined (reading 'filter')]
        at reportException (C:\Users\kyrian\Documents\Taller-Ocampos\frontend\node_modules\jsdom\lib\jsdom\living\helpers\runtime-script-errors.js:66:24)
        at innerInvokeEventListeners (C:\Users\kyrian\Documents\Taller-Ocampos\frontend\node_modules\jsdom\lib\jsdom\living\events\EventTarget-impl.js:353:9)
        at invokeEventListeners (C:\Users\kyrian\Documents\Taller-Ocampos\frontend\node_modules\jsdom\lib\jsdom\living\events\EventTarget-impl.js:286:3)
        at HTMLUnknownElementImpl._dispatch (C:\Users\kyrian\Documents\Taller-Ocampos\frontend\node_modules\jsdom\lib\jsdom\living\events\EventTarget-impl.js:233:9)
        at HTMLUnknownElementImpl.dispatchEvent (C:\Users\kyrian\Documents\Taller-Ocampos\frontend\node_modules\jsdom\lib\jsdom\living\events\EventTarget-impl.js:104:17)
        at HTMLUnknownElement.dispatchEvent (C:\Users\kyrian\Documents\Taller-Ocampos\frontend\node_modules\jsdom\lib\jsdom\living\generated\EventTarget.js:241:34)
        at Object.invokeGuardedCallbackDev (C:\Users\kyrian\Documents\Taller-Ocampos\frontend\node_modules\react-dom\cjs\react-dom.development.js:4213:16)
        at invokeGuardedCallback (C:\Users\kyrian\Documents\Taller-Ocampos\frontend\node_modules\react-dom\cjs\react-dom.development.js:4277:31)
        at beginWork$1 (C:\Users\kyrian\Documents\Taller-Ocampos\frontend\node_modules\react-dom\cjs\react-dom.development.js:27490:7)
        at performUnitOfWork (C:\Users\kyrian\Documents\Taller-Ocampos\frontend\node_modules\react-dom\cjs\react-dom.development.js:26599:12)
        at workLoopSync (C:\Users\kyrian\Documents\Taller-Ocampos\frontend\node_modules\react-dom\cjs\react-dom.development.js:26505:5)
        at renderRootSync (C:\Users\kyrian\Documents\Taller-Ocampos\frontend\node_modules\react-dom\cjs\react-dom.development.js:26473:7)
        at performConcurrentWorkOnRoot (C:\Users\kyrian\Documents\Taller-Ocampos\frontend\node_modules\react-dom\cjs\react-dom.development.js:25777:74)
        at workLoop (C:\Users\kyrian\Documents\Taller-Ocampos\frontend\node_modules\scheduler\cjs\scheduler.development.js:266:34)
        at flushWork (C:\Users\kyrian\Documents\Taller-Ocampos\frontend\node_modules\scheduler\cjs\scheduler.development.js:239:14)
        at performWorkUntilDeadline (C:\Users\kyrian\Documents\Taller-Ocampos\frontend\node_modules\scheduler\cjs\scheduler.development.js:533:21)
        at Timeout.task [as _onTimeout] (C:\Users\kyrian\Documents\Taller-Ocampos\frontend\node_modules\jsdom\lib\jsdom\browser\Window.js:579:19)
        at listOnTimeout (node:internal/timers:588:17)
        at processTimers (node:internal/timers:523:7) {
      detail: TypeError: Cannot read properties of undefined (reading 'filter')
          at filter (C:\Users\kyrian\Documents\Taller-Ocampos\frontend\src\app\dashboard\clients\page.tsx:162:35)
          at renderWithHooks (C:\Users\kyrian\Documents\Taller-Ocampos\frontend\node_modules\react-dom\cjs\react-dom.development.js:15486:18)
          at updateFunctionComponent (C:\Users\kyrian\Documents\Taller-Ocampos\frontend\node_modules\react-dom\cjs\react-dom.development.js:19617:20)
          at beginWork (C:\Users\kyrian\Documents\Taller-Ocampos\frontend\node_modules\react-dom\cjs\react-dom.development.js:21640:16)
          at HTMLUnknownElement.callCallback (C:\Users\kyrian\Documents\Taller-Ocampos\frontend\node_modules\react-dom\cjs\react-dom.development.js:4164:14)
          at HTMLUnknownElement.callTheUserObjectsOperation (C:\Users\kyrian\Documents\Taller-Ocampos\frontend\node_modules\jsdom\lib\jsdom\living\generated\EventListener.js:26:30)
          at innerInvokeEventListeners (C:\Users\kyrian\Documents\Taller-Ocampos\frontend\node_modules\jsdom\lib\jsdom\living\events\EventTarget-impl.js:350:25)
          at invokeEventListeners (C:\Users\kyrian\Documents\Taller-Ocampos\frontend\node_modules\jsdom\lib\jsdom\living\events\EventTarget-impl.js:286:3)
          at HTMLUnknownElementImpl._dispatch (C:\Users\kyrian\Documents\Taller-Ocampos\frontend\node_modules\jsdom\lib\jsdom\living\events\EventTarget-impl.js:233:9)
          at HTMLUnknownElementImpl.dispatchEvent (C:\Users\kyrian\Documents\Taller-Ocampos\frontend\node_modules\jsdom\lib\jsdom\living\events\EventTarget-impl.js:104:17)
          at HTMLUnknownElement.dispatchEvent (C:\Users\kyrian\Documents\Taller-Ocampos\frontend\node_modules\jsdom\lib\jsdom\living\generated\EventTarget.js:241:34)
          at Object.invokeGuardedCallbackDev (C:\Users\kyrian\Documents\Taller-Ocampos\frontend\node_modules\react-dom\cjs\react-dom.development.js:4213:16)
          at invokeGuardedCallback (C:\Users\kyrian\Documents\Taller-Ocampos\frontend\node_modules\react-dom\cjs\react-dom.development.js:4277:31)
          at beginWork$1 (C:\Users\kyrian\Documents\Taller-Ocampos\frontend\node_modules\react-dom\cjs\react-dom.development.js:27490:7)
          at performUnitOfWork (C:\Users\kyrian\Documents\Taller-Ocampos\frontend\node_modules\react-dom\cjs\react-dom.development.js:26599:12)
          at workLoopSync (C:\Users\kyrian\Documents\Taller-Ocampos\frontend\node_modules\react-dom\cjs\react-dom.development.js:26505:5)
          at renderRootSync (C:\Users\kyrian\Documents\Taller-Ocampos\frontend\node_modules\react-dom\cjs\react-dom.development.js:26473:7)
          at performConcurrentWorkOnRoot (C:\Users\kyrian\Documents\Taller-Ocampos\frontend\node_modules\react-dom\cjs\react-dom.development.js:25777:74)
          at workLoop (C:\Users\kyrian\Documents\Taller-Ocampos\frontend\node_modules\scheduler\cjs\scheduler.development.js:266:34)
          at flushWork (C:\Users\kyrian\Documents\Taller-Ocampos\frontend\node_modules\scheduler\cjs\scheduler.development.js:239:14)
          at performWorkUntilDeadline (C:\Users\kyrian\Documents\Taller-Ocampos\frontend\node_modules\scheduler\cjs\scheduler.development.js:533:21)
          at Timeout.task [as _onTimeout] (C:\Users\kyrian\Documents\Taller-Ocampos\frontend\node_modules\jsdom\lib\jsdom\browser\Window.js:579:19)
          at listOnTimeout (node:internal/timers:588:17)
          at processTimers (node:internal/timers:523:7),
      type: 'unhandled exception'
    }

    [0m [90m 73 |[39m       [36mreturn[39m
     [90m 74 |[39m     }
    [31m[1m>[22m[39m[90m 75 |[39m     originalError[33m.[39mcall(console[33m,[39m [33m...[39margs)
     [90m    |[39m                   [31m[1m^[22m[39m
     [90m 76 |[39m   }
     [90m 77 |[39m })
     [90m 78 |[39m[0m

      at console.call [as error] (jest.setup.js:75:19)
      at VirtualConsole.<anonymous> (node_modules/@jest/environment-jsdom-abstract/build/index.js:78:23)
      at reportException (node_modules/jsdom/lib/jsdom/living/helpers/runtime-script-errors.js:70:28)
      at innerInvokeEventListeners (node_modules/jsdom/lib/jsdom/living/events/EventTarget-impl.js:353:9)
      at invokeEventListeners (node_modules/jsdom/lib/jsdom/living/events/EventTarget-impl.js:286:3)
      at HTMLUnknownElementImpl._dispatch (node_modules/jsdom/lib/jsdom/living/events/EventTarget-impl.js:233:9)
      at HTMLUnknownElementImpl.dispatchEvent (node_modules/jsdom/lib/jsdom/living/events/EventTarget-impl.js:104:17)
      at HTMLUnknownElement.dispatchEvent (node_modules/jsdom/lib/jsdom/living/generated/EventTarget.js:241:34)
      at Object.invokeGuardedCallbackDev (node_modules/react-dom/cjs/react-dom.development.js:4213:16)
      at invokeGuardedCallback (node_modules/react-dom/cjs/react-dom.development.js:4277:31)
      at beginWork$1 (node_modules/react-dom/cjs/react-dom.development.js:27490:7)
      at performUnitOfWork (node_modules/react-dom/cjs/react-dom.development.js:26599:12)
      at workLoopSync (node_modules/react-dom/cjs/react-dom.development.js:26505:5)
      at renderRootSync (node_modules/react-dom/cjs/react-dom.development.js:26473:7)
      at performConcurrentWorkOnRoot (node_modules/react-dom/cjs/react-dom.development.js:25777:74)
      at workLoop (node_modules/scheduler/cjs/scheduler.development.js:266:34)
      at flushWork (node_modules/scheduler/cjs/scheduler.development.js:239:14)
      at performWorkUntilDeadline (node_modules/scheduler/cjs/scheduler.development.js:533:21)
      at Timeout.task [as _onTimeout] (node_modules/jsdom/lib/jsdom/browser/Window.js:579:19)

  console.error
    Error: Uncaught [TypeError: Cannot read properties of undefined (reading 'filter')]
        at reportException (C:\Users\kyrian\Documents\Taller-Ocampos\frontend\node_modules\jsdom\lib\jsdom\living\helpers\runtime-script-errors.js:66:24)
        at innerInvokeEventListeners (C:\Users\kyrian\Documents\Taller-Ocampos\frontend\node_modules\jsdom\lib\jsdom\living\events\EventTarget-impl.js:353:9)
        at invokeEventListeners (C:\Users\kyrian\Documents\Taller-Ocampos\frontend\node_modules\jsdom\lib\jsdom\living\events\EventTarget-impl.js:286:3)
        at HTMLUnknownElementImpl._dispatch (C:\Users\kyrian\Documents\Taller-Ocampos\frontend\node_modules\jsdom\lib\jsdom\living\events\EventTarget-impl.js:233:9)
        at HTMLUnknownElementImpl.dispatchEvent (C:\Users\kyrian\Documents\Taller-Ocampos\frontend\node_modules\jsdom\lib\jsdom\living\events\EventTarget-impl.js:104:17)
        at HTMLUnknownElement.dispatchEvent (C:\Users\kyrian\Documents\Taller-Ocampos\frontend\node_modules\jsdom\lib\jsdom\living\generated\EventTarget.js:241:34)
        at Object.invokeGuardedCallbackDev (C:\Users\kyrian\Documents\Taller-Ocampos\frontend\node_modules\react-dom\cjs\react-dom.development.js:4213:16)
        at invokeGuardedCallback (C:\Users\kyrian\Documents\Taller-Ocampos\frontend\node_modules\react-dom\cjs\react-dom.development.js:4277:31)
        at beginWork$1 (C:\Users\kyrian\Documents\Taller-Ocampos\frontend\node_modules\react-dom\cjs\react-dom.development.js:27490:7)
        at performUnitOfWork (C:\Users\kyrian\Documents\Taller-Ocampos\frontend\node_modules\react-dom\cjs\react-dom.development.js:26599:12)
        at workLoopSync (C:\Users\kyrian\Documents\Taller-Ocampos\frontend\node_modules\react-dom\cjs\react-dom.development.js:26505:5)
        at renderRootSync (C:\Users\kyrian\Documents\Taller-Ocampos\frontend\node_modules\react-dom\cjs\react-dom.development.js:26473:7)
        at recoverFromConcurrentError (C:\Users\kyrian\Documents\Taller-Ocampos\frontend\node_modules\react-dom\cjs\react-dom.development.js:25889:20)
        at performConcurrentWorkOnRoot (C:\Users\kyrian\Documents\Taller-Ocampos\frontend\node_modules\react-dom\cjs\react-dom.development.js:25789:22)
        at workLoop (C:\Users\kyrian\Documents\Taller-Ocampos\frontend\node_modules\scheduler\cjs\scheduler.development.js:266:34)
        at flushWork (C:\Users\kyrian\Documents\Taller-Ocampos\frontend\node_modules\scheduler\cjs\scheduler.development.js:239:14)
        at performWorkUntilDeadline (C:\Users\kyrian\Documents\Taller-Ocampos\frontend\node_modules\scheduler\cjs\scheduler.development.js:533:21)
        at Timeout.task [as _onTimeout] (C:\Users\kyrian\Documents\Taller-Ocampos\frontend\node_modules\jsdom\lib\jsdom\browser\Window.js:579:19)
        at listOnTimeout (node:internal/timers:588:17)
        at processTimers (node:internal/timers:523:7) {
      detail: TypeError: Cannot read properties of undefined (reading 'filter')
          at filter (C:\Users\kyrian\Documents\Taller-Ocampos\frontend\src\app\dashboard\clients\page.tsx:162:35)
          at renderWithHooks (C:\Users\kyrian\Documents\Taller-Ocampos\frontend\node_modules\react-dom\cjs\react-dom.development.js:15486:18)
          at updateFunctionComponent (C:\Users\kyrian\Documents\Taller-Ocampos\frontend\node_modules\react-dom\cjs\react-dom.development.js:19617:20)
          at beginWork (C:\Users\kyrian\Documents\Taller-Ocampos\frontend\node_modules\react-dom\cjs\react-dom.development.js:21640:16)
          at HTMLUnknownElement.callCallback (C:\Users\kyrian\Documents\Taller-Ocampos\frontend\node_modules\react-dom\cjs\react-dom.development.js:4164:14)
          at HTMLUnknownElement.callTheUserObjectsOperation (C:\Users\kyrian\Documents\Taller-Ocampos\frontend\node_modules\jsdom\lib\jsdom\living\generated\EventListener.js:26:30)
          at innerInvokeEventListeners (C:\Users\kyrian\Documents\Taller-Ocampos\frontend\node_modules\jsdom\lib\jsdom\living\events\EventTarget-impl.js:350:25)
          at invokeEventListeners (C:\Users\kyrian\Documents\Taller-Ocampos\frontend\node_modules\jsdom\lib\jsdom\living\events\EventTarget-impl.js:286:3)
          at HTMLUnknownElementImpl._dispatch (C:\Users\kyrian\Documents\Taller-Ocampos\frontend\node_modules\jsdom\lib\jsdom\living\events\EventTarget-impl.js:233:9)
          at HTMLUnknownElementImpl.dispatchEvent (C:\Users\kyrian\Documents\Taller-Ocampos\frontend\node_modules\jsdom\lib\jsdom\living\events\EventTarget-impl.js:104:17)
          at HTMLUnknownElement.dispatchEvent (C:\Users\kyrian\Documents\Taller-Ocampos\frontend\node_modules\jsdom\lib\jsdom\living\generated\EventTarget.js:241:34)
          at Object.invokeGuardedCallbackDev (C:\Users\kyrian\Documents\Taller-Ocampos\frontend\node_modules\react-dom\cjs\react-dom.development.js:4213:16)
          at invokeGuardedCallback (C:\Users\kyrian\Documents\Taller-Ocampos\frontend\node_modules\react-dom\cjs\react-dom.development.js:4277:31)
          at beginWork$1 (C:\Users\kyrian\Documents\Taller-Ocampos\frontend\node_modules\react-dom\cjs\react-dom.development.js:27490:7)
          at performUnitOfWork (C:\Users\kyrian\Documents\Taller-Ocampos\frontend\node_modules\react-dom\cjs\react-dom.development.js:26599:12)
          at workLoopSync (C:\Users\kyrian\Documents\Taller-Ocampos\frontend\node_modules\react-dom\cjs\react-dom.development.js:26505:5)
          at renderRootSync (C:\Users\kyrian\Documents\Taller-Ocampos\frontend\node_modules\react-dom\cjs\react-dom.development.js:26473:7)
          at recoverFromConcurrentError (C:\Users\kyrian\Documents\Taller-Ocampos\frontend\node_modules\react-dom\cjs\react-dom.development.js:25889:20)
          at performConcurrentWorkOnRoot (C:\Users\kyrian\Documents\Taller-Ocampos\frontend\node_modules\react-dom\cjs\react-dom.development.js:25789:22)
          at workLoop (C:\Users\kyrian\Documents\Taller-Ocampos\frontend\node_modules\scheduler\cjs\scheduler.development.js:266:34)
          at flushWork (C:\Users\kyrian\Documents\Taller-Ocampos\frontend\node_modules\scheduler\cjs\scheduler.development.js:239:14)
          at performWorkUntilDeadline (C:\Users\kyrian\Documents\Taller-Ocampos\frontend\node_modules\scheduler\cjs\scheduler.development.js:533:21)
          at Timeout.task [as _onTimeout] (C:\Users\kyrian\Documents\Taller-Ocampos\frontend\node_modules\jsdom\lib\jsdom\browser\Window.js:579:19)
          at listOnTimeout (node:internal/timers:588:17)
          at processTimers (node:internal/timers:523:7),
      type: 'unhandled exception'
    }

    [0m [90m 73 |[39m       [36mreturn[39m
     [90m 74 |[39m     }
    [31m[1m>[22m[39m[90m 75 |[39m     originalError[33m.[39mcall(console[33m,[39m [33m...[39margs)
     [90m    |[39m                   [31m[1m^[22m[39m
     [90m 76 |[39m   }
     [90m 77 |[39m })
     [90m 78 |[39m[0m

      at console.call [as error] (jest.setup.js:75:19)
      at VirtualConsole.<anonymous> (node_modules/@jest/environment-jsdom-abstract/build/index.js:78:23)
      at reportException (node_modules/jsdom/lib/jsdom/living/helpers/runtime-script-errors.js:70:28)
      at innerInvokeEventListeners (node_modules/jsdom/lib/jsdom/living/events/EventTarget-impl.js:353:9)
      at invokeEventListeners (node_modules/jsdom/lib/jsdom/living/events/EventTarget-impl.js:286:3)
      at HTMLUnknownElementImpl._dispatch (node_modules/jsdom/lib/jsdom/living/events/EventTarget-impl.js:233:9)
      at HTMLUnknownElementImpl.dispatchEvent (node_modules/jsdom/lib/jsdom/living/events/EventTarget-impl.js:104:17)
      at HTMLUnknownElement.dispatchEvent (node_modules/jsdom/lib/jsdom/living/generated/EventTarget.js:241:34)
      at Object.invokeGuardedCallbackDev (node_modules/react-dom/cjs/react-dom.development.js:4213:16)
      at invokeGuardedCallback (node_modules/react-dom/cjs/react-dom.development.js:4277:31)
      at beginWork$1 (node_modules/react-dom/cjs/react-dom.development.js:27490:7)
      at performUnitOfWork (node_modules/react-dom/cjs/react-dom.development.js:26599:12)
      at workLoopSync (node_modules/react-dom/cjs/react-dom.development.js:26505:5)
      at renderRootSync (node_modules/react-dom/cjs/react-dom.development.js:26473:7)
      at recoverFromConcurrentError (node_modules/react-dom/cjs/react-dom.development.js:25889:20)
      at performConcurrentWorkOnRoot (node_modules/react-dom/cjs/react-dom.development.js:25789:22)
      at workLoop (node_modules/scheduler/cjs/scheduler.development.js:266:34)
      at flushWork (node_modules/scheduler/cjs/scheduler.development.js:239:14)
      at performWorkUntilDeadline (node_modules/scheduler/cjs/scheduler.development.js:533:21)
      at Timeout.task [as _onTimeout] (node_modules/jsdom/lib/jsdom/browser/Window.js:579:19)

  console.error
    The above error occurred in the <ClientsPage> component:
    
        at ClientsPage (C:\Users\kyrian\Documents\Taller-Ocampos\frontend\src\app\dashboard\clients\page.tsx:50:41)
    
    Consider adding an error boundary to your tree to customize error handling behavior.
    Visit https://reactjs.org/link/error-boundaries to learn more about error boundaries.

    [0m [90m 73 |[39m       [36mreturn[39m
     [90m 74 |[39m     }
    [31m[1m>[22m[39m[90m 75 |[39m     originalError[33m.[39mcall(console[33m,[39m [33m...[39margs)
     [90m    |[39m                   [31m[1m^[22m[39m
     [90m 76 |[39m   }
     [90m 77 |[39m })
     [90m 78 |[39m[0m

      at console.call [as error] (jest.setup.js:75:19)
      at logCapturedError (node_modules/react-dom/cjs/react-dom.development.js:18704:23)
      at update.callback (node_modules/react-dom/cjs/react-dom.development.js:18737:5)
      at callCallback (node_modules/react-dom/cjs/react-dom.development.js:15036:12)
      at commitUpdateQueue (node_modules/react-dom/cjs/react-dom.development.js:15057:9)
      at commitLayoutEffectOnFiber (node_modules/react-dom/cjs/react-dom.development.js:23430:13)
      at commitLayoutMountEffects_complete (node_modules/react-dom/cjs/react-dom.development.js:24727:9)
      at commitLayoutEffects_begin (node_modules/react-dom/cjs/react-dom.development.js:24713:7)
      at commitLayoutEffects (node_modules/react-dom/cjs/react-dom.development.js:24651:3)
      at commitRootImpl (node_modules/react-dom/cjs/react-dom.development.js:26862:5)
      at commitRoot (node_modules/react-dom/cjs/react-dom.development.js:26721:5)
      at finishConcurrentRender (node_modules/react-dom/cjs/react-dom.development.js:25931:9)
      at performConcurrentWorkOnRoot (node_modules/react-dom/cjs/react-dom.development.js:25848:7)
      at workLoop (node_modules/scheduler/cjs/scheduler.development.js:266:34)
      at flushWork (node_modules/scheduler/cjs/scheduler.development.js:239:14)
      at performWorkUntilDeadline (node_modules/scheduler/cjs/scheduler.development.js:533:21)
      at Timeout.task [as _onTimeout] (node_modules/jsdom/lib/jsdom/browser/Window.js:579:19)

  console.error
    Error: Uncaught [TypeError: Cannot read properties of undefined (reading 'filter')]
        at reportException (C:\Users\kyrian\Documents\Taller-Ocampos\frontend\node_modules\jsdom\lib\jsdom\living\helpers\runtime-script-errors.js:66:24)
        at Timeout.task [as _onTimeout] (C:\Users\kyrian\Documents\Taller-Ocampos\frontend\node_modules\jsdom\lib\jsdom\browser\Window.js:584:9)
        at listOnTimeout (node:internal/timers:588:17)
        at processTimers (node:internal/timers:523:7) {
      detail: TypeError: Cannot read properties of undefined (reading 'filter')
          at filter (C:\Users\kyrian\Documents\Taller-Ocampos\frontend\src\app\dashboard\clients\page.tsx:162:35)
          at renderWithHooks (C:\Users\kyrian\Documents\Taller-Ocampos\frontend\node_modules\react-dom\cjs\react-dom.development.js:15486:18)
          at updateFunctionComponent (C:\Users\kyrian\Documents\Taller-Ocampos\frontend\node_modules\react-dom\cjs\react-dom.development.js:19617:20)
          at beginWork (C:\Users\kyrian\Documents\Taller-Ocampos\frontend\node_modules\react-dom\cjs\react-dom.development.js:21640:16)
          at beginWork$1 (C:\Users\kyrian\Documents\Taller-Ocampos\frontend\node_modules\react-dom\cjs\react-dom.development.js:27465:14)
          at performUnitOfWork (C:\Users\kyrian\Documents\Taller-Ocampos\frontend\node_modules\react-dom\cjs\react-dom.development.js:26599:12)
          at workLoopSync (C:\Users\kyrian\Documents\Taller-Ocampos\frontend\node_modules\react-dom\cjs\react-dom.development.js:26505:5)
          at renderRootSync (C:\Users\kyrian\Documents\Taller-Ocampos\frontend\node_modules\react-dom\cjs\react-dom.development.js:26473:7)
          at recoverFromConcurrentError (C:\Users\kyrian\Documents\Taller-Ocampos\frontend\node_modules\react-dom\cjs\react-dom.development.js:25889:20)
          at performConcurrentWorkOnRoot (C:\Users\kyrian\Documents\Taller-Ocampos\frontend\node_modules\react-dom\cjs\react-dom.development.js:25789:22)
          at workLoop (C:\Users\kyrian\Documents\Taller-Ocampos\frontend\node_modules\scheduler\cjs\scheduler.development.js:266:34)
          at flushWork (C:\Users\kyrian\Documents\Taller-Ocampos\frontend\node_modules\scheduler\cjs\scheduler.development.js:239:14)
          at performWorkUntilDeadline (C:\Users\kyrian\Documents\Taller-Ocampos\frontend\node_modules\scheduler\cjs\scheduler.development.js:533:21)
          at Timeout.task [as _onTimeout] (C:\Users\kyrian\Documents\Taller-Ocampos\frontend\node_modules\jsdom\lib\jsdom\browser\Window.js:579:19)
          at listOnTimeout (node:internal/timers:588:17)
          at processTimers (node:internal/timers:523:7),
      type: 'unhandled exception'
    }

    [0m [90m 73 |[39m       [36mreturn[39m
     [90m 74 |[39m     }
    [31m[1m>[22m[39m[90m 75 |[39m     originalError[33m.[39mcall(console[33m,[39m [33m...[39margs)
     [90m    |[39m                   [31m[1m^[22m[39m
     [90m 76 |[39m   }
     [90m 77 |[39m })
     [90m 78 |[39m[0m

      at console.call [as error] (jest.setup.js:75:19)
      at VirtualConsole.<anonymous> (node_modules/@jest/environment-jsdom-abstract/build/index.js:78:23)
      at reportException (node_modules/jsdom/lib/jsdom/living/helpers/runtime-script-errors.js:70:28)
      at Timeout.task [as _onTimeout] (node_modules/jsdom/lib/jsdom/browser/Window.js:584:9)

  console.error
    Error: Uncaught [TypeError: Cannot read properties of undefined (reading 'filter')]
        at reportException (C:\Users\kyrian\Documents\Taller-Ocampos\frontend\node_modules\jsdom\lib\jsdom\living\helpers\runtime-script-errors.js:66:24)
        at innerInvokeEventListeners (C:\Users\kyrian\Documents\Taller-Ocampos\frontend\node_modules\jsdom\lib\jsdom\living\events\EventTarget-impl.js:353:9)
        at invokeEventListeners (C:\Users\kyrian\Documents\Taller-Ocampos\frontend\node_modules\jsdom\lib\jsdom\living\events\EventTarget-impl.js:286:3)
        at HTMLUnknownElementImpl._dispatch (C:\Users\kyrian\Documents\Taller-Ocampos\frontend\node_modules\jsdom\lib\jsdom\living\events\EventTarget-impl.js:233:9)
        at HTMLUnknownElementImpl.dispatchEvent (C:\Users\kyrian\Documents\Taller-Ocampos\frontend\node_modules\jsdom\lib\jsdom\living\events\EventTarget-impl.js:104:17)
        at HTMLUnknownElement.dispatchEvent (C:\Users\kyrian\Documents\Taller-Ocampos\frontend\node_modules\jsdom\lib\jsdom\living\generated\EventTarget.js:241:34)
        at Object.invokeGuardedCallbackDev (C:\Users\kyrian\Documents\Taller-Ocampos\frontend\node_modules\react-dom\cjs\react-dom.development.js:4213:16)
        at invokeGuardedCallback (C:\Users\kyrian\Documents\Taller-Ocampos\frontend\node_modules\react-dom\cjs\react-dom.development.js:4277:31)
        at beginWork$1 (C:\Users\kyrian\Documents\Taller-Ocampos\frontend\node_modules\react-dom\cjs\react-dom.development.js:27490:7)
        at performUnitOfWork (C:\Users\kyrian\Documents\Taller-Ocampos\frontend\node_modules\react-dom\cjs\react-dom.development.js:26599:12)
        at workLoopSync (C:\Users\kyrian\Documents\Taller-Ocampos\frontend\node_modules\react-dom\cjs\react-dom.development.js:26505:5)
        at renderRootSync (C:\Users\kyrian\Documents\Taller-Ocampos\frontend\node_modules\react-dom\cjs\react-dom.development.js:26473:7)
        at performConcurrentWorkOnRoot (C:\Users\kyrian\Documents\Taller-Ocampos\frontend\node_modules\react-dom\cjs\react-dom.development.js:25777:74)
        at workLoop (C:\Users\kyrian\Documents\Taller-Ocampos\frontend\node_modules\scheduler\cjs\scheduler.development.js:266:34)
        at flushWork (C:\Users\kyrian\Documents\Taller-Ocampos\frontend\node_modules\scheduler\cjs\scheduler.development.js:239:14)
        at performWorkUntilDeadline (C:\Users\kyrian\Documents\Taller-Ocampos\frontend\node_modules\scheduler\cjs\scheduler.development.js:533:21)
        at Timeout.task [as _onTimeout] (C:\Users\kyrian\Documents\Taller-Ocampos\frontend\node_modules\jsdom\lib\jsdom\browser\Window.js:579:19)
        at listOnTimeout (node:internal/timers:588:17)
        at processTimers (node:internal/timers:523:7) {
      detail: TypeError: Cannot read properties of undefined (reading 'filter')
          at filter (C:\Users\kyrian\Documents\Taller-Ocampos\frontend\src\app\dashboard\clients\page.tsx:162:35)
          at renderWithHooks (C:\Users\kyrian\Documents\Taller-Ocampos\frontend\node_modules\react-dom\cjs\react-dom.development.js:15486:18)
          at updateFunctionComponent (C:\Users\kyrian\Documents\Taller-Ocampos\frontend\node_modules\react-dom\cjs\react-dom.development.js:19617:20)
          at beginWork (C:\Users\kyrian\Documents\Taller-Ocampos\frontend\node_modules\react-dom\cjs\react-dom.development.js:21640:16)
          at HTMLUnknownElement.callCallback (C:\Users\kyrian\Documents\Taller-Ocampos\frontend\node_modules\react-dom\cjs\react-dom.development.js:4164:14)
          at HTMLUnknownElement.callTheUserObjectsOperation (C:\Users\kyrian\Documents\Taller-Ocampos\frontend\node_modules\jsdom\lib\jsdom\living\generated\EventListener.js:26:30)
          at innerInvokeEventListeners (C:\Users\kyrian\Documents\Taller-Ocampos\frontend\node_modules\jsdom\lib\jsdom\living\events\EventTarget-impl.js:350:25)
          at invokeEventListeners (C:\Users\kyrian\Documents\Taller-Ocampos\frontend\node_modules\jsdom\lib\jsdom\living\events\EventTarget-impl.js:286:3)
          at HTMLUnknownElementImpl._dispatch (C:\Users\kyrian\Documents\Taller-Ocampos\frontend\node_modules\jsdom\lib\jsdom\living\events\EventTarget-impl.js:233:9)
          at HTMLUnknownElementImpl.dispatchEvent (C:\Users\kyrian\Documents\Taller-Ocampos\frontend\node_modules\jsdom\lib\jsdom\living\events\EventTarget-impl.js:104:17)
          at HTMLUnknownElement.dispatchEvent (C:\Users\kyrian\Documents\Taller-Ocampos\frontend\node_modules\jsdom\lib\jsdom\living\generated\EventTarget.js:241:34)
          at Object.invokeGuardedCallbackDev (C:\Users\kyrian\Documents\Taller-Ocampos\frontend\node_modules\react-dom\cjs\react-dom.development.js:4213:16)
          at invokeGuardedCallback (C:\Users\kyrian\Documents\Taller-Ocampos\frontend\node_modules\react-dom\cjs\react-dom.development.js:4277:31)
          at beginWork$1 (C:\Users\kyrian\Documents\Taller-Ocampos\frontend\node_modules\react-dom\cjs\react-dom.development.js:27490:7)
          at performUnitOfWork (C:\Users\kyrian\Documents\Taller-Ocampos\frontend\node_modules\react-dom\cjs\react-dom.development.js:26599:12)
          at workLoopSync (C:\Users\kyrian\Documents\Taller-Ocampos\frontend\node_modules\react-dom\cjs\react-dom.development.js:26505:5)
          at renderRootSync (C:\Users\kyrian\Documents\Taller-Ocampos\frontend\node_modules\react-dom\cjs\react-dom.development.js:26473:7)
          at performConcurrentWorkOnRoot (C:\Users\kyrian\Documents\Taller-Ocampos\frontend\node_modules\react-dom\cjs\react-dom.development.js:25777:74)
          at workLoop (C:\Users\kyrian\Documents\Taller-Ocampos\frontend\node_modules\scheduler\cjs\scheduler.development.js:266:34)
          at flushWork (C:\Users\kyrian\Documents\Taller-Ocampos\frontend\node_modules\scheduler\cjs\scheduler.development.js:239:14)
          at performWorkUntilDeadline (C:\Users\kyrian\Documents\Taller-Ocampos\frontend\node_modules\scheduler\cjs\scheduler.development.js:533:21)
          at Timeout.task [as _onTimeout] (C:\Users\kyrian\Documents\Taller-Ocampos\frontend\node_modules\jsdom\lib\jsdom\browser\Window.js:579:19)
          at listOnTimeout (node:internal/timers:588:17)
          at processTimers (node:internal/timers:523:7),
      type: 'unhandled exception'
    }

    [0m [90m 73 |[39m       [36mreturn[39m
     [90m 74 |[39m     }
    [31m[1m>[22m[39m[90m 75 |[39m     originalError[33m.[39mcall(console[33m,[39m [33m...[39margs)
     [90m    |[39m                   [31m[1m^[22m[39m
     [90m 76 |[39m   }
     [90m 77 |[39m })
     [90m 78 |[39m[0m

      at console.call [as error] (jest.setup.js:75:19)
      at VirtualConsole.<anonymous> (node_modules/@jest/environment-jsdom-abstract/build/index.js:78:23)
      at reportException (node_modules/jsdom/lib/jsdom/living/helpers/runtime-script-errors.js:70:28)
      at innerInvokeEventListeners (node_modules/jsdom/lib/jsdom/living/events/EventTarget-impl.js:353:9)
      at invokeEventListeners (node_modules/jsdom/lib/jsdom/living/events/EventTarget-impl.js:286:3)
      at HTMLUnknownElementImpl._dispatch (node_modules/jsdom/lib/jsdom/living/events/EventTarget-impl.js:233:9)
      at HTMLUnknownElementImpl.dispatchEvent (node_modules/jsdom/lib/jsdom/living/events/EventTarget-impl.js:104:17)
      at HTMLUnknownElement.dispatchEvent (node_modules/jsdom/lib/jsdom/living/generated/EventTarget.js:241:34)
      at Object.invokeGuardedCallbackDev (node_modules/react-dom/cjs/react-dom.development.js:4213:16)
      at invokeGuardedCallback (node_modules/react-dom/cjs/react-dom.development.js:4277:31)
      at beginWork$1 (node_modules/react-dom/cjs/react-dom.development.js:27490:7)
      at performUnitOfWork (node_modules/react-dom/cjs/react-dom.development.js:26599:12)
      at workLoopSync (node_modules/react-dom/cjs/react-dom.development.js:26505:5)
      at renderRootSync (node_modules/react-dom/cjs/react-dom.development.js:26473:7)
      at performConcurrentWorkOnRoot (node_modules/react-dom/cjs/react-dom.development.js:25777:74)
      at workLoop (node_modules/scheduler/cjs/scheduler.development.js:266:34)
      at flushWork (node_modules/scheduler/cjs/scheduler.development.js:239:14)
      at performWorkUntilDeadline (node_modules/scheduler/cjs/scheduler.development.js:533:21)
      at Timeout.task [as _onTimeout] (node_modules/jsdom/lib/jsdom/browser/Window.js:579:19)

  console.error
    Error: Uncaught [TypeError: Cannot read properties of undefined (reading 'filter')]
        at reportException (C:\Users\kyrian\Documents\Taller-Ocampos\frontend\node_modules\jsdom\lib\jsdom\living\helpers\runtime-script-errors.js:66:24)
        at innerInvokeEventListeners (C:\Users\kyrian\Documents\Taller-Ocampos\frontend\node_modules\jsdom\lib\jsdom\living\events\EventTarget-impl.js:353:9)
        at invokeEventListeners (C:\Users\kyrian\Documents\Taller-Ocampos\frontend\node_modules\jsdom\lib\jsdom\living\events\EventTarget-impl.js:286:3)
        at HTMLUnknownElementImpl._dispatch (C:\Users\kyrian\Documents\Taller-Ocampos\frontend\node_modules\jsdom\lib\jsdom\living\events\EventTarget-impl.js:233:9)
        at HTMLUnknownElementImpl.dispatchEvent (C:\Users\kyrian\Documents\Taller-Ocampos\frontend\node_modules\jsdom\lib\jsdom\living\events\EventTarget-impl.js:104:17)
        at HTMLUnknownElement.dispatchEvent (C:\Users\kyrian\Documents\Taller-Ocampos\frontend\node_modules\jsdom\lib\jsdom\living\generated\EventTarget.js:241:34)
        at Object.invokeGuardedCallbackDev (C:\Users\kyrian\Documents\Taller-Ocampos\frontend\node_modules\react-dom\cjs\react-dom.development.js:4213:16)
        at invokeGuardedCallback (C:\Users\kyrian\Documents\Taller-Ocampos\frontend\node_modules\react-dom\cjs\react-dom.development.js:4277:31)
        at beginWork$1 (C:\Users\kyrian\Documents\Taller-Ocampos\frontend\node_modules\react-dom\cjs\react-dom.development.js:27490:7)
        at performUnitOfWork (C:\Users\kyrian\Documents\Taller-Ocampos\frontend\node_modules\react-dom\cjs\react-dom.development.js:26599:12)
        at workLoopSync (C:\Users\kyrian\Documents\Taller-Ocampos\frontend\node_modules\react-dom\cjs\react-dom.development.js:26505:5)
        at renderRootSync (C:\Users\kyrian\Documents\Taller-Ocampos\frontend\node_modules\react-dom\cjs\react-dom.development.js:26473:7)
        at recoverFromConcurrentError (C:\Users\kyrian\Documents\Taller-Ocampos\frontend\node_modules\react-dom\cjs\react-dom.development.js:25889:20)
        at performConcurrentWorkOnRoot (C:\Users\kyrian\Documents\Taller-Ocampos\frontend\node_modules\react-dom\cjs\react-dom.development.js:25789:22)
        at workLoop (C:\Users\kyrian\Documents\Taller-Ocampos\frontend\node_modules\scheduler\cjs\scheduler.development.js:266:34)
        at flushWork (C:\Users\kyrian\Documents\Taller-Ocampos\frontend\node_modules\scheduler\cjs\scheduler.development.js:239:14)
        at performWorkUntilDeadline (C:\Users\kyrian\Documents\Taller-Ocampos\frontend\node_modules\scheduler\cjs\scheduler.development.js:533:21)
        at Timeout.task [as _onTimeout] (C:\Users\kyrian\Documents\Taller-Ocampos\frontend\node_modules\jsdom\lib\jsdom\browser\Window.js:579:19)
        at listOnTimeout (node:internal/timers:588:17)
        at processTimers (node:internal/timers:523:7) {
      detail: TypeError: Cannot read properties of undefined (reading 'filter')
          at filter (C:\Users\kyrian\Documents\Taller-Ocampos\frontend\src\app\dashboard\clients\page.tsx:162:35)
          at renderWithHooks (C:\Users\kyrian\Documents\Taller-Ocampos\frontend\node_modules\react-dom\cjs\react-dom.development.js:15486:18)
          at updateFunctionComponent (C:\Users\kyrian\Documents\Taller-Ocampos\frontend\node_modules\react-dom\cjs\react-dom.development.js:19617:20)
          at beginWork (C:\Users\kyrian\Documents\Taller-Ocampos\frontend\node_modules\react-dom\cjs\react-dom.development.js:21640:16)
          at HTMLUnknownElement.callCallback (C:\Users\kyrian\Documents\Taller-Ocampos\frontend\node_modules\react-dom\cjs\react-dom.development.js:4164:14)
          at HTMLUnknownElement.callTheUserObjectsOperation (C:\Users\kyrian\Documents\Taller-Ocampos\frontend\node_modules\jsdom\lib\jsdom\living\generated\EventListener.js:26:30)
          at innerInvokeEventListeners (C:\Users\kyrian\Documents\Taller-Ocampos\frontend\node_modules\jsdom\lib\jsdom\living\events\EventTarget-impl.js:350:25)
          at invokeEventListeners (C:\Users\kyrian\Documents\Taller-Ocampos\frontend\node_modules\jsdom\lib\jsdom\living\events\EventTarget-impl.js:286:3)
          at HTMLUnknownElementImpl._dispatch (C:\Users\kyrian\Documents\Taller-Ocampos\frontend\node_modules\jsdom\lib\jsdom\living\events\EventTarget-impl.js:233:9)
          at HTMLUnknownElementImpl.dispatchEvent (C:\Users\kyrian\Documents\Taller-Ocampos\frontend\node_modules\jsdom\lib\jsdom\living\events\EventTarget-impl.js:104:17)
          at HTMLUnknownElement.dispatchEvent (C:\Users\kyrian\Documents\Taller-Ocampos\frontend\node_modules\jsdom\lib\jsdom\living\generated\EventTarget.js:241:34)
          at Object.invokeGuardedCallbackDev (C:\Users\kyrian\Documents\Taller-Ocampos\frontend\node_modules\react-dom\cjs\react-dom.development.js:4213:16)
          at invokeGuardedCallback (C:\Users\kyrian\Documents\Taller-Ocampos\frontend\node_modules\react-dom\cjs\react-dom.development.js:4277:31)
          at beginWork$1 (C:\Users\kyrian\Documents\Taller-Ocampos\frontend\node_modules\react-dom\cjs\react-dom.development.js:27490:7)
          at performUnitOfWork (C:\Users\kyrian\Documents\Taller-Ocampos\frontend\node_modules\react-dom\cjs\react-dom.development.js:26599:12)
          at workLoopSync (C:\Users\kyrian\Documents\Taller-Ocampos\frontend\node_modules\react-dom\cjs\react-dom.development.js:26505:5)
          at renderRootSync (C:\Users\kyrian\Documents\Taller-Ocampos\frontend\node_modules\react-dom\cjs\react-dom.development.js:26473:7)
          at recoverFromConcurrentError (C:\Users\kyrian\Documents\Taller-Ocampos\frontend\node_modules\react-dom\cjs\react-dom.development.js:25889:20)
          at performConcurrentWorkOnRoot (C:\Users\kyrian\Documents\Taller-Ocampos\frontend\node_modules\react-dom\cjs\react-dom.development.js:25789:22)
          at workLoop (C:\Users\kyrian\Documents\Taller-Ocampos\frontend\node_modules\scheduler\cjs\scheduler.development.js:266:34)
          at flushWork (C:\Users\kyrian\Documents\Taller-Ocampos\frontend\node_modules\scheduler\cjs\scheduler.development.js:239:14)
          at performWorkUntilDeadline (C:\Users\kyrian\Documents\Taller-Ocampos\frontend\node_modules\scheduler\cjs\scheduler.development.js:533:21)
          at Timeout.task [as _onTimeout] (C:\Users\kyrian\Documents\Taller-Ocampos\frontend\node_modules\jsdom\lib\jsdom\browser\Window.js:579:19)
          at listOnTimeout (node:internal/timers:588:17)
          at processTimers (node:internal/timers:523:7),
      type: 'unhandled exception'
    }

    [0m [90m 73 |[39m       [36mreturn[39m
     [90m 74 |[39m     }
    [31m[1m>[22m[39m[90m 75 |[39m     originalError[33m.[39mcall(console[33m,[39m [33m...[39margs)
     [90m    |[39m                   [31m[1m^[22m[39m
     [90m 76 |[39m   }
     [90m 77 |[39m })
     [90m 78 |[39m[0m

      at console.call [as error] (jest.setup.js:75:19)
      at VirtualConsole.<anonymous> (node_modules/@jest/environment-jsdom-abstract/build/index.js:78:23)
      at reportException (node_modules/jsdom/lib/jsdom/living/helpers/runtime-script-errors.js:70:28)
      at innerInvokeEventListeners (node_modules/jsdom/lib/jsdom/living/events/EventTarget-impl.js:353:9)
      at invokeEventListeners (node_modules/jsdom/lib/jsdom/living/events/EventTarget-impl.js:286:3)
      at HTMLUnknownElementImpl._dispatch (node_modules/jsdom/lib/jsdom/living/events/EventTarget-impl.js:233:9)
      at HTMLUnknownElementImpl.dispatchEvent (node_modules/jsdom/lib/jsdom/living/events/EventTarget-impl.js:104:17)
      at HTMLUnknownElement.dispatchEvent (node_modules/jsdom/lib/jsdom/living/generated/EventTarget.js:241:34)
      at Object.invokeGuardedCallbackDev (node_modules/react-dom/cjs/react-dom.development.js:4213:16)
      at invokeGuardedCallback (node_modules/react-dom/cjs/react-dom.development.js:4277:31)
      at beginWork$1 (node_modules/react-dom/cjs/react-dom.development.js:27490:7)
      at performUnitOfWork (node_modules/react-dom/cjs/react-dom.development.js:26599:12)
      at workLoopSync (node_modules/react-dom/cjs/react-dom.development.js:26505:5)
      at renderRootSync (node_modules/react-dom/cjs/react-dom.development.js:26473:7)
      at recoverFromConcurrentError (node_modules/react-dom/cjs/react-dom.development.js:25889:20)
      at performConcurrentWorkOnRoot (node_modules/react-dom/cjs/react-dom.development.js:25789:22)
      at workLoop (node_modules/scheduler/cjs/scheduler.development.js:266:34)
      at flushWork (node_modules/scheduler/cjs/scheduler.development.js:239:14)
      at performWorkUntilDeadline (node_modules/scheduler/cjs/scheduler.development.js:533:21)
      at Timeout.task [as _onTimeout] (node_modules/jsdom/lib/jsdom/browser/Window.js:579:19)

  console.error
    The above error occurred in the <ClientsPage> component:
    
        at ClientsPage (C:\Users\kyrian\Documents\Taller-Ocampos\frontend\src\app\dashboard\clients\page.tsx:50:41)
    
    Consider adding an error boundary to your tree to customize error handling behavior.
    Visit https://reactjs.org/link/error-boundaries to learn more about error boundaries.

    [0m [90m 73 |[39m       [36mreturn[39m
     [90m 74 |[39m     }
    [31m[1m>[22m[39m[90m 75 |[39m     originalError[33m.[39mcall(console[33m,[39m [33m...[39margs)
     [90m    |[39m                   [31m[1m^[22m[39m
     [90m 76 |[39m   }
     [90m 77 |[39m })
     [90m 78 |[39m[0m

      at console.call [as error] (jest.setup.js:75:19)
      at logCapturedError (node_modules/react-dom/cjs/react-dom.development.js:18704:23)
      at update.callback (node_modules/react-dom/cjs/react-dom.development.js:18737:5)
      at callCallback (node_modules/react-dom/cjs/react-dom.development.js:15036:12)
      at commitUpdateQueue (node_modules/react-dom/cjs/react-dom.development.js:15057:9)
      at commitLayoutEffectOnFiber (node_modules/react-dom/cjs/react-dom.development.js:23430:13)
      at commitLayoutMountEffects_complete (node_modules/react-dom/cjs/react-dom.development.js:24727:9)
      at commitLayoutEffects_begin (node_modules/react-dom/cjs/react-dom.development.js:24713:7)
      at commitLayoutEffects (node_modules/react-dom/cjs/react-dom.development.js:24651:3)
      at commitRootImpl (node_modules/react-dom/cjs/react-dom.development.js:26862:5)
      at commitRoot (node_modules/react-dom/cjs/react-dom.development.js:26721:5)
      at finishConcurrentRender (node_modules/react-dom/cjs/react-dom.development.js:25931:9)
      at performConcurrentWorkOnRoot (node_modules/react-dom/cjs/react-dom.development.js:25848:7)
      at workLoop (node_modules/scheduler/cjs/scheduler.development.js:266:34)
      at flushWork (node_modules/scheduler/cjs/scheduler.development.js:239:14)
      at performWorkUntilDeadline (node_modules/scheduler/cjs/scheduler.development.js:533:21)
      at Timeout.task [as _onTimeout] (node_modules/jsdom/lib/jsdom/browser/Window.js:579:19)

  console.error
    Error: Uncaught [TypeError: Cannot read properties of undefined (reading 'filter')]
        at reportException (C:\Users\kyrian\Documents\Taller-Ocampos\frontend\node_modules\jsdom\lib\jsdom\living\helpers\runtime-script-errors.js:66:24)
        at Timeout.task [as _onTimeout] (C:\Users\kyrian\Documents\Taller-Ocampos\frontend\node_modules\jsdom\lib\jsdom\browser\Window.js:584:9)
        at listOnTimeout (node:internal/timers:588:17)
        at processTimers (node:internal/timers:523:7) {
      detail: TypeError: Cannot read properties of undefined (reading 'filter')
          at filter (C:\Users\kyrian\Documents\Taller-Ocampos\frontend\src\app\dashboard\clients\page.tsx:162:35)
          at renderWithHooks (C:\Users\kyrian\Documents\Taller-Ocampos\frontend\node_modules\react-dom\cjs\react-dom.development.js:15486:18)
          at updateFunctionComponent (C:\Users\kyrian\Documents\Taller-Ocampos\frontend\node_modules\react-dom\cjs\react-dom.development.js:19617:20)
          at beginWork (C:\Users\kyrian\Documents\Taller-Ocampos\frontend\node_modules\react-dom\cjs\react-dom.development.js:21640:16)
          at beginWork$1 (C:\Users\kyrian\Documents\Taller-Ocampos\frontend\node_modules\react-dom\cjs\react-dom.development.js:27465:14)
          at performUnitOfWork (C:\Users\kyrian\Documents\Taller-Ocampos\frontend\node_modules\react-dom\cjs\react-dom.development.js:26599:12)
          at workLoopSync (C:\Users\kyrian\Documents\Taller-Ocampos\frontend\node_modules\react-dom\cjs\react-dom.development.js:26505:5)
          at renderRootSync (C:\Users\kyrian\Documents\Taller-Ocampos\frontend\node_modules\react-dom\cjs\react-dom.development.js:26473:7)
          at recoverFromConcurrentError (C:\Users\kyrian\Documents\Taller-Ocampos\frontend\node_modules\react-dom\cjs\react-dom.development.js:25889:20)
          at performConcurrentWorkOnRoot (C:\Users\kyrian\Documents\Taller-Ocampos\frontend\node_modules\react-dom\cjs\react-dom.development.js:25789:22)
          at workLoop (C:\Users\kyrian\Documents\Taller-Ocampos\frontend\node_modules\scheduler\cjs\scheduler.development.js:266:34)
          at flushWork (C:\Users\kyrian\Documents\Taller-Ocampos\frontend\node_modules\scheduler\cjs\scheduler.development.js:239:14)
          at performWorkUntilDeadline (C:\Users\kyrian\Documents\Taller-Ocampos\frontend\node_modules\scheduler\cjs\scheduler.development.js:533:21)
          at Timeout.task [as _onTimeout] (C:\Users\kyrian\Documents\Taller-Ocampos\frontend\node_modules\jsdom\lib\jsdom\browser\Window.js:579:19)
          at listOnTimeout (node:internal/timers:588:17)
          at processTimers (node:internal/timers:523:7),
      type: 'unhandled exception'
    }

    [0m [90m 73 |[39m       [36mreturn[39m
     [90m 74 |[39m     }
    [31m[1m>[22m[39m[90m 75 |[39m     originalError[33m.[39mcall(console[33m,[39m [33m...[39margs)
     [90m    |[39m                   [31m[1m^[22m[39m
     [90m 76 |[39m   }
     [90m 77 |[39m })
     [90m 78 |[39m[0m

      at console.call [as error] (jest.setup.js:75:19)
      at VirtualConsole.<anonymous> (node_modules/@jest/environment-jsdom-abstract/build/index.js:78:23)
      at reportException (node_modules/jsdom/lib/jsdom/living/helpers/runtime-script-errors.js:70:28)
      at Timeout.task [as _onTimeout] (node_modules/jsdom/lib/jsdom/browser/Window.js:584:9)

